[A:thread] Worker pinned host=0 client=1 -> cpu=1 (pid=29535)
[A:thread] Worker pinned host=0 client=0 -> cpu=0 (pid=29534)
[A:thread] Worker pinned host=0 client=2 -> cpu=2 (pid=29536)
[A:thread] Worker pinned host=0 client=3 -> cpu=3 (pid=29537)
[A:thread] WriteReceiver pid=29534 tid=140280329139904 pinned cpu=65 (host_id=0)
[A:thread] ReadReceiver pid=29534 tid=140280320747200 pinned cpu=67 (host_id=0)
[A:thread] InvalReceiver pid=29534 tid=140280312354496 pinned cpu=69 (host_id=0)
[A:thread] WriteSender pid=29534 tid=140280303961792 pinned cpu=64 (host_id=0)
[A:sender] kind=0 policy=P0 K=16 T_us=100 host_id=0
[A:thread] ReadSender pid=29534 tid=140280295569088 pinned cpu=66 (host_id=0)
[A:sender] kind=1 policy=P0 K=16 T_us=100 host_id=0
[A:thread] InvalSender pid=29534 tid=140280287176384 pinned cpu=68 (host_id=0)
[A:sender] kind=2 policy=P0 K=16 T_us=100 host_id=0
[A:tls] worker host=0 client=1 entries=1024 (~1088 KiB)
[A:tls] worker host=0 client=0 entries=1024 (~1088 KiB)
[A:tls] worker host=0 client=2 entries=1024 (~1088 KiB)
[A:tls] worker host=0 client=3 entries=1024 (~1088 KiB)
[A] inval timeout #1 (key=5f418ebce277232f tpos=0)
[ perf record: Woken up 15 times to write data ]
[ perf record: Captured and wrote 4.176 MB /root/iter12A_perf_8.data (61433 samples) ]
