[A:thread] Worker pinned host=0 client=1 -> cpu=1 (pid=29286)
[A:thread] Worker pinned host=0 client=2 -> cpu=2 (pid=29287)
[A:thread] Worker pinned host=0 client=0 -> cpu=0 (pid=29285)
[A:thread] Worker pinned host=0 client=3 -> cpu=3 (pid=29288)
[A:thread] WriteReceiver pid=29285 tid=140134046496448 pinned cpu=65 (host_id=0)
[A:thread] ReadReceiver pid=29285 tid=140134038103744 pinned cpu=67 (host_id=0)
[A:thread] InvalReceiver pid=29285 tid=140134029711040 pinned cpu=69 (host_id=0)
[A:thread] WriteSender pid=29285 tid=140134021318336 pinned cpu=64 (host_id=0)
[A:thread] ReadSender pid=29285 tid=140134012925632 pinned cpu=66 (host_id=0)
[A:sender] kind=1 policy=P0 K=16 T_us=100 host_id=0
[A:thread] InvalSender pid=29285 tid=140134004532928 pinned cpu=68 (host_id=0)
[A:sender] kind=2 policy=P0 K=16 T_us=100 host_id=0
[A:sender] kind=0 policy=P0 K=16 T_us=100 host_id=0
[A:tls] worker host=0 client=1 entries=1024 (~1088 KiB)
[A:tls] worker host=0 client=2 entries=1024 (~1088 KiB)
[A:tls] worker host=0 client=0 entries=1024 (~1088 KiB)
[A:tls] worker host=0 client=3 entries=1024 (~1088 KiB)
YCSB opt=A cache=0 num_hosts=2 threads=4 threads_eff=4 rep=5 load_ops=50000 load_thpt=232818 trans_ops=50000 trans_wall_max=0.035837 trans_agg_thpt=1395206 w_avg_ns=8784 w_p50_ns=6218 w_p99_ns=20644 r_avg_ns=3539 r_p50_ns=657 r_p99_ns=15167 first_op_ns_max=41404 first_op_ns_avg=15813 ops_to_first_ns_max=457084 ops_to_first_ns_avg=106415 # workloada_optA_t4_cacheoff_rep5
[ perf record: Woken up 1 times to write data ]
[ perf record: Captured and wrote 0.044 MB /root/iter12A_perf_5.data (387 samples) ]
