[A:thread] Worker pinned host=0 client=1 -> cpu=1 (pid=30073)
[A:thread] Worker pinned host=0 client=0 -> cpu=0 (pid=30054)
[A:thread] Worker pinned host=0 client=2 -> cpu=2 (pid=30074)
[A:thread] Worker pinned host=0 client=3 -> cpu=3 (pid=30075)
[A:thread] WriteReceiver pid=30054 tid=140635288893120 pinned cpu=65 (host_id=0)
[A:thread] ReadReceiver pid=30054 tid=140635280500416 pinned cpu=67 (host_id=0)
[A:thread] InvalReceiver pid=30054 tid=140635272107712 pinned cpu=69 (host_id=0)
[A:thread] WriteSender pid=30054 tid=140635263715008 pinned cpu=64 (host_id=0)
[A:sender] kind=0 policy=P0 K=16 T_us=100 host_id=0
[A:thread] ReadSender pid=30054 tid=140635255322304 pinned cpu=66 (host_id=0)
[A:sender] kind=1 policy=P0 K=16 T_us=100 host_id=0
[A:thread] InvalSender pid=30054 tid=140635246929600 pinned cpu=68 (host_id=0)
[A:sender] kind=2 policy=P0 K=16 T_us=100 host_id=0
[A:tls] worker host=0 client=1 entries=1024 (~1088 KiB)
[A:tls] worker host=0 client=0 entries=1024 (~1088 KiB)
[A:tls] worker host=0 client=2 entries=1024 (~1088 KiB)
[A:tls] worker host=0 client=3 entries=1024 (~1088 KiB)
YCSB opt=A cache=0 num_hosts=2 threads=4 threads_eff=4 rep=12 load_ops=50000 load_thpt=236407 trans_ops=50000 trans_wall_max=0.032515 trans_agg_thpt=1537751 w_avg_ns=7974 w_p50_ns=6144 w_p99_ns=21588 r_avg_ns=3301 r_p50_ns=491 r_p99_ns=15742 first_op_ns_max=42858 first_op_ns_avg=16669 ops_to_first_ns_max=459894 ops_to_first_ns_avg=118051 # workloada_optA_t4_cacheoff_rep12
[ perf record: Woken up 1 times to write data ]
[ perf record: Captured and wrote 0.041 MB /root/iter12A_perf_12.data (373 samples) ]
