[A:thread] Worker pinned host=0 client=1 -> cpu=1 (pid=30300)
[A:thread] Worker pinned host=0 client=0 -> cpu=0 (pid=30299)
[A:thread] Worker pinned host=0 client=2 -> cpu=2 (pid=30301)
[A:thread] Worker pinned host=0 client=3 -> cpu=3 (pid=30302)
[A:thread] WriteReceiver pid=30299 tid=140411032041152 pinned cpu=65 (host_id=0)
[A:thread] ReadReceiver pid=30299 tid=140411023648448 pinned cpu=67 (host_id=0)
[A:tls] worker host=0 client=1 entries=1024 (~1088 KiB)
[A:tls] worker host=0 client=2 entries=1024 (~1088 KiB)
[A:tls] worker host=0 client=3 entries=1024 (~1088 KiB)
[A:thread] InvalReceiver pid=30299 tid=140411015255744 pinned cpu=69 (host_id=0)
[A:thread] WriteSender pid=30299 tid=140411006863040 pinned cpu=64 (host_id=0)
[A:sender] kind=0 policy=P0 K=16 T_us=100 host_id=0
[A:thread] ReadSender pid=30299 tid=140410998470336 pinned cpu=66 (host_id=0)
[A:sender] kind=1 policy=P0 K=16 T_us=100 host_id=0
[A:thread] InvalSender pid=30299 tid=140410990077632 pinned cpu=68 (host_id=0)
[A:sender] kind=2 policy=P0 K=16 T_us=100 host_id=0
[A:tls] worker host=0 client=0 entries=1024 (~1088 KiB)
YCSB opt=A cache=0 num_hosts=2 threads=4 threads_eff=4 rep=15 load_ops=50000 load_thpt=238163 trans_ops=50000 trans_wall_max=0.032493 trans_agg_thpt=1538745 w_avg_ns=7842 w_p50_ns=5382 w_p99_ns=17386 r_avg_ns=3219 r_p50_ns=502 r_p99_ns=14587 first_op_ns_max=39663 first_op_ns_avg=15334 ops_to_first_ns_max=447066 ops_to_first_ns_avg=113831 # workloada_optA_t4_cacheoff_rep15
[ perf record: Woken up 1 times to write data ]
[ perf record: Captured and wrote 0.043 MB /root/iter12A_perf_15.data (375 samples) ]
