[A:thread] Worker pinned host=0 client=1 -> cpu=1 (pid=30360)
[A:thread] Worker pinned host=0 client=0 -> cpu=0 (pid=30359)
[A:thread] Worker pinned host=0 client=2 -> cpu=2 (pid=30361)
[A:thread] Worker pinned host=0 client=3 -> cpu=3 (pid=30362)
[A:thread] WriteReceiver pid=30359 tid=140207490856640 pinned cpu=65 (host_id=0)
[A:thread] ReadReceiver pid=30359 tid=140207482463936 pinned cpu=67 (host_id=0)
[A:thread] InvalReceiver pid=30359 tid=140207474071232 pinned cpu=69 (host_id=0)
[A:thread] WriteSender pid=30359 tid=140207465678528 pinned cpu=64 (host_id=0)
[A:sender] kind=0 policy=P0 K=16 T_us=100 host_id=0
[A:thread] ReadSender pid=30359 tid=140207457285824 pinned cpu=66 (host_id=0)
[A:sender] kind=1 policy=P0 K=16 T_us=100 host_id=0
[A:thread] InvalSender pid=30359 tid=140207448893120 pinned cpu=68 (host_id=0)
[A:sender] kind=2 policy=P0 K=16 T_us=100 host_id=0
[A:tls] worker host=0 client=1 entries=1024 (~1088 KiB)
[A:tls] worker host=0 client=0 entries=1024 (~1088 KiB)
[A:tls] worker host=0 client=3 entries=1024 (~1088 KiB)
[A:tls] worker host=0 client=2 entries=1024 (~1088 KiB)
[A] inval timeout #1 (key=5f418ebce277232f tpos=0)
YCSB opt=A cache=0 num_hosts=2 threads=4 threads_eff=4 rep=16 load_ops=50000 load_thpt=237738 trans_ops=50000 trans_wall_max=8.583160 trans_agg_thpt=5825 w_avg_ns=30813 w_p50_ns=5145 w_p99_ns=5009982 r_avg_ns=3239 r_p50_ns=493 r_p99_ns=15949 first_op_ns_max=42055 first_op_ns_avg=17046 ops_to_first_ns_max=602566 ops_to_first_ns_avg=129366 # workloada_optA_t4_cacheoff_rep16
[ perf record: Woken up 1 times to write data ]
[ perf record: Captured and wrote 0.450 MB /root/iter12A_perf_16.data (6302 samples) ]
