[A:thread] Worker pinned host=0 client=1 -> cpu=1 (pid=29346)
[A:thread] Worker pinned host=0 client=0 -> cpu=0 (pid=29345)
[A:thread] Worker pinned host=0 client=2 -> cpu=2 (pid=29347)
[A:thread] Worker pinned host=0 client=3 -> cpu=3 (pid=29348)
[A:thread] WriteReceiver pid=29345 tid=140364152305344 pinned cpu=65 (host_id=0)
[A:thread] ReadReceiver pid=29345 tid=140364143912640 pinned cpu=67 (host_id=0)
[A:thread] InvalReceiver pid=29345 tid=140364135519936 pinned cpu=69 (host_id=0)
[A:thread] WriteSender pid=29345 tid=140364127127232 pinned cpu=64 (host_id=0)
[A:sender] kind=0 policy=P0 K=16 T_us=100 host_id=0
[A:thread] ReadSender pid=29345 tid=140364118734528 pinned cpu=66 (host_id=0)
[A:sender] kind=1 policy=P0 K=16 T_us=100 host_id=0
[A:thread] InvalSender pid=29345 tid=140364110341824 pinned cpu=68 (host_id=0)
[A:sender] kind=2 policy=P0 K=16 T_us=100 host_id=0
[A:tls] worker host=0 client=0 entries=1024 (~1088 KiB)
[A:tls] worker host=0 client=2 entries=1024 (~1088 KiB)
[A:tls] worker host=0 client=3 entries=1024 (~1088 KiB)
[A:tls] worker host=0 client=1 entries=1024 (~1088 KiB)
[A] inval timeout #1 (key=5f418ebce277232f tpos=0)
YCSB opt=A cache=0 num_hosts=2 threads=4 threads_eff=4 rep=6 load_ops=50000 load_thpt=232480 trans_ops=50000 trans_wall_max=8.593846 trans_agg_thpt=5818 w_avg_ns=35055 w_p50_ns=5962 w_p99_ns=5010509 r_avg_ns=3378 r_p50_ns=734 r_p99_ns=15252 first_op_ns_max=40328 first_op_ns_avg=16193 ops_to_first_ns_max=453029 ops_to_first_ns_avg=120802 # workloada_optA_t4_cacheoff_rep6
[ perf record: Woken up 1 times to write data ]
[ perf record: Captured and wrote 0.451 MB /root/iter12A_perf_6.data (6312 samples) ]
