[A:thread] Worker pinned host=0 client=1 -> cpu=1 (pid=29991)
[A:thread] Worker pinned host=0 client=0 -> cpu=0 (pid=29990)
[A:thread] Worker pinned host=0 client=2 -> cpu=2 (pid=29992)
[A:thread] Worker pinned host=0 client=3 -> cpu=3 (pid=29993)
[A:thread] WriteReceiver pid=29990 tid=140333751989952 pinned cpu=65 (host_id=0)
[A:thread] ReadReceiver pid=29990 tid=140333743597248 pinned cpu=67 (host_id=0)
[A:thread] InvalReceiver pid=29990 tid=140333735204544 pinned cpu=69 (host_id=0)
[A:thread] WriteSender pid=29990 tid=140333726811840 pinned cpu=64 (host_id=0)
[A:sender] kind=0 policy=P0 K=16 T_us=100 host_id=0
[A:tls] worker host=0 client=1 entries=1024 (~1088 KiB)
[A:tls] worker host=0 client=2 entries=1024 (~1088 KiB)
[A:tls] worker host=0 client=0 entries=1024 (~1088 KiB)
[A:tls] worker host=0 client=3 entries=1024 (~1088 KiB)
[A:thread] ReadSender pid=29990 tid=140333718419136 pinned cpu=66 (host_id=0)
[A:sender] kind=1 policy=P0 K=16 T_us=100 host_id=0
[A:thread] InvalSender pid=29990 tid=140333710026432 pinned cpu=68 (host_id=0)
[A:sender] kind=2 policy=P0 K=16 T_us=100 host_id=0
YCSB opt=A cache=0 num_hosts=2 threads=4 threads_eff=4 rep=11 load_ops=50000 load_thpt=237913 trans_ops=50000 trans_wall_max=0.032537 trans_agg_thpt=1536664 w_avg_ns=7905 w_p50_ns=5636 w_p99_ns=16587 r_avg_ns=3261 r_p50_ns=501 r_p99_ns=14714 first_op_ns_max=45702 first_op_ns_avg=15996 ops_to_first_ns_max=457896 ops_to_first_ns_avg=105553 # workloada_optA_t4_cacheoff_rep11
[ perf record: Woken up 1 times to write data ]
[ perf record: Captured and wrote 0.042 MB /root/iter12A_perf_11.data (371 samples) ]
