[A:thread] Worker pinned host=1 client=1 -> cpu=1 (pid=21568)
[A:thread] Worker pinned host=1 client=2 -> cpu=2 (pid=21569)
[A:thread] Worker pinned host=1 client=3 -> cpu=3 (pid=21570)
[A:thread] Worker pinned host=1 client=4 -> cpu=4 (pid=21571)
[A:thread] Worker pinned host=1 client=5 -> cpu=5 (pid=21572)
[A:thread] Worker pinned host=1 client=6 -> cpu=6 (pid=21573)
[A:thread] Worker pinned host=1 client=7 -> cpu=7 (pid=21574)
[A:thread] Worker pinned host=1 client=8 -> cpu=8 (pid=21575)
[A:thread] Worker pinned host=1 client=9 -> cpu=9 (pid=21576)
[A:thread] Worker pinned host=1 client=10 -> cpu=10 (pid=21577)
[A:thread] Worker pinned host=1 client=11 -> cpu=11 (pid=21578)
[A:thread] Worker pinned host=1 client=12 -> cpu=12 (pid=21579)
[A:thread] Worker pinned host=1 client=13 -> cpu=13 (pid=21580)
[A:thread] Worker pinned host=1 client=14 -> cpu=14 (pid=21581)
[A:thread] Worker pinned host=1 client=15 -> cpu=15 (pid=21582)
[A:thread] Worker pinned host=1 client=16 -> cpu=16 (pid=21583)
[A:thread] Worker pinned host=1 client=17 -> cpu=17 (pid=21584)
[A:thread] Worker pinned host=1 client=18 -> cpu=18 (pid=21585)
[A:thread] Worker pinned host=1 client=19 -> cpu=19 (pid=21586)
[A:thread] Worker pinned host=1 client=20 -> cpu=20 (pid=21587)
[A:thread] Worker pinned host=1 client=21 -> cpu=21 (pid=21588)
[A:thread] Worker pinned host=1 client=22 -> cpu=22 (pid=21589)
[A:thread] Worker pinned host=1 client=23 -> cpu=23 (pid=21590)
[A:thread] Worker pinned host=1 client=24 -> cpu=24 (pid=21591)
[A:thread] Worker pinned host=1 client=25 -> cpu=25 (pid=21592)
[A:thread] Worker pinned host=1 client=26 -> cpu=26 (pid=21593)
[A:thread] Worker pinned host=1 client=27 -> cpu=27 (pid=21594)
[A:thread] Worker pinned host=1 client=28 -> cpu=28 (pid=21595)
[A:thread] Worker pinned host=1 client=29 -> cpu=29 (pid=21596)
[A:thread] Worker pinned host=1 client=30 -> cpu=30 (pid=21597)
[A:thread] Worker pinned host=1 client=31 -> cpu=31 (pid=21598)
[A:thread] Worker pinned host=1 client=32 -> cpu=32 (pid=21599)
[A:thread] Worker pinned host=1 client=33 -> cpu=33 (pid=21600)
[A:thread] Worker pinned host=1 client=34 -> cpu=34 (pid=21601)
[A:thread] Worker pinned host=1 client=35 -> cpu=35 (pid=21602)
[A:thread] Worker pinned host=1 client=36 -> cpu=36 (pid=21603)
[A:thread] Worker pinned host=1 client=37 -> cpu=37 (pid=21604)
[A:thread] Worker pinned host=1 client=38 -> cpu=38 (pid=21605)
[A:thread] Worker pinned host=1 client=39 -> cpu=39 (pid=21606)
[A:thread] Worker pinned host=1 client=40 -> cpu=40 (pid=21607)
[A:thread] Worker pinned host=1 client=41 -> cpu=41 (pid=21608)
[A:thread] Worker pinned host=1 client=42 -> cpu=42 (pid=21609)
[A:thread] Worker pinned host=1 client=43 -> cpu=43 (pid=21610)
[A:thread] Worker pinned host=1 client=44 -> cpu=44 (pid=21611)
[A:thread] Worker pinned host=1 client=45 -> cpu=45 (pid=21612)
[A:thread] Worker pinned host=1 client=46 -> cpu=46 (pid=21613)
[A:thread] Worker pinned host=1 client=47 -> cpu=47 (pid=21614)
[A:thread] Worker pinned host=1 client=48 -> cpu=48 (pid=21615)
[A:thread] Worker pinned host=1 client=49 -> cpu=49 (pid=21616)
[A:thread] Worker pinned host=1 client=50 -> cpu=50 (pid=21617)
[A:thread] Worker pinned host=1 client=51 -> cpu=51 (pid=21618)
[A:thread] Worker pinned host=1 client=52 -> cpu=52 (pid=21619)
[A:thread] Worker pinned host=1 client=54 -> cpu=54 (pid=21621)
[A:thread] Worker pinned host=1 client=53 -> cpu=53 (pid=21620)
[A:thread] Worker pinned host=1 client=55 -> cpu=55 (pid=21622)
[A:thread] Worker pinned host=1 client=56 -> cpu=56 (pid=21623)
[A:thread] Worker pinned host=1 client=57 -> cpu=57 (pid=21624)
[A:thread] Worker pinned host=1 client=58 -> cpu=58 (pid=21625)
[A:thread] Worker pinned host=1 client=59 -> cpu=59 (pid=21626)
[A:thread] Worker pinned host=1 client=60 -> cpu=60 (pid=21627)
[A:thread] Worker pinned host=1 client=61 -> cpu=61 (pid=21628)
[A:thread] Worker pinned host=1 client=0 -> cpu=0 (pid=21567)
[A:thread] Worker pinned host=1 client=62 -> cpu=62 (pid=21629)
[A:thread] Worker pinned host=1 client=63 -> cpu=63 (pid=21630)
[A:thread] WriteReceiver pid=21567 tid=140276667848384 pinned cpu=65 (host_id=1)
[A:thread] ReadReceiver pid=21567 tid=140276584675008 pinned cpu=67 (host_id=1)
[A:thread] InvalReceiver pid=21567 tid=140276576282304 pinned cpu=69 (host_id=1)
[A:thread] ReservHandler pid=21567 tid=140276567889600 pinned cpu=70 (host_id=1)
[A:thread] WriteSender pid=21567 tid=140276559496896 pinned cpu=64 (host_id=1)
[A:sender] kind=0 policy=P0 K=16 T_us=100 host_id=1
[A:thread] ReadSender pid=21567 tid=140276551104192 pinned cpu=66 (host_id=1)
[A:sender] kind=1 policy=P0 K=16 T_us=100 host_id=1
[A:thread] InvalSender pid=21567 tid=140276542711488 pinned cpu=68 (host_id=1)
[A:sender] kind=2 policy=P0 K=16 T_us=100 host_id=1
[A:tls] worker host=1 client=52 entries=1024 (~1088 KiB)
[A:tls] worker host=1 client=53 entries=1024 (~1088 KiB)
[A:tls] worker host=1 client=50 entries=1024 (~1088 KiB)
[A:tls] worker host=1 client=49 entries=1024 (~1088 KiB)
[A:tls] worker host=1 client=17 entries=1024 (~1088 KiB)
[A:tls] worker host=1 client=61 entries=1024 (~1088 KiB)
[A:tls] worker host=1 client=47 entries=1024 (~1088 KiB)
[A:tls] worker host=1 client=28 entries=1024 (~1088 KiB)
[A:tls] worker host=1 client=21 entries=1024 (~1088 KiB)
[A:tls] worker host=1 client=0 entries=1024 (~1088 KiB)
[A:tls] worker host=1 client=48 entries=1024 (~1088 KiB)
[A:tls] worker host=1 client=16 entries=1024 (~1088 KiB)
[A:tls] worker host=1 client=37 entries=1024 (~1088 KiB)
[A:tls] worker host=1 client=51 entries=1024 (~1088 KiB)
[A:tls] worker host=1 client=55 entries=1024 (~1088 KiB)
[A:tls] worker host=1 client=29 entries=1024 (~1088 KiB)
[A:tls] worker host=1 client=40 entries=1024 (~1088 KiB)
[A:tls] worker host=1 client=54 entries=1024 (~1088 KiB)
[A:tls] worker host=1 client=4 entries=1024 (~1088 KiB)
[A:tls] worker host=1 client=25 entries=1024 (~1088 KiB)
[A:tls] worker host=1 client=18 entries=1024 (~1088 KiB)
[A:tls] worker host=1 client=45 entries=1024 (~1088 KiB)
[A:tls] worker host=1 client=1 entries=1024 (~1088 KiB)
[A:tls] worker host=1 client=5 entries=1024 (~1088 KiB)
[A:tls] worker host=1 client=22 entries=1024 (~1088 KiB)
[A:tls] worker host=1 client=44 entries=1024 (~1088 KiB)
[A:tls] worker host=1 client=31 entries=1024 (~1088 KiB)
[A:tls] worker host=1 client=24 entries=1024 (~1088 KiB)
[A:tls] worker host=1 client=57 entries=1024 (~1088 KiB)
[A:tls] worker host=1 client=19 entries=1024 (~1088 KiB)
[A:tls] worker host=1 client=46 entries=1024 (~1088 KiB)
[A:tls] worker host=1 client=20 entries=1024 (~1088 KiB)
[A:tls] worker host=1 client=7 entries=1024 (~1088 KiB)
[A:tls] worker host=1 client=38 entries=1024 (~1088 KiB)
[A:tls] worker host=1 client=3 entries=1024 (~1088 KiB)
[A:tls] worker host=1 client=27 entries=1024 (~1088 KiB)
[A:tls] worker host=1 client=39 entries=1024 (~1088 KiB)
[A:tls] worker host=1 client=60 entries=1024 (~1088 KiB)
[A:tls] worker host=1 client=41 entries=1024 (~1088 KiB)
[A:tls] worker host=1 client=23 entries=1024 (~1088 KiB)
[A:tls] worker host=1 client=30 entries=1024 (~1088 KiB)
[A:tls] worker host=1 client=56 entries=1024 (~1088 KiB)
[A:tls] worker host=1 client=15 entries=1024 (~1088 KiB)
[A:tls] worker host=1 client=26 entries=1024 (~1088 KiB)
[A:tls] worker host=1 client=43 entries=1024 (~1088 KiB)
[A:tls] worker host=1 client=2 entries=1024 (~1088 KiB)
[A:tls] worker host=1 client=32 entries=1024 (~1088 KiB)
[A:tls] worker host=1 client=42 entries=1024 (~1088 KiB)
[A:tls] worker host=1 client=14 entries=1024 (~1088 KiB)
[A:tls] worker host=1 client=34 entries=1024 (~1088 KiB)
[A:tls] worker host=1 client=6 entries=1024 (~1088 KiB)
[A:tls] worker host=1 client=8 entries=1024 (~1088 KiB)
[A:tls] worker host=1 client=58 entries=1024 (~1088 KiB)
[A:tls] worker host=1 client=13 entries=1024 (~1088 KiB)
[A:tls] worker host=1 client=35 entries=1024 (~1088 KiB)
[A:tls] worker host=1 client=10 entries=1024 (~1088 KiB)
[A:tls] worker host=1 client=63 entries=1024 (~1088 KiB)
[A:tls] worker host=1 client=36 entries=1024 (~1088 KiB)
[A:tls] worker host=1 client=33 entries=1024 (~1088 KiB)
[A:tls] worker host=1 client=59 entries=1024 (~1088 KiB)
[A:tls] worker host=1 client=9 entries=1024 (~1088 KiB)
[A:tls] worker host=1 client=11 entries=1024 (~1088 KiB)
[A:tls] worker host=1 client=12 entries=1024 (~1088 KiB)
[A:tls] worker host=1 client=62 entries=1024 (~1088 KiB)
