[A:thread] Worker pinned host=0 client=1 -> cpu=1 (pid=21264)
[A:thread] Worker pinned host=0 client=2 -> cpu=2 (pid=21265)
[A:thread] Worker pinned host=0 client=3 -> cpu=3 (pid=21266)
[A:thread] Worker pinned host=0 client=4 -> cpu=4 (pid=21267)
[A:thread] Worker pinned host=0 client=5 -> cpu=5 (pid=21268)
[A:thread] Worker pinned host=0 client=6 -> cpu=6 (pid=21269)
[A:thread] Worker pinned host=0 client=7 -> cpu=7 (pid=21270)
[A:thread] Worker pinned host=0 client=8 -> cpu=8 (pid=21271)
[A:thread] Worker pinned host=0 client=9 -> cpu=9 (pid=21272)
[A:thread] Worker pinned host=0 client=10 -> cpu=10 (pid=21273)
[A:thread] Worker pinned host=0 client=11 -> cpu=11 (pid=21274)
[A:thread] Worker pinned host=0 client=12 -> cpu=12 (pid=21275)
[A:thread] Worker pinned host=0 client=13 -> cpu=13 (pid=21276)
[A:thread] Worker pinned host=0 client=14 -> cpu=14 (pid=21277)
[A:thread] Worker pinned host=0 client=15 -> cpu=15 (pid=21278)
[A:thread] Worker pinned host=0 client=16 -> cpu=16 (pid=21279)
[A:thread] Worker pinned host=0 client=17 -> cpu=17 (pid=21280)
[A:thread] Worker pinned host=0 client=18 -> cpu=18 (pid=21281)
[A:thread] Worker pinned host=0 client=19 -> cpu=19 (pid=21282)
[A:thread] Worker pinned host=0 client=20 -> cpu=20 (pid=21283)
[A:thread] Worker pinned host=0 client=21 -> cpu=21 (pid=21284)
[A:thread] Worker pinned host=0 client=22 -> cpu=22 (pid=21285)
[A:thread] Worker pinned host=0 client=23 -> cpu=23 (pid=21286)
[A:thread] Worker pinned host=0 client=24 -> cpu=24 (pid=21287)
[A:thread] Worker pinned host=0 client=25 -> cpu=25 (pid=21288)
[A:thread] Worker pinned host=0 client=26 -> cpu=26 (pid=21289)
[A:thread] Worker pinned host=0 client=27 -> cpu=27 (pid=21290)
[A:thread] Worker pinned host=0 client=28 -> cpu=28 (pid=21291)
[A:thread] Worker pinned host=0 client=29 -> cpu=29 (pid=21292)
[A:thread] Worker pinned host=0 client=30 -> cpu=30 (pid=21293)
[A:thread] Worker pinned host=0 client=31 -> cpu=31 (pid=21294)
[A:thread] Worker pinned host=0 client=32 -> cpu=32 (pid=21295)
[A:thread] Worker pinned host=0 client=33 -> cpu=33 (pid=21296)
[A:thread] Worker pinned host=0 client=34 -> cpu=34 (pid=21297)
[A:thread] Worker pinned host=0 client=35 -> cpu=35 (pid=21298)
[A:thread] Worker pinned host=0 client=36 -> cpu=36 (pid=21299)
[A:thread] Worker pinned host=0 client=37 -> cpu=37 (pid=21300)
[A:thread] Worker pinned host=0 client=38 -> cpu=38 (pid=21301)
[A:thread] Worker pinned host=0 client=39 -> cpu=39 (pid=21302)
[A:thread] Worker pinned host=0 client=40 -> cpu=40 (pid=21303)
[A:thread] Worker pinned host=0 client=41 -> cpu=41 (pid=21304)
[A:thread] Worker pinned host=0 client=42 -> cpu=42 (pid=21305)
[A:thread] Worker pinned host=0 client=43 -> cpu=43 (pid=21306)
[A:thread] Worker pinned host=0 client=44 -> cpu=44 (pid=21307)
[A:thread] Worker pinned host=0 client=45 -> cpu=45 (pid=21308)
[A:thread] Worker pinned host=0 client=46 -> cpu=46 (pid=21309)
[A:thread] Worker pinned host=0 client=47 -> cpu=47 (pid=21310)
[A:thread] Worker pinned host=0 client=48 -> cpu=48 (pid=21311)
[A:thread] Worker pinned host=0 client=49 -> cpu=49 (pid=21312)
[A:thread] Worker pinned host=0 client=50 -> cpu=50 (pid=21313)
[A:thread] Worker pinned host=0 client=51 -> cpu=51 (pid=21314)
[A:thread] Worker pinned host=0 client=52 -> cpu=52 (pid=21315)
[A:thread] Worker pinned host=0 client=53 -> cpu=53 (pid=21316)
[A:thread] Worker pinned host=0 client=54 -> cpu=54 (pid=21317)
[A:thread] Worker pinned host=0 client=56 -> cpu=56 (pid=21319)
[A:thread] Worker pinned host=0 client=55 -> cpu=55 (pid=21318)
[A:thread] Worker pinned host=0 client=58 -> cpu=58 (pid=21321)
[A:thread] Worker pinned host=0 client=60 -> cpu=60 (pid=21323)
[A:thread] Worker pinned host=0 client=57 -> cpu=57 (pid=21320)
[A:thread] Worker pinned host=0 client=61 -> cpu=61 (pid=21324)
[A:thread] Worker pinned host=0 client=62 -> cpu=62 (pid=21325)
[A:thread] Worker pinned host=0 client=59 -> cpu=59 (pid=21322)
[A:thread] Worker pinned host=0 client=0 -> cpu=0 (pid=21257)
[A:thread] Worker pinned host=0 client=63 -> cpu=63 (pid=21327)
[A:thread] WriteReceiver pid=21257 tid=140525195056832 pinned cpu=65 (host_id=0)
[A:thread] InvalReceiver pid=21257 tid=140525178271424 pinned cpu=69 (host_id=0)
[A:thread] ReadReceiver pid=21257 tid=140525186664128 pinned cpu=67 (host_id=0)
[A:thread] ReservHandler pid=21257 tid=140525169878720 pinned cpu=70 (host_id=0)
[A:thread] ReadSender pid=21257 tid=140524946187968 pinned cpu=66 (host_id=0)
[A:sender] kind=1 policy=P0 K=16 T_us=100 host_id=0
[A:thread] WriteSender pid=21257 tid=140524954580672 pinned cpu=64 (host_id=0)
[A:sender] kind=0 policy=P0 K=16 T_us=100 host_id=0
[A:thread] InvalSender pid=21257 tid=140523299927744 pinned cpu=68 (host_id=0)
[A:sender] kind=2 policy=P0 K=16 T_us=100 host_id=0
[A:tls] worker host=0 client=59 entries=1024 (~1088 KiB)
[A:tls] worker host=0 client=60 entries=1024 (~1088 KiB)
[A:tls] worker host=0 client=37 entries=1024 (~1088 KiB)
[A:tls] worker host=0 client=36 entries=1024 (~1088 KiB)
[A:tls] worker host=0 client=56 entries=1024 (~1088 KiB)
[A:tls] worker host=0 client=52 entries=1024 (~1088 KiB)
[A:tls] worker host=0 client=53 entries=1024 (~1088 KiB)
[A:tls] worker host=0 client=63 entries=1024 (~1088 KiB)
[A:tls] worker host=0 client=62 entries=1024 (~1088 KiB)
[A:tls] worker host=0 client=2 entries=1024 (~1088 KiB)
[A:tls] worker host=0 client=7 entries=1024 (~1088 KiB)
[A:tls] worker host=0 client=34 entries=1024 (~1088 KiB)
[A:tls] worker host=0 client=0 entries=1024 (~1088 KiB)
[A:tls] worker host=0 client=39 entries=1024 (~1088 KiB)
[A:tls] worker host=0 client=33 entries=1024 (~1088 KiB)
[A:tls] worker host=0 client=31 entries=1024 (~1088 KiB)
[A:tls] worker host=0 client=1 entries=1024 (~1088 KiB)
[A:tls] worker host=0 client=5 entries=1024 (~1088 KiB)
[A:tls] worker host=0 client=38 entries=1024 (~1088 KiB)
[A:tls] worker host=0 client=43 entries=1024 (~1088 KiB)
[A:tls] worker host=0 client=35 entries=1024 (~1088 KiB)
[A:tls] worker host=0 client=28 entries=1024 (~1088 KiB)
[A:tls] worker host=0 client=23 entries=1024 (~1088 KiB)
[A:tls] worker host=0 client=46 entries=1024 (~1088 KiB)
[A:tls] worker host=0 client=27 entries=1024 (~1088 KiB)
[A:tls] worker host=0 client=3 entries=1024 (~1088 KiB)
[A:tls] worker host=0 client=51 entries=1024 (~1088 KiB)
[A:tls] worker host=0 client=54 entries=1024 (~1088 KiB)
[A:tls] worker host=0 client=9 entries=1024 (~1088 KiB)
[A:tls] worker host=0 client=44 entries=1024 (~1088 KiB)
[A:tls] worker host=0 client=12 entries=1024 (~1088 KiB)
[A:tls] worker host=0 client=29 entries=1024 (~1088 KiB)
[A:tls] worker host=0 client=26 entries=1024 (~1088 KiB)
[A:tls] worker host=0 client=6 entries=1024 (~1088 KiB)
[A:tls] worker host=0 client=24 entries=1024 (~1088 KiB)
[A:tls] worker host=0 client=41 entries=1024 (~1088 KiB)
[A:tls] worker host=0 client=8 entries=1024 (~1088 KiB)
[A:tls] worker host=0 client=19 entries=1024 (~1088 KiB)
[A:tls] worker host=0 client=10 entries=1024 (~1088 KiB)
[A:tls] worker host=0 client=47 entries=1024 (~1088 KiB)
[A:tls] worker host=0 client=17 entries=1024 (~1088 KiB)
[A:tls] worker host=0 client=40 entries=1024 (~1088 KiB)
[A:tls] worker host=0 client=20 entries=1024 (~1088 KiB)
[A:tls] worker host=0 client=25 entries=1024 (~1088 KiB)
[A:tls] worker host=0 client=15 entries=1024 (~1088 KiB)
[A:tls] worker host=0 client=13 entries=1024 (~1088 KiB)
[A:tls] worker host=0 client=49 entries=1024 (~1088 KiB)
[A:tls] worker host=0 client=32 entries=1024 (~1088 KiB)
[A:tls] worker host=0 client=30 entries=1024 (~1088 KiB)
[A:tls] worker host=0 client=45 entries=1024 (~1088 KiB)
[A:tls] worker host=0 client=50 entries=1024 (~1088 KiB)
[A:tls] worker host=0 client=57 entries=1024 (~1088 KiB)
[A:tls] worker host=0 client=48 entries=1024 (~1088 KiB)
[A:tls] worker host=0 client=14 entries=1024 (~1088 KiB)
[A:tls] worker host=0 client=4 entries=1024 (~1088 KiB)
[A:tls] worker host=0 client=42 entries=1024 (~1088 KiB)
[A:tls] worker host=0 client=58 entries=1024 (~1088 KiB)
[A:tls] worker host=0 client=18 entries=1024 (~1088 KiB)
[A:tls] worker host=0 client=61 entries=1024 (~1088 KiB)
[A:tls] worker host=0 client=11 entries=1024 (~1088 KiB)
[A:tls] worker host=0 client=16 entries=1024 (~1088 KiB)
[A:tls] worker host=0 client=22 entries=1024 (~1088 KiB)
[A:tls] worker host=0 client=21 entries=1024 (~1088 KiB)
[A:tls] worker host=0 client=55 entries=1024 (~1088 KiB)
