[A:thread] Worker pinned host=1 client=1 -> cpu=1 (pid=21429)
[A:thread] Worker pinned host=1 client=2 -> cpu=2 (pid=21430)
[A:thread] Worker pinned host=1 client=3 -> cpu=3 (pid=21431)
[A:thread] Worker pinned host=1 client=4 -> cpu=4 (pid=21432)
[A:thread] Worker pinned host=1 client=5 -> cpu=5 (pid=21433)
[A:thread] Worker pinned host=1 client=6 -> cpu=6 (pid=21434)
[A:thread] Worker pinned host=1 client=7 -> cpu=7 (pid=21435)
[A:thread] Worker pinned host=1 client=8 -> cpu=8 (pid=21436)
[A:thread] Worker pinned host=1 client=9 -> cpu=9 (pid=21437)
[A:thread] Worker pinned host=1 client=10 -> cpu=10 (pid=21438)
[A:thread] Worker pinned host=1 client=11 -> cpu=11 (pid=21439)
[A:thread] Worker pinned host=1 client=12 -> cpu=12 (pid=21440)
[A:thread] Worker pinned host=1 client=13 -> cpu=13 (pid=21441)
[A:thread] Worker pinned host=1 client=14 -> cpu=14 (pid=21442)
[A:thread] Worker pinned host=1 client=15 -> cpu=15 (pid=21443)
[A:thread] Worker pinned host=1 client=16 -> cpu=16 (pid=21444)
[A:thread] Worker pinned host=1 client=17 -> cpu=17 (pid=21445)
[A:thread] Worker pinned host=1 client=18 -> cpu=18 (pid=21446)
[A:thread] Worker pinned host=1 client=19 -> cpu=19 (pid=21447)
[A:thread] Worker pinned host=1 client=20 -> cpu=20 (pid=21448)
[A:thread] Worker pinned host=1 client=21 -> cpu=21 (pid=21449)
[A:thread] Worker pinned host=1 client=22 -> cpu=22 (pid=21450)
[A:thread] Worker pinned host=1 client=23 -> cpu=23 (pid=21451)
[A:thread] Worker pinned host=1 client=24 -> cpu=24 (pid=21452)
[A:thread] Worker pinned host=1 client=25 -> cpu=25 (pid=21453)
[A:thread] Worker pinned host=1 client=26 -> cpu=26 (pid=21454)
[A:thread] Worker pinned host=1 client=27 -> cpu=27 (pid=21455)
[A:thread] Worker pinned host=1 client=28 -> cpu=28 (pid=21456)
[A:thread] Worker pinned host=1 client=29 -> cpu=29 (pid=21457)
[A:thread] Worker pinned host=1 client=30 -> cpu=30 (pid=21458)
[A:thread] Worker pinned host=1 client=31 -> cpu=31 (pid=21459)
[A:thread] Worker pinned host=1 client=32 -> cpu=32 (pid=21460)
[A:thread] Worker pinned host=1 client=33 -> cpu=33 (pid=21461)
[A:thread] Worker pinned host=1 client=34 -> cpu=34 (pid=21462)
[A:thread] Worker pinned host=1 client=35 -> cpu=35 (pid=21463)
[A:thread] Worker pinned host=1 client=36 -> cpu=36 (pid=21464)
[A:thread] Worker pinned host=1 client=37 -> cpu=37 (pid=21465)
[A:thread] Worker pinned host=1 client=38 -> cpu=38 (pid=21466)
[A:thread] Worker pinned host=1 client=39 -> cpu=39 (pid=21467)
[A:thread] Worker pinned host=1 client=40 -> cpu=40 (pid=21468)
[A:thread] Worker pinned host=1 client=41 -> cpu=41 (pid=21469)
[A:thread] Worker pinned host=1 client=42 -> cpu=42 (pid=21470)
[A:thread] Worker pinned host=1 client=43 -> cpu=43 (pid=21471)
[A:thread] Worker pinned host=1 client=44 -> cpu=44 (pid=21472)
[A:thread] Worker pinned host=1 client=45 -> cpu=45 (pid=21473)
[A:thread] Worker pinned host=1 client=46 -> cpu=46 (pid=21474)
[A:thread] Worker pinned host=1 client=47 -> cpu=47 (pid=21475)
[A:thread] Worker pinned host=1 client=48 -> cpu=48 (pid=21476)
[A:thread] Worker pinned host=1 client=49 -> cpu=49 (pid=21477)
[A:thread] Worker pinned host=1 client=50 -> cpu=50 (pid=21478)
[A:thread] Worker pinned host=1 client=51 -> cpu=51 (pid=21479)
[A:thread] Worker pinned host=1 client=52 -> cpu=52 (pid=21480)
[A:thread] Worker pinned host=1 client=53 -> cpu=53 (pid=21481)
[A:thread] Worker pinned host=1 client=54 -> cpu=54 (pid=21482)
[A:thread] Worker pinned host=1 client=55 -> cpu=55 (pid=21483)
[A:thread] Worker pinned host=1 client=56 -> cpu=56 (pid=21484)
[A:thread] Worker pinned host=1 client=57 -> cpu=57 (pid=21485)
[A:thread] Worker pinned host=1 client=58 -> cpu=58 (pid=21486)
[A:thread] Worker pinned host=1 client=59 -> cpu=59 (pid=21487)
[A:thread] Worker pinned host=1 client=60 -> cpu=60 (pid=21488)
[A:thread] Worker pinned host=1 client=61 -> cpu=61 (pid=21489)
[A:thread] Worker pinned host=1 client=62 -> cpu=62 (pid=21490)
[A:thread] Worker pinned host=1 client=0 -> cpu=0 (pid=21428)
[A:thread] Worker pinned host=1 client=63 -> cpu=63 (pid=21491)
[A:thread] WriteReceiver pid=21428 tid=140087240398528 pinned cpu=65 (host_id=1)
[A:thread] ReadReceiver pid=21428 tid=140087232005824 pinned cpu=67 (host_id=1)
[A:thread] InvalReceiver pid=21428 tid=140087223613120 pinned cpu=69 (host_id=1)
[A:thread] ReservHandler pid=21428 tid=140087215220416 pinned cpu=70 (host_id=1)
[A:thread] WriteSender pid=21428 tid=140087002134208 pinned cpu=64 (host_id=1)
[A:sender] kind=0 policy=P0 K=16 T_us=100 host_id=1
[A:thread] InvalSender pid=21428 tid=140085345384128 pinned cpu=68 (host_id=1)
[A:sender] kind=2 policy=P0 K=16 T_us=100 host_id=1
[A:thread] ReadSender pid=21428 tid=140086993741504 pinned cpu=66 (host_id=1)
[A:sender] kind=1 policy=P0 K=16 T_us=100 host_id=1
[A:tls] worker host=1 client=58 entries=1024 (~1088 KiB)
[A:tls] worker host=1 client=50 entries=1024 (~1088 KiB)
[A:tls] worker host=1 client=60 entries=1024 (~1088 KiB)
[A:tls] worker host=1 client=43 entries=1024 (~1088 KiB)
[A:tls] worker host=1 client=52 entries=1024 (~1088 KiB)
[A:tls] worker host=1 client=47 entries=1024 (~1088 KiB)
[A:tls] worker host=1 client=53 entries=1024 (~1088 KiB)
[A:tls] worker host=1 client=45 entries=1024 (~1088 KiB)
[A:tls] worker host=1 client=44 entries=1024 (~1088 KiB)
[A:tls] worker host=1 client=51 entries=1024 (~1088 KiB)
[A:tls] worker host=1 client=61 entries=1024 (~1088 KiB)
[A:tls] worker host=1 client=57 entries=1024 (~1088 KiB)
[A:tls] worker host=1 client=48 entries=1024 (~1088 KiB)
[A:tls] worker host=1 client=54 entries=1024 (~1088 KiB)
[A:tls] worker host=1 client=62 entries=1024 (~1088 KiB)
[A:tls] worker host=1 client=56 entries=1024 (~1088 KiB)
[A:tls] worker host=1 client=63 entries=1024 (~1088 KiB)
[A:tls] worker host=1 client=22 entries=1024 (~1088 KiB)
[A:tls] worker host=1 client=29 entries=1024 (~1088 KiB)
[A:tls] worker host=1 client=39 entries=1024 (~1088 KiB)
[A:tls] worker host=1 client=30 entries=1024 (~1088 KiB)
[A:tls] worker host=1 client=40 entries=1024 (~1088 KiB)
[A:tls] worker host=1 client=0 entries=1024 (~1088 KiB)
[A:tls] worker host=1 client=21 entries=1024 (~1088 KiB)
[A:tls] worker host=1 client=28 entries=1024 (~1088 KiB)
[A:tls] worker host=1 client=17 entries=1024 (~1088 KiB)
[A:tls] worker host=1 client=23 entries=1024 (~1088 KiB)
[A:tls] worker host=1 client=27 entries=1024 (~1088 KiB)
[A:tls] worker host=1 client=33 entries=1024 (~1088 KiB)
[A:tls] worker host=1 client=14 entries=1024 (~1088 KiB)
[A:tls] worker host=1 client=26 entries=1024 (~1088 KiB)
[A:tls] worker host=1 client=41 entries=1024 (~1088 KiB)
[A:tls] worker host=1 client=34 entries=1024 (~1088 KiB)
[A:tls] worker host=1 client=20 entries=1024 (~1088 KiB)
[A:tls] worker host=1 client=18 entries=1024 (~1088 KiB)
[A:tls] worker host=1 client=31 entries=1024 (~1088 KiB)
[A:tls] worker host=1 client=59 entries=1024 (~1088 KiB)
[A:tls] worker host=1 client=25 entries=1024 (~1088 KiB)
[A:tls] worker host=1 client=16 entries=1024 (~1088 KiB)
[A:tls] worker host=1 client=35 entries=1024 (~1088 KiB)
[A:tls] worker host=1 client=9 entries=1024 (~1088 KiB)
[A:tls] worker host=1 client=49 entries=1024 (~1088 KiB)
[A:tls] worker host=1 client=37 entries=1024 (~1088 KiB)
[A:tls] worker host=1 client=46 entries=1024 (~1088 KiB)
[A:tls] worker host=1 client=32 entries=1024 (~1088 KiB)
[A:tls] worker host=1 client=55 entries=1024 (~1088 KiB)
[A:tls] worker host=1 client=24 entries=1024 (~1088 KiB)
[A:tls] worker host=1 client=12 entries=1024 (~1088 KiB)
[A:tls] worker host=1 client=7 entries=1024 (~1088 KiB)
[A:tls] worker host=1 client=42 entries=1024 (~1088 KiB)
[A:tls] worker host=1 client=1 entries=1024 (~1088 KiB)
[A:tls] worker host=1 client=8 entries=1024 (~1088 KiB)
[A:tls] worker host=1 client=15 entries=1024 (~1088 KiB)
[A:tls] worker host=1 client=13 entries=1024 (~1088 KiB)
[A:tls] worker host=1 client=2 entries=1024 (~1088 KiB)
[A:tls] worker host=1 client=4 entries=1024 (~1088 KiB)
[A:tls] worker host=1 client=6 entries=1024 (~1088 KiB)
[A:tls] worker host=1 client=36 entries=1024 (~1088 KiB)
[A:tls] worker host=1 client=10 entries=1024 (~1088 KiB)
[A:tls] worker host=1 client=19 entries=1024 (~1088 KiB)
[A:tls] worker host=1 client=38 entries=1024 (~1088 KiB)
[A:tls] worker host=1 client=3 entries=1024 (~1088 KiB)
[A:tls] worker host=1 client=11 entries=1024 (~1088 KiB)
[A:tls] worker host=1 client=5 entries=1024 (~1088 KiB)
