[A:cfg] ring_sharding T=64 N=0 (disabled) -> shards=1 block=64 routing=worker_id
[A:thread] Worker pinned host=1 client=1 -> cpu=1 (pid=207724)
[A:thread] Worker pinned host=1 client=2 -> cpu=2 (pid=207725)
[A:thread] Worker pinned host=1 client=3 -> cpu=3 (pid=207726)
[A:thread] Worker pinned host=1 client=4 -> cpu=4 (pid=207727)
[A:thread] Worker pinned host=1 client=5 -> cpu=5 (pid=207728)
[A:thread] Worker pinned host=1 client=6 -> cpu=6 (pid=207729)
[A:thread] Worker pinned host=1 client=7 -> cpu=7 (pid=207730)
[A:thread] Worker pinned host=1 client=8 -> cpu=8 (pid=207731)
[A:thread] Worker pinned host=1 client=9 -> cpu=9 (pid=207732)
[A:thread] Worker pinned host=1 client=10 -> cpu=10 (pid=207733)
[A:thread] Worker pinned host=1 client=11 -> cpu=11 (pid=207734)
[A:thread] Worker pinned host=1 client=12 -> cpu=12 (pid=207735)
[A:thread] Worker pinned host=1 client=13 -> cpu=13 (pid=207736)
[A:thread] Worker pinned host=1 client=14 -> cpu=14 (pid=207737)
[A:thread] Worker pinned host=1 client=15 -> cpu=15 (pid=207738)
[A:thread] Worker pinned host=1 client=16 -> cpu=16 (pid=207739)
[A:thread] Worker pinned host=1 client=17 -> cpu=17 (pid=207740)
[A:thread] Worker pinned host=1 client=18 -> cpu=18 (pid=207741)
[A:thread] Worker pinned host=1 client=19 -> cpu=19 (pid=207742)
[A:thread] Worker pinned host=1 client=20 -> cpu=20 (pid=207743)
[A:thread] Worker pinned host=1 client=21 -> cpu=21 (pid=207744)
[A:thread] Worker pinned host=1 client=22 -> cpu=22 (pid=207745)
[A:thread] Worker pinned host=1 client=23 -> cpu=23 (pid=207746)
[A:thread] Worker pinned host=1 client=24 -> cpu=24 (pid=207747)
[A:thread] Worker pinned host=1 client=25 -> cpu=25 (pid=207748)
[A:thread] Worker pinned host=1 client=26 -> cpu=26 (pid=207749)
[A:thread] Worker pinned host=1 client=27 -> cpu=27 (pid=207750)
[A:thread] Worker pinned host=1 client=28 -> cpu=28 (pid=207751)
[A:thread] Worker pinned host=1 client=29 -> cpu=29 (pid=207752)
[A:thread] Worker pinned host=1 client=30 -> cpu=30 (pid=207753)
[A:thread] Worker pinned host=1 client=31 -> cpu=31 (pid=207754)
[A:thread] Worker pinned host=1 client=32 -> cpu=32 (pid=207755)
[A:thread] Worker pinned host=1 client=33 -> cpu=33 (pid=207756)
[A:thread] Worker pinned host=1 client=34 -> cpu=34 (pid=207757)
[A:thread] Worker pinned host=1 client=35 -> cpu=35 (pid=207758)
[A:thread] Worker pinned host=1 client=36 -> cpu=36 (pid=207759)
[A:thread] Worker pinned host=1 client=37 -> cpu=37 (pid=207760)
[A:thread] Worker pinned host=1 client=38 -> cpu=38 (pid=207761)
[A:thread] Worker pinned host=1 client=39 -> cpu=39 (pid=207762)
[A:thread] Worker pinned host=1 client=40 -> cpu=40 (pid=207763)
[A:thread] Worker pinned host=1 client=41 -> cpu=41 (pid=207764)
[A:thread] Worker pinned host=1 client=42 -> cpu=42 (pid=207765)
[A:thread] Worker pinned host=1 client=43 -> cpu=43 (pid=207766)
[A:thread] Worker pinned host=1 client=44 -> cpu=44 (pid=207767)
[A:thread] Worker pinned host=1 client=45 -> cpu=45 (pid=207768)
[A:thread] Worker pinned host=1 client=46 -> cpu=46 (pid=207769)
[A:thread] Worker pinned host=1 client=47 -> cpu=47 (pid=207770)
[A:thread] Worker pinned host=1 client=48 -> cpu=48 (pid=207771)
[A:thread] Worker pinned host=1 client=49 -> cpu=49 (pid=207772)
[A:thread] Worker pinned host=1 client=50 -> cpu=50 (pid=207773)
[A:thread] Worker pinned host=1 client=51 -> cpu=51 (pid=207774)
[A:thread] Worker pinned host=1 client=52 -> cpu=52 (pid=207775)
[A:thread] Worker pinned host=1 client=53 -> cpu=53 (pid=207776)
[A:thread] Worker pinned host=1 client=54 -> cpu=54 (pid=207777)
[A:thread] Worker pinned host=1 client=55 -> cpu=55 (pid=207778)
[A:thread] Worker pinned host=1 client=56 -> cpu=56 (pid=207779)
[A:thread] Worker pinned host=1 client=57 -> cpu=57 (pid=207780)
[A:thread] Worker pinned host=1 client=58 -> cpu=58 (pid=207781)
[A:thread] Worker pinned host=1 client=59 -> cpu=59 (pid=207782)
[A:thread] Worker pinned host=1 client=60 -> cpu=60 (pid=207783)
[A:thread] Worker pinned host=1 client=61 -> cpu=61 (pid=207784)
[A:thread] Worker pinned host=1 client=62 -> cpu=62 (pid=207785)
[A:thread] Worker pinned host=1 client=0 -> cpu=0 (pid=207723)
[A:thread] Worker pinned host=1 client=63 -> cpu=63 (pid=207786)
[A:thread] WriteRecv0 pid=207723 tid=139954112927424 cpu=64 host=1 rings=[0]
[A:thread] ReadRecv0 pid=207723 tid=139954104534720 cpu=65 host=1 rings=[0]
[A:thread] InvalRecv0 pid=207723 tid=139954096142016 cpu=66 host=1 rings=[0]
[A:thread] ReservHandler pid=207723 tid=139954087749312 pinned cpu=85 (host_id=1)
[A:tls] worker host=1 client=63 entries=1024 (~1088 KiB)
[A:tls] worker host=1 client=52 entries=1024 (~1088 KiB)
[A:tls] worker host=1 client=47 entries=1024 (~1088 KiB)
[A:tls] worker host=1 client=46 entries=1024 (~1088 KiB)
[A:tls] worker host=1 client=48 entries=1024 (~1088 KiB)
[A:tls] worker host=1 client=51 entries=1024 (~1088 KiB)
[A:tls] worker host=1 client=11 entries=1024 (~1088 KiB)
[A:tls] worker host=1 client=39 entries=1024 (~1088 KiB)
[A:tls] worker host=1 client=62 entries=1024 (~1088 KiB)
[A:tls] worker host=1 client=0 entries=1024 (~1088 KiB)
[A:tls] worker host=1 client=12 entries=1024 (~1088 KiB)
[A:tls] worker host=1 client=40 entries=1024 (~1088 KiB)
[A:tls] worker host=1 client=4 entries=1024 (~1088 KiB)
[A:tls] worker host=1 client=15 entries=1024 (~1088 KiB)
[A:tls] worker host=1 client=37 entries=1024 (~1088 KiB)
[A:tls] worker host=1 client=23 entries=1024 (~1088 KiB)
[A:tls] worker host=1 client=1 entries=1024 (~1088 KiB)
[A:tls] worker host=1 client=13 entries=1024 (~1088 KiB)
[A:tls] worker host=1 client=26 entries=1024 (~1088 KiB)
[A:tls] worker host=1 client=60 entries=1024 (~1088 KiB)
[A:tls] worker host=1 client=38 entries=1024 (~1088 KiB)
[A:tls] worker host=1 client=5 entries=1024 (~1088 KiB)
[A:tls] worker host=1 client=24 entries=1024 (~1088 KiB)
[A:tls] worker host=1 client=18 entries=1024 (~1088 KiB)
[A:tls] worker host=1 client=20 entries=1024 (~1088 KiB)
[A:tls] worker host=1 client=17 entries=1024 (~1088 KiB)
[A:tls] worker host=1 client=34 entries=1024 (~1088 KiB)
[A:tls] worker host=1 client=32 entries=1024 (~1088 KiB)
[A:tls] worker host=1 client=30 entries=1024 (~1088 KiB)
[A:tls] worker host=1 client=29 entries=1024 (~1088 KiB)
[A:tls] worker host=1 client=41 entries=1024 (~1088 KiB)
[A:tls] worker host=1 client=33 entries=1024 (~1088 KiB)
[A:tls] worker host=1 client=2 entries=1024 (~1088 KiB)
[A:tls] worker host=1 client=21 entries=1024 (~1088 KiB)
[A:tls] worker host=1 client=35 entries=1024 (~1088 KiB)
[A:tls] worker host=1 client=50 entries=1024 (~1088 KiB)
[A:tls] worker host=1 client=43 entries=1024 (~1088 KiB)
[A:tls] worker host=1 client=8 entries=1024 (~1088 KiB)
[A:tls] worker host=1 client=56 entries=1024 (~1088 KiB)
[A:tls] worker host=1 client=53 entries=1024 (~1088 KiB)
[A:tls] worker host=1 client=55 entries=1024 (~1088 KiB)
[A:tls] worker host=1 client=42 entries=1024 (~1088 KiB)
[A:tls] worker host=1 client=61 entries=1024 (~1088 KiB)
[A:tls] worker host=1 client=58 entries=1024 (~1088 KiB)
[A:tls] worker host=1 client=49 entries=1024 (~1088 KiB)
[A:tls] worker host=1 client=54 entries=1024 (~1088 KiB)
[A:tls] worker host=1 client=19 entries=1024 (~1088 KiB)
[A:tls] worker host=1 client=57 entries=1024 (~1088 KiB)
[A:tls] worker host=1 client=36 entries=1024 (~1088 KiB)
[A:tls] worker host=1 client=27 entries=1024 (~1088 KiB)
[A:tls] worker host=1 client=16 entries=1024 (~1088 KiB)
[A:tls] worker host=1 client=45 entries=1024 (~1088 KiB)
[A:tls] worker host=1 client=22 entries=1024 (~1088 KiB)
[A:tls] worker host=1 client=28 entries=1024 (~1088 KiB)
[A:tls] worker host=1 client=6 entries=1024 (~1088 KiB)
[A:tls] worker host=1 client=10 entries=1024 (~1088 KiB)
[A:tls] worker host=1 client=7 entries=1024 (~1088 KiB)
[A:tls] worker host=1 client=44 entries=1024 (~1088 KiB)
[A:tls] worker host=1 client=59 entries=1024 (~1088 KiB)
[A:tls] worker host=1 client=9 entries=1024 (~1088 KiB)
[A:tls] worker host=1 client=14 entries=1024 (~1088 KiB)
[A:tls] worker host=1 client=31 entries=1024 (~1088 KiB)
[A:tls] worker host=1 client=3 entries=1024 (~1088 KiB)
[A:tls] worker host=1 client=25 entries=1024 (~1088 KiB)
# PATH host=1 label=after_LOAD tid=139954113140864 r0_tls=0 r2hit=0 r2miss_local=0 r3=0 cpool_ins_r=0 local_w=2500380 fwd_w=0 local_w_blk_fwd=0 local_w_stg_fwd=0 cpool_ins_w=2500355 cp_evict=0 cp_set_stale=0 cp_lru_evict=1976067 rh_served=0 lrs2r=0 lrs4r=0
# PATH host=1 label=after_LOAD AGG r0_tls=0 r2hit=0 r2miss_local=0 r3=0 cpool_ins_r=0 local_w=2500380 fwd_w=0 local_w_blk_fwd=0 local_w_stg_fwd=0 cpool_ins_w=2500355 cp_evict=0 cp_set_stale=0 cp_lru_evict=1976067 rh_served=0 lrs2r=0 lrs4r=0
# PATH host=1 label=after_TRANS tid=139954113140864 r0_tls=0 r2hit=15455 r2miss_local=23607 r3=0 cpool_ins_r=0 local_w=2500380 fwd_w=0 local_w_blk_fwd=0 local_w_stg_fwd=0 cpool_ins_w=2500355 cp_evict=0 cp_set_stale=0 cp_lru_evict=1979996 rh_served=0 lrs2r=0 lrs4r=0
# PATH host=1 label=after_TRANS AGG r0_tls=0 r2hit=15455 r2miss_local=23607 r3=0 cpool_ins_r=0 local_w=2500380 fwd_w=0 local_w_blk_fwd=0 local_w_stg_fwd=0 cpool_ins_w=2500355 cp_evict=0 cp_set_stale=0 cp_lru_evict=1979996 rh_served=0 lrs2r=0 lrs4r=0
