[A:cfg] ring_sharding T=64 N=0 (disabled) -> shards=1 block=64 routing=worker_id
[A:thread] Worker pinned host=1 client=1 -> cpu=1 (pid=209013)
[A:thread] Worker pinned host=1 client=2 -> cpu=2 (pid=209014)
[A:thread] Worker pinned host=1 client=3 -> cpu=3 (pid=209015)
[A:thread] Worker pinned host=1 client=4 -> cpu=4 (pid=209016)
[A:thread] Worker pinned host=1 client=5 -> cpu=5 (pid=209017)
[A:thread] Worker pinned host=1 client=6 -> cpu=6 (pid=209018)
[A:thread] Worker pinned host=1 client=7 -> cpu=7 (pid=209019)
[A:thread] Worker pinned host=1 client=8 -> cpu=8 (pid=209020)
[A:thread] Worker pinned host=1 client=9 -> cpu=9 (pid=209021)
[A:thread] Worker pinned host=1 client=10 -> cpu=10 (pid=209022)
[A:thread] Worker pinned host=1 client=11 -> cpu=11 (pid=209023)
[A:thread] Worker pinned host=1 client=12 -> cpu=12 (pid=209024)
[A:thread] Worker pinned host=1 client=13 -> cpu=13 (pid=209025)
[A:thread] Worker pinned host=1 client=14 -> cpu=14 (pid=209026)
[A:thread] Worker pinned host=1 client=15 -> cpu=15 (pid=209027)
[A:thread] Worker pinned host=1 client=16 -> cpu=16 (pid=209028)
[A:thread] Worker pinned host=1 client=17 -> cpu=17 (pid=209029)
[A:thread] Worker pinned host=1 client=18 -> cpu=18 (pid=209030)
[A:thread] Worker pinned host=1 client=19 -> cpu=19 (pid=209031)
[A:thread] Worker pinned host=1 client=20 -> cpu=20 (pid=209032)
[A:thread] Worker pinned host=1 client=21 -> cpu=21 (pid=209033)
[A:thread] Worker pinned host=1 client=22 -> cpu=22 (pid=209034)
[A:thread] Worker pinned host=1 client=23 -> cpu=23 (pid=209035)
[A:thread] Worker pinned host=1 client=24 -> cpu=24 (pid=209036)
[A:thread] Worker pinned host=1 client=25 -> cpu=25 (pid=209037)
[A:thread] Worker pinned host=1 client=26 -> cpu=26 (pid=209038)
[A:thread] Worker pinned host=1 client=27 -> cpu=27 (pid=209040)
[A:thread] Worker pinned host=1 client=28 -> cpu=28 (pid=209041)
[A:thread] Worker pinned host=1 client=29 -> cpu=29 (pid=209042)
[A:thread] Worker pinned host=1 client=30 -> cpu=30 (pid=209043)
[A:thread] Worker pinned host=1 client=31 -> cpu=31 (pid=209044)
[A:thread] Worker pinned host=1 client=32 -> cpu=32 (pid=209045)
[A:thread] Worker pinned host=1 client=33 -> cpu=33 (pid=209046)
[A:thread] Worker pinned host=1 client=34 -> cpu=34 (pid=209047)
[A:thread] Worker pinned host=1 client=35 -> cpu=35 (pid=209048)
[A:thread] Worker pinned host=1 client=36 -> cpu=36 (pid=209049)
[A:thread] Worker pinned host=1 client=37 -> cpu=37 (pid=209050)
[A:thread] Worker pinned host=1 client=38 -> cpu=38 (pid=209051)
[A:thread] Worker pinned host=1 client=39 -> cpu=39 (pid=209052)
[A:thread] Worker pinned host=1 client=40 -> cpu=40 (pid=209053)
[A:thread] Worker pinned host=1 client=41 -> cpu=41 (pid=209054)
[A:thread] Worker pinned host=1 client=42 -> cpu=42 (pid=209055)
[A:thread] Worker pinned host=1 client=43 -> cpu=43 (pid=209056)
[A:thread] Worker pinned host=1 client=44 -> cpu=44 (pid=209057)
[A:thread] Worker pinned host=1 client=45 -> cpu=45 (pid=209058)
[A:thread] Worker pinned host=1 client=46 -> cpu=46 (pid=209059)
[A:thread] Worker pinned host=1 client=47 -> cpu=47 (pid=209060)
[A:thread] Worker pinned host=1 client=48 -> cpu=48 (pid=209061)
[A:thread] Worker pinned host=1 client=49 -> cpu=49 (pid=209062)
[A:thread] Worker pinned host=1 client=50 -> cpu=50 (pid=209063)
[A:thread] Worker pinned host=1 client=51 -> cpu=51 (pid=209064)
[A:thread] Worker pinned host=1 client=52 -> cpu=52 (pid=209065)
[A:thread] Worker pinned host=1 client=53 -> cpu=53 (pid=209066)
[A:thread] Worker pinned host=1 client=54 -> cpu=54 (pid=209067)
[A:thread] Worker pinned host=1 client=55 -> cpu=55 (pid=209068)
[A:thread] Worker pinned host=1 client=56 -> cpu=56 (pid=209069)
[A:thread] Worker pinned host=1 client=57 -> cpu=57 (pid=209070)
[A:thread] Worker pinned host=1 client=58 -> cpu=58 (pid=209071)
[A:thread] Worker pinned host=1 client=59 -> cpu=59 (pid=209072)
[A:thread] Worker pinned host=1 client=60 -> cpu=60 (pid=209073)
[A:thread] Worker pinned host=1 client=61 -> cpu=61 (pid=209074)
[A:thread] Worker pinned host=1 client=62 -> cpu=62 (pid=209075)
[A:thread] Worker pinned host=1 client=0 -> cpu=0 (pid=208989)
[A:thread] Worker pinned host=1 client=63 -> cpu=63 (pid=209076)
[A:thread] WriteRecv0 pid=208989 tid=139762505230016 cpu=64 host=1 rings=[0]
[A:thread] ReadRecv0 pid=208989 tid=139762496837312 cpu=65 host=1 rings=[0]
[A:thread] InvalRecv0 pid=208989 tid=139762488444608 cpu=66 host=1 rings=[0]
[A:thread] ReservHandler pid=208989 tid=139762480051904 pinned cpu=85 (host_id=1)
[A:tls] worker host=1 client=63 entries=1024 (~1088 KiB)
[A:tls] worker host=1 client=45 entries=1024 (~1088 KiB)
[A:tls] worker host=1 client=46 entries=1024 (~1088 KiB)
[A:tls] worker host=1 client=22 entries=1024 (~1088 KiB)
[A:tls] worker host=1 client=56 entries=1024 (~1088 KiB)
[A:tls] worker host=1 client=18 entries=1024 (~1088 KiB)
[A:tls] worker host=1 client=47 entries=1024 (~1088 KiB)
[A:tls] worker host=1 client=11 entries=1024 (~1088 KiB)
[A:tls] worker host=1 client=28 entries=1024 (~1088 KiB)
[A:tls] worker host=1 client=20 entries=1024 (~1088 KiB)
[A:tls] worker host=1 client=55 entries=1024 (~1088 KiB)
[A:tls] worker host=1 client=44 entries=1024 (~1088 KiB)
[A:tls] worker host=1 client=21 entries=1024 (~1088 KiB)
[A:tls] worker host=1 client=58 entries=1024 (~1088 KiB)
[A:tls] worker host=1 client=2 entries=1024 (~1088 KiB)
[A:tls] worker host=1 client=16 entries=1024 (~1088 KiB)
[A:tls] worker host=1 client=52 entries=1024 (~1088 KiB)
[A:tls] worker host=1 client=17 entries=1024 (~1088 KiB)
[A:tls] worker host=1 client=60 entries=1024 (~1088 KiB)
[A:tls] worker host=1 client=8 entries=1024 (~1088 KiB)
[A:tls] worker host=1 client=43 entries=1024 (~1088 KiB)
[A:tls] worker host=1 client=53 entries=1024 (~1088 KiB)
[A:tls] worker host=1 client=6 entries=1024 (~1088 KiB)
[A:tls] worker host=1 client=24 entries=1024 (~1088 KiB)
[A:tls] worker host=1 client=54 entries=1024 (~1088 KiB)
[A:tls] worker host=1 client=51 entries=1024 (~1088 KiB)
[A:tls] worker host=1 client=26 entries=1024 (~1088 KiB)
[A:tls] worker host=1 client=48 entries=1024 (~1088 KiB)
[A:tls] worker host=1 client=42 entries=1024 (~1088 KiB)
[A:tls] worker host=1 client=19 entries=1024 (~1088 KiB)
[A:tls] worker host=1 client=32 entries=1024 (~1088 KiB)
[A:tls] worker host=1 client=9 entries=1024 (~1088 KiB)
[A:tls] worker host=1 client=0 entries=1024 (~1088 KiB)
[A:tls] worker host=1 client=39 entries=1024 (~1088 KiB)
[A:tls] worker host=1 client=5 entries=1024 (~1088 KiB)
[A:tls] worker host=1 client=33 entries=1024 (~1088 KiB)
[A:tls] worker host=1 client=41 entries=1024 (~1088 KiB)
[A:tls] worker host=1 client=4 entries=1024 (~1088 KiB)
[A:tls] worker host=1 client=10 entries=1024 (~1088 KiB)
[A:tls] worker host=1 client=49 entries=1024 (~1088 KiB)
[A:tls] worker host=1 client=3 entries=1024 (~1088 KiB)
[A:tls] worker host=1 client=27 entries=1024 (~1088 KiB)
[A:tls] worker host=1 client=35 entries=1024 (~1088 KiB)
[A:tls] worker host=1 client=61 entries=1024 (~1088 KiB)
[A:tls] worker host=1 client=13 entries=1024 (~1088 KiB)
[A:tls] worker host=1 client=57 entries=1024 (~1088 KiB)
[A:tls] worker host=1 client=1 entries=1024 (~1088 KiB)
[A:tls] worker host=1 client=15 entries=1024 (~1088 KiB)
[A:tls] worker host=1 client=59 entries=1024 (~1088 KiB)
[A:tls] worker host=1 client=50 entries=1024 (~1088 KiB)
[A:tls] worker host=1 client=7 entries=1024 (~1088 KiB)
[A:tls] worker host=1 client=38 entries=1024 (~1088 KiB)
[A:tls] worker host=1 client=25 entries=1024 (~1088 KiB)
[A:tls] worker host=1 client=36 entries=1024 (~1088 KiB)
[A:tls] worker host=1 client=23 entries=1024 (~1088 KiB)
[A:tls] worker host=1 client=30 entries=1024 (~1088 KiB)
[A:tls] worker host=1 client=62 entries=1024 (~1088 KiB)
[A:tls] worker host=1 client=31 entries=1024 (~1088 KiB)
[A:tls] worker host=1 client=12 entries=1024 (~1088 KiB)
[A:tls] worker host=1 client=40 entries=1024 (~1088 KiB)
[A:tls] worker host=1 client=29 entries=1024 (~1088 KiB)
[A:tls] worker host=1 client=14 entries=1024 (~1088 KiB)
[A:tls] worker host=1 client=34 entries=1024 (~1088 KiB)
[A:tls] worker host=1 client=37 entries=1024 (~1088 KiB)
# PATH host=1 label=after_LOAD tid=139762505443456 r0_tls=0 r2hit=0 r2miss_local=0 r3=0 cpool_ins_r=0 local_w=2499031 fwd_w=0 local_w_blk_fwd=0 local_w_stg_fwd=0 cpool_ins_w=2499029 cp_evict=0 cp_set_stale=0 cp_lru_evict=1974742 rh_served=0 lrs2r=0 lrs4r=0
# PATH host=1 label=after_LOAD AGG r0_tls=0 r2hit=0 r2miss_local=0 r3=0 cpool_ins_r=0 local_w=2499031 fwd_w=0 local_w_blk_fwd=0 local_w_stg_fwd=0 cpool_ins_w=2499029 cp_evict=0 cp_set_stale=0 cp_lru_evict=1974742 rh_served=0 lrs2r=0 lrs4r=0
# PATH host=1 label=after_TRANS tid=139762505443456 r0_tls=0 r2hit=11033 r2miss_local=28029 r3=0 cpool_ins_r=0 local_w=2499031 fwd_w=0 local_w_blk_fwd=0 local_w_stg_fwd=0 cpool_ins_w=2499029 cp_evict=0 cp_set_stale=0 cp_lru_evict=1974833 rh_served=0 lrs2r=0 lrs4r=0
# PATH host=1 label=after_TRANS AGG r0_tls=0 r2hit=11033 r2miss_local=28029 r3=0 cpool_ins_r=0 local_w=2499031 fwd_w=0 local_w_blk_fwd=0 local_w_stg_fwd=0 cpool_ins_w=2499029 cp_evict=0 cp_set_stale=0 cp_lru_evict=1974833 rh_served=0 lrs2r=0 lrs4r=0
