[A:cfg] ring_sharding T=64 N=0 (disabled) -> shards=1 block=64 routing=worker_id
[A:thread] Worker pinned host=0 client=1 -> cpu=1 (pid=49638)
[A:thread] Worker pinned host=0 client=2 -> cpu=2 (pid=49639)
[A:thread] Worker pinned host=0 client=3 -> cpu=3 (pid=49640)
[A:thread] Worker pinned host=0 client=4 -> cpu=4 (pid=49641)
[A:thread] Worker pinned host=0 client=5 -> cpu=5 (pid=49642)
[A:thread] Worker pinned host=0 client=6 -> cpu=6 (pid=49643)
[A:thread] Worker pinned host=0 client=7 -> cpu=7 (pid=49644)
[A:thread] Worker pinned host=0 client=8 -> cpu=8 (pid=49645)
[A:thread] Worker pinned host=0 client=9 -> cpu=9 (pid=49646)
[A:thread] Worker pinned host=0 client=10 -> cpu=10 (pid=49647)
[A:thread] Worker pinned host=0 client=11 -> cpu=11 (pid=49648)
[A:thread] Worker pinned host=0 client=12 -> cpu=12 (pid=49649)
[A:thread] Worker pinned host=0 client=13 -> cpu=13 (pid=49650)
[A:thread] Worker pinned host=0 client=14 -> cpu=14 (pid=49651)
[A:thread] Worker pinned host=0 client=15 -> cpu=15 (pid=49652)
[A:thread] Worker pinned host=0 client=16 -> cpu=16 (pid=49653)
[A:thread] Worker pinned host=0 client=17 -> cpu=17 (pid=49654)
[A:thread] Worker pinned host=0 client=18 -> cpu=18 (pid=49655)
[A:thread] Worker pinned host=0 client=19 -> cpu=19 (pid=49656)
[A:thread] Worker pinned host=0 client=20 -> cpu=20 (pid=49657)
[A:thread] Worker pinned host=0 client=21 -> cpu=21 (pid=49658)
[A:thread] Worker pinned host=0 client=22 -> cpu=22 (pid=49659)
[A:thread] Worker pinned host=0 client=23 -> cpu=23 (pid=49660)
[A:thread] Worker pinned host=0 client=24 -> cpu=24 (pid=49661)
[A:thread] Worker pinned host=0 client=25 -> cpu=25 (pid=49662)
[A:thread] Worker pinned host=0 client=26 -> cpu=26 (pid=49663)
[A:thread] Worker pinned host=0 client=27 -> cpu=27 (pid=49664)
[A:thread] Worker pinned host=0 client=28 -> cpu=28 (pid=49665)
[A:thread] Worker pinned host=0 client=29 -> cpu=29 (pid=49666)
[A:thread] Worker pinned host=0 client=30 -> cpu=30 (pid=49667)
[A:thread] Worker pinned host=0 client=31 -> cpu=31 (pid=49668)
[A:thread] Worker pinned host=0 client=32 -> cpu=32 (pid=49669)
[A:thread] Worker pinned host=0 client=33 -> cpu=33 (pid=49670)
[A:thread] Worker pinned host=0 client=34 -> cpu=34 (pid=49671)
[A:thread] Worker pinned host=0 client=35 -> cpu=35 (pid=49672)
[A:thread] Worker pinned host=0 client=36 -> cpu=36 (pid=49673)
[A:thread] Worker pinned host=0 client=37 -> cpu=37 (pid=49674)
[A:thread] Worker pinned host=0 client=38 -> cpu=38 (pid=49675)
[A:thread] Worker pinned host=0 client=39 -> cpu=39 (pid=49676)
[A:thread] Worker pinned host=0 client=40 -> cpu=40 (pid=49677)
[A:thread] Worker pinned host=0 client=41 -> cpu=41 (pid=49678)
[A:thread] Worker pinned host=0 client=42 -> cpu=42 (pid=49679)
[A:thread] Worker pinned host=0 client=43 -> cpu=43 (pid=49680)
[A:thread] Worker pinned host=0 client=44 -> cpu=44 (pid=49681)
[A:thread] Worker pinned host=0 client=45 -> cpu=45 (pid=49682)
[A:thread] Worker pinned host=0 client=46 -> cpu=46 (pid=49683)
[A:thread] Worker pinned host=0 client=47 -> cpu=47 (pid=49684)
[A:thread] Worker pinned host=0 client=48 -> cpu=48 (pid=49685)
[A:thread] Worker pinned host=0 client=49 -> cpu=49 (pid=49686)
[A:thread] Worker pinned host=0 client=50 -> cpu=50 (pid=49687)
[A:thread] Worker pinned host=0 client=51 -> cpu=51 (pid=49688)
[A:thread] Worker pinned host=0 client=52 -> cpu=52 (pid=49689)
[A:thread] Worker pinned host=0 client=53 -> cpu=53 (pid=49690)
[A:thread] Worker pinned host=0 client=54 -> cpu=54 (pid=49691)
[A:thread] Worker pinned host=0 client=55 -> cpu=55 (pid=49692)
[A:thread] Worker pinned host=0 client=56 -> cpu=56 (pid=49693)
[A:thread] Worker pinned host=0 client=57 -> cpu=57 (pid=49694)
[A:thread] Worker pinned host=0 client=58 -> cpu=58 (pid=49695)
[A:thread] Worker pinned host=0 client=59 -> cpu=59 (pid=49696)
[A:thread] Worker pinned host=0 client=60 -> cpu=60 (pid=49697)
[A:thread] Worker pinned host=0 client=61 -> cpu=61 (pid=49698)
[A:thread] Worker pinned host=0 client=62 -> cpu=62 (pid=49699)
[A:thread] Worker pinned host=0 client=0 -> cpu=0 (pid=49613)
[A:thread] Worker pinned host=0 client=63 -> cpu=63 (pid=49700)
[A:thread] WriteRecv0 pid=49613 tid=140506437363392 cpu=64 host=0 rings=[0]
[A:thread] ReadRecv0 pid=49613 tid=140506428970688 cpu=65 host=0 rings=[0]
[A:thread] InvalRecv0 pid=49613 tid=140506420577984 cpu=66 host=0 rings=[0]
[A:thread] ReservHandler pid=49613 tid=140506412185280 pinned cpu=85 (host_id=0)
[A:tls] worker host=0 client=58 entries=1024 (~1088 KiB)
[A:tls] worker host=0 client=62 entries=1024 (~1088 KiB)
[A:tls] worker host=0 client=43 entries=1024 (~1088 KiB)
[A:tls] worker host=0 client=52 entries=1024 (~1088 KiB)
[A:tls] worker host=0 client=27 entries=1024 (~1088 KiB)
[A:tls] worker host=0 client=10 entries=1024 (~1088 KiB)
[A:tls] worker host=0 client=3 entries=1024 (~1088 KiB)
[A:tls] worker host=0 client=48 entries=1024 (~1088 KiB)
[A:tls] worker host=0 client=14 entries=1024 (~1088 KiB)
[A:tls] worker host=0 client=11 entries=1024 (~1088 KiB)
[A:tls] worker host=0 client=17 entries=1024 (~1088 KiB)
[A:tls] worker host=0 client=53 entries=1024 (~1088 KiB)
[A:tls] worker host=0 client=55 entries=1024 (~1088 KiB)
[A:tls] worker host=0 client=9 entries=1024 (~1088 KiB)
[A:tls] worker host=0 client=8 entries=1024 (~1088 KiB)
[A:tls] worker host=0 client=4 entries=1024 (~1088 KiB)
[A:tls] worker host=0 client=35 entries=1024 (~1088 KiB)
[A:tls] worker host=0 client=0 entries=1024 (~1088 KiB)
[A:tls] worker host=0 client=36 entries=1024 (~1088 KiB)
[A:tls] worker host=0 client=57 entries=1024 (~1088 KiB)
[A:tls] worker host=0 client=46 entries=1024 (~1088 KiB)
[A:tls] worker host=0 client=31 entries=1024 (~1088 KiB)
[A:tls] worker host=0 client=15 entries=1024 (~1088 KiB)
[A:tls] worker host=0 client=26 entries=1024 (~1088 KiB)
[A:tls] worker host=0 client=25 entries=1024 (~1088 KiB)
[A:tls] worker host=0 client=60 entries=1024 (~1088 KiB)
[A:tls] worker host=0 client=54 entries=1024 (~1088 KiB)
[A:tls] worker host=0 client=38 entries=1024 (~1088 KiB)
[A:tls] worker host=0 client=56 entries=1024 (~1088 KiB)
[A:tls] worker host=0 client=45 entries=1024 (~1088 KiB)
[A:tls] worker host=0 client=32 entries=1024 (~1088 KiB)
[A:tls] worker host=0 client=34 entries=1024 (~1088 KiB)
[A:tls] worker host=0 client=59 entries=1024 (~1088 KiB)
[A:tls] worker host=0 client=41 entries=1024 (~1088 KiB)
[A:tls] worker host=0 client=37 entries=1024 (~1088 KiB)
[A:tls] worker host=0 client=47 entries=1024 (~1088 KiB)
[A:tls] worker host=0 client=49 entries=1024 (~1088 KiB)
[A:tls] worker host=0 client=1 entries=1024 (~1088 KiB)
[A:tls] worker host=0 client=21 entries=1024 (~1088 KiB)
[A:tls] worker host=0 client=50 entries=1024 (~1088 KiB)
[A:tls] worker host=0 client=63 entries=1024 (~1088 KiB)
[A:tls] worker host=0 client=33 entries=1024 (~1088 KiB)
[A:tls] worker host=0 client=51 entries=1024 (~1088 KiB)
[A:tls] worker host=0 client=61 entries=1024 (~1088 KiB)
[A:tls] worker host=0 client=44 entries=1024 (~1088 KiB)
[A:tls] worker host=0 client=13 entries=1024 (~1088 KiB)
[A:tls] worker host=0 client=19 entries=1024 (~1088 KiB)
[A:tls] worker host=0 client=16 entries=1024 (~1088 KiB)
[A:tls] worker host=0 client=24 entries=1024 (~1088 KiB)
[A:tls] worker host=0 client=2 entries=1024 (~1088 KiB)
[A:tls] worker host=0 client=28 entries=1024 (~1088 KiB)
[A:tls] worker host=0 client=40 entries=1024 (~1088 KiB)
[A:tls] worker host=0 client=12 entries=1024 (~1088 KiB)
[A:tls] worker host=0 client=42 entries=1024 (~1088 KiB)
[A:tls] worker host=0 client=30 entries=1024 (~1088 KiB)
[A:tls] worker host=0 client=22 entries=1024 (~1088 KiB)
[A:tls] worker host=0 client=39 entries=1024 (~1088 KiB)
[A:tls] worker host=0 client=18 entries=1024 (~1088 KiB)
[A:tls] worker host=0 client=20 entries=1024 (~1088 KiB)
[A:tls] worker host=0 client=23 entries=1024 (~1088 KiB)
[A:tls] worker host=0 client=5 entries=1024 (~1088 KiB)
[A:tls] worker host=0 client=6 entries=1024 (~1088 KiB)
[A:tls] worker host=0 client=29 entries=1024 (~1088 KiB)
[A:tls] worker host=0 client=7 entries=1024 (~1088 KiB)
# PATH host=0 label=after_LOAD tid=140506437576832 r0_tls=0 r2hit=0 r2miss_local=0 r3=0 cpool_ins_r=0 local_w=2500870 fwd_w=0 local_w_blk_fwd=0 local_w_stg_fwd=0 cpool_ins_w=2500869 cp_evict=0 cp_set_stale=0 cp_lru_evict=1976581 rh_served=0 lrs2r=0 lrs4r=0
# PATH host=0 label=after_LOAD AGG r0_tls=0 r2hit=0 r2miss_local=0 r3=0 cpool_ins_r=0 local_w=2500870 fwd_w=0 local_w_blk_fwd=0 local_w_stg_fwd=0 cpool_ins_w=2500869 cp_evict=0 cp_set_stale=0 cp_lru_evict=1976581 rh_served=0 lrs2r=0 lrs4r=0
YCSB opt=A cache=1 num_hosts=2 threads=64 threads_eff=64 rep=2 load_ops=5000000 load_thpt=151349 trans_ops=5000000 trans_wall_max=0.136574 trans_agg_thpt=36610189 w_avg_ns=0 w_p50_ns=0 w_p99_ns=0 r_avg_ns=3092 r_p50_ns=726 r_p99_ns=17064 first_op_ns_max=1846368 first_op_ns_avg=309619 ops_to_first_ns_max=1971756 ops_to_first_ns_avg=596240 # local_read_optA_t64_cacheon_rep2
# PATH host=0 label=after_TRANS tid=140506437576832 r0_tls=0 r2hit=12686 r2miss_local=26377 r3=0 cpool_ins_r=0 local_w=2500870 fwd_w=0 local_w_blk_fwd=0 local_w_stg_fwd=0 cpool_ins_w=2500869 cp_evict=0 cp_set_stale=0 cp_lru_evict=1983244 rh_served=0 lrs2r=0 lrs4r=0
# PATH host=0 label=after_TRANS AGG r0_tls=0 r2hit=12686 r2miss_local=26377 r3=0 cpool_ins_r=0 local_w=2500870 fwd_w=0 local_w_blk_fwd=0 local_w_stg_fwd=0 cpool_ins_w=2500869 cp_evict=0 cp_set_stale=0 cp_lru_evict=1983244 rh_served=0 lrs2r=0 lrs4r=0
# CACHE_FILL host=0 cache_buckets=131072 capacity=524288 filled=524288 stale=0 tomb=0 fill_pct=100.000
