Attaching 12 probes...
BPF_START 5547355015165
HEARTBEAT 5548355275272
@inval_recv_iters: 0
@write_recv_iters: 0
@read_recv_iters: 0
@inval_send_calls: 0
HEARTBEAT 5549355236415
@inval_recv_iters: 0
@write_recv_iters: 0
@read_recv_iters: 0
@inval_send_calls: 0
HEARTBEAT 5550355237358
@inval_recv_iters: 0
@write_recv_iters: 0
@read_recv_iters: 0
@inval_send_calls: 0
/root/iter12A_p1_1_probe.bt:32:23-56: WARNING: File exists
Additional Info - helper: map_update_elem, retcode: -17
  @forward_write_us = hist((nsecs - @fw_t[tid]) / 1000);
                      ~~~~~~~~~~~~~~~~~~~~~~~~~~~~~~~~~
HEARTBEAT 5551355259538
@inval_recv_iters: 1
@write_recv_iters: 1
@read_recv_iters: 1
@inval_send_calls: 29
BPF_END 5553392477572


@forward_read_us:
[8, 16)             1541 |@@@@@@@@@@@@@@@@@@@@@@@@@@@@@@@@@@@@@@@@@@@@@@@@@@@@|
[16, 32)               4 |                                                    |
[32, 64)               1 |                                                    |

@forward_write_us:
[2, 4)              5080 |@@@@@@@@@@@@@@@@@@@@@@@@@@@@@@@@@@@@@@@@@@@@@@@@@@@@|
[4, 8)                 1 |                                                    |
[8, 16)             1664 |@@@@@@@@@@@@@@@@@                                   |
[16, 32)              31 |                                                    |
[32, 64)               3 |                                                    |



@inval_lat_us:
[4, 8)                 5 |@@@@@@@@@@                                          |
[8, 16)               24 |@@@@@@@@@@@@@@@@@@@@@@@@@@@@@@@@@@@@@@@@@@@@@@@@@@@@|

@inval_recv_iters: 1
@inval_send_calls: 29

@read_recv_iters: 1
@write_recv_iters: 1
