Attaching 12 probes...
BPF_START 5586969933716
HEARTBEAT 5587970117228
@inval_recv_iters: 0
@write_recv_iters: 0
@read_recv_iters: 0
@inval_send_calls: 0
HEARTBEAT 5588970147313
@inval_recv_iters: 0
@write_recv_iters: 0
@read_recv_iters: 0
@inval_send_calls: 0
HEARTBEAT 5589970114048
@inval_recv_iters: 0
@write_recv_iters: 0
@read_recv_iters: 0
@inval_send_calls: 0
/root/iter12A_p1_1_probe.bt:32:23-56: WARNING: File exists
Additional Info - helper: map_update_elem, retcode: -17
  @forward_write_us = hist((nsecs - @fw_t[tid]) / 1000);
                      ~~~~~~~~~~~~~~~~~~~~~~~~~~~~~~~~~
/root/iter12A_p1_1_probe.bt:32:23-56: WARNING: File exists
Additional Info - helper: map_update_elem, retcode: -17
  @forward_write_us = hist((nsecs - @fw_t[tid]) / 1000);
                      ~~~~~~~~~~~~~~~~~~~~~~~~~~~~~~~~~
HEARTBEAT 5590970112677
@inval_recv_iters: 1
@write_recv_iters: 1
@read_recv_iters: 1
@inval_send_calls: 46
BPF_END 5593032471663


@forward_read_us:
[8, 16)             1609 |@@@@@@@@@@@@@@@@@@@@@@@@@@@@@@@@@@@@@@@@@@@@@@@@@@@@|
[16, 32)               6 |                                                    |
[32, 64)               1 |                                                    |

@forward_write_us:
[2, 4)              5078 |@@@@@@@@@@@@@@@@@@@@@@@@@@@@@@@@@@@@@@@@@@@@@@@@@@@@|
[4, 8)                 3 |                                                    |
[8, 16)             1694 |@@@@@@@@@@@@@@@@@                                   |
[16, 32)               1 |                                                    |
[32, 64)               2 |                                                    |



@inval_lat_us:
[4, 8)                10 |@@@@@@@@@@@@@@                                      |
[8, 16)               36 |@@@@@@@@@@@@@@@@@@@@@@@@@@@@@@@@@@@@@@@@@@@@@@@@@@@@|

@inval_recv_iters: 1
@inval_send_calls: 46

@read_recv_iters: 1
@write_recv_iters: 1
