Attaching 12 probes...
BPF_START 5594835930729
HEARTBEAT 5595836088618
@inval_recv_iters: 0
@write_recv_iters: 0
@read_recv_iters: 0
@inval_send_calls: 0
HEARTBEAT 5596836108568
@inval_recv_iters: 0
@write_recv_iters: 0
@read_recv_iters: 0
@inval_send_calls: 0
HEARTBEAT 5597836122868
@inval_recv_iters: 0
@write_recv_iters: 0
@read_recv_iters: 0
@inval_send_calls: 0
/root/iter12A_p1_1_probe.bt:32:23-56: WARNING: File exists
Additional Info - helper: map_update_elem, retcode: -17
  @forward_write_us = hist((nsecs - @fw_t[tid]) / 1000);
                      ~~~~~~~~~~~~~~~~~~~~~~~~~~~~~~~~~
HEARTBEAT 5598836183143
@inval_recv_iters: 1
@write_recv_iters: 1
@read_recv_iters: 1
@inval_send_calls: 43
BPF_END 5600832474888


@forward_read_us:
[8, 16)             1613 |@@@@@@@@@@@@@@@@@@@@@@@@@@@@@@@@@@@@@@@@@@@@@@@@@@@@|
[16, 32)               2 |                                                    |
[32, 64)               1 |                                                    |

@forward_write_us:
[2, 4)              5077 |@@@@@@@@@@@@@@@@@@@@@@@@@@@@@@@@@@@@@@@@@@@@@@@@@@@@|
[4, 8)                 1 |                                                    |
[8, 16)             1689 |@@@@@@@@@@@@@@@@@                                   |
[16, 32)               9 |                                                    |
[32, 64)               2 |                                                    |
[64, 128)              1 |                                                    |



@inval_lat_us:
[4, 8)                 9 |@@@@@@@@@@@@@                                       |
[8, 16)               34 |@@@@@@@@@@@@@@@@@@@@@@@@@@@@@@@@@@@@@@@@@@@@@@@@@@@@|

@inval_recv_iters: 1
@inval_send_calls: 43

@read_recv_iters: 1
@write_recv_iters: 1
