[A:thread] Worker pinned host=1 client=1 -> cpu=1 (pid=26458)
[A:thread] Worker pinned host=1 client=2 -> cpu=2 (pid=26459)
[A:thread] Worker pinned host=1 client=3 -> cpu=3 (pid=26460)
[A:thread] Worker pinned host=1 client=4 -> cpu=4 (pid=26461)
[A:thread] Worker pinned host=1 client=5 -> cpu=5 (pid=26462)
[A:thread] Worker pinned host=1 client=6 -> cpu=6 (pid=26463)
[A:thread] Worker pinned host=1 client=7 -> cpu=7 (pid=26464)
[A:thread] Worker pinned host=1 client=8 -> cpu=8 (pid=26465)
[A:thread] Worker pinned host=1 client=9 -> cpu=9 (pid=26466)
[A:thread] Worker pinned host=1 client=10 -> cpu=10 (pid=26467)
[A:thread] Worker pinned host=1 client=11 -> cpu=11 (pid=26468)
[A:thread] Worker pinned host=1 client=12 -> cpu=12 (pid=26469)
[A:thread] Worker pinned host=1 client=13 -> cpu=13 (pid=26470)
[A:thread] Worker pinned host=1 client=14 -> cpu=14 (pid=26471)
[A:thread] Worker pinned host=1 client=15 -> cpu=15 (pid=26472)
[A:thread] Worker pinned host=1 client=16 -> cpu=16 (pid=26473)
[A:thread] Worker pinned host=1 client=17 -> cpu=17 (pid=26474)
[A:thread] Worker pinned host=1 client=18 -> cpu=18 (pid=26475)
[A:thread] Worker pinned host=1 client=19 -> cpu=19 (pid=26476)
[A:thread] Worker pinned host=1 client=20 -> cpu=20 (pid=26477)
[A:thread] Worker pinned host=1 client=21 -> cpu=21 (pid=26478)
[A:thread] Worker pinned host=1 client=22 -> cpu=22 (pid=26479)
[A:thread] Worker pinned host=1 client=23 -> cpu=23 (pid=26480)
[A:thread] Worker pinned host=1 client=24 -> cpu=24 (pid=26481)
[A:thread] Worker pinned host=1 client=25 -> cpu=25 (pid=26482)
[A:thread] Worker pinned host=1 client=26 -> cpu=26 (pid=26483)
[A:thread] Worker pinned host=1 client=27 -> cpu=27 (pid=26484)
[A:thread] Worker pinned host=1 client=28 -> cpu=28 (pid=26485)
[A:thread] Worker pinned host=1 client=29 -> cpu=29 (pid=26486)
[A:thread] Worker pinned host=1 client=30 -> cpu=30 (pid=26487)
[A:thread] Worker pinned host=1 client=31 -> cpu=31 (pid=26488)
[A:thread] Worker pinned host=1 client=32 -> cpu=32 (pid=26489)
[A:thread] Worker pinned host=1 client=33 -> cpu=33 (pid=26490)
[A:thread] Worker pinned host=1 client=34 -> cpu=34 (pid=26491)
[A:thread] Worker pinned host=1 client=35 -> cpu=35 (pid=26492)
[A:thread] Worker pinned host=1 client=36 -> cpu=36 (pid=26493)
[A:thread] Worker pinned host=1 client=37 -> cpu=37 (pid=26494)
[A:thread] Worker pinned host=1 client=38 -> cpu=38 (pid=26495)
[A:thread] Worker pinned host=1 client=39 -> cpu=39 (pid=26496)
[A:thread] Worker pinned host=1 client=40 -> cpu=40 (pid=26497)
[A:thread] Worker pinned host=1 client=41 -> cpu=41 (pid=26498)
[A:thread] Worker pinned host=1 client=42 -> cpu=42 (pid=26499)
[A:thread] Worker pinned host=1 client=43 -> cpu=43 (pid=26500)
[A:thread] Worker pinned host=1 client=44 -> cpu=44 (pid=26501)
[A:thread] Worker pinned host=1 client=45 -> cpu=45 (pid=26502)
[A:thread] Worker pinned host=1 client=46 -> cpu=46 (pid=26503)
[A:thread] Worker pinned host=1 client=47 -> cpu=47 (pid=26504)
[A:thread] Worker pinned host=1 client=48 -> cpu=48 (pid=26505)
[A:thread] Worker pinned host=1 client=49 -> cpu=49 (pid=26506)
[A:thread] Worker pinned host=1 client=50 -> cpu=50 (pid=26507)
[A:thread] Worker pinned host=1 client=51 -> cpu=51 (pid=26508)
[A:thread] Worker pinned host=1 client=52 -> cpu=52 (pid=26509)
[A:thread] Worker pinned host=1 client=53 -> cpu=53 (pid=26510)
[A:thread] Worker pinned host=1 client=54 -> cpu=54 (pid=26511)
[A:thread] Worker pinned host=1 client=55 -> cpu=55 (pid=26512)
[A:thread] Worker pinned host=1 client=57 -> cpu=57 (pid=26514)
[A:thread] Worker pinned host=1 client=56 -> cpu=56 (pid=26513)
[A:thread] Worker pinned host=1 client=58 -> cpu=58 (pid=26515)
[A:thread] Worker pinned host=1 client=59 -> cpu=59 (pid=26516)
[A:thread] Worker pinned host=1 client=60 -> cpu=60 (pid=26517)
[A:thread] Worker pinned host=1 client=61 -> cpu=61 (pid=26518)
[A:thread] Worker pinned host=1 client=0 -> cpu=0 (pid=26457)
[A:thread] Worker pinned host=1 client=62 -> cpu=62 (pid=26519)
[A:thread] Worker pinned host=1 client=63 -> cpu=63 (pid=26520)
[A:thread] WriteReceiver pid=26457 tid=140663480297152 pinned cpu=65 (host_id=1)
[A:thread] ReadReceiver pid=26457 tid=140663400167104 pinned cpu=67 (host_id=1)
[A:thread] InvalReceiver pid=26457 tid=140663391774400 pinned cpu=69 (host_id=1)
[A:thread] ReservHandler pid=26457 tid=140663383381696 pinned cpu=70 (host_id=1)
[A:thread] ReadSender pid=26457 tid=140663366596288 pinned cpu=66 (host_id=1)
[A:sender] kind=1 policy=P0 K=16 T_us=100 host_id=1
[A:thread] WriteSender pid=26457 tid=140663374988992 pinned cpu=64 (host_id=1)
[A:sender] kind=0 policy=P0 K=16 T_us=100 host_id=1
[A:thread] InvalSender pid=26457 tid=140663358203584 pinned cpu=68 (host_id=1)
[A:sender] kind=2 policy=P0 K=16 T_us=100 host_id=1
[A:tls] worker host=1 client=52 entries=1024 (~1088 KiB)
[A:tls] worker host=1 client=49 entries=1024 (~1088 KiB)
[A:tls] worker host=1 client=7 entries=1024 (~1088 KiB)
[A:tls] worker host=1 client=11 entries=1024 (~1088 KiB)
[A:tls] worker host=1 client=53 entries=1024 (~1088 KiB)
[A:tls] worker host=1 client=9 entries=1024 (~1088 KiB)
[A:tls] worker host=1 client=27 entries=1024 (~1088 KiB)
[A:tls] worker host=1 client=0 entries=1024 (~1088 KiB)
[A:tls] worker host=1 client=48 entries=1024 (~1088 KiB)
[A:tls] worker host=1 client=50 entries=1024 (~1088 KiB)
[A:tls] worker host=1 client=14 entries=1024 (~1088 KiB)
[A:tls] worker host=1 client=45 entries=1024 (~1088 KiB)
[A:tls] worker host=1 client=24 entries=1024 (~1088 KiB)
[A:tls] worker host=1 client=40 entries=1024 (~1088 KiB)
[A:tls] worker host=1 client=57 entries=1024 (~1088 KiB)
[A:tls] worker host=1 client=5 entries=1024 (~1088 KiB)
[A:tls] worker host=1 client=32 entries=1024 (~1088 KiB)
[A:tls] worker host=1 client=43 entries=1024 (~1088 KiB)
[A:tls] worker host=1 client=28 entries=1024 (~1088 KiB)
[A:tls] worker host=1 client=15 entries=1024 (~1088 KiB)
[A:tls] worker host=1 client=41 entries=1024 (~1088 KiB)
[A:tls] worker host=1 client=26 entries=1024 (~1088 KiB)
[A:tls] worker host=1 client=3 entries=1024 (~1088 KiB)
[A:tls] worker host=1 client=37 entries=1024 (~1088 KiB)
[A:tls] worker host=1 client=8 entries=1024 (~1088 KiB)
[A:tls] worker host=1 client=38 entries=1024 (~1088 KiB)
[A:tls] worker host=1 client=34 entries=1024 (~1088 KiB)
[A:tls] worker host=1 client=4 entries=1024 (~1088 KiB)
[A:tls] worker host=1 client=47 entries=1024 (~1088 KiB)
[A:tls] worker host=1 client=55 entries=1024 (~1088 KiB)
[A:tls] worker host=1 client=1 entries=1024 (~1088 KiB)
[A:tls] worker host=1 client=30 entries=1024 (~1088 KiB)
[A:tls] worker host=1 client=2 entries=1024 (~1088 KiB)
[A:tls] worker host=1 client=58 entries=1024 (~1088 KiB)
[A:tls] worker host=1 client=10 entries=1024 (~1088 KiB)
[A:tls] worker host=1 client=51 entries=1024 (~1088 KiB)
[A:tls] worker host=1 client=29 entries=1024 (~1088 KiB)
[A:tls] worker host=1 client=20 entries=1024 (~1088 KiB)
[A:tls] worker host=1 client=33 entries=1024 (~1088 KiB)
[A:tls] worker host=1 client=12 entries=1024 (~1088 KiB)
[A:tls] worker host=1 client=21 entries=1024 (~1088 KiB)
[A:tls] worker host=1 client=35 entries=1024 (~1088 KiB)
[A:tls] worker host=1 client=19 entries=1024 (~1088 KiB)
[A:tls] worker host=1 client=31 entries=1024 (~1088 KiB)
[A:tls] worker host=1 client=36 entries=1024 (~1088 KiB)
[A:tls] worker host=1 client=59 entries=1024 (~1088 KiB)
[A:tls] worker host=1 client=6 entries=1024 (~1088 KiB)
[A:tls] worker host=1 client=42 entries=1024 (~1088 KiB)
[A:tls] worker host=1 client=25 entries=1024 (~1088 KiB)
[A:tls] worker host=1 client=39 entries=1024 (~1088 KiB)
[A:tls] worker host=1 client=16 entries=1024 (~1088 KiB)
[A:tls] worker host=1 client=13 entries=1024 (~1088 KiB)
[A:tls] worker host=1 client=54 entries=1024 (~1088 KiB)
[A:tls] worker host=1 client=44 entries=1024 (~1088 KiB)
[A:tls] worker host=1 client=61 entries=1024 (~1088 KiB)
[A:tls] worker host=1 client=22 entries=1024 (~1088 KiB)
[A:tls] worker host=1 client=62 entries=1024 (~1088 KiB)
[A:tls] worker host=1 client=46 entries=1024 (~1088 KiB)
[A:tls] worker host=1 client=18 entries=1024 (~1088 KiB)
[A:tls] worker host=1 client=23 entries=1024 (~1088 KiB)
[A:tls] worker host=1 client=56 entries=1024 (~1088 KiB)
[A:tls] worker host=1 client=60 entries=1024 (~1088 KiB)
[A:tls] worker host=1 client=17 entries=1024 (~1088 KiB)
[A:tls] worker host=1 client=63 entries=1024 (~1088 KiB)
