[A:thread] Worker pinned host=0 client=1 -> cpu=1 (pid=27059)
[A:thread] Worker pinned host=0 client=2 -> cpu=2 (pid=27060)
[A:thread] Worker pinned host=0 client=3 -> cpu=3 (pid=27061)
[A:thread] Worker pinned host=0 client=4 -> cpu=4 (pid=27062)
[A:thread] Worker pinned host=0 client=5 -> cpu=5 (pid=27063)
[A:thread] Worker pinned host=0 client=6 -> cpu=6 (pid=27064)
[A:thread] Worker pinned host=0 client=7 -> cpu=7 (pid=27065)
[A:thread] Worker pinned host=0 client=8 -> cpu=8 (pid=27066)
[A:thread] Worker pinned host=0 client=9 -> cpu=9 (pid=27067)
[A:thread] Worker pinned host=0 client=10 -> cpu=10 (pid=27068)
[A:thread] Worker pinned host=0 client=11 -> cpu=11 (pid=27069)
[A:thread] Worker pinned host=0 client=12 -> cpu=12 (pid=27070)
[A:thread] Worker pinned host=0 client=13 -> cpu=13 (pid=27071)
[A:thread] Worker pinned host=0 client=14 -> cpu=14 (pid=27072)
[A:thread] Worker pinned host=0 client=15 -> cpu=15 (pid=27073)
[A:thread] Worker pinned host=0 client=16 -> cpu=16 (pid=27074)
[A:thread] Worker pinned host=0 client=17 -> cpu=17 (pid=27075)
[A:thread] Worker pinned host=0 client=18 -> cpu=18 (pid=27076)
[A:thread] Worker pinned host=0 client=19 -> cpu=19 (pid=27077)
[A:thread] Worker pinned host=0 client=20 -> cpu=20 (pid=27078)
[A:thread] Worker pinned host=0 client=22 -> cpu=22 (pid=27080)
[A:thread] Worker pinned host=0 client=21 -> cpu=21 (pid=27079)
[A:thread] Worker pinned host=0 client=23 -> cpu=23 (pid=27081)
[A:thread] Worker pinned host=0 client=24 -> cpu=24 (pid=27082)
[A:thread] Worker pinned host=0 client=25 -> cpu=25 (pid=27083)
[A:thread] Worker pinned host=0 client=26 -> cpu=26 (pid=27084)
[A:thread] Worker pinned host=0 client=27 -> cpu=27 (pid=27085)
[A:thread] Worker pinned host=0 client=28 -> cpu=28 (pid=27086)
[A:thread] Worker pinned host=0 client=29 -> cpu=29 (pid=27087)
[A:thread] Worker pinned host=0 client=30 -> cpu=30 (pid=27088)
[A:thread] Worker pinned host=0 client=31 -> cpu=31 (pid=27089)
[A:thread] Worker pinned host=0 client=32 -> cpu=32 (pid=27090)
[A:thread] Worker pinned host=0 client=33 -> cpu=33 (pid=27091)
[A:thread] Worker pinned host=0 client=34 -> cpu=34 (pid=27092)
[A:thread] Worker pinned host=0 client=35 -> cpu=35 (pid=27093)
[A:thread] Worker pinned host=0 client=36 -> cpu=36 (pid=27094)
[A:thread] Worker pinned host=0 client=37 -> cpu=37 (pid=27095)
[A:thread] Worker pinned host=0 client=38 -> cpu=38 (pid=27096)
[A:thread] Worker pinned host=0 client=39 -> cpu=39 (pid=27097)
[A:thread] Worker pinned host=0 client=40 -> cpu=40 (pid=27098)
[A:thread] Worker pinned host=0 client=41 -> cpu=41 (pid=27099)
[A:thread] Worker pinned host=0 client=42 -> cpu=42 (pid=27100)
[A:thread] Worker pinned host=0 client=43 -> cpu=43 (pid=27101)
[A:thread] Worker pinned host=0 client=44 -> cpu=44 (pid=27102)
[A:thread] Worker pinned host=0 client=45 -> cpu=45 (pid=27103)
[A:thread] Worker pinned host=0 client=46 -> cpu=46 (pid=27104)
[A:thread] Worker pinned host=0 client=47 -> cpu=47 (pid=27105)
[A:thread] Worker pinned host=0 client=48 -> cpu=48 (pid=27106)
[A:thread] Worker pinned host=0 client=49 -> cpu=49 (pid=27107)
[A:thread] Worker pinned host=0 client=50 -> cpu=50 (pid=27108)
[A:thread] Worker pinned host=0 client=51 -> cpu=51 (pid=27109)
[A:thread] Worker pinned host=0 client=52 -> cpu=52 (pid=27110)
[A:thread] Worker pinned host=0 client=53 -> cpu=53 (pid=27111)
[A:thread] Worker pinned host=0 client=54 -> cpu=54 (pid=27112)
[A:thread] Worker pinned host=0 client=55 -> cpu=55 (pid=27113)
[A:thread] Worker pinned host=0 client=56 -> cpu=56 (pid=27114)
[A:thread] Worker pinned host=0 client=57 -> cpu=57 (pid=27115)
[A:thread] Worker pinned host=0 client=59 -> cpu=59 (pid=27117)
[A:thread] Worker pinned host=0 client=58 -> cpu=58 (pid=27116)
[A:thread] Worker pinned host=0 client=60 -> cpu=60 (pid=27118)
[A:thread] Worker pinned host=0 client=61 -> cpu=61 (pid=27119)
[A:thread] Worker pinned host=0 client=0 -> cpu=0 (pid=27058)
[A:thread] Worker pinned host=0 client=62 -> cpu=62 (pid=27120)
[A:thread] Worker pinned host=0 client=63 -> cpu=63 (pid=27121)
[A:thread] WriteReceiver pid=27058 tid=140043713697472 pinned cpu=65 (host_id=0)
[A:thread] ReadReceiver pid=27058 tid=140043705304768 pinned cpu=67 (host_id=0)
[A:thread] InvalReceiver pid=27058 tid=140043696912064 pinned cpu=69 (host_id=0)
[A:thread] ReservHandler pid=27058 tid=140043688519360 pinned cpu=70 (host_id=0)
[A:tls] worker host=0 client=55 entries=1024 (~1088 KiB)
[A:tls] worker host=0 client=59 entries=1024 (~1088 KiB)
[A:tls] worker host=0 client=54 entries=1024 (~1088 KiB)
[A:tls] worker host=0 client=44 entries=1024 (~1088 KiB)
[A:tls] worker host=0 client=45 entries=1024 (~1088 KiB)
[A:tls] worker host=0 client=57 entries=1024 (~1088 KiB)
[A:tls] worker host=0 client=56 entries=1024 (~1088 KiB)
[A:tls] worker host=0 client=49 entries=1024 (~1088 KiB)
[A:tls] worker host=0 client=43 entries=1024 (~1088 KiB)
[A:tls] worker host=0 client=53 entries=1024 (~1088 KiB)
[A:tls] worker host=0 client=50 entries=1024 (~1088 KiB)
[A:thread] WriteSender pid=27058 tid=140043680126656 pinned cpu=64 (host_id=0)
[A:sender] kind=0 policy=P0 K=16 T_us=100 host_id=0
[A:tls] worker host=0 client=52 entries=1024 (~1088 KiB)
[A:thread] ReadSender pid=27058 tid=140043671733952 pinned cpu=66 (host_id=0)
[A:sender] kind=1 policy=P0 K=16 T_us=100 host_id=0
[A:tls] worker host=0 client=13 entries=1024 (~1088 KiB)
[A:tls] worker host=0 client=47 entries=1024 (~1088 KiB)
[A:tls] worker host=0 client=63 entries=1024 (~1088 KiB)
[A:tls] worker host=0 client=58 entries=1024 (~1088 KiB)
[A:tls] worker host=0 client=48 entries=1024 (~1088 KiB)
[A:tls] worker host=0 client=18 entries=1024 (~1088 KiB)
[A:tls] worker host=0 client=62 entries=1024 (~1088 KiB)
[A:tls] worker host=0 client=27 entries=1024 (~1088 KiB)
[A:thread] InvalSender pid=27058 tid=140043663341248 pinned cpu=68 (host_id=0)
[A:tls] worker host=0 client=28 entries=1024 (~1088 KiB)
[A:sender] kind=2 policy=P0 K=16 T_us=100 host_id=0
[A:tls] worker host=0 client=46 entries=1024 (~1088 KiB)
[A:tls] worker host=0 client=23 entries=1024 (~1088 KiB)
[A:tls] worker host=0 client=9 entries=1024 (~1088 KiB)
[A:tls] worker host=0 client=29 entries=1024 (~1088 KiB)
[A:tls] worker host=0 client=26 entries=1024 (~1088 KiB)
[A:tls] worker host=0 client=10 entries=1024 (~1088 KiB)
[A:tls] worker host=0 client=30 entries=1024 (~1088 KiB)
[A:tls] worker host=0 client=8 entries=1024 (~1088 KiB)
[A:tls] worker host=0 client=14 entries=1024 (~1088 KiB)
[A:tls] worker host=0 client=15 entries=1024 (~1088 KiB)
[A:tls] worker host=0 client=19 entries=1024 (~1088 KiB)
[A:tls] worker host=0 client=16 entries=1024 (~1088 KiB)
[A:tls] worker host=0 client=60 entries=1024 (~1088 KiB)
[A:tls] worker host=0 client=31 entries=1024 (~1088 KiB)
[A:tls] worker host=0 client=24 entries=1024 (~1088 KiB)
[A:tls] worker host=0 client=7 entries=1024 (~1088 KiB)
[A:tls] worker host=0 client=17 entries=1024 (~1088 KiB)
[A:tls] worker host=0 client=51 entries=1024 (~1088 KiB)
[A:tls] worker host=0 client=2 entries=1024 (~1088 KiB)
[A:tls] worker host=0 client=0 entries=1024 (~1088 KiB)
[A:tls] worker host=0 client=61 entries=1024 (~1088 KiB)
[A:tls] worker host=0 client=12 entries=1024 (~1088 KiB)
[A:tls] worker host=0 client=1 entries=1024 (~1088 KiB)
[A:tls] worker host=0 client=4 entries=1024 (~1088 KiB)
[A:tls] worker host=0 client=6 entries=1024 (~1088 KiB)
[A:tls] worker host=0 client=32 entries=1024 (~1088 KiB)
[A:tls] worker host=0 client=20 entries=1024 (~1088 KiB)
[A:tls] worker host=0 client=34 entries=1024 (~1088 KiB)
[A:tls] worker host=0 client=11 entries=1024 (~1088 KiB)
[A:tls] worker host=0 client=36 entries=1024 (~1088 KiB)
[A:tls] worker host=0 client=21 entries=1024 (~1088 KiB)
[A:tls] worker host=0 client=38 entries=1024 (~1088 KiB)
[A:tls] worker host=0 client=5 entries=1024 (~1088 KiB)
[A:tls] worker host=0 client=33 entries=1024 (~1088 KiB)
[A:tls] worker host=0 client=22 entries=1024 (~1088 KiB)
[A:tls] worker host=0 client=37 entries=1024 (~1088 KiB)
[A:tls] worker host=0 client=39 entries=1024 (~1088 KiB)
[A:tls] worker host=0 client=40 entries=1024 (~1088 KiB)
[A:tls] worker host=0 client=42 entries=1024 (~1088 KiB)
[A:tls] worker host=0 client=3 entries=1024 (~1088 KiB)
[A:tls] worker host=0 client=35 entries=1024 (~1088 KiB)
[A:tls] worker host=0 client=41 entries=1024 (~1088 KiB)
[A:tls] worker host=0 client=25 entries=1024 (~1088 KiB)
