[A:cfg] ring_sharding T=4 N=0 (disabled) -> shards=1 block=4 routing=worker_id
[A:thread] Worker pinned host=0 client=1 -> cpu=1 (pid=69839)
[A:thread] Worker pinned host=0 client=0 -> cpu=0 (pid=69816)
[A:thread] Worker pinned host=0 client=2 -> cpu=2 (pid=69840)
[A:thread] Worker pinned host=0 client=3 -> cpu=3 (pid=69841)
[A:thread] WriteRecv0 pid=69816 tid=140409420621504 cpu=64 host=0 rings=[0]
[A:thread] ReadRecv0 pid=69816 tid=140409412228800 cpu=65 host=0 rings=[0]
[A:thread] InvalRecv0 pid=69816 tid=140409403836096 cpu=66 host=0 rings=[0]
[A:thread] ReservHandler pid=69816 tid=140409395443392 pinned cpu=85 (host_id=0)
[A:tls] worker host=0 client=2 entries=1024 (~1088 KiB)
[A:tls] worker host=0 client=3 entries=1024 (~1088 KiB)
[A:tls] worker host=0 client=1 entries=1024 (~1088 KiB)
[A:tls] worker host=0 client=0 entries=1024 (~1088 KiB)
# PATH host=0 label=after_LOAD tid=140409420834944 r0_tls=0 r2hit=0 r2miss_local=0 r3=0 cpool_ins_r=0 local_w=99972 fwd_w=0 local_w_blk_fwd=0 local_w_stg_fwd=0 cpool_ins_w=99972 cp_evict=0 cp_set_stale=0 cp_lru_evict=138 rh_served=0
# PATH host=0 label=after_LOAD AGG r0_tls=0 r2hit=0 r2miss_local=0 r3=0 cpool_ins_r=0 local_w=99972 fwd_w=0 local_w_blk_fwd=0 local_w_stg_fwd=0 cpool_ins_w=99972 cp_evict=0 cp_set_stale=0 cp_lru_evict=138 rh_served=0
YCSB opt=A cache=0 num_hosts=2 threads=4 threads_eff=4 rep=1 load_ops=200000 load_thpt=338207 trans_ops=200000 trans_wall_max=0.430262 trans_agg_thpt=464833 w_avg_ns=0 w_p50_ns=0 w_p99_ns=0 r_avg_ns=12417 r_p50_ns=7015 r_p99_ns=32249 first_op_ns_max=30692 first_op_ns_avg=26510 ops_to_first_ns_max=7702941 ops_to_first_ns_avg=2150290 # xhost_read_optA_t4_cacheoff_rep1
# PATH host=0 label=after_TRANS tid=140409420834944 r0_tls=0 r2hit=81 r2miss_local=0 r3=24919 cpool_ins_r=145 local_w=99972 fwd_w=0 local_w_blk_fwd=0 local_w_stg_fwd=0 cpool_ins_w=99972 cp_evict=0 cp_set_stale=0 cp_lru_evict=138 rh_served=0
# PATH host=0 label=after_TRANS tid=140409412228800 r0_tls=0 r2hit=0 r2miss_local=0 r3=0 cpool_ins_r=0 local_w=0 fwd_w=0 local_w_blk_fwd=0 local_w_stg_fwd=0 cpool_ins_w=0 cp_evict=0 cp_set_stale=0 cp_lru_evict=0 rh_served=99336
# PATH host=0 label=after_TRANS AGG r0_tls=0 r2hit=81 r2miss_local=0 r3=24919 cpool_ins_r=145 local_w=99972 fwd_w=0 local_w_blk_fwd=0 local_w_stg_fwd=0 cpool_ins_w=99972 cp_evict=0 cp_set_stale=0 cp_lru_evict=138 rh_served=99336
# CACHE_FILL host=0 cache_buckets=131072 capacity=524288 filled=100349 stale=0 tomb=0 fill_pct=19.140
