[A:cfg] ring_sharding T=64 N=0 (disabled) -> shards=1 block=64 routing=worker_id
[A:thread] Worker pinned host=0 client=1 -> cpu=1 (pid=84866)
[A:thread] Worker pinned host=0 client=2 -> cpu=2 (pid=84867)
[A:thread] Worker pinned host=0 client=3 -> cpu=3 (pid=84868)
[A:thread] Worker pinned host=0 client=4 -> cpu=4 (pid=84869)
[A:thread] Worker pinned host=0 client=5 -> cpu=5 (pid=84870)
[A:thread] Worker pinned host=0 client=6 -> cpu=6 (pid=84871)
[A:thread] Worker pinned host=0 client=7 -> cpu=7 (pid=84872)
[A:thread] Worker pinned host=0 client=8 -> cpu=8 (pid=84873)
[A:thread] Worker pinned host=0 client=9 -> cpu=9 (pid=84874)
[A:thread] Worker pinned host=0 client=10 -> cpu=10 (pid=84875)
[A:thread] Worker pinned host=0 client=11 -> cpu=11 (pid=84876)
[A:thread] Worker pinned host=0 client=12 -> cpu=12 (pid=84877)
[A:thread] Worker pinned host=0 client=13 -> cpu=13 (pid=84878)
[A:thread] Worker pinned host=0 client=14 -> cpu=14 (pid=84879)
[A:thread] Worker pinned host=0 client=15 -> cpu=15 (pid=84880)
[A:thread] Worker pinned host=0 client=16 -> cpu=16 (pid=84881)
[A:thread] Worker pinned host=0 client=17 -> cpu=17 (pid=84882)
[A:thread] Worker pinned host=0 client=18 -> cpu=18 (pid=84883)
[A:thread] Worker pinned host=0 client=19 -> cpu=19 (pid=84884)
[A:thread] Worker pinned host=0 client=20 -> cpu=20 (pid=84885)
[A:thread] Worker pinned host=0 client=21 -> cpu=21 (pid=84886)
[A:thread] Worker pinned host=0 client=22 -> cpu=22 (pid=84887)
[A:thread] Worker pinned host=0 client=23 -> cpu=23 (pid=84888)
[A:thread] Worker pinned host=0 client=24 -> cpu=24 (pid=84889)
[A:thread] Worker pinned host=0 client=25 -> cpu=25 (pid=84890)
[A:thread] Worker pinned host=0 client=26 -> cpu=26 (pid=84891)
[A:thread] Worker pinned host=0 client=27 -> cpu=27 (pid=84892)
[A:thread] Worker pinned host=0 client=28 -> cpu=28 (pid=84893)
[A:thread] Worker pinned host=0 client=29 -> cpu=29 (pid=84894)
[A:thread] Worker pinned host=0 client=30 -> cpu=30 (pid=84895)
[A:thread] Worker pinned host=0 client=31 -> cpu=31 (pid=84896)
[A:thread] Worker pinned host=0 client=32 -> cpu=32 (pid=84897)
[A:thread] Worker pinned host=0 client=33 -> cpu=33 (pid=84898)
[A:thread] Worker pinned host=0 client=34 -> cpu=34 (pid=84899)
[A:thread] Worker pinned host=0 client=35 -> cpu=35 (pid=84900)
[A:thread] Worker pinned host=0 client=36 -> cpu=36 (pid=84901)
[A:thread] Worker pinned host=0 client=37 -> cpu=37 (pid=84902)
[A:thread] Worker pinned host=0 client=38 -> cpu=38 (pid=84903)
[A:thread] Worker pinned host=0 client=39 -> cpu=39 (pid=84904)
[A:thread] Worker pinned host=0 client=40 -> cpu=40 (pid=84905)
[A:thread] Worker pinned host=0 client=41 -> cpu=41 (pid=84906)
[A:thread] Worker pinned host=0 client=42 -> cpu=42 (pid=84907)
[A:thread] Worker pinned host=0 client=43 -> cpu=43 (pid=84908)
[A:thread] Worker pinned host=0 client=44 -> cpu=44 (pid=84909)
[A:thread] Worker pinned host=0 client=45 -> cpu=45 (pid=84910)
[A:thread] Worker pinned host=0 client=46 -> cpu=46 (pid=84911)
[A:thread] Worker pinned host=0 client=47 -> cpu=47 (pid=84912)
[A:thread] Worker pinned host=0 client=48 -> cpu=48 (pid=84913)
[A:thread] Worker pinned host=0 client=49 -> cpu=49 (pid=84914)
[A:thread] Worker pinned host=0 client=50 -> cpu=50 (pid=84915)
[A:thread] Worker pinned host=0 client=51 -> cpu=51 (pid=84916)
[A:thread] Worker pinned host=0 client=52 -> cpu=52 (pid=84917)
[A:thread] Worker pinned host=0 client=53 -> cpu=53 (pid=84918)
[A:thread] Worker pinned host=0 client=54 -> cpu=54 (pid=84919)
[A:thread] Worker pinned host=0 client=55 -> cpu=55 (pid=84920)
[A:thread] Worker pinned host=0 client=56 -> cpu=56 (pid=84921)
[A:thread] Worker pinned host=0 client=57 -> cpu=57 (pid=84922)
[A:thread] Worker pinned host=0 client=58 -> cpu=58 (pid=84923)
[A:thread] Worker pinned host=0 client=59 -> cpu=59 (pid=84924)
[A:thread] Worker pinned host=0 client=60 -> cpu=60 (pid=84925)
[A:thread] Worker pinned host=0 client=61 -> cpu=61 (pid=84926)
[A:thread] Worker pinned host=0 client=62 -> cpu=62 (pid=84927)
[A:thread] Worker pinned host=0 client=0 -> cpu=0 (pid=84840)
[A:thread] Worker pinned host=0 client=63 -> cpu=63 (pid=84928)
[A:thread] WriteRecv0 pid=84840 tid=139859400586944 cpu=64 host=0 rings=[0]
[A:thread] ReadRecv0 pid=84840 tid=139859392194240 cpu=65 host=0 rings=[0]
[A:thread] InvalRecv0 pid=84840 tid=139859383801536 cpu=66 host=0 rings=[0]
[A:thread] ReservHandler pid=84840 tid=139859333781184 pinned cpu=85 (host_id=0)
[A:tls] worker host=0 client=57 entries=1024 (~1088 KiB)
[A:tls] worker host=0 client=45 entries=1024 (~1088 KiB)
[A:tls] worker host=0 client=56 entries=1024 (~1088 KiB)
[A:tls] worker host=0 client=52 entries=1024 (~1088 KiB)
[A:tls] worker host=0 client=6 entries=1024 (~1088 KiB)
[A:tls] worker host=0 client=60 entries=1024 (~1088 KiB)
[A:tls] worker host=0 client=55 entries=1024 (~1088 KiB)
[A:tls] worker host=0 client=7 entries=1024 (~1088 KiB)
[A:tls] worker host=0 client=54 entries=1024 (~1088 KiB)
[A:tls] worker host=0 client=59 entries=1024 (~1088 KiB)
[A:tls] worker host=0 client=53 entries=1024 (~1088 KiB)
[A:tls] worker host=0 client=8 entries=1024 (~1088 KiB)
[A:tls] worker host=0 client=43 entries=1024 (~1088 KiB)
[A:tls] worker host=0 client=47 entries=1024 (~1088 KiB)
[A:tls] worker host=0 client=62 entries=1024 (~1088 KiB)
[A:tls] worker host=0 client=50 entries=1024 (~1088 KiB)
[A:tls] worker host=0 client=16 entries=1024 (~1088 KiB)
[A:tls] worker host=0 client=2 entries=1024 (~1088 KiB)
[A:tls] worker host=0 client=5 entries=1024 (~1088 KiB)
[A:tls] worker host=0 client=1 entries=1024 (~1088 KiB)
[A:tls] worker host=0 client=40 entries=1024 (~1088 KiB)
[A:tls] worker host=0 client=63 entries=1024 (~1088 KiB)
[A:tls] worker host=0 client=31 entries=1024 (~1088 KiB)
[A:tls] worker host=0 client=4 entries=1024 (~1088 KiB)
[A:tls] worker host=0 client=42 entries=1024 (~1088 KiB)
[A:tls] worker host=0 client=39 entries=1024 (~1088 KiB)
[A:tls] worker host=0 client=19 entries=1024 (~1088 KiB)
[A:tls] worker host=0 client=3 entries=1024 (~1088 KiB)
[A:tls] worker host=0 client=20 entries=1024 (~1088 KiB)
[A:tls] worker host=0 client=35 entries=1024 (~1088 KiB)
[A:tls] worker host=0 client=48 entries=1024 (~1088 KiB)
[A:tls] worker host=0 client=46 entries=1024 (~1088 KiB)
[A:tls] worker host=0 client=0 entries=1024 (~1088 KiB)
[A:tls] worker host=0 client=9 entries=1024 (~1088 KiB)
[A:tls] worker host=0 client=44 entries=1024 (~1088 KiB)
[A:tls] worker host=0 client=17 entries=1024 (~1088 KiB)
[A:tls] worker host=0 client=58 entries=1024 (~1088 KiB)
[A:tls] worker host=0 client=12 entries=1024 (~1088 KiB)
[A:tls] worker host=0 client=15 entries=1024 (~1088 KiB)
[A:tls] worker host=0 client=13 entries=1024 (~1088 KiB)
[A:tls] worker host=0 client=27 entries=1024 (~1088 KiB)
[A:tls] worker host=0 client=18 entries=1024 (~1088 KiB)
[A:tls] worker host=0 client=22 entries=1024 (~1088 KiB)
[A:tls] worker host=0 client=38 entries=1024 (~1088 KiB)
[A:tls] worker host=0 client=26 entries=1024 (~1088 KiB)
[A:tls] worker host=0 client=33 entries=1024 (~1088 KiB)
[A:tls] worker host=0 client=25 entries=1024 (~1088 KiB)
[A:tls] worker host=0 client=10 entries=1024 (~1088 KiB)
[A:tls] worker host=0 client=41 entries=1024 (~1088 KiB)
[A:tls] worker host=0 client=36 entries=1024 (~1088 KiB)
[A:tls] worker host=0 client=49 entries=1024 (~1088 KiB)
[A:tls] worker host=0 client=24 entries=1024 (~1088 KiB)
[A:tls] worker host=0 client=21 entries=1024 (~1088 KiB)
[A:tls] worker host=0 client=23 entries=1024 (~1088 KiB)
[A:tls] worker host=0 client=51 entries=1024 (~1088 KiB)
[A:tls] worker host=0 client=30 entries=1024 (~1088 KiB)
[A:tls] worker host=0 client=61 entries=1024 (~1088 KiB)
[A:tls] worker host=0 client=28 entries=1024 (~1088 KiB)
[A:tls] worker host=0 client=29 entries=1024 (~1088 KiB)
[A:tls] worker host=0 client=37 entries=1024 (~1088 KiB)
[A:tls] worker host=0 client=14 entries=1024 (~1088 KiB)
[A:tls] worker host=0 client=32 entries=1024 (~1088 KiB)
[A:tls] worker host=0 client=34 entries=1024 (~1088 KiB)
[A:tls] worker host=0 client=11 entries=1024 (~1088 KiB)
# PATH host=0 label=after_LOAD tid=139859400800384 r0_tls=0 r2hit=0 r2miss_local=0 r3=0 cpool_ins_r=0 local_w=1000929 fwd_w=0 local_w_blk_fwd=0 local_w_stg_fwd=0 cpool_ins_w=1000929 cp_evict=0 cp_set_stale=0 cp_lru_evict=486677 rh_served=0
# PATH host=0 label=after_LOAD AGG r0_tls=0 r2hit=0 r2miss_local=0 r3=0 cpool_ins_r=0 local_w=1000929 fwd_w=0 local_w_blk_fwd=0 local_w_stg_fwd=0 cpool_ins_w=1000929 cp_evict=0 cp_set_stale=0 cp_lru_evict=486677 rh_served=0
YCSB opt=A cache=0 num_hosts=2 threads=64 threads_eff=64 rep=2 load_ops=2000000 load_thpt=168755 trans_ops=5000000 trans_wall_max=4.492469 trans_agg_thpt=1112973 w_avg_ns=0 w_p50_ns=0 w_p99_ns=0 r_avg_ns=32087 r_p50_ns=428 r_p99_ns=299448 first_op_ns_max=711759 first_op_ns_avg=224239 ops_to_first_ns_max=1858135 ops_to_first_ns_avg=355749 # xhost_read_optA_t64_cacheoff_rep2
# PATH host=0 label=after_TRANS tid=139859400800384 r0_tls=0 r2hit=23626 r2miss_local=0 r3=15437 cpool_ins_r=2596 local_w=1000929 fwd_w=0 local_w_blk_fwd=0 local_w_stg_fwd=0 cpool_ins_w=1000929 cp_evict=0 cp_set_stale=0 cp_lru_evict=489196 rh_served=0
# PATH host=0 label=after_TRANS tid=139859392194240 r0_tls=0 r2hit=0 r2miss_local=0 r3=0 cpool_ins_r=0 local_w=0 fwd_w=0 local_w_blk_fwd=0 local_w_stg_fwd=0 cpool_ins_w=0 cp_evict=0 cp_set_stale=0 cp_lru_evict=0 rh_served=1030210
# PATH host=0 label=after_TRANS AGG r0_tls=0 r2hit=23626 r2miss_local=0 r3=15437 cpool_ins_r=2596 local_w=1000929 fwd_w=0 local_w_blk_fwd=0 local_w_stg_fwd=0 cpool_ins_w=1000929 cp_evict=0 cp_set_stale=0 cp_lru_evict=489196 rh_served=1030210
# CACHE_FILL host=0 cache_buckets=131072 capacity=524288 filled=520281 stale=0 tomb=0 fill_pct=99.236
