# Sustained 2M-ops smoke on peak cells (per scaling_ycsb_spec.md §11)
# started 2026-04-22T17:00:29-05:00
--- workloadc_optA_t16_K4_cacheon_2M ---
YCSB opt=A cache=1 num_hosts=2 threads=16 threads_eff=16 load_ops=100000 load_thpt=4645 trans_ops=2000000 trans_wall_max=0.051s trans_agg_thpt=38883443 w_avg_ns=0 w_p50_ns=0 w_p99_ns=0 r_avg_ns=748 r_p50_ns=43 r_p99_ns=4831  # workloadc_optA_t16_K4_cacheon_2M
--- workloadc_optB_t16_K1_cacheon_2M ---
YCSB opt=B cache=1 num_hosts=2 threads=16 threads_eff=16 load_ops=100000 load_thpt=5724 trans_ops=2000000 trans_wall_max=0.051s trans_agg_thpt=39156313 w_avg_ns=0 w_p50_ns=0 w_p99_ns=0 r_avg_ns=752 r_p50_ns=43 r_p99_ns=4879  # workloadc_optB_t16_K1_cacheon_2M
--- workloadc_optC_t86_K1_cacheon_2M ---
YCSB opt=C cache=1 num_hosts=2 threads=86 threads_eff=86 load_ops=100000 load_thpt=111867 trans_ops=2000000 trans_wall_max=0.025s trans_agg_thpt=78665710 w_avg_ns=0 w_p50_ns=0 w_p99_ns=0 r_avg_ns=2069 r_p50_ns=1176 r_p99_ns=9915  # workloadc_optC_t86_K1_cacheon_2M
--- workloadd_optA_t16_K4_cacheon_2M ---
YCSB opt=A cache=1 num_hosts=2 threads=16 threads_eff=16 load_ops=100000 load_thpt=4462 trans_ops=2000000 trans_wall_max=0.774s trans_agg_thpt=2583011 w_avg_ns=218246 w_p50_ns=224140 w_p99_ns=255510 r_avg_ns=928 r_p50_ns=44 r_p99_ns=4694  # workloadd_optA_t16_K4_cacheon_2M
--- workloadd_optB_t16_K1_cacheon_2M ---
YCSB opt=B cache=1 num_hosts=2 threads=16 threads_eff=16 load_ops=100000 load_thpt=5697 trans_ops=2000000 trans_wall_max=0.560s trans_agg_thpt=3572757 w_avg_ns=152696 w_p50_ns=154174 w_p99_ns=163923 r_avg_ns=983 r_p50_ns=49 r_p99_ns=4708  # workloadd_optB_t16_K1_cacheon_2M
--- workloadd_optC_t86_K1_cacheon_2M ---
YCSB opt=C cache=1 num_hosts=2 threads=86 threads_eff=86 load_ops=100000 load_thpt=113055 trans_ops=2000000 trans_wall_max=0.030s trans_agg_thpt=67027954 w_avg_ns=7646 w_p50_ns=7303 w_p99_ns=11319 r_avg_ns=2160 r_p50_ns=2388 r_p99_ns=6796  # workloadd_optC_t86_K1_cacheon_2M
--- workloada_optA_t2_K4_cacheon_2M ---
YCSB opt=A cache=1 num_hosts=2 threads=2 threads_eff=2 load_ops=100000 load_thpt=9926 trans_ops=2000000 trans_wall_max=7.318s trans_agg_thpt=273313 w_avg_ns=26079 w_p50_ns=25507 w_p99_ns=46579 r_avg_ns=2481 r_p50_ns=2826 r_p99_ns=5812  # workloada_optA_t2_K4_cacheon_2M
--- workloada_optB_t4_K1_cacheon_2M ---
YCSB opt=B cache=1 num_hosts=2 threads=4 threads_eff=4 load_ops=100000 load_thpt=9129 trans_ops=2000000 trans_wall_max=6.352s trans_agg_thpt=314841 w_avg_ns=46544 w_p50_ns=43974 w_p99_ns=119222 r_avg_ns=3425 r_p50_ns=3219 r_p99_ns=5658  # workloada_optB_t4_K1_cacheon_2M
--- workloada_optC_t4_K1_cacheon_2M ---
YCSB opt=C cache=1 num_hosts=2 threads=4 threads_eff=4 load_ops=100000 load_thpt=35519 trans_ops=2000000 trans_wall_max=1.816s trans_agg_thpt=1101202 w_avg_ns=9196 w_p50_ns=8891 w_p99_ns=33642 r_avg_ns=4893 r_p50_ns=4583 r_p99_ns=10177  # workloada_optC_t4_K1_cacheon_2M
# finished 2026-04-22T17:02:51-05:00
