[A:cfg] ring_sharding T=32 N=0 (disabled) -> shards=1 block=32 routing=worker_id
[A:thread] Worker pinned host=0 client=1 -> cpu=1 (pid=79204)
[A:thread] Worker pinned host=0 client=2 -> cpu=2 (pid=79205)
[A:thread] Worker pinned host=0 client=3 -> cpu=3 (pid=79206)
[A:thread] Worker pinned host=0 client=4 -> cpu=4 (pid=79207)
[A:thread] Worker pinned host=0 client=5 -> cpu=5 (pid=79208)
[A:thread] Worker pinned host=0 client=6 -> cpu=6 (pid=79209)
[A:thread] Worker pinned host=0 client=7 -> cpu=7 (pid=79210)
[A:thread] Worker pinned host=0 client=8 -> cpu=8 (pid=79211)
[A:thread] Worker pinned host=0 client=9 -> cpu=9 (pid=79212)
[A:thread] Worker pinned host=0 client=10 -> cpu=10 (pid=79213)
[A:thread] Worker pinned host=0 client=11 -> cpu=11 (pid=79214)
[A:thread] Worker pinned host=0 client=12 -> cpu=12 (pid=79215)
[A:thread] Worker pinned host=0 client=13 -> cpu=13 (pid=79216)
[A:thread] Worker pinned host=0 client=14 -> cpu=14 (pid=79217)
[A:thread] Worker pinned host=0 client=15 -> cpu=15 (pid=79218)
[A:thread] Worker pinned host=0 client=16 -> cpu=16 (pid=79219)
[A:thread] Worker pinned host=0 client=17 -> cpu=17 (pid=79220)
[A:thread] Worker pinned host=0 client=18 -> cpu=18 (pid=79221)
[A:thread] Worker pinned host=0 client=19 -> cpu=19 (pid=79222)
[A:thread] Worker pinned host=0 client=20 -> cpu=20 (pid=79223)
[A:thread] Worker pinned host=0 client=21 -> cpu=21 (pid=79224)
[A:thread] Worker pinned host=0 client=22 -> cpu=22 (pid=79225)
[A:thread] Worker pinned host=0 client=23 -> cpu=23 (pid=79226)
[A:thread] Worker pinned host=0 client=24 -> cpu=24 (pid=79227)
[A:thread] Worker pinned host=0 client=25 -> cpu=25 (pid=79228)
[A:thread] Worker pinned host=0 client=26 -> cpu=26 (pid=79229)
[A:thread] Worker pinned host=0 client=27 -> cpu=27 (pid=79230)
[A:thread] Worker pinned host=0 client=28 -> cpu=28 (pid=79231)
[A:thread] Worker pinned host=0 client=29 -> cpu=29 (pid=79232)
[A:thread] Worker pinned host=0 client=30 -> cpu=30 (pid=79233)
[A:thread] Worker pinned host=0 client=0 -> cpu=0 (pid=79181)
[A:thread] Worker pinned host=0 client=31 -> cpu=31 (pid=79234)
[A:thread] WriteRecv0 pid=79181 tid=140707954181824 cpu=64 host=0 rings=[0]
[A:thread] ReadRecv0 pid=79181 tid=140707945789120 cpu=65 host=0 rings=[0]
[A:thread] InvalRecv0 pid=79181 tid=140707937396416 cpu=66 host=0 rings=[0]
[A:thread] ReservHandler pid=79181 tid=140707887376064 pinned cpu=85 (host_id=0)
[A:tls] worker host=0 client=6 entries=1024 (~1088 KiB)
[A:tls] worker host=0 client=5 entries=1024 (~1088 KiB)
[A:tls] worker host=0 client=0 entries=1024 (~1088 KiB)
[A:tls] worker host=0 client=4 entries=1024 (~1088 KiB)
[A:tls] worker host=0 client=2 entries=1024 (~1088 KiB)
[A:tls] worker host=0 client=3 entries=1024 (~1088 KiB)
[A:tls] worker host=0 client=1 entries=1024 (~1088 KiB)
[A:tls] worker host=0 client=23 entries=1024 (~1088 KiB)
[A:tls] worker host=0 client=7 entries=1024 (~1088 KiB)
[A:tls] worker host=0 client=30 entries=1024 (~1088 KiB)
[A:tls] worker host=0 client=24 entries=1024 (~1088 KiB)
[A:tls] worker host=0 client=13 entries=1024 (~1088 KiB)
[A:tls] worker host=0 client=12 entries=1024 (~1088 KiB)
[A:tls] worker host=0 client=31 entries=1024 (~1088 KiB)
[A:tls] worker host=0 client=15 entries=1024 (~1088 KiB)
[A:tls] worker host=0 client=16 entries=1024 (~1088 KiB)
[A:tls] worker host=0 client=14 entries=1024 (~1088 KiB)
[A:tls] worker host=0 client=25 entries=1024 (~1088 KiB)
[A:tls] worker host=0 client=17 entries=1024 (~1088 KiB)
[A:tls] worker host=0 client=19 entries=1024 (~1088 KiB)
[A:tls] worker host=0 client=26 entries=1024 (~1088 KiB)
[A:tls] worker host=0 client=8 entries=1024 (~1088 KiB)
[A:tls] worker host=0 client=27 entries=1024 (~1088 KiB)
[A:tls] worker host=0 client=29 entries=1024 (~1088 KiB)
[A:tls] worker host=0 client=10 entries=1024 (~1088 KiB)
[A:tls] worker host=0 client=21 entries=1024 (~1088 KiB)
[A:tls] worker host=0 client=11 entries=1024 (~1088 KiB)
[A:tls] worker host=0 client=28 entries=1024 (~1088 KiB)
[A:tls] worker host=0 client=9 entries=1024 (~1088 KiB)
[A:tls] worker host=0 client=22 entries=1024 (~1088 KiB)
[A:tls] worker host=0 client=18 entries=1024 (~1088 KiB)
[A:tls] worker host=0 client=20 entries=1024 (~1088 KiB)
# PATH host=0 label=after_LOAD tid=140707954395264 r0_tls=0 r2hit=0 r2miss_local=0 r3=0 cpool_ins_r=0 local_w=1000929 fwd_w=0 local_w_blk_fwd=0 local_w_stg_fwd=0 cpool_ins_w=1000928 cp_evict=0 cp_set_stale=0 cp_lru_evict=486676 rh_served=0
# PATH host=0 label=after_LOAD AGG r0_tls=0 r2hit=0 r2miss_local=0 r3=0 cpool_ins_r=0 local_w=1000929 fwd_w=0 local_w_blk_fwd=0 local_w_stg_fwd=0 cpool_ins_w=1000928 cp_evict=0 cp_set_stale=0 cp_lru_evict=486676 rh_served=0
YCSB opt=A cache=0 num_hosts=2 threads=32 threads_eff=32 rep=1 load_ops=2000000 load_thpt=329908 trans_ops=5000000 trans_wall_max=15.085165 trans_agg_thpt=331451 w_avg_ns=0 w_p50_ns=0 w_p99_ns=0 r_avg_ns=45639 r_p50_ns=259 r_p99_ns=2721359 first_op_ns_max=307819 first_op_ns_avg=153045 ops_to_first_ns_max=576324 ops_to_first_ns_avg=207636 # xhost_read_optA_t32_cacheoff_rep1
# PATH host=0 label=after_TRANS tid=140707954395264 r0_tls=0 r2hit=46862 r2miss_local=0 r3=31263 cpool_ins_r=5802 local_w=1000929 fwd_w=0 local_w_blk_fwd=0 local_w_stg_fwd=0 cpool_ins_w=1000928 cp_evict=0 cp_set_stale=0 cp_lru_evict=492277 rh_served=0
# PATH host=0 label=after_TRANS tid=140707945789120 r0_tls=0 r2hit=0 r2miss_local=0 r3=0 cpool_ins_r=0 local_w=0 fwd_w=0 local_w_blk_fwd=0 local_w_stg_fwd=0 cpool_ins_w=0 cp_evict=0 cp_set_stale=0 cp_lru_evict=0 rh_served=1092791
# PATH host=0 label=after_TRANS AGG r0_tls=0 r2hit=46862 r2miss_local=0 r3=31263 cpool_ins_r=5802 local_w=1000929 fwd_w=0 local_w_blk_fwd=0 local_w_stg_fwd=0 cpool_ins_w=1000928 cp_evict=0 cp_set_stale=0 cp_lru_evict=492277 rh_served=1092791
# CACHE_FILL host=0 cache_buckets=131072 capacity=524288 filled=520310 stale=0 tomb=0 fill_pct=99.241
