[A:cfg] ring_sharding T=64 N=0 (disabled) -> shards=1 block=64 routing=worker_id
[A:thread] Worker pinned host=0 client=1 -> cpu=1 (pid=128335)
[A:thread] Worker pinned host=0 client=2 -> cpu=2 (pid=128336)
[A:thread] Worker pinned host=0 client=3 -> cpu=3 (pid=128337)
[A:thread] Worker pinned host=0 client=4 -> cpu=4 (pid=128338)
[A:thread] Worker pinned host=0 client=5 -> cpu=5 (pid=128339)
[A:thread] Worker pinned host=0 client=6 -> cpu=6 (pid=128340)
[A:thread] Worker pinned host=0 client=7 -> cpu=7 (pid=128341)
[A:thread] Worker pinned host=0 client=8 -> cpu=8 (pid=128342)
[A:thread] Worker pinned host=0 client=9 -> cpu=9 (pid=128343)
[A:thread] Worker pinned host=0 client=10 -> cpu=10 (pid=128344)
[A:thread] Worker pinned host=0 client=12 -> cpu=12 (pid=128346)
[A:thread] Worker pinned host=0 client=13 -> cpu=13 (pid=128347)
[A:thread] Worker pinned host=0 client=11 -> cpu=11 (pid=128345)
[A:thread] Worker pinned host=0 client=14 -> cpu=14 (pid=128348)
[A:thread] Worker pinned host=0 client=15 -> cpu=15 (pid=128349)
[A:thread] Worker pinned host=0 client=16 -> cpu=16 (pid=128350)
[A:thread] Worker pinned host=0 client=17 -> cpu=17 (pid=128351)
[A:thread] Worker pinned host=0 client=18 -> cpu=18 (pid=128352)
[A:thread] Worker pinned host=0 client=19 -> cpu=19 (pid=128353)
[A:thread] Worker pinned host=0 client=20 -> cpu=20 (pid=128354)
[A:thread] Worker pinned host=0 client=21 -> cpu=21 (pid=128355)
[A:thread] Worker pinned host=0 client=22 -> cpu=22 (pid=128356)
[A:thread] Worker pinned host=0 client=23 -> cpu=23 (pid=128357)
[A:thread] Worker pinned host=0 client=24 -> cpu=24 (pid=128358)
[A:thread] Worker pinned host=0 client=25 -> cpu=25 (pid=128359)
[A:thread] Worker pinned host=0 client=26 -> cpu=26 (pid=128360)
[A:thread] Worker pinned host=0 client=27 -> cpu=27 (pid=128361)
[A:thread] Worker pinned host=0 client=28 -> cpu=28 (pid=128362)
[A:thread] Worker pinned host=0 client=29 -> cpu=29 (pid=128363)
[A:thread] Worker pinned host=0 client=30 -> cpu=30 (pid=128364)
[A:thread] Worker pinned host=0 client=31 -> cpu=31 (pid=128365)
[A:thread] Worker pinned host=0 client=32 -> cpu=32 (pid=128366)
[A:thread] Worker pinned host=0 client=33 -> cpu=33 (pid=128367)
[A:thread] Worker pinned host=0 client=34 -> cpu=34 (pid=128368)
[A:thread] Worker pinned host=0 client=35 -> cpu=35 (pid=128369)
[A:thread] Worker pinned host=0 client=36 -> cpu=36 (pid=128370)
[A:thread] Worker pinned host=0 client=37 -> cpu=37 (pid=128371)
[A:thread] Worker pinned host=0 client=38 -> cpu=38 (pid=128372)
[A:thread] Worker pinned host=0 client=39 -> cpu=39 (pid=128373)
[A:thread] Worker pinned host=0 client=40 -> cpu=40 (pid=128374)
[A:thread] Worker pinned host=0 client=41 -> cpu=41 (pid=128375)
[A:thread] Worker pinned host=0 client=42 -> cpu=42 (pid=128376)
[A:thread] Worker pinned host=0 client=43 -> cpu=43 (pid=128377)
[A:thread] Worker pinned host=0 client=44 -> cpu=44 (pid=128378)
[A:thread] Worker pinned host=0 client=45 -> cpu=45 (pid=128379)
[A:thread] Worker pinned host=0 client=46 -> cpu=46 (pid=128380)
[A:thread] Worker pinned host=0 client=47 -> cpu=47 (pid=128381)
[A:thread] Worker pinned host=0 client=48 -> cpu=48 (pid=128382)
[A:thread] Worker pinned host=0 client=49 -> cpu=49 (pid=128383)
[A:thread] Worker pinned host=0 client=50 -> cpu=50 (pid=128384)
[A:thread] Worker pinned host=0 client=51 -> cpu=51 (pid=128385)
[A:thread] Worker pinned host=0 client=52 -> cpu=52 (pid=128386)
[A:thread] Worker pinned host=0 client=53 -> cpu=53 (pid=128387)
[A:thread] Worker pinned host=0 client=54 -> cpu=54 (pid=128388)
[A:thread] Worker pinned host=0 client=55 -> cpu=55 (pid=128389)
[A:thread] Worker pinned host=0 client=56 -> cpu=56 (pid=128390)
[A:thread] Worker pinned host=0 client=57 -> cpu=57 (pid=128391)
[A:thread] Worker pinned host=0 client=58 -> cpu=58 (pid=128392)
[A:thread] Worker pinned host=0 client=59 -> cpu=59 (pid=128393)
[A:thread] Worker pinned host=0 client=60 -> cpu=60 (pid=128394)
[A:thread] Worker pinned host=0 client=61 -> cpu=61 (pid=128395)
[A:thread] Worker pinned host=0 client=62 -> cpu=62 (pid=128396)
[A:thread] Worker pinned host=0 client=0 -> cpu=0 (pid=128334)
[A:thread] Worker pinned host=0 client=63 -> cpu=63 (pid=128397)
[A:thread] WriteRecv0 pid=128334 tid=140306605242048 cpu=64 host=0 rings=[0]
[A:thread] ReadRecv0 pid=128334 tid=140306596849344 cpu=65 host=0 rings=[0]
[A:thread] InvalRecv0 pid=128334 tid=140306588456640 cpu=66 host=0 rings=[0]
[A:thread] ReservHandler pid=128334 tid=140306580063936 pinned cpu=85 (host_id=0)
[A:tls] worker host=0 client=45 entries=1024 (~1088 KiB)
[A:tls] worker host=0 client=2 entries=1024 (~1088 KiB)
[A:tls] worker host=0 client=35 entries=1024 (~1088 KiB)
[A:tls] worker host=0 client=55 entries=1024 (~1088 KiB)
[A:tls] worker host=0 client=27 entries=1024 (~1088 KiB)
[A:tls] worker host=0 client=4 entries=1024 (~1088 KiB)
[A:tls] worker host=0 client=12 entries=1024 (~1088 KiB)
[A:tls] worker host=0 client=32 entries=1024 (~1088 KiB)
[A:tls] worker host=0 client=22 entries=1024 (~1088 KiB)
[A:tls] worker host=0 client=5 entries=1024 (~1088 KiB)
[A:tls] worker host=0 client=30 entries=1024 (~1088 KiB)
[A:tls] worker host=0 client=13 entries=1024 (~1088 KiB)
[A:tls] worker host=0 client=8 entries=1024 (~1088 KiB)
[A:tls] worker host=0 client=34 entries=1024 (~1088 KiB)
[A:tls] worker host=0 client=0 entries=1024 (~1088 KiB)
[A:tls] worker host=0 client=18 entries=1024 (~1088 KiB)
[A:tls] worker host=0 client=41 entries=1024 (~1088 KiB)
[A:tls] worker host=0 client=38 entries=1024 (~1088 KiB)
[A:tls] worker host=0 client=26 entries=1024 (~1088 KiB)
[A:tls] worker host=0 client=46 entries=1024 (~1088 KiB)
[A:tls] worker host=0 client=49 entries=1024 (~1088 KiB)
[A:tls] worker host=0 client=3 entries=1024 (~1088 KiB)
[A:tls] worker host=0 client=24 entries=1024 (~1088 KiB)
[A:tls] worker host=0 client=40 entries=1024 (~1088 KiB)
[A:tls] worker host=0 client=60 entries=1024 (~1088 KiB)
[A:tls] worker host=0 client=54 entries=1024 (~1088 KiB)
[A:tls] worker host=0 client=14 entries=1024 (~1088 KiB)
[A:tls] worker host=0 client=25 entries=1024 (~1088 KiB)
[A:tls] worker host=0 client=21 entries=1024 (~1088 KiB)
[A:tls] worker host=0 client=57 entries=1024 (~1088 KiB)
[A:tls] worker host=0 client=20 entries=1024 (~1088 KiB)
[A:tls] worker host=0 client=42 entries=1024 (~1088 KiB)
[A:tls] worker host=0 client=61 entries=1024 (~1088 KiB)
[A:tls] worker host=0 client=62 entries=1024 (~1088 KiB)
[A:tls] worker host=0 client=63 entries=1024 (~1088 KiB)
[A:tls] worker host=0 client=11 entries=1024 (~1088 KiB)
[A:tls] worker host=0 client=43 entries=1024 (~1088 KiB)
[A:tls] worker host=0 client=58 entries=1024 (~1088 KiB)
[A:tls] worker host=0 client=36 entries=1024 (~1088 KiB)
[A:tls] worker host=0 client=39 entries=1024 (~1088 KiB)
[A:tls] worker host=0 client=50 entries=1024 (~1088 KiB)
[A:tls] worker host=0 client=52 entries=1024 (~1088 KiB)
[A:tls] worker host=0 client=6 entries=1024 (~1088 KiB)
[A:tls] worker host=0 client=59 entries=1024 (~1088 KiB)
[A:tls] worker host=0 client=53 entries=1024 (~1088 KiB)
[A:tls] worker host=0 client=47 entries=1024 (~1088 KiB)
[A:tls] worker host=0 client=51 entries=1024 (~1088 KiB)
[A:tls] worker host=0 client=29 entries=1024 (~1088 KiB)
[A:tls] worker host=0 client=56 entries=1024 (~1088 KiB)
[A:tls] worker host=0 client=19 entries=1024 (~1088 KiB)
[A:tls] worker host=0 client=15 entries=1024 (~1088 KiB)
[A:tls] worker host=0 client=28 entries=1024 (~1088 KiB)
[A:tls] worker host=0 client=48 entries=1024 (~1088 KiB)
[A:tls] worker host=0 client=9 entries=1024 (~1088 KiB)
[A:tls] worker host=0 client=16 entries=1024 (~1088 KiB)
[A:tls] worker host=0 client=17 entries=1024 (~1088 KiB)
[A:tls] worker host=0 client=7 entries=1024 (~1088 KiB)
[A:tls] worker host=0 client=23 entries=1024 (~1088 KiB)
[A:tls] worker host=0 client=44 entries=1024 (~1088 KiB)
[A:tls] worker host=0 client=37 entries=1024 (~1088 KiB)
[A:tls] worker host=0 client=1 entries=1024 (~1088 KiB)
[A:tls] worker host=0 client=31 entries=1024 (~1088 KiB)
[A:tls] worker host=0 client=10 entries=1024 (~1088 KiB)
[A:tls] worker host=0 client=33 entries=1024 (~1088 KiB)
# PATH host=0 label=after_LOAD tid=140306605455488 r0_tls=0 r2hit=0 r2miss_local=0 r3=0 cpool_ins_r=0 local_w=2499684 fwd_w=0 local_w_blk_fwd=0 local_w_stg_fwd=0 cpool_ins_w=2499681 cp_evict=0 cp_set_stale=0 cp_lru_evict=2368609 rh_served=0 lrs2r=0 lrs4r=0
# PATH host=0 label=after_LOAD AGG r0_tls=0 r2hit=0 r2miss_local=0 r3=0 cpool_ins_r=0 local_w=2499684 fwd_w=0 local_w_blk_fwd=0 local_w_stg_fwd=0 cpool_ins_w=2499681 cp_evict=0 cp_set_stale=0 cp_lru_evict=2368609 rh_served=0 lrs2r=0 lrs4r=0
YCSB opt=A cache=1 num_hosts=2 threads=64 threads_eff=64 rep=2 load_ops=5000000 load_thpt=166312 trans_ops=5000000 trans_wall_max=0.056188 trans_agg_thpt=88985388 w_avg_ns=0 w_p50_ns=0 w_p99_ns=0 r_avg_ns=1372 r_p50_ns=303 r_p99_ns=13388 first_op_ns_max=638578 first_op_ns_avg=71601 ops_to_first_ns_max=669118 ops_to_first_ns_avg=121831 # local_read_optA_t64_cacheon_rep2
# PATH host=0 label=after_TRANS tid=140306605455488 r0_tls=0 r2hit=13588 r2miss_local=25475 r3=0 cpool_ins_r=0 local_w=2499684 fwd_w=0 local_w_blk_fwd=0 local_w_stg_fwd=0 cpool_ins_w=2499681 cp_evict=0 cp_set_stale=0 cp_lru_evict=2373050 rh_served=0 lrs2r=7 lrs4r=19
# PATH host=0 label=after_TRANS AGG r0_tls=0 r2hit=13588 r2miss_local=25475 r3=0 cpool_ins_r=0 local_w=2499684 fwd_w=0 local_w_blk_fwd=0 local_w_stg_fwd=0 cpool_ins_w=2499681 cp_evict=0 cp_set_stale=0 cp_lru_evict=2373050 rh_served=0 lrs2r=7 lrs4r=19
# CACHE_FILL host=0 cache_buckets=32768 capacity=131072 filled=131072 stale=0 tomb=0 fill_pct=100.000
