[A:cfg] ring_sharding T=64 N=0 (disabled) -> shards=1 block=64 routing=worker_id
[A:thread] Worker pinned host=0 client=1 -> cpu=1 (pid=130823)
[A:thread] Worker pinned host=0 client=2 -> cpu=2 (pid=130824)
[A:thread] Worker pinned host=0 client=3 -> cpu=3 (pid=130825)
[A:thread] Worker pinned host=0 client=4 -> cpu=4 (pid=130826)
[A:thread] Worker pinned host=0 client=5 -> cpu=5 (pid=130827)
[A:thread] Worker pinned host=0 client=6 -> cpu=6 (pid=130828)
[A:thread] Worker pinned host=0 client=7 -> cpu=7 (pid=130829)
[A:thread] Worker pinned host=0 client=8 -> cpu=8 (pid=130830)
[A:thread] Worker pinned host=0 client=9 -> cpu=9 (pid=130831)
[A:thread] Worker pinned host=0 client=10 -> cpu=10 (pid=130832)
[A:thread] Worker pinned host=0 client=11 -> cpu=11 (pid=130833)
[A:thread] Worker pinned host=0 client=12 -> cpu=12 (pid=130834)
[A:thread] Worker pinned host=0 client=13 -> cpu=13 (pid=130835)
[A:thread] Worker pinned host=0 client=14 -> cpu=14 (pid=130836)
[A:thread] Worker pinned host=0 client=15 -> cpu=15 (pid=130837)
[A:thread] Worker pinned host=0 client=16 -> cpu=16 (pid=130838)
[A:thread] Worker pinned host=0 client=17 -> cpu=17 (pid=130839)
[A:thread] Worker pinned host=0 client=18 -> cpu=18 (pid=130840)
[A:thread] Worker pinned host=0 client=19 -> cpu=19 (pid=130841)
[A:thread] Worker pinned host=0 client=20 -> cpu=20 (pid=130842)
[A:thread] Worker pinned host=0 client=21 -> cpu=21 (pid=130843)
[A:thread] Worker pinned host=0 client=22 -> cpu=22 (pid=130844)
[A:thread] Worker pinned host=0 client=23 -> cpu=23 (pid=130845)
[A:thread] Worker pinned host=0 client=24 -> cpu=24 (pid=130846)
[A:thread] Worker pinned host=0 client=25 -> cpu=25 (pid=130847)
[A:thread] Worker pinned host=0 client=26 -> cpu=26 (pid=130848)
[A:thread] Worker pinned host=0 client=27 -> cpu=27 (pid=130849)
[A:thread] Worker pinned host=0 client=28 -> cpu=28 (pid=130850)
[A:thread] Worker pinned host=0 client=29 -> cpu=29 (pid=130851)
[A:thread] Worker pinned host=0 client=30 -> cpu=30 (pid=130852)
[A:thread] Worker pinned host=0 client=31 -> cpu=31 (pid=130853)
[A:thread] Worker pinned host=0 client=32 -> cpu=32 (pid=130854)
[A:thread] Worker pinned host=0 client=33 -> cpu=33 (pid=130855)
[A:thread] Worker pinned host=0 client=34 -> cpu=34 (pid=130856)
[A:thread] Worker pinned host=0 client=35 -> cpu=35 (pid=130857)
[A:thread] Worker pinned host=0 client=36 -> cpu=36 (pid=130858)
[A:thread] Worker pinned host=0 client=37 -> cpu=37 (pid=130859)
[A:thread] Worker pinned host=0 client=38 -> cpu=38 (pid=130860)
[A:thread] Worker pinned host=0 client=39 -> cpu=39 (pid=130861)
[A:thread] Worker pinned host=0 client=40 -> cpu=40 (pid=130862)
[A:thread] Worker pinned host=0 client=41 -> cpu=41 (pid=130863)
[A:thread] Worker pinned host=0 client=42 -> cpu=42 (pid=130864)
[A:thread] Worker pinned host=0 client=43 -> cpu=43 (pid=130865)
[A:thread] Worker pinned host=0 client=44 -> cpu=44 (pid=130866)
[A:thread] Worker pinned host=0 client=45 -> cpu=45 (pid=130867)
[A:thread] Worker pinned host=0 client=46 -> cpu=46 (pid=130868)
[A:thread] Worker pinned host=0 client=47 -> cpu=47 (pid=130869)
[A:thread] Worker pinned host=0 client=48 -> cpu=48 (pid=130870)
[A:thread] Worker pinned host=0 client=49 -> cpu=49 (pid=130871)
[A:thread] Worker pinned host=0 client=50 -> cpu=50 (pid=130872)
[A:thread] Worker pinned host=0 client=51 -> cpu=51 (pid=130873)
[A:thread] Worker pinned host=0 client=52 -> cpu=52 (pid=130874)
[A:thread] Worker pinned host=0 client=53 -> cpu=53 (pid=130875)
[A:thread] Worker pinned host=0 client=54 -> cpu=54 (pid=130876)
[A:thread] Worker pinned host=0 client=55 -> cpu=55 (pid=130877)
[A:thread] Worker pinned host=0 client=56 -> cpu=56 (pid=130878)
[A:thread] Worker pinned host=0 client=57 -> cpu=57 (pid=130879)
[A:thread] Worker pinned host=0 client=58 -> cpu=58 (pid=130880)
[A:thread] Worker pinned host=0 client=59 -> cpu=59 (pid=130881)
[A:thread] Worker pinned host=0 client=61 -> cpu=61 (pid=130883)
[A:thread] Worker pinned host=0 client=60 -> cpu=60 (pid=130882)
[A:thread] Worker pinned host=0 client=62 -> cpu=62 (pid=130884)
[A:thread] Worker pinned host=0 client=0 -> cpu=0 (pid=130762)
[A:thread] Worker pinned host=0 client=63 -> cpu=63 (pid=130885)
[A:thread] WriteRecv0 pid=130762 tid=140574365349568 cpu=64 host=0 rings=[0]
[A:thread] ReadRecv0 pid=130762 tid=140574356956864 cpu=65 host=0 rings=[0]
[A:thread] InvalRecv0 pid=130762 tid=140574348564160 cpu=66 host=0 rings=[0]
[A:thread] ReservHandler pid=130762 tid=140574340171456 pinned cpu=85 (host_id=0)
[A:tls] worker host=0 client=59 entries=1024 (~1088 KiB)
[A:tls] worker host=0 client=21 entries=1024 (~1088 KiB)
[A:tls] worker host=0 client=61 entries=1024 (~1088 KiB)
[A:tls] worker host=0 client=44 entries=1024 (~1088 KiB)
[A:tls] worker host=0 client=29 entries=1024 (~1088 KiB)
[A:tls] worker host=0 client=58 entries=1024 (~1088 KiB)
[A:tls] worker host=0 client=36 entries=1024 (~1088 KiB)
[A:tls] worker host=0 client=31 entries=1024 (~1088 KiB)
[A:tls] worker host=0 client=51 entries=1024 (~1088 KiB)
[A:tls] worker host=0 client=22 entries=1024 (~1088 KiB)
[A:tls] worker host=0 client=13 entries=1024 (~1088 KiB)
[A:tls] worker host=0 client=18 entries=1024 (~1088 KiB)
[A:tls] worker host=0 client=45 entries=1024 (~1088 KiB)
[A:tls] worker host=0 client=32 entries=1024 (~1088 KiB)
[A:tls] worker host=0 client=23 entries=1024 (~1088 KiB)
[A:tls] worker host=0 client=63 entries=1024 (~1088 KiB)
[A:tls] worker host=0 client=3 entries=1024 (~1088 KiB)
[A:tls] worker host=0 client=16 entries=1024 (~1088 KiB)
[A:tls] worker host=0 client=50 entries=1024 (~1088 KiB)
[A:tls] worker host=0 client=49 entries=1024 (~1088 KiB)
[A:tls] worker host=0 client=46 entries=1024 (~1088 KiB)
[A:tls] worker host=0 client=54 entries=1024 (~1088 KiB)
[A:tls] worker host=0 client=15 entries=1024 (~1088 KiB)
[A:tls] worker host=0 client=47 entries=1024 (~1088 KiB)
[A:tls] worker host=0 client=0 entries=1024 (~1088 KiB)
[A:tls] worker host=0 client=55 entries=1024 (~1088 KiB)
[A:tls] worker host=0 client=5 entries=1024 (~1088 KiB)
[A:tls] worker host=0 client=26 entries=1024 (~1088 KiB)
[A:tls] worker host=0 client=40 entries=1024 (~1088 KiB)
[A:tls] worker host=0 client=35 entries=1024 (~1088 KiB)
[A:tls] worker host=0 client=34 entries=1024 (~1088 KiB)
[A:tls] worker host=0 client=57 entries=1024 (~1088 KiB)
[A:tls] worker host=0 client=2 entries=1024 (~1088 KiB)
[A:tls] worker host=0 client=48 entries=1024 (~1088 KiB)
[A:tls] worker host=0 client=52 entries=1024 (~1088 KiB)
[A:tls] worker host=0 client=25 entries=1024 (~1088 KiB)
[A:tls] worker host=0 client=7 entries=1024 (~1088 KiB)
[A:tls] worker host=0 client=24 entries=1024 (~1088 KiB)
[A:tls] worker host=0 client=9 entries=1024 (~1088 KiB)
[A:tls] worker host=0 client=8 entries=1024 (~1088 KiB)
[A:tls] worker host=0 client=6 entries=1024 (~1088 KiB)
[A:tls] worker host=0 client=41 entries=1024 (~1088 KiB)
[A:tls] worker host=0 client=11 entries=1024 (~1088 KiB)
[A:tls] worker host=0 client=12 entries=1024 (~1088 KiB)
[A:tls] worker host=0 client=43 entries=1024 (~1088 KiB)
[A:tls] worker host=0 client=60 entries=1024 (~1088 KiB)
[A:tls] worker host=0 client=62 entries=1024 (~1088 KiB)
[A:tls] worker host=0 client=39 entries=1024 (~1088 KiB)
[A:tls] worker host=0 client=14 entries=1024 (~1088 KiB)
[A:tls] worker host=0 client=56 entries=1024 (~1088 KiB)
[A:tls] worker host=0 client=33 entries=1024 (~1088 KiB)
[A:tls] worker host=0 client=53 entries=1024 (~1088 KiB)
[A:tls] worker host=0 client=30 entries=1024 (~1088 KiB)
[A:tls] worker host=0 client=19 entries=1024 (~1088 KiB)
[A:tls] worker host=0 client=17 entries=1024 (~1088 KiB)
[A:tls] worker host=0 client=4 entries=1024 (~1088 KiB)
[A:tls] worker host=0 client=37 entries=1024 (~1088 KiB)
[A:tls] worker host=0 client=28 entries=1024 (~1088 KiB)
[A:tls] worker host=0 client=20 entries=1024 (~1088 KiB)
[A:tls] worker host=0 client=42 entries=1024 (~1088 KiB)
[A:tls] worker host=0 client=10 entries=1024 (~1088 KiB)
[A:tls] worker host=0 client=27 entries=1024 (~1088 KiB)
[A:tls] worker host=0 client=1 entries=1024 (~1088 KiB)
[A:tls] worker host=0 client=38 entries=1024 (~1088 KiB)
# PATH host=0 label=after_LOAD tid=140574365563008 r0_tls=0 r2hit=0 r2miss_local=0 r3=0 cpool_ins_r=0 local_w=2499684 fwd_w=0 local_w_blk_fwd=0 local_w_stg_fwd=0 cpool_ins_w=2499682 cp_evict=0 cp_set_stale=0 cp_lru_evict=666728 rh_served=0 lrs2r=0 lrs4r=0
# PATH host=0 label=after_LOAD AGG r0_tls=0 r2hit=0 r2miss_local=0 r3=0 cpool_ins_r=0 local_w=2499684 fwd_w=0 local_w_blk_fwd=0 local_w_stg_fwd=0 cpool_ins_w=2499682 cp_evict=0 cp_set_stale=0 cp_lru_evict=666728 rh_served=0 lrs2r=0 lrs4r=0
YCSB opt=A cache=1 num_hosts=2 threads=64 threads_eff=64 rep=3 load_ops=5000000 load_thpt=161943 trans_ops=5000000 trans_wall_max=0.128989 trans_agg_thpt=38762995 w_avg_ns=0 w_p50_ns=0 w_p99_ns=0 r_avg_ns=3042 r_p50_ns=341 r_p99_ns=15544 first_op_ns_max=905303 first_op_ns_avg=56178 ops_to_first_ns_max=957769 ops_to_first_ns_avg=125911 # local_read_optA_t64_cacheon_rep3
# PATH host=0 label=after_TRANS tid=140574365563008 r0_tls=0 r2hit=16884 r2miss_local=22179 r3=0 cpool_ins_r=0 local_w=2499684 fwd_w=0 local_w_blk_fwd=0 local_w_stg_fwd=0 cpool_ins_w=2499682 cp_evict=0 cp_set_stale=0 cp_lru_evict=667897 rh_served=0 lrs2r=0 lrs4r=0
# PATH host=0 label=after_TRANS AGG r0_tls=0 r2hit=16884 r2miss_local=22179 r3=0 cpool_ins_r=0 local_w=2499684 fwd_w=0 local_w_blk_fwd=0 local_w_stg_fwd=0 cpool_ins_w=2499682 cp_evict=0 cp_set_stale=0 cp_lru_evict=667897 rh_served=0 lrs2r=0 lrs4r=0
# CACHE_FILL host=0 cache_buckets=524288 capacity=2097152 filled=1832954 stale=0 tomb=0 fill_pct=87.402
