[A:cfg] ring_sharding T=64 N=0 (disabled) -> shards=1 block=64 routing=worker_id
[A:thread] Worker pinned host=0 client=1 -> cpu=1 (pid=128864)
[A:thread] Worker pinned host=0 client=2 -> cpu=2 (pid=128865)
[A:thread] Worker pinned host=0 client=3 -> cpu=3 (pid=128866)
[A:thread] Worker pinned host=0 client=4 -> cpu=4 (pid=128867)
[A:thread] Worker pinned host=0 client=5 -> cpu=5 (pid=128868)
[A:thread] Worker pinned host=0 client=6 -> cpu=6 (pid=128869)
[A:thread] Worker pinned host=0 client=7 -> cpu=7 (pid=128870)
[A:thread] Worker pinned host=0 client=8 -> cpu=8 (pid=128871)
[A:thread] Worker pinned host=0 client=9 -> cpu=9 (pid=128872)
[A:thread] Worker pinned host=0 client=10 -> cpu=10 (pid=128873)
[A:thread] Worker pinned host=0 client=11 -> cpu=11 (pid=128874)
[A:thread] Worker pinned host=0 client=12 -> cpu=12 (pid=128875)
[A:thread] Worker pinned host=0 client=13 -> cpu=13 (pid=128876)
[A:thread] Worker pinned host=0 client=14 -> cpu=14 (pid=128877)
[A:thread] Worker pinned host=0 client=15 -> cpu=15 (pid=128878)
[A:thread] Worker pinned host=0 client=16 -> cpu=16 (pid=128879)
[A:thread] Worker pinned host=0 client=17 -> cpu=17 (pid=128880)
[A:thread] Worker pinned host=0 client=18 -> cpu=18 (pid=128881)
[A:thread] Worker pinned host=0 client=19 -> cpu=19 (pid=128882)
[A:thread] Worker pinned host=0 client=20 -> cpu=20 (pid=128883)
[A:thread] Worker pinned host=0 client=21 -> cpu=21 (pid=128884)
[A:thread] Worker pinned host=0 client=22 -> cpu=22 (pid=128885)
[A:thread] Worker pinned host=0 client=23 -> cpu=23 (pid=128886)
[A:thread] Worker pinned host=0 client=24 -> cpu=24 (pid=128887)
[A:thread] Worker pinned host=0 client=25 -> cpu=25 (pid=128888)
[A:thread] Worker pinned host=0 client=26 -> cpu=26 (pid=128889)
[A:thread] Worker pinned host=0 client=27 -> cpu=27 (pid=128890)
[A:thread] Worker pinned host=0 client=28 -> cpu=28 (pid=128891)
[A:thread] Worker pinned host=0 client=29 -> cpu=29 (pid=128892)
[A:thread] Worker pinned host=0 client=30 -> cpu=30 (pid=128893)
[A:thread] Worker pinned host=0 client=31 -> cpu=31 (pid=128894)
[A:thread] Worker pinned host=0 client=32 -> cpu=32 (pid=128895)
[A:thread] Worker pinned host=0 client=33 -> cpu=33 (pid=128896)
[A:thread] Worker pinned host=0 client=34 -> cpu=34 (pid=128897)
[A:thread] Worker pinned host=0 client=35 -> cpu=35 (pid=128898)
[A:thread] Worker pinned host=0 client=36 -> cpu=36 (pid=128899)
[A:thread] Worker pinned host=0 client=37 -> cpu=37 (pid=128900)
[A:thread] Worker pinned host=0 client=38 -> cpu=38 (pid=128901)
[A:thread] Worker pinned host=0 client=39 -> cpu=39 (pid=128902)
[A:thread] Worker pinned host=0 client=40 -> cpu=40 (pid=128903)
[A:thread] Worker pinned host=0 client=41 -> cpu=41 (pid=128904)
[A:thread] Worker pinned host=0 client=42 -> cpu=42 (pid=128905)
[A:thread] Worker pinned host=0 client=43 -> cpu=43 (pid=128906)
[A:thread] Worker pinned host=0 client=44 -> cpu=44 (pid=128907)
[A:thread] Worker pinned host=0 client=45 -> cpu=45 (pid=128908)
[A:thread] Worker pinned host=0 client=46 -> cpu=46 (pid=128909)
[A:thread] Worker pinned host=0 client=47 -> cpu=47 (pid=128910)
[A:thread] Worker pinned host=0 client=48 -> cpu=48 (pid=128911)
[A:thread] Worker pinned host=0 client=49 -> cpu=49 (pid=128912)
[A:thread] Worker pinned host=0 client=50 -> cpu=50 (pid=128913)
[A:thread] Worker pinned host=0 client=51 -> cpu=51 (pid=128914)
[A:thread] Worker pinned host=0 client=52 -> cpu=52 (pid=128915)
[A:thread] Worker pinned host=0 client=53 -> cpu=53 (pid=128916)
[A:thread] Worker pinned host=0 client=54 -> cpu=54 (pid=128917)
[A:thread] Worker pinned host=0 client=55 -> cpu=55 (pid=128918)
[A:thread] Worker pinned host=0 client=56 -> cpu=56 (pid=128919)
[A:thread] Worker pinned host=0 client=57 -> cpu=57 (pid=128920)
[A:thread] Worker pinned host=0 client=58 -> cpu=58 (pid=128921)
[A:thread] Worker pinned host=0 client=59 -> cpu=59 (pid=128922)
[A:thread] Worker pinned host=0 client=60 -> cpu=60 (pid=128923)
[A:thread] Worker pinned host=0 client=61 -> cpu=61 (pid=128924)
[A:thread] Worker pinned host=0 client=62 -> cpu=62 (pid=128925)
[A:thread] Worker pinned host=0 client=0 -> cpu=0 (pid=128863)
[A:thread] Worker pinned host=0 client=63 -> cpu=63 (pid=128926)
[A:thread] WriteRecv0 pid=128863 tid=139858165139136 cpu=64 host=0 rings=[0]
[A:thread] ReadRecv0 pid=128863 tid=139858156746432 cpu=65 host=0 rings=[0]
[A:thread] InvalRecv0 pid=128863 tid=139858148353728 cpu=66 host=0 rings=[0]
[A:thread] ReservHandler pid=128863 tid=139858139961024 pinned cpu=85 (host_id=0)
[A:tls] worker host=0 client=53 entries=1024 (~1088 KiB)
[A:tls] worker host=0 client=51 entries=1024 (~1088 KiB)
[A:tls] worker host=0 client=2 entries=1024 (~1088 KiB)
[A:tls] worker host=0 client=55 entries=1024 (~1088 KiB)
[A:tls] worker host=0 client=25 entries=1024 (~1088 KiB)
[A:tls] worker host=0 client=12 entries=1024 (~1088 KiB)
[A:tls] worker host=0 client=48 entries=1024 (~1088 KiB)
[A:tls] worker host=0 client=24 entries=1024 (~1088 KiB)
[A:tls] worker host=0 client=0 entries=1024 (~1088 KiB)
[A:tls] worker host=0 client=23 entries=1024 (~1088 KiB)
[A:tls] worker host=0 client=62 entries=1024 (~1088 KiB)
[A:tls] worker host=0 client=13 entries=1024 (~1088 KiB)
[A:tls] worker host=0 client=59 entries=1024 (~1088 KiB)
[A:tls] worker host=0 client=18 entries=1024 (~1088 KiB)
[A:tls] worker host=0 client=26 entries=1024 (~1088 KiB)
[A:tls] worker host=0 client=44 entries=1024 (~1088 KiB)
[A:tls] worker host=0 client=17 entries=1024 (~1088 KiB)
[A:tls] worker host=0 client=22 entries=1024 (~1088 KiB)
[A:tls] worker host=0 client=58 entries=1024 (~1088 KiB)
[A:tls] worker host=0 client=45 entries=1024 (~1088 KiB)
[A:tls] worker host=0 client=28 entries=1024 (~1088 KiB)
[A:tls] worker host=0 client=47 entries=1024 (~1088 KiB)
[A:tls] worker host=0 client=30 entries=1024 (~1088 KiB)
[A:tls] worker host=0 client=8 entries=1024 (~1088 KiB)
[A:tls] worker host=0 client=6 entries=1024 (~1088 KiB)
[A:tls] worker host=0 client=9 entries=1024 (~1088 KiB)
[A:tls] worker host=0 client=40 entries=1024 (~1088 KiB)
[A:tls] worker host=0 client=37 entries=1024 (~1088 KiB)
[A:tls] worker host=0 client=38 entries=1024 (~1088 KiB)
[A:tls] worker host=0 client=32 entries=1024 (~1088 KiB)
[A:tls] worker host=0 client=42 entries=1024 (~1088 KiB)
[A:tls] worker host=0 client=46 entries=1024 (~1088 KiB)
[A:tls] worker host=0 client=60 entries=1024 (~1088 KiB)
[A:tls] worker host=0 client=20 entries=1024 (~1088 KiB)
[A:tls] worker host=0 client=21 entries=1024 (~1088 KiB)
[A:tls] worker host=0 client=57 entries=1024 (~1088 KiB)
[A:tls] worker host=0 client=52 entries=1024 (~1088 KiB)
[A:tls] worker host=0 client=10 entries=1024 (~1088 KiB)
[A:tls] worker host=0 client=50 entries=1024 (~1088 KiB)
[A:tls] worker host=0 client=56 entries=1024 (~1088 KiB)
[A:tls] worker host=0 client=61 entries=1024 (~1088 KiB)
[A:tls] worker host=0 client=54 entries=1024 (~1088 KiB)
[A:tls] worker host=0 client=35 entries=1024 (~1088 KiB)
[A:tls] worker host=0 client=4 entries=1024 (~1088 KiB)
[A:tls] worker host=0 client=7 entries=1024 (~1088 KiB)
[A:tls] worker host=0 client=34 entries=1024 (~1088 KiB)
[A:tls] worker host=0 client=63 entries=1024 (~1088 KiB)
[A:tls] worker host=0 client=27 entries=1024 (~1088 KiB)
[A:tls] worker host=0 client=15 entries=1024 (~1088 KiB)
[A:tls] worker host=0 client=19 entries=1024 (~1088 KiB)
[A:tls] worker host=0 client=36 entries=1024 (~1088 KiB)
[A:tls] worker host=0 client=31 entries=1024 (~1088 KiB)
[A:tls] worker host=0 client=16 entries=1024 (~1088 KiB)
[A:tls] worker host=0 client=29 entries=1024 (~1088 KiB)
[A:tls] worker host=0 client=5 entries=1024 (~1088 KiB)
[A:tls] worker host=0 client=43 entries=1024 (~1088 KiB)
[A:tls] worker host=0 client=39 entries=1024 (~1088 KiB)
[A:tls] worker host=0 client=11 entries=1024 (~1088 KiB)
[A:tls] worker host=0 client=14 entries=1024 (~1088 KiB)
[A:tls] worker host=0 client=33 entries=1024 (~1088 KiB)
[A:tls] worker host=0 client=41 entries=1024 (~1088 KiB)
[A:tls] worker host=0 client=3 entries=1024 (~1088 KiB)
[A:tls] worker host=0 client=1 entries=1024 (~1088 KiB)
[A:tls] worker host=0 client=49 entries=1024 (~1088 KiB)
# PATH host=0 label=after_LOAD tid=139858165352576 r0_tls=0 r2hit=0 r2miss_local=0 r3=0 cpool_ins_r=0 local_w=2499684 fwd_w=0 local_w_blk_fwd=0 local_w_stg_fwd=0 cpool_ins_w=2499676 cp_evict=0 cp_set_stale=0 cp_lru_evict=2237532 rh_served=0 lrs2r=0 lrs4r=0
# PATH host=0 label=after_LOAD AGG r0_tls=0 r2hit=0 r2miss_local=0 r3=0 cpool_ins_r=0 local_w=2499684 fwd_w=0 local_w_blk_fwd=0 local_w_stg_fwd=0 cpool_ins_w=2499676 cp_evict=0 cp_set_stale=0 cp_lru_evict=2237532 rh_served=0 lrs2r=0 lrs4r=0
YCSB opt=A cache=1 num_hosts=2 threads=64 threads_eff=64 rep=2 load_ops=5000000 load_thpt=167933 trans_ops=5000000 trans_wall_max=0.070161 trans_agg_thpt=71263646 w_avg_ns=0 w_p50_ns=0 w_p99_ns=0 r_avg_ns=1688 r_p50_ns=299 r_p99_ns=14753 first_op_ns_max=842042 first_op_ns_avg=74159 ops_to_first_ns_max=944617 ops_to_first_ns_avg=145082 # local_read_optA_t64_cacheon_rep2
# PATH host=0 label=after_TRANS tid=139858165352576 r0_tls=0 r2hit=14256 r2miss_local=24807 r3=0 cpool_ins_r=0 local_w=2499684 fwd_w=0 local_w_blk_fwd=0 local_w_stg_fwd=0 cpool_ins_w=2499676 cp_evict=0 cp_set_stale=0 cp_lru_evict=2241325 rh_served=0 lrs2r=0 lrs4r=0
# PATH host=0 label=after_TRANS AGG r0_tls=0 r2hit=14256 r2miss_local=24807 r3=0 cpool_ins_r=0 local_w=2499684 fwd_w=0 local_w_blk_fwd=0 local_w_stg_fwd=0 cpool_ins_w=2499676 cp_evict=0 cp_set_stale=0 cp_lru_evict=2241325 rh_served=0 lrs2r=0 lrs4r=0
# CACHE_FILL host=0 cache_buckets=65536 capacity=262144 filled=262144 stale=0 tomb=0 fill_pct=100.000
