[A:cfg] ring_sharding T=64 N=0 (disabled) -> shards=1 block=64 routing=worker_id
[A:thread] Worker pinned host=0 client=1 -> cpu=1 (pid=124235)
[A:thread] Worker pinned host=0 client=2 -> cpu=2 (pid=124236)
[A:thread] Worker pinned host=0 client=3 -> cpu=3 (pid=124237)
[A:thread] Worker pinned host=0 client=5 -> cpu=5 (pid=124239)
[A:thread] Worker pinned host=0 client=6 -> cpu=6 (pid=124240)
[A:thread] Worker pinned host=0 client=4 -> cpu=4 (pid=124238)
[A:thread] Worker pinned host=0 client=7 -> cpu=7 (pid=124241)
[A:thread] Worker pinned host=0 client=8 -> cpu=8 (pid=124243)
[A:thread] Worker pinned host=0 client=9 -> cpu=9 (pid=124244)
[A:thread] Worker pinned host=0 client=10 -> cpu=10 (pid=124245)
[A:thread] Worker pinned host=0 client=11 -> cpu=11 (pid=124247)
[A:thread] Worker pinned host=0 client=12 -> cpu=12 (pid=124249)
[A:thread] Worker pinned host=0 client=13 -> cpu=13 (pid=124250)
[A:thread] Worker pinned host=0 client=14 -> cpu=14 (pid=124251)
[A:thread] Worker pinned host=0 client=15 -> cpu=15 (pid=124252)
[A:thread] Worker pinned host=0 client=16 -> cpu=16 (pid=124253)
[A:thread] Worker pinned host=0 client=17 -> cpu=17 (pid=124255)
[A:thread] Worker pinned host=0 client=18 -> cpu=18 (pid=124256)
[A:thread] Worker pinned host=0 client=19 -> cpu=19 (pid=124257)
[A:thread] Worker pinned host=0 client=20 -> cpu=20 (pid=124258)
[A:thread] Worker pinned host=0 client=21 -> cpu=21 (pid=124259)
[A:thread] Worker pinned host=0 client=22 -> cpu=22 (pid=124260)
[A:thread] Worker pinned host=0 client=23 -> cpu=23 (pid=124261)
[A:thread] Worker pinned host=0 client=24 -> cpu=24 (pid=124262)
[A:thread] Worker pinned host=0 client=25 -> cpu=25 (pid=124263)
[A:thread] Worker pinned host=0 client=26 -> cpu=26 (pid=124264)
[A:thread] Worker pinned host=0 client=27 -> cpu=27 (pid=124266)
[A:thread] Worker pinned host=0 client=28 -> cpu=28 (pid=124267)
[A:thread] Worker pinned host=0 client=29 -> cpu=29 (pid=124268)
[A:thread] Worker pinned host=0 client=30 -> cpu=30 (pid=124270)
[A:thread] Worker pinned host=0 client=31 -> cpu=31 (pid=124271)
[A:thread] Worker pinned host=0 client=32 -> cpu=32 (pid=124272)
[A:thread] Worker pinned host=0 client=33 -> cpu=33 (pid=124273)
[A:thread] Worker pinned host=0 client=34 -> cpu=34 (pid=124274)
[A:thread] Worker pinned host=0 client=35 -> cpu=35 (pid=124275)
[A:thread] Worker pinned host=0 client=36 -> cpu=36 (pid=124276)
[A:thread] Worker pinned host=0 client=37 -> cpu=37 (pid=124277)
[A:thread] Worker pinned host=0 client=38 -> cpu=38 (pid=124278)
[A:thread] Worker pinned host=0 client=39 -> cpu=39 (pid=124279)
[A:thread] Worker pinned host=0 client=40 -> cpu=40 (pid=124280)
[A:thread] Worker pinned host=0 client=41 -> cpu=41 (pid=124281)
[A:thread] Worker pinned host=0 client=42 -> cpu=42 (pid=124282)
[A:thread] Worker pinned host=0 client=43 -> cpu=43 (pid=124283)
[A:thread] Worker pinned host=0 client=44 -> cpu=44 (pid=124284)
[A:thread] Worker pinned host=0 client=45 -> cpu=45 (pid=124285)
[A:thread] Worker pinned host=0 client=46 -> cpu=46 (pid=124286)
[A:thread] Worker pinned host=0 client=47 -> cpu=47 (pid=124287)
[A:thread] Worker pinned host=0 client=48 -> cpu=48 (pid=124288)
[A:thread] Worker pinned host=0 client=49 -> cpu=49 (pid=124289)
[A:thread] Worker pinned host=0 client=50 -> cpu=50 (pid=124290)
[A:thread] Worker pinned host=0 client=51 -> cpu=51 (pid=124291)
[A:thread] Worker pinned host=0 client=52 -> cpu=52 (pid=124292)
[A:thread] Worker pinned host=0 client=53 -> cpu=53 (pid=124293)
[A:thread] Worker pinned host=0 client=54 -> cpu=54 (pid=124294)
[A:thread] Worker pinned host=0 client=55 -> cpu=55 (pid=124295)
[A:thread] Worker pinned host=0 client=56 -> cpu=56 (pid=124296)
[A:thread] Worker pinned host=0 client=57 -> cpu=57 (pid=124297)
[A:thread] Worker pinned host=0 client=58 -> cpu=58 (pid=124298)
[A:thread] Worker pinned host=0 client=59 -> cpu=59 (pid=124299)
[A:thread] Worker pinned host=0 client=60 -> cpu=60 (pid=124300)
[A:thread] Worker pinned host=0 client=61 -> cpu=61 (pid=124301)
[A:thread] Worker pinned host=0 client=62 -> cpu=62 (pid=124302)
[A:thread] Worker pinned host=0 client=63 -> cpu=63 (pid=124303)
[A:thread] Worker pinned host=0 client=0 -> cpu=0 (pid=124208)
[A:thread] WriteRecv0 pid=124208 tid=139888165172928 cpu=64 host=0 rings=[0]
[A:thread] ReadRecv0 pid=124208 tid=139888156780224 cpu=65 host=0 rings=[0]
[A:thread] InvalRecv0 pid=124208 tid=139888148387520 cpu=66 host=0 rings=[0]
[A:thread] ReservHandler pid=124208 tid=139888139994816 pinned cpu=85 (host_id=0)
[A:tls] worker host=0 client=4 entries=1024 (~1088 KiB)
[A:tls] worker host=0 client=3 entries=1024 (~1088 KiB)
[A:tls] worker host=0 client=1 entries=1024 (~1088 KiB)
[A:tls] worker host=0 client=5 entries=1024 (~1088 KiB)
[A:tls] worker host=0 client=0 entries=1024 (~1088 KiB)
[A:tls] worker host=0 client=2 entries=1024 (~1088 KiB)
[A:tls] worker host=0 client=28 entries=1024 (~1088 KiB)
[A:tls] worker host=0 client=45 entries=1024 (~1088 KiB)
[A:tls] worker host=0 client=12 entries=1024 (~1088 KiB)
[A:tls] worker host=0 client=15 entries=1024 (~1088 KiB)
[A:tls] worker host=0 client=47 entries=1024 (~1088 KiB)
[A:tls] worker host=0 client=34 entries=1024 (~1088 KiB)
[A:tls] worker host=0 client=10 entries=1024 (~1088 KiB)
[A:tls] worker host=0 client=8 entries=1024 (~1088 KiB)
[A:tls] worker host=0 client=51 entries=1024 (~1088 KiB)
[A:tls] worker host=0 client=38 entries=1024 (~1088 KiB)
[A:tls] worker host=0 client=30 entries=1024 (~1088 KiB)
[A:tls] worker host=0 client=29 entries=1024 (~1088 KiB)
[A:tls] worker host=0 client=48 entries=1024 (~1088 KiB)
[A:tls] worker host=0 client=41 entries=1024 (~1088 KiB)
[A:tls] worker host=0 client=17 entries=1024 (~1088 KiB)
[A:tls] worker host=0 client=21 entries=1024 (~1088 KiB)
[A:tls] worker host=0 client=13 entries=1024 (~1088 KiB)
[A:tls] worker host=0 client=20 entries=1024 (~1088 KiB)
[A:tls] worker host=0 client=55 entries=1024 (~1088 KiB)
[A:tls] worker host=0 client=54 entries=1024 (~1088 KiB)
[A:tls] worker host=0 client=52 entries=1024 (~1088 KiB)
[A:tls] worker host=0 client=6 entries=1024 (~1088 KiB)
[A:tls] worker host=0 client=60 entries=1024 (~1088 KiB)
[A:tls] worker host=0 client=18 entries=1024 (~1088 KiB)
[A:tls] worker host=0 client=50 entries=1024 (~1088 KiB)
[A:tls] worker host=0 client=46 entries=1024 (~1088 KiB)
[A:tls] worker host=0 client=49 entries=1024 (~1088 KiB)
[A:tls] worker host=0 client=11 entries=1024 (~1088 KiB)
[A:tls] worker host=0 client=57 entries=1024 (~1088 KiB)
[A:tls] worker host=0 client=36 entries=1024 (~1088 KiB)
[A:tls] worker host=0 client=58 entries=1024 (~1088 KiB)
[A:tls] worker host=0 client=56 entries=1024 (~1088 KiB)
[A:tls] worker host=0 client=42 entries=1024 (~1088 KiB)
[A:tls] worker host=0 client=27 entries=1024 (~1088 KiB)
[A:tls] worker host=0 client=32 entries=1024 (~1088 KiB)
[A:tls] worker host=0 client=35 entries=1024 (~1088 KiB)
[A:tls] worker host=0 client=43 entries=1024 (~1088 KiB)
[A:tls] worker host=0 client=61 entries=1024 (~1088 KiB)
[A:tls] worker host=0 client=53 entries=1024 (~1088 KiB)
[A:tls] worker host=0 client=62 entries=1024 (~1088 KiB)
[A:tls] worker host=0 client=37 entries=1024 (~1088 KiB)
[A:tls] worker host=0 client=59 entries=1024 (~1088 KiB)
[A:tls] worker host=0 client=63 entries=1024 (~1088 KiB)
[A:tls] worker host=0 client=44 entries=1024 (~1088 KiB)
[A:tls] worker host=0 client=19 entries=1024 (~1088 KiB)
[A:tls] worker host=0 client=33 entries=1024 (~1088 KiB)
[A:tls] worker host=0 client=25 entries=1024 (~1088 KiB)
[A:tls] worker host=0 client=14 entries=1024 (~1088 KiB)
[A:tls] worker host=0 client=24 entries=1024 (~1088 KiB)
[A:tls] worker host=0 client=7 entries=1024 (~1088 KiB)
[A:tls] worker host=0 client=40 entries=1024 (~1088 KiB)
[A:tls] worker host=0 client=26 entries=1024 (~1088 KiB)
[A:tls] worker host=0 client=31 entries=1024 (~1088 KiB)
[A:tls] worker host=0 client=16 entries=1024 (~1088 KiB)
[A:tls] worker host=0 client=39 entries=1024 (~1088 KiB)
[A:tls] worker host=0 client=22 entries=1024 (~1088 KiB)
[A:tls] worker host=0 client=23 entries=1024 (~1088 KiB)
[A:tls] worker host=0 client=9 entries=1024 (~1088 KiB)
# PATH host=0 label=after_LOAD tid=139888165386368 r0_tls=0 r2hit=0 r2miss_local=0 r3=0 cpool_ins_r=0 local_w=2499684 fwd_w=0 local_w_blk_fwd=0 local_w_stg_fwd=0 cpool_ins_w=2499681 cp_evict=0 cp_set_stale=0 cp_lru_evict=2368609 rh_served=0 lrs2r=0 lrs4r=0
# PATH host=0 label=after_LOAD AGG r0_tls=0 r2hit=0 r2miss_local=0 r3=0 cpool_ins_r=0 local_w=2499684 fwd_w=0 local_w_blk_fwd=0 local_w_stg_fwd=0 cpool_ins_w=2499681 cp_evict=0 cp_set_stale=0 cp_lru_evict=2368609 rh_served=0 lrs2r=0 lrs4r=0
YCSB opt=A cache=1 num_hosts=2 threads=64 threads_eff=64 rep=2 load_ops=5000000 load_thpt=168243 trans_ops=5000000 trans_wall_max=0.081203 trans_agg_thpt=61573321 w_avg_ns=0 w_p50_ns=0 w_p99_ns=0 r_avg_ns=1455 r_p50_ns=298 r_p99_ns=13326 first_op_ns_max=871719 first_op_ns_avg=136520 ops_to_first_ns_max=872180 ops_to_first_ns_avg=201539 # local_read_optA_t64_cacheon_rep2
# PATH host=0 label=after_TRANS tid=139888165386368 r0_tls=0 r2hit=13842 r2miss_local=25221 r3=0 cpool_ins_r=0 local_w=2499684 fwd_w=0 local_w_blk_fwd=0 local_w_stg_fwd=0 cpool_ins_w=2499681 cp_evict=0 cp_set_stale=0 cp_lru_evict=2372820 rh_served=0 lrs2r=5 lrs4r=12
# PATH host=0 label=after_TRANS AGG r0_tls=0 r2hit=13842 r2miss_local=25221 r3=0 cpool_ins_r=0 local_w=2499684 fwd_w=0 local_w_blk_fwd=0 local_w_stg_fwd=0 cpool_ins_w=2499681 cp_evict=0 cp_set_stale=0 cp_lru_evict=2372820 rh_served=0 lrs2r=5 lrs4r=12
# CACHE_FILL host=0 cache_buckets=32768 capacity=131072 filled=131072 stale=0 tomb=0 fill_pct=100.000
