[A:cfg] ring_sharding T=64 N=0 (disabled) -> shards=1 block=64 routing=worker_id
[A:thread] Worker pinned host=0 client=1 -> cpu=1 (pid=126305)
[A:thread] Worker pinned host=0 client=2 -> cpu=2 (pid=126306)
[A:thread] Worker pinned host=0 client=3 -> cpu=3 (pid=126307)
[A:thread] Worker pinned host=0 client=4 -> cpu=4 (pid=126308)
[A:thread] Worker pinned host=0 client=5 -> cpu=5 (pid=126309)
[A:thread] Worker pinned host=0 client=6 -> cpu=6 (pid=126310)
[A:thread] Worker pinned host=0 client=7 -> cpu=7 (pid=126311)
[A:thread] Worker pinned host=0 client=8 -> cpu=8 (pid=126312)
[A:thread] Worker pinned host=0 client=9 -> cpu=9 (pid=126313)
[A:thread] Worker pinned host=0 client=10 -> cpu=10 (pid=126314)
[A:thread] Worker pinned host=0 client=11 -> cpu=11 (pid=126315)
[A:thread] Worker pinned host=0 client=12 -> cpu=12 (pid=126316)
[A:thread] Worker pinned host=0 client=13 -> cpu=13 (pid=126317)
[A:thread] Worker pinned host=0 client=14 -> cpu=14 (pid=126318)
[A:thread] Worker pinned host=0 client=15 -> cpu=15 (pid=126319)
[A:thread] Worker pinned host=0 client=16 -> cpu=16 (pid=126320)
[A:thread] Worker pinned host=0 client=17 -> cpu=17 (pid=126321)
[A:thread] Worker pinned host=0 client=18 -> cpu=18 (pid=126322)
[A:thread] Worker pinned host=0 client=19 -> cpu=19 (pid=126323)
[A:thread] Worker pinned host=0 client=20 -> cpu=20 (pid=126324)
[A:thread] Worker pinned host=0 client=21 -> cpu=21 (pid=126325)
[A:thread] Worker pinned host=0 client=22 -> cpu=22 (pid=126326)
[A:thread] Worker pinned host=0 client=23 -> cpu=23 (pid=126327)
[A:thread] Worker pinned host=0 client=24 -> cpu=24 (pid=126328)
[A:thread] Worker pinned host=0 client=25 -> cpu=25 (pid=126329)
[A:thread] Worker pinned host=0 client=26 -> cpu=26 (pid=126330)
[A:thread] Worker pinned host=0 client=27 -> cpu=27 (pid=126331)
[A:thread] Worker pinned host=0 client=28 -> cpu=28 (pid=126332)
[A:thread] Worker pinned host=0 client=29 -> cpu=29 (pid=126333)
[A:thread] Worker pinned host=0 client=30 -> cpu=30 (pid=126334)
[A:thread] Worker pinned host=0 client=31 -> cpu=31 (pid=126335)
[A:thread] Worker pinned host=0 client=32 -> cpu=32 (pid=126336)
[A:thread] Worker pinned host=0 client=33 -> cpu=33 (pid=126337)
[A:thread] Worker pinned host=0 client=34 -> cpu=34 (pid=126338)
[A:thread] Worker pinned host=0 client=35 -> cpu=35 (pid=126339)
[A:thread] Worker pinned host=0 client=36 -> cpu=36 (pid=126340)
[A:thread] Worker pinned host=0 client=37 -> cpu=37 (pid=126341)
[A:thread] Worker pinned host=0 client=38 -> cpu=38 (pid=126342)
[A:thread] Worker pinned host=0 client=39 -> cpu=39 (pid=126343)
[A:thread] Worker pinned host=0 client=40 -> cpu=40 (pid=126344)
[A:thread] Worker pinned host=0 client=41 -> cpu=41 (pid=126345)
[A:thread] Worker pinned host=0 client=42 -> cpu=42 (pid=126346)
[A:thread] Worker pinned host=0 client=43 -> cpu=43 (pid=126347)
[A:thread] Worker pinned host=0 client=44 -> cpu=44 (pid=126348)
[A:thread] Worker pinned host=0 client=45 -> cpu=45 (pid=126349)
[A:thread] Worker pinned host=0 client=46 -> cpu=46 (pid=126350)
[A:thread] Worker pinned host=0 client=47 -> cpu=47 (pid=126351)
[A:thread] Worker pinned host=0 client=48 -> cpu=48 (pid=126352)
[A:thread] Worker pinned host=0 client=49 -> cpu=49 (pid=126353)
[A:thread] Worker pinned host=0 client=50 -> cpu=50 (pid=126354)
[A:thread] Worker pinned host=0 client=51 -> cpu=51 (pid=126355)
[A:thread] Worker pinned host=0 client=52 -> cpu=52 (pid=126356)
[A:thread] Worker pinned host=0 client=53 -> cpu=53 (pid=126357)
[A:thread] Worker pinned host=0 client=54 -> cpu=54 (pid=126358)
[A:thread] Worker pinned host=0 client=55 -> cpu=55 (pid=126359)
[A:thread] Worker pinned host=0 client=56 -> cpu=56 (pid=126360)
[A:thread] Worker pinned host=0 client=57 -> cpu=57 (pid=126361)
[A:thread] Worker pinned host=0 client=58 -> cpu=58 (pid=126362)
[A:thread] Worker pinned host=0 client=59 -> cpu=59 (pid=126363)
[A:thread] Worker pinned host=0 client=60 -> cpu=60 (pid=126364)
[A:thread] Worker pinned host=0 client=61 -> cpu=61 (pid=126365)
[A:thread] Worker pinned host=0 client=62 -> cpu=62 (pid=126366)
[A:thread] Worker pinned host=0 client=0 -> cpu=0 (pid=126262)
[A:thread] Worker pinned host=0 client=63 -> cpu=63 (pid=126367)
[A:thread] WriteRecv0 pid=126262 tid=140631824799424 cpu=64 host=0 rings=[0]
[A:thread] ReadRecv0 pid=126262 tid=140631816406720 cpu=65 host=0 rings=[0]
[A:thread] InvalRecv0 pid=126262 tid=140631808014016 cpu=66 host=0 rings=[0]
[A:thread] ReservHandler pid=126262 tid=140631799621312 pinned cpu=85 (host_id=0)
[A:tls] worker host=0 client=52 entries=1024 (~1088 KiB)
[A:tls] worker host=0 client=51 entries=1024 (~1088 KiB)
[A:tls] worker host=0 client=56 entries=1024 (~1088 KiB)
[A:tls] worker host=0 client=50 entries=1024 (~1088 KiB)
[A:tls] worker host=0 client=60 entries=1024 (~1088 KiB)
[A:tls] worker host=0 client=63 entries=1024 (~1088 KiB)
[A:tls] worker host=0 client=61 entries=1024 (~1088 KiB)
[A:tls] worker host=0 client=58 entries=1024 (~1088 KiB)
[A:tls] worker host=0 client=10 entries=1024 (~1088 KiB)
[A:tls] worker host=0 client=7 entries=1024 (~1088 KiB)
[A:tls] worker host=0 client=8 entries=1024 (~1088 KiB)
[A:tls] worker host=0 client=30 entries=1024 (~1088 KiB)
[A:tls] worker host=0 client=32 entries=1024 (~1088 KiB)
[A:tls] worker host=0 client=0 entries=1024 (~1088 KiB)
[A:tls] worker host=0 client=27 entries=1024 (~1088 KiB)
[A:tls] worker host=0 client=46 entries=1024 (~1088 KiB)
[A:tls] worker host=0 client=34 entries=1024 (~1088 KiB)
[A:tls] worker host=0 client=54 entries=1024 (~1088 KiB)
[A:tls] worker host=0 client=36 entries=1024 (~1088 KiB)
[A:tls] worker host=0 client=15 entries=1024 (~1088 KiB)
[A:tls] worker host=0 client=20 entries=1024 (~1088 KiB)
[A:tls] worker host=0 client=16 entries=1024 (~1088 KiB)
[A:tls] worker host=0 client=21 entries=1024 (~1088 KiB)
[A:tls] worker host=0 client=42 entries=1024 (~1088 KiB)
[A:tls] worker host=0 client=40 entries=1024 (~1088 KiB)
[A:tls] worker host=0 client=39 entries=1024 (~1088 KiB)
[A:tls] worker host=0 client=47 entries=1024 (~1088 KiB)
[A:tls] worker host=0 client=59 entries=1024 (~1088 KiB)
[A:tls] worker host=0 client=22 entries=1024 (~1088 KiB)
[A:tls] worker host=0 client=49 entries=1024 (~1088 KiB)
[A:tls] worker host=0 client=25 entries=1024 (~1088 KiB)
[A:tls] worker host=0 client=1 entries=1024 (~1088 KiB)
[A:tls] worker host=0 client=2 entries=1024 (~1088 KiB)
[A:tls] worker host=0 client=3 entries=1024 (~1088 KiB)
[A:tls] worker host=0 client=55 entries=1024 (~1088 KiB)
[A:tls] worker host=0 client=53 entries=1024 (~1088 KiB)
[A:tls] worker host=0 client=45 entries=1024 (~1088 KiB)
[A:tls] worker host=0 client=62 entries=1024 (~1088 KiB)
[A:tls] worker host=0 client=18 entries=1024 (~1088 KiB)
[A:tls] worker host=0 client=13 entries=1024 (~1088 KiB)
[A:tls] worker host=0 client=33 entries=1024 (~1088 KiB)
[A:tls] worker host=0 client=28 entries=1024 (~1088 KiB)
[A:tls] worker host=0 client=35 entries=1024 (~1088 KiB)
[A:tls] worker host=0 client=31 entries=1024 (~1088 KiB)
[A:tls] worker host=0 client=41 entries=1024 (~1088 KiB)
[A:tls] worker host=0 client=38 entries=1024 (~1088 KiB)
[A:tls] worker host=0 client=12 entries=1024 (~1088 KiB)
[A:tls] worker host=0 client=17 entries=1024 (~1088 KiB)
[A:tls] worker host=0 client=57 entries=1024 (~1088 KiB)
[A:tls] worker host=0 client=26 entries=1024 (~1088 KiB)
[A:tls] worker host=0 client=48 entries=1024 (~1088 KiB)
[A:tls] worker host=0 client=19 entries=1024 (~1088 KiB)
[A:tls] worker host=0 client=43 entries=1024 (~1088 KiB)
[A:tls] worker host=0 client=4 entries=1024 (~1088 KiB)
[A:tls] worker host=0 client=6 entries=1024 (~1088 KiB)
[A:tls] worker host=0 client=37 entries=1024 (~1088 KiB)
[A:tls] worker host=0 client=23 entries=1024 (~1088 KiB)
[A:tls] worker host=0 client=24 entries=1024 (~1088 KiB)
[A:tls] worker host=0 client=44 entries=1024 (~1088 KiB)
[A:tls] worker host=0 client=5 entries=1024 (~1088 KiB)
[A:tls] worker host=0 client=9 entries=1024 (~1088 KiB)
[A:tls] worker host=0 client=11 entries=1024 (~1088 KiB)
[A:tls] worker host=0 client=14 entries=1024 (~1088 KiB)
[A:tls] worker host=0 client=29 entries=1024 (~1088 KiB)
# PATH host=0 label=after_LOAD tid=140631825012864 r0_tls=0 r2hit=0 r2miss_local=0 r3=0 cpool_ins_r=0 local_w=2499684 fwd_w=0 local_w_blk_fwd=0 local_w_stg_fwd=0 cpool_ins_w=2499683 cp_evict=0 cp_set_stale=0 cp_lru_evict=666729 rh_served=0 lrs2r=0 lrs4r=0
# PATH host=0 label=after_LOAD AGG r0_tls=0 r2hit=0 r2miss_local=0 r3=0 cpool_ins_r=0 local_w=2499684 fwd_w=0 local_w_blk_fwd=0 local_w_stg_fwd=0 cpool_ins_w=2499683 cp_evict=0 cp_set_stale=0 cp_lru_evict=666729 rh_served=0 lrs2r=0 lrs4r=0
YCSB opt=A cache=1 num_hosts=2 threads=64 threads_eff=64 rep=1 load_ops=5000000 load_thpt=158039 trans_ops=5000000 trans_wall_max=0.155401 trans_agg_thpt=32174618 w_avg_ns=0 w_p50_ns=0 w_p99_ns=0 r_avg_ns=3253 r_p50_ns=478 r_p99_ns=16289 first_op_ns_max=818810 first_op_ns_avg=50330 ops_to_first_ns_max=994448 ops_to_first_ns_avg=134628 # local_read_optA_t64_cacheon_rep1
# PATH host=0 label=after_TRANS tid=140631825012864 r0_tls=0 r2hit=17040 r2miss_local=22023 r3=0 cpool_ins_r=0 local_w=2499684 fwd_w=0 local_w_blk_fwd=0 local_w_stg_fwd=0 cpool_ins_w=2499683 cp_evict=0 cp_set_stale=0 cp_lru_evict=667750 rh_served=0 lrs2r=0 lrs4r=8
# PATH host=0 label=after_TRANS AGG r0_tls=0 r2hit=17040 r2miss_local=22023 r3=0 cpool_ins_r=0 local_w=2499684 fwd_w=0 local_w_blk_fwd=0 local_w_stg_fwd=0 cpool_ins_w=2499683 cp_evict=0 cp_set_stale=0 cp_lru_evict=667750 rh_served=0 lrs2r=0 lrs4r=8
# CACHE_FILL host=0 cache_buckets=524288 capacity=2097152 filled=1832954 stale=0 tomb=0 fill_pct=87.402
