YCSB opt=A cache=1 num_hosts=2 threads=16 threads_eff=16 rep=1 load_ops=100000 load_thpt=200964 trans_ops=200000 trans_wall_max=0.103371 trans_agg_thpt=1934778 w_avg_ns=10417 w_p50_ns=7817 w_p99_ns=31678 r_avg_ns=3731 r_p50_ns=425 r_p99_ns=16532 # workloada_optA_t16_cacheon_rep1_kv256
YCSB opt=A cache=1 num_hosts=2 threads=16 threads_eff=16 rep=1 load_ops=100000 load_thpt=203932 trans_ops=200000 trans_wall_max=0.092071 trans_agg_thpt=2172236 w_avg_ns=10674 w_p50_ns=8043 w_p99_ns=29980 r_avg_ns=4100 r_p50_ns=630 r_p99_ns=16877 # workloada_optA_t16_cacheon_rep1_kv1024
YCSB opt=A cache=0 num_hosts=2 threads=64 threads_eff=64 rep=1 load_ops=100000 load_thpt=190319 trans_ops=200000 trans_wall_max=0.039459 trans_agg_thpt=5068552 w_avg_ns=16847 w_p50_ns=9590 w_p99_ns=648548 r_avg_ns=5858 r_p50_ns=7505 r_p99_ns=26497 # workloada_optA_t64_cacheoff_rep1_kv512
YCSB opt=A cache=1 num_hosts=2 threads=4 threads_eff=4 rep=1 load_ops=100000 load_thpt=215217 trans_ops=200000 trans_wall_max=0.206519 trans_agg_thpt=968429 w_avg_ns=64327 w_p50_ns=6559 w_p99_ns=5019307 r_avg_ns=1352 r_p50_ns=259 r_p99_ns=9785 # workloadb_optA_t4_cacheon_rep1_kv256
YCSB opt=A cache=1 num_hosts=2 threads=64 threads_eff=64 rep=1 load_ops=100000 load_thpt=207050 trans_ops=200000 trans_wall_max=0.016970 trans_agg_thpt=11785503 w_avg_ns=26688 w_p50_ns=9230 w_p99_ns=5046865 r_avg_ns=5302 r_p50_ns=7236 r_p99_ns=22715 # workloadb_optA_t64_cacheon_rep1_kv1024
YCSB opt=A cache=0 num_hosts=2 threads=64 threads_eff=64 rep=1 load_ops=100000 load_thpt=182382 trans_ops=200000 trans_wall_max=0.010765 trans_agg_thpt=18577001 w_avg_ns=11677 w_p50_ns=8975 w_p99_ns=534653 r_avg_ns=5231 r_p50_ns=7235 r_p99_ns=22583 # workloadb_optA_t64_cacheoff_rep1_kv256
YCSB opt=A cache=1 num_hosts=2 threads=16 threads_eff=16 rep=1 load_ops=100000 load_thpt=200900 trans_ops=200000 trans_wall_max=0.021351 trans_agg_thpt=9367242 w_avg_ns=0 w_p50_ns=0 w_p99_ns=0 r_avg_ns=2810 r_p50_ns=294 r_p99_ns=13908 # workloadc_optA_t16_cacheon_rep1_kv256
YCSB opt=A cache=1 num_hosts=2 threads=64 threads_eff=64 rep=1 load_ops=100000 load_thpt=149455 trans_ops=200000 trans_wall_max=0.010442 trans_agg_thpt=19151584 w_avg_ns=0 w_p50_ns=0 w_p99_ns=0 r_avg_ns=5147 r_p50_ns=7145 r_p99_ns=22464 # workloadc_optA_t64_cacheon_rep1_kv512
YCSB opt=A cache=1 num_hosts=2 threads=4 threads_eff=4 rep=1 load_ops=100000 load_thpt=252359 trans_ops=200000 trans_wall_max=0.039347 trans_agg_thpt=5082979 w_avg_ns=0 w_p50_ns=0 w_p99_ns=0 r_avg_ns=1300 r_p50_ns=211 r_p99_ns=10105 # workloadc_optA_t4_cacheon_rep1_kv1024
YCSB opt=A cache=1 num_hosts=2 threads=16 threads_eff=16 rep=1 load_ops=100000 load_thpt=252331 trans_ops=200000 trans_wall_max=0.022949 trans_agg_thpt=8714976 w_avg_ns=0 w_p50_ns=0 w_p99_ns=0 r_avg_ns=2908 r_p50_ns=322 r_p99_ns=15224 # workloadc_optA_t16_cacheon_rep1_kv1024
YCSB opt=A cache=0 num_hosts=2 threads=64 threads_eff=64 rep=1 load_ops=100000 load_thpt=209886 trans_ops=200000 trans_wall_max=0.010578 trans_agg_thpt=18907165 w_avg_ns=0 w_p50_ns=0 w_p99_ns=0 r_avg_ns=5161 r_p50_ns=7175 r_p99_ns=23063 # workloadc_optA_t64_cacheoff_rep1_kv1024
YCSB opt=A cache=1 num_hosts=2 threads=32 threads_eff=32 rep=1 load_ops=100000 load_thpt=242264 trans_ops=200000 trans_wall_max=0.016941 trans_agg_thpt=11805678 w_avg_ns=15427 w_p50_ns=15896 w_p99_ns=48648 r_avg_ns=4357 r_p50_ns=631 r_p99_ns=19793 # workloadd_optA_t32_cacheon_rep1_kv256
YCSB opt=A cache=1 num_hosts=2 threads=64 threads_eff=64 rep=1 load_ops=100000 load_thpt=193765 trans_ops=200000 trans_wall_max=0.010848 trans_agg_thpt=18436578 w_avg_ns=16246 w_p50_ns=17051 w_p99_ns=50897 r_avg_ns=5208 r_p50_ns=7294 r_p99_ns=24051 # workloadd_optA_t64_cacheon_rep1_kv256
YCSB opt=A cache=1 num_hosts=2 threads=32 threads_eff=32 rep=1 load_ops=100000 load_thpt=242157 trans_ops=200000 trans_wall_max=0.016709 trans_agg_thpt=11968880 w_avg_ns=15355 w_p50_ns=16618 w_p99_ns=44264 r_avg_ns=4327 r_p50_ns=551 r_p99_ns=19974 # workloadd_optA_t32_cacheon_rep1_kv512
YCSB opt=A cache=1 num_hosts=2 threads=4 threads_eff=4 rep=1 load_ops=100000 load_thpt=222022 trans_ops=200000 trans_wall_max=0.044590 trans_agg_thpt=4485310 w_avg_ns=8802 w_p50_ns=7546 w_p99_ns=19317 r_avg_ns=1451 r_p50_ns=261 r_p99_ns=10121 # workloadd_optA_t4_cacheon_rep1_kv1024
YCSB opt=A cache=1 num_hosts=2 threads=32 threads_eff=32 rep=1 load_ops=100000 load_thpt=210591 trans_ops=200000 trans_wall_max=45.003365 trans_agg_thpt=4444 w_avg_ns=16981 w_p50_ns=18457 w_p99_ns=56768 r_avg_ns=4734 r_p50_ns=711 r_p99_ns=21251 # workloadd_optA_t32_cacheon_rep1_kv1024
FAIL opt=A wl=workloadd T=64 cache=on kv=1024 rep=1 rc0=124 rc1=124
YCSB opt=A cache=0 num_hosts=2 threads=8 threads_eff=8 rep=1 load_ops=100000 load_thpt=222361 trans_ops=200000 trans_wall_max=0.033908 trans_agg_thpt=5898139 w_avg_ns=11038 w_p50_ns=9682 w_p99_ns=22627 r_avg_ns=2211 r_p50_ns=363 r_p99_ns=11853 # workloadd_optA_t8_cacheoff_rep1_kv256
YCSB opt=A cache=0 num_hosts=2 threads=64 threads_eff=64 rep=1 load_ops=100000 load_thpt=156793 trans_ops=200000 trans_wall_max=0.011047 trans_agg_thpt=18104462 w_avg_ns=16377 w_p50_ns=17071 w_p99_ns=56298 r_avg_ns=5741 r_p50_ns=7359 r_p99_ns=25202 # workloadd_optA_t64_cacheoff_rep1_kv256
YCSB opt=A cache=0 num_hosts=2 threads=4 threads_eff=4 rep=1 load_ops=100000 load_thpt=252114 trans_ops=200000 trans_wall_max=0.042892 trans_agg_thpt=4662765 w_avg_ns=8366 w_p50_ns=7422 w_p99_ns=18595 r_avg_ns=1348 r_p50_ns=217 r_p99_ns=9344 # workloadd_optA_t4_cacheoff_rep1_kv1024
YCSB opt=A cache=0 num_hosts=2 threads=32 threads_eff=32 rep=1 load_ops=100000 load_thpt=250856 trans_ops=200000 trans_wall_max=0.016859 trans_agg_thpt=11862396 w_avg_ns=15023 w_p50_ns=15730 w_p99_ns=92958 r_avg_ns=4227 r_p50_ns=507 r_p99_ns=19673 # workloadd_optA_t32_cacheoff_rep1_kv1024
YCSB opt=A cache=0 num_hosts=2 threads=64 threads_eff=64 rep=1 load_ops=100000 load_thpt=189969 trans_ops=200000 trans_wall_max=27.201878 trans_agg_thpt=7352 w_avg_ns=16752 w_p50_ns=17304 w_p99_ns=56153 r_avg_ns=5274 r_p50_ns=7108 r_p99_ns=22601 # workloadd_optA_t64_cacheoff_rep1_kv1024
YCSB opt=A cache=1 num_hosts=2 threads=8 threads_eff=8 rep=1 load_ops=100000 load_thpt=214055 trans_ops=200000 trans_wall_max=0.128648 trans_agg_thpt=1554629 w_avg_ns=12807 w_p50_ns=6328 w_p99_ns=18707 r_avg_ns=2620 r_p50_ns=413 r_p99_ns=12720 # workloadf_optA_t8_cacheon_rep1_kv256
YCSB opt=A cache=1 num_hosts=2 threads=16 threads_eff=16 rep=1 load_ops=100000 load_thpt=201845 trans_ops=200000 trans_wall_max=0.044961 trans_agg_thpt=4448299 w_avg_ns=9789 w_p50_ns=8057 w_p99_ns=21762 r_avg_ns=3750 r_p50_ns=551 r_p99_ns=15905 # workloadf_optA_t16_cacheon_rep1_kv512
YCSB opt=A cache=1 num_hosts=2 threads=32 threads_eff=32 rep=1 load_ops=100000 load_thpt=245432 trans_ops=200000 trans_wall_max=0.041331 trans_agg_thpt=4838865 w_avg_ns=11335 w_p50_ns=9113 w_p99_ns=62317 r_avg_ns=4573 r_p50_ns=788 r_p99_ns=21017 # workloadf_optA_t32_cacheon_rep1_kv512
