[A:thread] Worker pinned host=0 client=1 -> cpu=1 (pid=64940)
[A:thread] Worker pinned host=0 client=2 -> cpu=2 (pid=64941)
[A:thread] Worker pinned host=0 client=3 -> cpu=3 (pid=64942)
[A:thread] Worker pinned host=0 client=4 -> cpu=4 (pid=64943)
[A:thread] Worker pinned host=0 client=5 -> cpu=5 (pid=64944)
[A:thread] Worker pinned host=0 client=0 -> cpu=0 (pid=64939)
[A:thread] Worker pinned host=0 client=6 -> cpu=6 (pid=64945)
[A:thread] Worker pinned host=0 client=7 -> cpu=7 (pid=64946)
[A:thread] WriteReceiver pid=64939 tid=140179428288192 pinned cpu=65 (host_id=0)
[A:thread] ReadReceiver pid=64939 tid=140179419895488 pinned cpu=67 (host_id=0)
[A:tls] worker host=0 client=0 entries=1024 (~1088 KiB)
[A:tls] worker host=0 client=1 entries=1024 (~1088 KiB)
[A:tls] worker host=0 client=2 entries=1024 (~1088 KiB)
[A:tls] worker host=0 client=3 entries=1024 (~1088 KiB)
[A:tls] worker host=0 client=4 entries=1024 (~1088 KiB)
[A:tls] worker host=0 client=5 entries=1024 (~1088 KiB)
[A:tls] worker host=0 client=6 entries=1024 (~1088 KiB)
[A:tls] worker host=0 client=7 entries=1024 (~1088 KiB)
[A:thread] WriteSender pid=64939 tid=140179403110080 pinned cpu=64 (host_id=0)
[A:sender] kind=0 policy=P0 K=16 T_us=100 host_id=0
[A:thread] ReadSender pid=64939 tid=140179394717376 pinned cpu=66 (host_id=0)
[A:sender] kind=1 policy=P0 K=16 T_us=100 host_id=0
[A:thread] InvalReceiver pid=64939 tid=140179411502784 pinned cpu=69 (host_id=0)
[A:thread] InvalSender pid=64939 tid=140179386324672 pinned cpu=68 (host_id=0)
[A:sender] kind=2 policy=P0 K=16 T_us=100 host_id=0
YCSB opt=A cache=1 num_hosts=2 threads=8 threads_eff=8 rep=2 load_ops=50000 load_thpt=211804 trans_ops=50000 trans_wall_max=0.017507 trans_agg_thpt=2855837 w_avg_ns=9969 w_p50_ns=12848 w_p99_ns=21335 r_avg_ns=4796 r_p50_ns=6593 r_p99_ns=16396 first_op_ns_max=45467 first_op_ns_avg=21874 ops_to_first_ns_max=69895 ops_to_first_ns_avg=28922 # workloada_optA_t8_cacheon_rep2
