[A:thread] Worker pinned host=1 client=1 -> cpu=1 (pid=61929)
[A:thread] Worker pinned host=1 client=2 -> cpu=2 (pid=61930)
[A:thread] Worker pinned host=1 client=3 -> cpu=3 (pid=61931)
[A:thread] Worker pinned host=1 client=4 -> cpu=4 (pid=61932)
[A:thread] Worker pinned host=1 client=5 -> cpu=5 (pid=61933)
[A:thread] Worker pinned host=1 client=0 -> cpu=0 (pid=61925)
[A:thread] Worker pinned host=1 client=6 -> cpu=6 (pid=61934)
[A:thread] Worker pinned host=1 client=7 -> cpu=7 (pid=61935)
[A:thread] WriteReceiver pid=61925 tid=139683968308928 pinned cpu=65 (host_id=1)
[A:tls] worker host=1 client=4 entries=1024 (~1088 KiB)
[A:tls] worker host=1 client=7 entries=1024 (~1088 KiB)
[A:tls] worker host=1 client=5 entries=1024 (~1088 KiB)
[A:tls] worker host=1 client=3 entries=1024 (~1088 KiB)
[A:tls] worker host=1 client=0 entries=1024 (~1088 KiB)
[A:tls] worker host=1 client=1 entries=1024 (~1088 KiB)
[A:tls] worker host=1 client=2 entries=1024 (~1088 KiB)
[A:tls] worker host=1 client=6 entries=1024 (~1088 KiB)
[A:thread] ReadReceiver pid=61925 tid=139683959916224 pinned cpu=67 (host_id=1)
[A:thread] InvalReceiver pid=61925 tid=139683951523520 pinned cpu=69 (host_id=1)
[A:thread] InvalSender pid=61925 tid=139683926345408 pinned cpu=68 (host_id=1)
[A:sender] kind=2 policy=P0 K=16 T_us=100 host_id=1
[A:thread] WriteSender pid=61925 tid=139683943130816 pinned cpu=64 (host_id=1)
[A:sender] kind=0 policy=P0 K=16 T_us=100 host_id=1
[A:thread] ReadSender pid=61925 tid=139683934738112 pinned cpu=66 (host_id=1)
[A:sender] kind=1 policy=P0 K=16 T_us=100 host_id=1
