[A:thread] Worker pinned host=1 client=1 -> cpu=1 (pid=61777)
[A:thread] Worker pinned host=1 client=2 -> cpu=2 (pid=61778)
[A:thread] Worker pinned host=1 client=3 -> cpu=3 (pid=61779)
[A:thread] Worker pinned host=1 client=4 -> cpu=4 (pid=61780)
[A:thread] Worker pinned host=1 client=5 -> cpu=5 (pid=61781)
[A:thread] Worker pinned host=1 client=6 -> cpu=6 (pid=61782)
[A:thread] Worker pinned host=1 client=0 -> cpu=0 (pid=61776)
[A:thread] Worker pinned host=1 client=7 -> cpu=7 (pid=61783)
[A:thread] WriteReceiver pid=61776 tid=140018520692416 pinned cpu=65 (host_id=1)
[A:thread] ReadReceiver pid=61776 tid=140018512299712 pinned cpu=67 (host_id=1)
[A:thread] InvalReceiver pid=61776 tid=140018503907008 pinned cpu=69 (host_id=1)
[A:thread] WriteSender pid=61776 tid=140018495514304 pinned cpu=64 (host_id=1)
[A:sender] kind=0 policy=P0 K=16 T_us=100 host_id=1
[A:thread] ReadSender pid=61776 tid=140018487121600 pinned cpu=66 (host_id=1)
[A:sender] kind=1 policy=P0 K=16 T_us=100 host_id=1
[A:thread] InvalSender pid=61776 tid=140018478728896 pinned cpu=68 (host_id=1)
[A:sender] kind=2 policy=P0 K=16 T_us=100 host_id=1
[A:tls] worker host=1 client=2 entries=1024 (~1088 KiB)
[A:tls] worker host=1 client=3 entries=1024 (~1088 KiB)
[A:tls] worker host=1 client=4 entries=1024 (~1088 KiB)
[A:tls] worker host=1 client=1 entries=1024 (~1088 KiB)
[A:tls] worker host=1 client=5 entries=1024 (~1088 KiB)
[A:tls] worker host=1 client=7 entries=1024 (~1088 KiB)
[A:tls] worker host=1 client=6 entries=1024 (~1088 KiB)
[A:tls] worker host=1 client=0 entries=1024 (~1088 KiB)
