[A:thread] Worker pinned host=0 client=1 -> cpu=1 (pid=65057)
[A:thread] Worker pinned host=0 client=2 -> cpu=2 (pid=65058)
[A:thread] Worker pinned host=0 client=3 -> cpu=3 (pid=65059)
[A:thread] Worker pinned host=0 client=4 -> cpu=4 (pid=65060)
[A:thread] Worker pinned host=0 client=5 -> cpu=5 (pid=65061)
[A:thread] Worker pinned host=0 client=0 -> cpu=0 (pid=65052)
[A:thread] Worker pinned host=0 client=6 -> cpu=6 (pid=65062)
[A:thread] Worker pinned host=0 client=7 -> cpu=7 (pid=65063)
[A:thread] WriteReceiver pid=65052 tid=140651735549632 pinned cpu=65 (host_id=0)
[A:thread] ReadReceiver pid=65052 tid=140651656115904 pinned cpu=67 (host_id=0)
[A:thread] InvalReceiver pid=65052 tid=140651647723200 pinned cpu=69 (host_id=0)
[A:thread] WriteSender pid=65052 tid=140651639330496 pinned cpu=64 (host_id=0)
[A:sender] kind=0 policy=P0 K=16 T_us=100 host_id=0
[A:thread] InvalSender pid=65052 tid=140651622545088 pinned cpu=68 (host_id=0)
[A:sender] kind=2 policy=P0 K=16 T_us=100 host_id=0
[A:thread] ReadSender pid=65052 tid=140651630937792 pinned cpu=66 (host_id=0)
[A:sender] kind=1 policy=P0 K=16 T_us=100 host_id=0
[A:tls] worker host=0 client=1 entries=1024 (~1088 KiB)
[A:tls] worker host=0 client=2 entries=1024 (~1088 KiB)
[A:tls] worker host=0 client=3 entries=1024 (~1088 KiB)
[A:tls] worker host=0 client=4 entries=1024 (~1088 KiB)
[A:tls] worker host=0 client=5 entries=1024 (~1088 KiB)
[A:tls] worker host=0 client=6 entries=1024 (~1088 KiB)
[A:tls] worker host=0 client=0 entries=1024 (~1088 KiB)
[A:tls] worker host=0 client=7 entries=1024 (~1088 KiB)
YCSB opt=A cache=1 num_hosts=2 threads=8 threads_eff=8 rep=4 load_ops=50000 load_thpt=213586 trans_ops=50000 trans_wall_max=0.018759 trans_agg_thpt=2665387 w_avg_ns=10918 w_p50_ns=12515 w_p99_ns=24578 r_avg_ns=5260 r_p50_ns=6376 r_p99_ns=20884 first_op_ns_max=69705 first_op_ns_avg=27370 ops_to_first_ns_max=102580 ops_to_first_ns_avg=36655 # workloada_optA_t8_cacheon_rep4
