[A:thread] Worker pinned host=1 client=1 -> cpu=1 (pid=61812)
[A:thread] Worker pinned host=1 client=2 -> cpu=2 (pid=61813)
[A:thread] Worker pinned host=1 client=3 -> cpu=3 (pid=61814)
[A:thread] Worker pinned host=1 client=4 -> cpu=4 (pid=61815)
[A:thread] Worker pinned host=1 client=5 -> cpu=5 (pid=61816)
[A:thread] Worker pinned host=1 client=0 -> cpu=0 (pid=61811)
[A:thread] Worker pinned host=1 client=6 -> cpu=6 (pid=61817)
[A:thread] Worker pinned host=1 client=7 -> cpu=7 (pid=61818)
[A:thread] WriteReceiver pid=61811 tid=140472981702336 pinned cpu=65 (host_id=1)
[A:thread] ReadReceiver pid=61811 tid=140472973309632 pinned cpu=67 (host_id=1)
[A:thread] InvalReceiver pid=61811 tid=140472964916928 pinned cpu=69 (host_id=1)
[A:thread] WriteSender pid=61811 tid=140472878102208 pinned cpu=64 (host_id=1)
[A:sender] kind=0 policy=P0 K=16 T_us=100 host_id=1
[A:thread] ReadSender pid=61811 tid=140472956524224 pinned cpu=66 (host_id=1)
[A:sender] kind=1 policy=P0 K=16 T_us=100 host_id=1
[A:tls] worker host=1 client=0 entries=1024 (~1088 KiB)
[A:tls] worker host=1 client=1 entries=1024 (~1088 KiB)
[A:tls] worker host=1 client=2 entries=1024 (~1088 KiB)
[A:tls] worker host=1 client=3 entries=1024 (~1088 KiB)
[A:tls] worker host=1 client=7 entries=1024 (~1088 KiB)
[A:tls] worker host=1 client=5 entries=1024 (~1088 KiB)
[A:tls] worker host=1 client=6 entries=1024 (~1088 KiB)
[A:tls] worker host=1 client=4 entries=1024 (~1088 KiB)
[A:thread] InvalSender pid=61811 tid=140472869709504 pinned cpu=68 (host_id=1)
[A:sender] kind=2 policy=P0 K=16 T_us=100 host_id=1
