[A:cfg] ring_sharding T=64 N=4 -> shards=16 block=4 routing=worker_id
[A:thread] Worker pinned host=0 client=1 -> cpu=1 (pid=51215)
[A:thread] Worker pinned host=0 client=2 -> cpu=2 (pid=51216)
[A:thread] Worker pinned host=0 client=3 -> cpu=3 (pid=51217)
[A:thread] Worker pinned host=0 client=4 -> cpu=4 (pid=51218)
[A:thread] Worker pinned host=0 client=5 -> cpu=5 (pid=51219)
[A:thread] Worker pinned host=0 client=6 -> cpu=6 (pid=51220)
[A:thread] Worker pinned host=0 client=7 -> cpu=7 (pid=51221)
[A:thread] Worker pinned host=0 client=8 -> cpu=8 (pid=51222)
[A:thread] Worker pinned host=0 client=9 -> cpu=9 (pid=51223)
[A:thread] Worker pinned host=0 client=10 -> cpu=10 (pid=51224)
[A:thread] Worker pinned host=0 client=11 -> cpu=11 (pid=51225)
[A:thread] Worker pinned host=0 client=12 -> cpu=12 (pid=51226)
[A:thread] Worker pinned host=0 client=13 -> cpu=13 (pid=51227)
[A:thread] Worker pinned host=0 client=14 -> cpu=14 (pid=51228)
[A:thread] Worker pinned host=0 client=15 -> cpu=15 (pid=51229)
[A:thread] Worker pinned host=0 client=16 -> cpu=16 (pid=51230)
[A:thread] Worker pinned host=0 client=17 -> cpu=17 (pid=51231)
[A:thread] Worker pinned host=0 client=18 -> cpu=18 (pid=51232)
[A:thread] Worker pinned host=0 client=19 -> cpu=19 (pid=51233)
[A:thread] Worker pinned host=0 client=20 -> cpu=20 (pid=51234)
[A:thread] Worker pinned host=0 client=21 -> cpu=21 (pid=51235)
[A:thread] Worker pinned host=0 client=22 -> cpu=22 (pid=51236)
[A:thread] Worker pinned host=0 client=23 -> cpu=23 (pid=51237)
[A:thread] Worker pinned host=0 client=24 -> cpu=24 (pid=51238)
[A:thread] Worker pinned host=0 client=25 -> cpu=25 (pid=51239)
[A:thread] Worker pinned host=0 client=26 -> cpu=26 (pid=51240)
[A:thread] Worker pinned host=0 client=27 -> cpu=27 (pid=51241)
[A:thread] Worker pinned host=0 client=28 -> cpu=28 (pid=51242)
[A:thread] Worker pinned host=0 client=29 -> cpu=29 (pid=51243)
[A:thread] Worker pinned host=0 client=30 -> cpu=30 (pid=51244)
[A:thread] Worker pinned host=0 client=31 -> cpu=31 (pid=51245)
[A:thread] Worker pinned host=0 client=32 -> cpu=32 (pid=51246)
[A:thread] Worker pinned host=0 client=33 -> cpu=33 (pid=51247)
[A:thread] Worker pinned host=0 client=34 -> cpu=34 (pid=51248)
[A:thread] Worker pinned host=0 client=35 -> cpu=35 (pid=51249)
[A:thread] Worker pinned host=0 client=36 -> cpu=36 (pid=51250)
[A:thread] Worker pinned host=0 client=37 -> cpu=37 (pid=51251)
[A:thread] Worker pinned host=0 client=38 -> cpu=38 (pid=51252)
[A:thread] Worker pinned host=0 client=39 -> cpu=39 (pid=51253)
[A:thread] Worker pinned host=0 client=40 -> cpu=40 (pid=51254)
[A:thread] Worker pinned host=0 client=41 -> cpu=41 (pid=51255)
[A:thread] Worker pinned host=0 client=42 -> cpu=42 (pid=51256)
[A:thread] Worker pinned host=0 client=43 -> cpu=43 (pid=51257)
[A:thread] Worker pinned host=0 client=44 -> cpu=44 (pid=51258)
[A:thread] Worker pinned host=0 client=45 -> cpu=45 (pid=51259)
[A:thread] Worker pinned host=0 client=46 -> cpu=46 (pid=51260)
[A:thread] Worker pinned host=0 client=47 -> cpu=47 (pid=51261)
[A:thread] Worker pinned host=0 client=48 -> cpu=48 (pid=51262)
[A:thread] Worker pinned host=0 client=49 -> cpu=49 (pid=51263)
[A:thread] Worker pinned host=0 client=50 -> cpu=50 (pid=51264)
[A:thread] Worker pinned host=0 client=51 -> cpu=51 (pid=51265)
[A:thread] Worker pinned host=0 client=52 -> cpu=52 (pid=51266)
[A:thread] Worker pinned host=0 client=53 -> cpu=53 (pid=51267)
[A:thread] Worker pinned host=0 client=54 -> cpu=54 (pid=51268)
[A:thread] Worker pinned host=0 client=55 -> cpu=55 (pid=51269)
[A:thread] Worker pinned host=0 client=56 -> cpu=56 (pid=51270)
[A:thread] Worker pinned host=0 client=57 -> cpu=57 (pid=51271)
[A:thread] Worker pinned host=0 client=58 -> cpu=58 (pid=51272)
[A:thread] Worker pinned host=0 client=59 -> cpu=59 (pid=51273)
[A:thread] Worker pinned host=0 client=60 -> cpu=60 (pid=51274)
[A:thread] Worker pinned host=0 client=61 -> cpu=61 (pid=51275)
[A:thread] Worker pinned host=0 client=62 -> cpu=62 (pid=51276)
[A:thread] Worker pinned host=0 client=0 -> cpu=0 (pid=51214)
[A:thread] Worker pinned host=0 client=63 -> cpu=63 (pid=51277)
[A:thread] WriteRecv0 pid=51214 tid=140464195094208 cpu=64 host=0 rings=[0]
[A:thread] WriteRecv2 pid=51214 tid=140464178308800 cpu=66 host=0 rings=[2]
[A:thread] WriteRecv3 pid=51214 tid=140464128288448 cpu=67 host=0 rings=[[A:thread] WriteRecv7 pid=51214 tid=140464094717632 cpu=71 host=0 rings=[7]
[A:thread] WriteRecv4 pid=51214 tid=140464119895744 cpu=68 host=0 rings=[4]
[A:thread] WriteRecv6 pid=51214 tid=140464103110336 cpu=70 host=0 rings=[3]
[A:thread] WriteRecv5 pid=51214 tid=140464111503040 cpu=69 host=0 rings=[5]
[A:thread] WriteRecv8 pid=51214 tid=140464086324928 cpu=72 host=0 rings=[8]
6[A:thread] WriteRecv9 pid=51214 tid=140463942137536 cpu=73 host=0 rings=[9]
]
[A:thread] WriteRecv10 pid=51214 tid=140463933744832 cpu=74 host=0 rings=[10]
[A:thread] WriteRecv11 pid=51214 tid=140463925352128 cpu=75 host=0 rings=[11]
[A:thread] WriteRecv1 pid=51214 tid=140464186701504 cpu=65 host=0 rings=[1]
[A:thread] WriteRecv12 pid=51214 tid=140463780656832 cpu=76 host=0 rings=[12]
[A:thread] WriteRecv13 pid=51214 tid=140464077932224 cpu=77 host=0 rings=[13]
[A:thread] WriteRecv14 pid=51214 tid=140464069539520 cpu=78 host=0 rings=[14]
[A:thread] WriteRecv15 pid=51214 tid=140464061146816 cpu=79 host=0 rings=[15]
[A:thread] ReadRecv0 pid=51214 tid=140464052754112 cpu=80 host=0 rings=[0]
[A:thread] ReadRecv1 pid=51214 tid=140464044361408 cpu=81 host=0 rings=[1]
[A:thread] ReadRecv2 pid=51214 tid=140464035968704 cpu=82 host=0 rings=[[A:thread] ReadRecv3 pid=51214 tid=140463952623296 cpu=83 host=0 rings=[3]
2]
[A:thread] ReadRecv4 pid=51214 tid=140463916959424 cpu=84 host=0 rings=[4]
[A:thread] ReadRecv5 pid=51214 tid=140463908566720 cpu=85 host=0 rings=[[A:thread] ReadRecv9 pid=51214 tid=140463801620160 cpu=67 host=0 rings=[5]
[A:thread] ReadRecv8 pid=51214 tid=140463810012864 cpu=66 host=0 rings=[8]
9]
[A:thread] ReadRecv6 pid=51214 tid=140463900174016 cpu=64 host=0 rings=[6]
[A:thread] ReadRecv7 pid=51214 tid=140463818405568 cpu=65 host=0 rings=[7]
[A:thread] ReadRecv10 pid=51214 tid=140463793227456 cpu=68 host=0 rings=[10]
[A:thread] ReadRecv11 pid=51214 tid=140463772264128 cpu=69 host=0 rings=[11]
[A:thread] ReadRecv12 pid=51214 tid=140463763871424 cpu=70 host=0 rings=[12]
[A:thread] ReadRecv13 pid=51214 tid=140463684187840 cpu=71 host=0 rings=[13]
[A:thread] ReadRecv14 pid=51214 tid=140463675795136 cpu=72 host=0 rings=[14]
[A:thread] ReadRecv15 pid=51214 tid=140463667402432 cpu=73 host=0 rings=[15]
[A:thread] InvalRecv0 pid=51214 tid=140463659009728 cpu=74 host=0 rings=[0]
[A:thread] InvalRecv2 pid=51214 tid=140463642224320 cpu=76 host=0 rings=[2]
[A:thread] InvalRecv3 pid=51214 tid=140463633831616 cpu=77 host=0 rings=[3]
[A:thread] InvalRecv4 pid=51214 tid=140443245344448 cpu=78 host=0 rings=[4]
[A:thread] InvalRecv5 pid=51214 tid=140443236951744 cpu=79 host=0 rings=[5]
[A:thread] InvalRecv6 pid=51214 tid=140443228559040 cpu=80 host=0 rings=[6]
[A:thread] InvalRecv7 pid=51214 tid=140441269827264 cpu=81 host=0 rings=[7]
[A:thread] InvalRecv8 pid=51214 tid=140441261434560 cpu=82 host=0 rings=[8]
[A:thread] InvalRecv9 pid=51214 tid=140441253041856 cpu=83 host=0 rings=[9]
[A:thread] InvalRecv10 pid=51214 tid=140441244649152 cpu=84 host=0 rings=[10]
[A:thread] InvalRecv11 pid=51214 tid=140441236256448 cpu=85 host=0 rings=[11]
[A:thread] InvalRecv12 pid=51214 tid=140441227863744 cpu=64 host=0 rings=[12]
[A:thread] InvalRecv13 pid=51214 tid=140441219471040 cpu=65 host=0 rings=[13]
[A:thread] InvalRecv14 pid=51214 tid=140441211078336 cpu=66 host=0 rings=[14]
[A:thread] InvalRecv15 pid=51214 tid=140441202685632 cpu=67 host=0 rings=[15]
[A:thread] InvalRecv1 pid=51214 tid=140463650617024 cpu=75 host=0 rings=[1]
[A:thread] ReservHandler pid=51214 tid=140441194292928 pinned cpu=85 (host_id=0)
[A:tls] worker host=0 client=22 entries=1024 (~1088 KiB)
[A:tls] worker host=0 client=23 entries=1024 (~1088 KiB)
[A:tls] worker host=0 client=52 entries=1024 (~1088 KiB)
[A:tls] worker host=0 client=51 entries=1024 (~1088 KiB)
[A:tls] worker host=0 client=33 entries=1024 (~1088 KiB)
[A:tls] worker host=0 client=34 entries=1024 (~1088 KiB)
[A:tls] worker host=0 client=49 entries=1024 (~1088 KiB)
[A:tls] worker host=0 client=39 entries=1024 (~1088 KiB)
[A:tls] worker host=0 client=36 entries=1024 (~1088 KiB)
[A:tls] worker host=0 client=46 entries=1024 (~1088 KiB)
[A:tls] worker host=0 client=53 entries=1024 (~1088 KiB)
[A:tls] worker host=0 client=38 entries=1024 (~1088 KiB)
[A:tls] worker host=0 client=19 entries=1024 (~1088 KiB)
[A:tls] worker host=0 client=63 entries=1024 (~1088 KiB)
[A:tls] worker host=0 client=56 entries=1024 (~1088 KiB)
[A:tls] worker host=0 client=41 entries=1024 (~1088 KiB)
[A:tls] worker host=0 client=50 entries=1024 (~1088 KiB)
[A:tls] worker host=0 client=0 entries=1024 (~1088 KiB)
[A:tls] worker host=0 client=31 entries=1024 (~1088 KiB)
[A:tls] worker host=0 client=24 entries=1024 (~1088 KiB)
[A:tls] worker host=0 client=16 entries=1024 (~1088 KiB)
[A:tls] worker host=0 client=54 entries=1024 (~1088 KiB)
[A:tls] worker host=0 client=32 entries=1024 (~1088 KiB)
[A:tls] worker host=0 client=40 entries=1024 (~1088 KiB)
[A:tls] worker host=0 client=6 entries=1024 (~1088 KiB)
[A:tls] worker host=0 client=28 entries=1024 (~1088 KiB)
[A:tls] worker host=0 client=43 entries=1024 (~1088 KiB)
[A:tls] worker host=0 client=14 entries=1024 (~1088 KiB)
[A:tls] worker host=0 client=57 entries=1024 (~1088 KiB)
[A:tls] worker host=0 client=42 entries=1024 (~1088 KiB)
[A:tls] worker host=0 client=48 entries=1024 (~1088 KiB)
[A:tls] worker host=0 client=7 entries=1024 (~1088 KiB)
[A:tls] worker host=0 client=37 entries=1024 (~1088 KiB)
[A:tls] worker host=0 client=21 entries=1024 (~1088 KiB)
[A:tls] worker host=0 client=29 entries=1024 (~1088 KiB)
[A:tls] worker host=0 client=25 entries=1024 (~1088 KiB)
[A:tls] worker host=0 client=18 entries=1024 (~1088 KiB)
[A:tls] worker host=0 client=47 entries=1024 (~1088 KiB)
[A:tls] worker host=0 client=26 entries=1024 (~1088 KiB)
[A:tls] worker host=0 client=13 entries=1024 (~1088 KiB)
[A:tls] worker host=0 client=30 entries=1024 (~1088 KiB)
[A:tls] worker host=0 client=15 entries=1024 (~1088 KiB)
[A:tls] worker host=0 client=61 entries=1024 (~1088 KiB)
[A:tls] worker host=0 client=55 entries=1024 (~1088 KiB)
[A:tls] worker host=0 client=10 entries=1024 (~1088 KiB)
[A:tls] worker host=0 client=45 entries=1024 (~1088 KiB)
[A:tls] worker host=0 client=3 entries=1024 (~1088 KiB)
[A:tls] worker host=0 client=20 entries=1024 (~1088 KiB)
[A:tls] worker host=0 client=4 entries=1024 (~1088 KiB)
[A:tls] worker host=0 client=44 entries=1024 (~1088 KiB)
[A:tls] worker host=0 client=9 entries=1024 (~1088 KiB)
[A:tls] worker host=0 client=17 entries=1024 (~1088 KiB)
[A:tls] worker host=0 client=35 entries=1024 (~1088 KiB)
[A:tls] worker host=0 client=60 entries=1024 (~1088 KiB)
[A:tls] worker host=0 client=12 entries=1024 (~1088 KiB)
[A:tls] worker host=0 client=5 entries=1024 (~1088 KiB)
[A:tls] worker host=0 client=11 entries=1024 (~1088 KiB)
[A:tls] worker host=0 client=62 entries=1024 (~1088 KiB)
[A:tls] worker host=0 client=27 entries=1024 (~1088 KiB)
[A:tls] worker host=0 client=8 entries=1024 (~1088 KiB)
[A:tls] worker host=0 client=2 entries=1024 (~1088 KiB)
[A:tls] worker host=0 client=1 entries=1024 (~1088 KiB)
[A:tls] worker host=0 client=58 entries=1024 (~1088 KiB)
[A:tls] worker host=0 client=59 entries=1024 (~1088 KiB)
# PATH host=0 label=after_LOAD tid=140464195307648 r0_tls=0 r2hit=0 r2miss_local=0 r3=0 cpool_ins_r=0 local_w=1000929 fwd_w=0 local_w_blk_fwd=0 local_w_stg_fwd=0 cpool_ins_w=1000929 cp_evict=0 cp_set_stale=0 cp_lru_evict=486677 rh_served=0
# PATH host=0 label=after_LOAD AGG r0_tls=0 r2hit=0 r2miss_local=0 r3=0 cpool_ins_r=0 local_w=1000929 fwd_w=0 local_w_blk_fwd=0 local_w_stg_fwd=0 cpool_ins_w=1000929 cp_evict=0 cp_set_stale=0 cp_lru_evict=486677 rh_served=0
YCSB opt=A cache=1 num_hosts=2 threads=64 threads_eff=64 rep=1 load_ops=2000000 load_thpt=115541 trans_ops=5000000 trans_wall_max=55.583791 trans_agg_thpt=89954 w_avg_ns=24400 w_p50_ns=10387 w_p99_ns=31237 r_avg_ns=0 r_p50_ns=0 r_p99_ns=0 first_op_ns_max=4694280 first_op_ns_avg=1610839 ops_to_first_ns_max=332481242 ops_to_first_ns_avg=23897171 # xhost_write_optA_t64_cacheon_rep1
bash: line 1: 51214 Segmentation fault      FUSEE_NUM_HOSTS=2 FUSEE_HOST_ID=0 FUSEE_NUM_THREADS=64 FUSEE_RUN_COOKIE=2887422572 FUSEE_REP=1 FUSEE_CACHE=1 FUSEE_WORKLOAD_NAME=xhost_write FUSEE_KV_SIZE=1024 FUSEE_CACHE_BUCKETS=131072 FUSEE_RING_SHARDS_FACTOR=4 FUSEE_RING_ROUTING=worker_id FUSEE_FORCE_THREADS_PER_TYPE=16 ./tests/protocol_a_ycsb /dev/dax0.0 /tmp/microbench_traces/bench_xhost_write_uniform_h0.spec_load /tmp/microbench_traces/bench_xhost_write_uniform_h0.spec_trans 8388608 5000000 2>&1
