[A:cfg] ring_sharding T=64 N=4 -> shards=16 block=4 routing=worker_id
[A:thread] Worker pinned host=0 client=1 -> cpu=1 (pid=49727)
[A:thread] Worker pinned host=0 client=2 -> cpu=2 (pid=49728)
[A:thread] Worker pinned host=0 client=3 -> cpu=3 (pid=49729)
[A:thread] Worker pinned host=0 client=4 -> cpu=4 (pid=49730)
[A:thread] Worker pinned host=0 client=5 -> cpu=5 (pid=49731)
[A:thread] Worker pinned host=0 client=6 -> cpu=6 (pid=49732)
[A:thread] Worker pinned host=0 client=7 -> cpu=7 (pid=49733)
[A:thread] Worker pinned host=0 client=8 -> cpu=8 (pid=49734)
[A:thread] Worker pinned host=0 client=9 -> cpu=9 (pid=49735)
[A:thread] Worker pinned host=0 client=10 -> cpu=10 (pid=49736)
[A:thread] Worker pinned host=0 client=11 -> cpu=11 (pid=49737)
[A:thread] Worker pinned host=0 client=12 -> cpu=12 (pid=49738)
[A:thread] Worker pinned host=0 client=13 -> cpu=13 (pid=49739)
[A:thread] Worker pinned host=0 client=14 -> cpu=14 (pid=49740)
[A:thread] Worker pinned host=0 client=15 -> cpu=15 (pid=49741)
[A:thread] Worker pinned host=0 client=16 -> cpu=16 (pid=49742)
[A:thread] Worker pinned host=0 client=17 -> cpu=17 (pid=49743)
[A:thread] Worker pinned host=0 client=18 -> cpu=18 (pid=49744)
[A:thread] Worker pinned host=0 client=19 -> cpu=19 (pid=49745)
[A:thread] Worker pinned host=0 client=20 -> cpu=20 (pid=49746)
[A:thread] Worker pinned host=0 client=21 -> cpu=21 (pid=49747)
[A:thread] Worker pinned host=0 client=22 -> cpu=22 (pid=49748)
[A:thread] Worker pinned host=0 client=23 -> cpu=23 (pid=49749)
[A:thread] Worker pinned host=0 client=24 -> cpu=24 (pid=49750)
[A:thread] Worker pinned host=0 client=25 -> cpu=25 (pid=49751)
[A:thread] Worker pinned host=0 client=26 -> cpu=26 (pid=49752)
[A:thread] Worker pinned host=0 client=27 -> cpu=27 (pid=49753)
[A:thread] Worker pinned host=0 client=28 -> cpu=28 (pid=49754)
[A:thread] Worker pinned host=0 client=29 -> cpu=29 (pid=49755)
[A:thread] Worker pinned host=0 client=30 -> cpu=30 (pid=49756)
[A:thread] Worker pinned host=0 client=31 -> cpu=31 (pid=49757)
[A:thread] Worker pinned host=0 client=32 -> cpu=32 (pid=49758)
[A:thread] Worker pinned host=0 client=33 -> cpu=33 (pid=49759)
[A:thread] Worker pinned host=0 client=34 -> cpu=34 (pid=49760)
[A:thread] Worker pinned host=0 client=35 -> cpu=35 (pid=49761)
[A:thread] Worker pinned host=0 client=36 -> cpu=36 (pid=49762)
[A:thread] Worker pinned host=0 client=37 -> cpu=37 (pid=49763)
[A:thread] Worker pinned host=0 client=38 -> cpu=38 (pid=49764)
[A:thread] Worker pinned host=0 client=39 -> cpu=39 (pid=49765)
[A:thread] Worker pinned host=0 client=40 -> cpu=40 (pid=49766)
[A:thread] Worker pinned host=0 client=41 -> cpu=41 (pid=49767)
[A:thread] Worker pinned host=0 client=42 -> cpu=42 (pid=49768)
[A:thread] Worker pinned host=0 client=43 -> cpu=43 (pid=49769)
[A:thread] Worker pinned host=0 client=44 -> cpu=44 (pid=49770)
[A:thread] Worker pinned host=0 client=45 -> cpu=45 (pid=49771)
[A:thread] Worker pinned host=0 client=46 -> cpu=46 (pid=49772)
[A:thread] Worker pinned host=0 client=47 -> cpu=47 (pid=49773)
[A:thread] Worker pinned host=0 client=48 -> cpu=48 (pid=49774)
[A:thread] Worker pinned host=0 client=49 -> cpu=49 (pid=49775)
[A:thread] Worker pinned host=0 client=50 -> cpu=50 (pid=49776)
[A:thread] Worker pinned host=0 client=51 -> cpu=51 (pid=49777)
[A:thread] Worker pinned host=0 client=52 -> cpu=52 (pid=49778)
[A:thread] Worker pinned host=0 client=53 -> cpu=53 (pid=49779)
[A:thread] Worker pinned host=0 client=54 -> cpu=54 (pid=49780)
[A:thread] Worker pinned host=0 client=55 -> cpu=55 (pid=49781)
[A:thread] Worker pinned host=0 client=56 -> cpu=56 (pid=49782)
[A:thread] Worker pinned host=0 client=57 -> cpu=57 (pid=49783)
[A:thread] Worker pinned host=0 client=58 -> cpu=58 (pid=49784)
[A:thread] Worker pinned host=0 client=59 -> cpu=59 (pid=49785)
[A:thread] Worker pinned host=0 client=60 -> cpu=60 (pid=49786)
[A:thread] Worker pinned host=0 client=61 -> cpu=61 (pid=49787)
[A:thread] Worker pinned host=0 client=0 -> cpu=0 (pid=49726)
[A:thread] Worker pinned host=0 client=62 -> cpu=62 (pid=49788)
[A:thread] Worker pinned host=0 client=63 -> cpu=63 (pid=49789)
[A:thread] WriteRecv0 pid=49726 tid=139839737439936 cpu=64 host=0 rings=[0,1,2,3,4,5,6,7,8,9,10,11,12,13,14,15]
[A:thread] ReadRecv0 pid=49726 tid=139839729047232 cpu=65 host=0 rings=[0,1,2,3,4,5,6,7,8,9,10,11,12,13,14,15]
[A:thread] InvalRecv0 pid=49726 tid=139839720654528 cpu=66 host=0 rings=[0,1,2,3,4,5,6,7,8,9,10,11,12,13,14,15]
[A:thread] ReservHandler pid=49726 tid=139839670634176 pinned cpu=85 (host_id=0)
[A:tls] worker host=0 client=63 entries=1024 (~1088 KiB)
[A:tls] worker host=0 client=11 entries=1024 (~1088 KiB)
[A:tls] worker host=0 client=7 entries=1024 (~1088 KiB)
[A:tls] worker host=0 client=1 entries=1024 (~1088 KiB)
[A:tls] worker host=0 client=5 entries=1024 (~1088 KiB)
[A:tls] worker host=0 client=39 entries=1024 (~1088 KiB)
[A:tls] worker host=0 client=0 entries=1024 (~1088 KiB)
[A:tls] worker host=0 client=3 entries=1024 (~1088 KiB)
[A:tls] worker host=0 client=13 entries=1024 (~1088 KiB)
[A:tls] worker host=0 client=46 entries=1024 (~1088 KiB)
[A:tls] worker host=0 client=14 entries=1024 (~1088 KiB)
[A:tls] worker host=0 client=61 entries=1024 (~1088 KiB)
[A:tls] worker host=0 client=17 entries=1024 (~1088 KiB)
[A:tls] worker host=0 client=2 entries=1024 (~1088 KiB)
[A:tls] worker host=0 client=16 entries=1024 (~1088 KiB)
[A:tls] worker host=0 client=62 entries=1024 (~1088 KiB)
[A:tls] worker host=0 client=28 entries=1024 (~1088 KiB)
[A:tls] worker host=0 client=10 entries=1024 (~1088 KiB)
[A:tls] worker host=0 client=37 entries=1024 (~1088 KiB)
[A:tls] worker host=0 client=42 entries=1024 (~1088 KiB)
[A:tls] worker host=0 client=4 entries=1024 (~1088 KiB)
[A:tls] worker host=0 client=20 entries=1024 (~1088 KiB)
[A:tls] worker host=0 client=52 entries=1024 (~1088 KiB)
[A:tls] worker host=0 client=49 entries=1024 (~1088 KiB)
[A:tls] worker host=0 client=35 entries=1024 (~1088 KiB)
[A:tls] worker host=0 client=22 entries=1024 (~1088 KiB)
[A:tls] worker host=0 client=44 entries=1024 (~1088 KiB)
[A:tls] worker host=0 client=58 entries=1024 (~1088 KiB)
[A:tls] worker host=0 client=25 entries=1024 (~1088 KiB)
[A:tls] worker host=0 client=57 entries=1024 (~1088 KiB)
[A:tls] worker host=0 client=60 entries=1024 (~1088 KiB)
[A:tls] worker host=0 client=48 entries=1024 (~1088 KiB)
[A:tls] worker host=0 client=19 entries=1024 (~1088 KiB)
[A:tls] worker host=0 client=33 entries=1024 (~1088 KiB)
[A:tls] worker host=0 client=43 entries=1024 (~1088 KiB)
[A:tls] worker host=0 client=40 entries=1024 (~1088 KiB)
[A:tls] worker host=0 client=50 entries=1024 (~1088 KiB)
[A:tls] worker host=0 client=38 entries=1024 (~1088 KiB)
[A:tls] worker host=0 client=21 entries=1024 (~1088 KiB)
[A:tls] worker host=0 client=59 entries=1024 (~1088 KiB)
[A:tls] worker host=0 client=23 entries=1024 (~1088 KiB)
[A:tls] worker host=0 client=34 entries=1024 (~1088 KiB)
[A:tls] worker host=0 client=27 entries=1024 (~1088 KiB)
[A:tls] worker host=0 client=54 entries=1024 (~1088 KiB)
[A:tls] worker host=0 client=55 entries=1024 (~1088 KiB)
[A:tls] worker host=0 client=53 entries=1024 (~1088 KiB)
[A:tls] worker host=0 client=24 entries=1024 (~1088 KiB)
[A:tls] worker host=0 client=45 entries=1024 (~1088 KiB)
[A:tls] worker host=0 client=31 entries=1024 (~1088 KiB)
[A:tls] worker host=0 client=12 entries=1024 (~1088 KiB)
[A:tls] worker host=0 client=18 entries=1024 (~1088 KiB)
[A:tls] worker host=0 client=41 entries=1024 (~1088 KiB)
[A:tls] worker host=0 client=29 entries=1024 (~1088 KiB)
[A:tls] worker host=0 client=26 entries=1024 (~1088 KiB)
[A:tls] worker host=0 client=30 entries=1024 (~1088 KiB)
[A:tls] worker host=0 client=32 entries=1024 (~1088 KiB)
[A:tls] worker host=0 client=56 entries=1024 (~1088 KiB)
[A:tls] worker host=0 client=47 entries=1024 (~1088 KiB)
[A:tls] worker host=0 client=51 entries=1024 (~1088 KiB)
[A:tls] worker host=0 client=36 entries=1024 (~1088 KiB)
[A:tls] worker host=0 client=9 entries=1024 (~1088 KiB)
[A:tls] worker host=0 client=15 entries=1024 (~1088 KiB)
[A:tls] worker host=0 client=8 entries=1024 (~1088 KiB)
[A:tls] worker host=0 client=6 entries=1024 (~1088 KiB)
# PATH host=0 label=after_LOAD tid=139839737653376 r0_tls=0 r2hit=0 r2miss_local=0 r3=0 cpool_ins_r=0 local_w=1000929 fwd_w=0 local_w_blk_fwd=0 local_w_stg_fwd=0 cpool_ins_w=1000929 cp_evict=0 cp_set_stale=0 cp_lru_evict=486677 rh_served=0
# PATH host=0 label=after_LOAD AGG r0_tls=0 r2hit=0 r2miss_local=0 r3=0 cpool_ins_r=0 local_w=1000929 fwd_w=0 local_w_blk_fwd=0 local_w_stg_fwd=0 cpool_ins_w=1000929 cp_evict=0 cp_set_stale=0 cp_lru_evict=486677 rh_served=0
YCSB opt=A cache=1 num_hosts=2 threads=64 threads_eff=64 rep=3 load_ops=2000000 load_thpt=157691 trans_ops=5000000 trans_wall_max=6.166558 trans_agg_thpt=810824 w_avg_ns=157167 w_p50_ns=156662 w_p99_ns=168826 r_avg_ns=0 r_p50_ns=0 r_p99_ns=0 first_op_ns_max=277685 first_op_ns_avg=94865 ops_to_first_ns_max=278062 ops_to_first_ns_avg=95865 # xhost_write_optA_t64_cacheon_rep3
# PATH host=0 label=after_TRANS tid=139839737653376 r0_tls=0 r2hit=0 r2miss_local=0 r3=0 cpool_ins_r=0 local_w=1000929 fwd_w=39063 local_w_blk_fwd=0 local_w_stg_fwd=0 cpool_ins_w=1000929 cp_evict=0 cp_set_stale=0 cp_lru_evict=486677 rh_served=0
# PATH host=0 label=after_TRANS tid=139839737439936 r0_tls=0 r2hit=0 r2miss_local=0 r3=0 cpool_ins_r=0 local_w=0 fwd_w=0 local_w_blk_fwd=2499968 local_w_stg_fwd=0 cpool_ins_w=0 cp_evict=471534 cp_set_stale=0 cp_lru_evict=0 rh_served=0
# PATH host=0 label=after_TRANS AGG r0_tls=0 r2hit=0 r2miss_local=0 r3=0 cpool_ins_r=0 local_w=1000929 fwd_w=39063 local_w_blk_fwd=2499968 local_w_stg_fwd=0 cpool_ins_w=1000929 cp_evict=471534 cp_set_stale=0 cp_lru_evict=486677 rh_served=0
# CACHE_FILL host=0 cache_buckets=131072 capacity=524288 filled=42718 stale=0 tomb=471534 fill_pct=8.148
