[A:cfg] ring_sharding T=64 N=4 -> shards=16 block=4 routing=worker_id
[A:thread] Worker pinned host=1 client=1 -> cpu=1 (pid=51275)
[A:thread] Worker pinned host=1 client=2 -> cpu=2 (pid=51276)
[A:thread] Worker pinned host=1 client=3 -> cpu=3 (pid=51277)
[A:thread] Worker pinned host=1 client=4 -> cpu=4 (pid=51278)
[A:thread] Worker pinned host=1 client=5 -> cpu=5 (pid=51279)
[A:thread] Worker pinned host=1 client=6 -> cpu=6 (pid=51280)
[A:thread] Worker pinned host=1 client=7 -> cpu=7 (pid=51281)
[A:thread] Worker pinned host=1 client=8 -> cpu=8 (pid=51282)
[A:thread] Worker pinned host=1 client=9 -> cpu=9 (pid=51283)
[A:thread] Worker pinned host=1 client=10 -> cpu=10 (pid=51284)
[A:thread] Worker pinned host=1 client=11 -> cpu=11 (pid=51285)
[A:thread] Worker pinned host=1 client=12 -> cpu=12 (pid=51286)
[A:thread] Worker pinned host=1 client=13 -> cpu=13 (pid=51287)
[A:thread] Worker pinned host=1 client=14 -> cpu=14 (pid=51288)
[A:thread] Worker pinned host=1 client=15 -> cpu=15 (pid=51289)
[A:thread] Worker pinned host=1 client=16 -> cpu=16 (pid=51290)
[A:thread] Worker pinned host=1 client=17 -> cpu=17 (pid=51291)
[A:thread] Worker pinned host=1 client=18 -> cpu=18 (pid=51292)
[A:thread] Worker pinned host=1 client=19 -> cpu=19 (pid=51293)
[A:thread] Worker pinned host=1 client=20 -> cpu=20 (pid=51294)
[A:thread] Worker pinned host=1 client=21 -> cpu=21 (pid=51295)
[A:thread] Worker pinned host=1 client=22 -> cpu=22 (pid=51296)
[A:thread] Worker pinned host=1 client=23 -> cpu=23 (pid=51297)
[A:thread] Worker pinned host=1 client=24 -> cpu=24 (pid=51298)
[A:thread] Worker pinned host=1 client=25 -> cpu=25 (pid=51299)
[A:thread] Worker pinned host=1 client=26 -> cpu=26 (pid=51300)
[A:thread] Worker pinned host=1 client=27 -> cpu=27 (pid=51301)
[A:thread] Worker pinned host=1 client=28 -> cpu=28 (pid=51302)
[A:thread] Worker pinned host=1 client=29 -> cpu=29 (pid=51303)
[A:thread] Worker pinned host=1 client=30 -> cpu=30 (pid=51304)
[A:thread] Worker pinned host=1 client=31 -> cpu=31 (pid=51305)
[A:thread] Worker pinned host=1 client=32 -> cpu=32 (pid=51306)
[A:thread] Worker pinned host=1 client=33 -> cpu=33 (pid=51307)
[A:thread] Worker pinned host=1 client=34 -> cpu=34 (pid=51308)
[A:thread] Worker pinned host=1 client=35 -> cpu=35 (pid=51309)
[A:thread] Worker pinned host=1 client=36 -> cpu=36 (pid=51310)
[A:thread] Worker pinned host=1 client=37 -> cpu=37 (pid=51311)
[A:thread] Worker pinned host=1 client=38 -> cpu=38 (pid=51312)
[A:thread] Worker pinned host=1 client=39 -> cpu=39 (pid=51313)
[A:thread] Worker pinned host=1 client=40 -> cpu=40 (pid=51314)
[A:thread] Worker pinned host=1 client=41 -> cpu=41 (pid=51315)
[A:thread] Worker pinned host=1 client=42 -> cpu=42 (pid=51316)
[A:thread] Worker pinned host=1 client=43 -> cpu=43 (pid=51317)
[A:thread] Worker pinned host=1 client=44 -> cpu=44 (pid=51318)
[A:thread] Worker pinned host=1 client=45 -> cpu=45 (pid=51319)
[A:thread] Worker pinned host=1 client=46 -> cpu=46 (pid=51320)
[A:thread] Worker pinned host=1 client=47 -> cpu=47 (pid=51321)
[A:thread] Worker pinned host=1 client=48 -> cpu=48 (pid=51322)
[A:thread] Worker pinned host=1 client=49 -> cpu=49 (pid=51323)
[A:thread] Worker pinned host=1 client=50 -> cpu=50 (pid=51324)
[A:thread] Worker pinned host=1 client=51 -> cpu=51 (pid=51325)
[A:thread] Worker pinned host=1 client=52 -> cpu=52 (pid=51326)
[A:thread] Worker pinned host=1 client=53 -> cpu=53 (pid=51327)
[A:thread] Worker pinned host=1 client=54 -> cpu=54 (pid=51328)
[A:thread] Worker pinned host=1 client=55 -> cpu=55 (pid=51329)
[A:thread] Worker pinned host=1 client=56 -> cpu=56 (pid=51330)
[A:thread] Worker pinned host=1 client=57 -> cpu=57 (pid=51331)
[A:thread] Worker pinned host=1 client=58 -> cpu=58 (pid=51332)
[A:thread] Worker pinned host=1 client=59 -> cpu=59 (pid=51333)
[A:thread] Worker pinned host=1 client=61 -> cpu=61 (pid=51335)
[A:thread] Worker pinned host=1 client=60 -> cpu=60 (pid=51334)
[A:thread] Worker pinned host=1 client=0 -> cpu=0 (pid=51274)
[A:thread] Worker pinned host=1 client=62 -> cpu=62 (pid=51336)
[A:thread] Worker pinned host=1 client=63 -> cpu=63 (pid=51337)
[A:thread] WriteRecv0 pid=51274 tid=140274896426688 cpu=64 host=1 rings=[0]
[A:thread] WriteRecv1 pid=51274 tid=140274888033984 cpu=65 host=1 rings=[1]
[A:thread] WriteRecv2 pid=51274 tid=140274879641280 cpu=66 host=1 rings=[2]
[A:thread] WriteRecv3 pid=51274 tid=140274829620928 cpu=67 host=1 rings=[3]
[A:thread] WriteRecv4 pid=51274 tid=140274821228224 cpu=68 host=1 rings=[4]
[A:thread] WriteRecv5 pid=51274 tid=140274812835520 cpu=69 host=1 rings=[5]
[A:thread] WriteRecv7 pid=51274 tid=140274804442816 cpu=71 host=1 rings=[7]
[A:thread] WriteRecv6 pid=51274 tid=140274669975232 cpu=70 host=1 rings=[6]
[A:thread] WriteRecv8 pid=51274 tid=140274796050112 cpu=72 host=1 rings=[8]
[A:thread] WriteRecv9 pid=51274 tid=140274787657408 cpu=73 host=1 rings=[9]
[A:thread] WriteRecv10 pid=51274 tid=140274705626816 cpu=74 host=1 rings=[10]
[A:thread] WriteRecv13 pid=51274 tid=140274680448704 cpu=77 host=1 rings=[13]
[A:thread] WriteRecv12 pid=51274 tid=140274688841408 cpu=76 host=1 rings=[12]
[A:thread] WriteRecv11 pid=51274 tid=140274697234112 cpu=75 host=1 rings=[11]
[A:thread] WriteRecv14 pid=51274 tid=140274661582528 cpu=78 host=1 rings=[14]
[A:thread] WriteRecv15 pid=51274 tid=140274653189824 cpu=79 host=1 rings=[15]
[A:thread] ReadRecv0 pid=51274 tid=140274370082496 cpu=80 host=1 rings=[0]
[A:thread] ReadRecv1 pid=51274 tid=140274361689792 cpu=81 host=1 rings=[[A:thread] ReadRecv4 pid=51274 tid=140274336511680 cpu=84 host=1 rings=[4]
[A:thread] ReadRecv8 pid=51274 tid=140253922838208 cpu=66 host=1 rings=[[A:thread] ReadRecv2 pid=51274 tid=140274353297088 cpu=82 host=1 rings=[[A:thread] ReadRecv3 pid=51274 tid=140274344904384 cpu=83 host=1 rings=[[A:thread] ReadRecv10 pid=51274 tid=140253096572608 cpu=68 host=1 rings=[10]
[A:thread] ReadRecv11 pid=51274 tid=140253088179904 cpu=69 host=1 rings=[811]
[A:thread] ReadRecv9 pid=51274 tid=140253914445504 cpu=67 host=1 rings=[[A:thread] ReadRecv7 pid=51274 tid=140253931230912 cpu=65 host=1 rings=[7]
1[A:thread] ReadRecv6 pid=51274 tid=140253939623616 cpu=64 host=1 rings=[2]
3[A:thread] ReadRecv12 pid=51274 tid=140253079787200 cpu=70 host=1 rings=[[A:thread] ReadRecv14 pid=51274 tid=140253063001792 cpu=72 host=1 rings=[[A:thread] ReadRecv13 pid=51274 tid=140253071394496 cpu=71 host=1 rings=[[A:thread] ReadRecv5 pid=51274 tid=140253948016320 cpu=85 host=1 rings=[5]
]
12]
]
6]
14]
9]
[A:thread] ReadRecv15 pid=51274 tid=140253054609088 cpu=73 host=1 rings=[15]
13]
]
[A:thread] InvalRecv0 pid=51274 tid=140253046216384 cpu=74 host=1 rings=[[A:thread] InvalRecv2 pid=51274 tid=140252417091264 cpu=76 host=1 rings=[[A:thread] InvalRecv5 pid=51274 tid=140252391913152 cpu=79 host=1 rings=[[A:thread] InvalRecv1 pid=51274 tid=140252425483968 cpu=75 host=1 rings=[1]
[A:thread] InvalRecv7 pid=51274 tid=140252375127744 cpu=81 host=1 rings=[7]
[A:thread] InvalRecv4 pid=51274 tid=140252400305856 cpu=78 host=1 rings=[2[A:thread] InvalRecv9 pid=51274 tid=140252282873536 cpu=83 host=1 rings=[9[A:thread] InvalRecv12 pid=51274 tid=140252257695424 cpu=64 host=1 rings=[[A:thread] InvalRecv3 pid=51274 tid=140252408698560 cpu=77 host=1 rings=[12[A:thread] InvalRecv11 pid=51274 tid=140252266088128 cpu=85 host=1 rings=[11]
[A:thread] InvalRecv6 pid=51274 tid=140252383520448 cpu=80 host=1 rings=[6]
[A:thread] InvalRecv10 pid=51274 tid=140252274480832 cpu=84 host=1 rings=[10]
]
3]
0]
]
4[A:thread] InvalRecv8 pid=51274 tid=140252291266240 cpu=82 host=1 rings=[]
]
5]
8]
[A:thread] InvalRecv13 pid=51274 tid=140252249302720 cpu=65 host=1 rings=[13]
[A:thread] InvalRecv15 pid=51274 tid=140251754395328 cpu=67 host=1 rings=[15]
[A:thread] InvalRecv14 pid=51274 tid=140252240910016 cpu=66 host=1 rings=[14]
[A:tls] worker host=1 client=29 entries=1024 (~1088 KiB)
[A:tls] worker host=1 client=19 entries=1024 (~1088 KiB)
[A:tls] worker host=1 client=21 entries=1024 (~1088 KiB)
[A:tls] worker host=1 client=41 entries=1024 (~1088 KiB)
[A:tls] worker host=1 client=60 entries=1024 (~1088 KiB)
[A:tls] worker host=1 client=11 entries=1024 (~1088 KiB)
[A:tls] worker host=1 client=13 entries=1024 (~1088 KiB)
[A:tls] worker host=1 client=0 entries=1024 (~1088 KiB)
[A:tls] worker host=1 client=56 entries=1024 (~1088 KiB)
[A:tls] worker host=1 client=20 entries=1024 (~1088 KiB)
[A:tls] worker host=1 client=35 entries=1024 (~1088 KiB)
[A:tls] worker host=1 client=7 entries=1024 (~1088 KiB)
[A:tls] worker host=1 client=15 entries=1024 (~1088 KiB)
[A:tls] worker host=1 client=33 entries=1024 (~1088 KiB)
[A:tls] worker host=1 client=25 entries=1024 (~1088 KiB)
[A:tls] worker host=1 client=14 entries=1024 (~1088 KiB)
[A:tls] worker host=1 client=12 entries=1024 (~1088 KiB)
[A:tls] worker host=1 client=42 entries=1024 (~1088 KiB)
[A:tls] worker host=1 client=34 entries=1024 (~1088 KiB)
[A:tls] worker host=1 client=18 entries=1024 (~1088 KiB)
[A:tls] worker host=1 client=1 entries=1024 (~1088 KiB)
[A:tls] worker host=1 client=16 entries=1024 (~1088 KiB)
[A:tls] worker host=1 client=58 entries=1024 (~1088 KiB)
[A:tls] worker host=1 client=49 entries=1024 (~1088 KiB)
[A:tls] worker host=1 client=44 entries=1024 (~1088 KiB)
[A:tls] worker host=1 client=46 entries=1024 (~1088 KiB)
[A:tls] worker host=1 client=9 entries=1024 (~1088 KiB)
[A:tls] worker host=1 client=57 entries=1024 (~1088 KiB)
[A:tls] worker host=1 client=17 entries=1024 (~1088 KiB)
[A:tls] worker host=1 client=59 entries=1024 (~1088 KiB)
[A:tls] worker host=1 client=43 entries=1024 (~1088 KiB)
[A:tls] worker host=1 client=36 entries=1024 (~1088 KiB)
[A:tls] worker host=1 client=5 entries=1024 (~1088 KiB)
[A:thread] ReservHandler pid=51274 tid=140251746002624 pinned cpu=85 (host_id=1)
[A:tls] worker host=1 client=27 entries=1024 (~1088 KiB)
[A:tls] worker host=1 client=53 entries=1024 (~1088 KiB)
[A:tls] worker host=1 client=50 entries=1024 (~1088 KiB)
[A:tls] worker host=1 client=47 entries=1024 (~1088 KiB)
[A:tls] worker host=1 client=28 entries=1024 (~1088 KiB)
[A:tls] worker host=1 client=37 entries=1024 (~1088 KiB)
[A:tls] worker host=1 client=55 entries=1024 (~1088 KiB)
[A:tls] worker host=1 client=6 entries=1024 (~1088 KiB)
[A:tls] worker host=1 client=62 entries=1024 (~1088 KiB)
[A:tls] worker host=1 client=26 entries=1024 (~1088 KiB)
[A:tls] worker host=1 client=2 entries=1024 (~1088 KiB)
[A:tls] worker host=1 client=52 entries=1024 (~1088 KiB)
[A:tls] worker host=1 client=32 entries=1024 (~1088 KiB)
[A:tls] worker host=1 client=4 entries=1024 (~1088 KiB)
[A:tls] worker host=1 client=61 entries=1024 (~1088 KiB)
[A:tls] worker host=1 client=38 entries=1024 (~1088 KiB)
[A:tls] worker host=1 client=8 entries=1024 (~1088 KiB)
[A:tls] worker host=1 client=30 entries=1024 (~1088 KiB)
[A:tls] worker host=1 client=39 entries=1024 (~1088 KiB)
[A:tls] worker host=1 client=63 entries=1024 (~1088 KiB)
[A:tls] worker host=1 client=40 entries=1024 (~1088 KiB)
[A:tls] worker host=1 client=23 entries=1024 (~1088 KiB)
[A:tls] worker host=1 client=3 entries=1024 (~1088 KiB)
[A:tls] worker host=1 client=48 entries=1024 (~1088 KiB)
[A:tls] worker host=1 client=22 entries=1024 (~1088 KiB)
[A:tls] worker host=1 client=51 entries=1024 (~1088 KiB)
[A:tls] worker host=1 client=54 entries=1024 (~1088 KiB)
[A:tls] worker host=1 client=24 entries=1024 (~1088 KiB)
[A:tls] worker host=1 client=31 entries=1024 (~1088 KiB)
[A:tls] worker host=1 client=10 entries=1024 (~1088 KiB)
[A:tls] worker host=1 client=45 entries=1024 (~1088 KiB)
# PATH host=1 label=after_LOAD tid=140274896640128 r0_tls=0 r2hit=0 r2miss_local=0 r3=0 cpool_ins_r=0 local_w=999071 fwd_w=0 local_w_blk_fwd=0 local_w_stg_fwd=0 cpool_ins_w=999071 cp_evict=0 cp_set_stale=0 cp_lru_evict=440398 rh_served=0
# PATH host=1 label=after_LOAD tid=140274796050112 r0_tls=0 r2hit=0 r2miss_local=0 r3=0 cpool_ins_r=0 local_w=0 fwd_w=0 local_w_blk_fwd=87797 local_w_stg_fwd=0 cpool_ins_w=0 cp_evict=29526 cp_set_stale=0 cp_lru_evict=0 rh_served=0
# PATH host=1 label=after_LOAD tid=140274787657408 r0_tls=0 r2hit=0 r2miss_local=0 r3=0 cpool_ins_r=0 local_w=0 fwd_w=0 local_w_blk_fwd=89080 local_w_stg_fwd=0 cpool_ins_w=0 cp_evict=29772 cp_set_stale=0 cp_lru_evict=0 rh_served=0
# PATH host=1 label=after_LOAD tid=140274896426688 r0_tls=0 r2hit=0 r2miss_local=0 r3=0 cpool_ins_r=0 local_w=0 fwd_w=0 local_w_blk_fwd=1299 local_w_stg_fwd=0 cpool_ins_w=0 cp_evict=499 cp_set_stale=0 cp_lru_evict=0 rh_served=0
# PATH host=1 label=after_LOAD tid=140274653189824 r0_tls=0 r2hit=0 r2miss_local=0 r3=0 cpool_ins_r=0 local_w=0 fwd_w=0 local_w_blk_fwd=83557 local_w_stg_fwd=0 cpool_ins_w=0 cp_evict=27807 cp_set_stale=0 cp_lru_evict=0 rh_served=0
# PATH host=1 label=after_LOAD tid=140274812835520 r0_tls=0 r2hit=0 r2miss_local=0 r3=0 cpool_ins_r=0 local_w=0 fwd_w=0 local_w_blk_fwd=79964 local_w_stg_fwd=0 cpool_ins_w=0 cp_evict=26688 cp_set_stale=0 cp_lru_evict=0 rh_served=0
# PATH host=1 label=after_LOAD tid=140274669975232 r0_tls=0 r2hit=0 r2miss_local=0 r3=0 cpool_ins_r=0 local_w=0 fwd_w=0 local_w_blk_fwd=86921 local_w_stg_fwd=0 cpool_ins_w=0 cp_evict=28954 cp_set_stale=0 cp_lru_evict=0 rh_served=0
# PATH host=1 label=after_LOAD tid=140274661582528 r0_tls=0 r2hit=0 r2miss_local=0 r3=0 cpool_ins_r=0 local_w=0 fwd_w=0 local_w_blk_fwd=79283 local_w_stg_fwd=0 cpool_ins_w=0 cp_evict=26430 cp_set_stale=0 cp_lru_evict=0 rh_served=0
# PATH host=1 label=after_LOAD tid=140274804442816 r0_tls=0 r2hit=0 r2miss_local=0 r3=0 cpool_ins_r=0 local_w=0 fwd_w=0 local_w_blk_fwd=86856 local_w_stg_fwd=0 cpool_ins_w=0 cp_evict=29080 cp_set_stale=0 cp_lru_evict=0 rh_served=0
# PATH host=1 label=after_LOAD tid=140274705626816 r0_tls=0 r2hit=0 r2miss_local=0 r3=0 cpool_ins_r=0 local_w=0 fwd_w=0 local_w_blk_fwd=80353 local_w_stg_fwd=0 cpool_ins_w=0 cp_evict=26482 cp_set_stale=0 cp_lru_evict=0 rh_served=0
# PATH host=1 label=after_LOAD tid=140274697234112 r0_tls=0 r2hit=0 r2miss_local=0 r3=0 cpool_ins_r=0 local_w=0 fwd_w=0 local_w_blk_fwd=88300 local_w_stg_fwd=0 cpool_ins_w=0 cp_evict=29402 cp_set_stale=0 cp_lru_evict=0 rh_served=0
# PATH host=1 label=after_LOAD tid=140274821228224 r0_tls=0 r2hit=0 r2miss_local=0 r3=0 cpool_ins_r=0 local_w=0 fwd_w=0 local_w_blk_fwd=85096 local_w_stg_fwd=0 cpool_ins_w=0 cp_evict=28616 cp_set_stale=0 cp_lru_evict=0 rh_served=0
# PATH host=1 label=after_LOAD tid=140274688841408 r0_tls=0 r2hit=0 r2miss_local=0 r3=0 cpool_ins_r=0 local_w=0 fwd_w=0 local_w_blk_fwd=84442 local_w_stg_fwd=0 cpool_ins_w=0 cp_evict=28191 cp_set_stale=0 cp_lru_evict=0 rh_served=0
# PATH host=1 label=after_LOAD tid=140274680448704 r0_tls=0 r2hit=0 r2miss_local=0 r3=0 cpool_ins_r=0 local_w=0 fwd_w=0 local_w_blk_fwd=89528 local_w_stg_fwd=0 cpool_ins_w=0 cp_evict=29899 cp_set_stale=0 cp_lru_evict=0 rh_served=0
# PATH host=1 label=after_LOAD tid=140274879641280 r0_tls=0 r2hit=0 r2miss_local=0 r3=0 cpool_ins_r=0 local_w=0 fwd_w=0 local_w_blk_fwd=1101 local_w_stg_fwd=0 cpool_ins_w=0 cp_evict=326 cp_set_stale=0 cp_lru_evict=0 rh_served=0
# PATH host=1 label=after_LOAD tid=140274829620928 r0_tls=0 r2hit=0 r2miss_local=0 r3=0 cpool_ins_r=0 local_w=0 fwd_w=0 local_w_blk_fwd=1142 local_w_stg_fwd=0 cpool_ins_w=0 cp_evict=326 cp_set_stale=0 cp_lru_evict=0 rh_served=0
# PATH host=1 label=after_LOAD tid=140274888033984 r0_tls=0 r2hit=0 r2miss_local=0 r3=0 cpool_ins_r=0 local_w=0 fwd_w=0 local_w_blk_fwd=1132 local_w_stg_fwd=0 cpool_ins_w=0 cp_evict=306 cp_set_stale=0 cp_lru_evict=0 rh_served=0
# PATH host=1 label=after_LOAD AGG r0_tls=0 r2hit=0 r2miss_local=0 r3=0 cpool_ins_r=0 local_w=999071 fwd_w=0 local_w_blk_fwd=1025853 local_w_stg_fwd=0 cpool_ins_w=999071 cp_evict=342304 cp_set_stale=0 cp_lru_evict=440398 rh_served=0
bash: line 1: 51274 Segmentation fault      FUSEE_NUM_HOSTS=2 FUSEE_HOST_ID=1 FUSEE_NUM_THREADS=64 FUSEE_RUN_COOKIE=278624196 FUSEE_REP=3 FUSEE_CACHE=1 FUSEE_WORKLOAD_NAME=xhost_write FUSEE_KV_SIZE=1024 FUSEE_CACHE_BUCKETS=131072 FUSEE_RING_SHARDS_FACTOR=4 FUSEE_RING_ROUTING=worker_id FUSEE_FORCE_THREADS_PER_TYPE=16 ./tests/protocol_a_ycsb /dev/dax0.0 /tmp/microbench_traces/bench_xhost_write_uniform_h1.spec_load /tmp/microbench_traces/bench_xhost_write_uniform_h1.spec_trans 8388608 5000000 2>&1
