[A:cfg] ring_sharding T=64 N=4 -> shards=16 block=4 routing=worker_id
[A:thread] Worker pinned host=0 client=1 -> cpu=1 (pid=51835)
[A:thread] Worker pinned host=0 client=2 -> cpu=2 (pid=51836)
[A:thread] Worker pinned host=0 client=3 -> cpu=3 (pid=51837)
[A:thread] Worker pinned host=0 client=4 -> cpu=4 (pid=51838)
[A:thread] Worker pinned host=0 client=5 -> cpu=5 (pid=51839)
[A:thread] Worker pinned host=0 client=6 -> cpu=6 (pid=51840)
[A:thread] Worker pinned host=0 client=7 -> cpu=7 (pid=51841)
[A:thread] Worker pinned host=0 client=8 -> cpu=8 (pid=51842)
[A:thread] Worker pinned host=0 client=9 -> cpu=9 (pid=51843)
[A:thread] Worker pinned host=0 client=10 -> cpu=10 (pid=51844)
[A:thread] Worker pinned host=0 client=11 -> cpu=11 (pid=51845)
[A:thread] Worker pinned host=0 client=12 -> cpu=12 (pid=51846)
[A:thread] Worker pinned host=0 client=13 -> cpu=13 (pid=51847)
[A:thread] Worker pinned host=0 client=14 -> cpu=14 (pid=51848)
[A:thread] Worker pinned host=0 client=15 -> cpu=15 (pid=51849)
[A:thread] Worker pinned host=0 client=16 -> cpu=16 (pid=51850)
[A:thread] Worker pinned host=0 client=17 -> cpu=17 (pid=51851)
[A:thread] Worker pinned host=0 client=18 -> cpu=18 (pid=51852)
[A:thread] Worker pinned host=0 client=19 -> cpu=19 (pid=51853)
[A:thread] Worker pinned host=0 client=20 -> cpu=20 (pid=51854)
[A:thread] Worker pinned host=0 client=21 -> cpu=21 (pid=51855)
[A:thread] Worker pinned host=0 client=22 -> cpu=22 (pid=51856)
[A:thread] Worker pinned host=0 client=23 -> cpu=23 (pid=51857)
[A:thread] Worker pinned host=0 client=24 -> cpu=24 (pid=51858)
[A:thread] Worker pinned host=0 client=26 -> cpu=26 (pid=51860)
[A:thread] Worker pinned host=0 client=25 -> cpu=25 (pid=51859)
[A:thread] Worker pinned host=0 client=27 -> cpu=27 (pid=51861)
[A:thread] Worker pinned host=0 client=28 -> cpu=28 (pid=51862)
[A:thread] Worker pinned host=0 client=29 -> cpu=29 (pid=51863)
[A:thread] Worker pinned host=0 client=30 -> cpu=30 (pid=51864)
[A:thread] Worker pinned host=0 client=31 -> cpu=31 (pid=51865)
[A:thread] Worker pinned host=0 client=32 -> cpu=32 (pid=51866)
[A:thread] Worker pinned host=0 client=33 -> cpu=33 (pid=51867)
[A:thread] Worker pinned host=0 client=34 -> cpu=34 (pid=51868)
[A:thread] Worker pinned host=0 client=35 -> cpu=35 (pid=51869)
[A:thread] Worker pinned host=0 client=36 -> cpu=36 (pid=51870)
[A:thread] Worker pinned host=0 client=37 -> cpu=37 (pid=51871)
[A:thread] Worker pinned host=0 client=38 -> cpu=38 (pid=51872)
[A:thread] Worker pinned host=0 client=39 -> cpu=39 (pid=51873)
[A:thread] Worker pinned host=0 client=40 -> cpu=40 (pid=51874)
[A:thread] Worker pinned host=0 client=41 -> cpu=41 (pid=51875)
[A:thread] Worker pinned host=0 client=42 -> cpu=42 (pid=51876)
[A:thread] Worker pinned host=0 client=43 -> cpu=43 (pid=51877)
[A:thread] Worker pinned host=0 client=44 -> cpu=44 (pid=51878)
[A:thread] Worker pinned host=0 client=45 -> cpu=45 (pid=51879)
[A:thread] Worker pinned host=0 client=46 -> cpu=46 (pid=51880)
[A:thread] Worker pinned host=0 client=47 -> cpu=47 (pid=51881)
[A:thread] Worker pinned host=0 client=48 -> cpu=48 (pid=51882)
[A:thread] Worker pinned host=0 client=49 -> cpu=49 (pid=51883)
[A:thread] Worker pinned host=0 client=50 -> cpu=50 (pid=51884)
[A:thread] Worker pinned host=0 client=51 -> cpu=51 (pid=51885)
[A:thread] Worker pinned host=0 client=52 -> cpu=52 (pid=51886)
[A:thread] Worker pinned host=0 client=54 -> cpu=54 (pid=51888)
[A:thread] Worker pinned host=0 client=53 -> cpu=53 (pid=51887)
[A:thread] Worker pinned host=0 client=55 -> cpu=55 (pid=51889)
[A:thread] Worker pinned host=0 client=56 -> cpu=56 (pid=51890)
[A:thread] Worker pinned host=0 client=57 -> cpu=57 (pid=51891)
[A:thread] Worker pinned host=0 client=58 -> cpu=58 (pid=51892)
[A:thread] Worker pinned host=0 client=60 -> cpu=60 (pid=51894)
[A:thread] Worker pinned host=0 client=59 -> cpu=59 (pid=51893)
[A:thread] Worker pinned host=0 client=61 -> cpu=61 (pid=51895)
[A:thread] Worker pinned host=0 client=62 -> cpu=62 (pid=51896)
[A:thread] Worker pinned host=0 client=0 -> cpu=0 (pid=51834)
[A:thread] Worker pinned host=0 client=63 -> cpu=63 (pid=51897)
[A:thread] WriteRecv0 pid=51834 tid=140069029476032 cpu=64 host=0 rings=[0]
[A:thread] WriteRecv1 pid=51834 tid=140069021083328 cpu=65 host=0 rings=[1]
[A:thread] WriteRecv3 pid=51834 tid=140068962670272 cpu=67 host=0 rings=[3]
[A:thread] WriteRecv2 pid=51834 tid=140069012690624 cpu=66 host=0 rings=[2]
[A:thread] WriteRecv4 pid=51834 tid=140068819826368 cpu=68 host=0 rings=[4]
[A:thread] WriteRecv5 pid=51834 tid=140068882740928 cpu=69 host=0 rings=[5]
[A:thread] WriteRecv6 pid=51834 tid=140068874348224 cpu=70 host=0 rings=[6]
[A:thread] WriteRecv7 pid=51834 tid=140068865955520 cpu=71 host=0 rings=[7]
[A:thread] WriteRecv8 pid=51834 tid=140068857562816 cpu=72 host=0 rings=[8]
[A:thread] WriteRecv9 pid=51834 tid=140068849170112 cpu=73 host=0 rings=[9]
[A:thread] WriteRecv10 pid=51834 tid=140068840777408 cpu=74 host=0 rings=[10]
[A:thread] WriteRecv11 pid=51834 tid=140068832384704 cpu=75 host=0 rings=[11]
[A:thread] WriteRecv13 pid=51834 tid=140068803040960 cpu=77 host=0 rings=[13]
[A:thread] WriteRecv12 pid=51834 tid=140068811433664 cpu=76 host=0 rings=[[A:thread] WriteRecv15 pid=51834 tid=140068786255552 cpu=79 host=0 rings=[15]
12]
[A:thread] WriteRecv14 pid=51834 tid=140068794648256 cpu=78 host=0 rings=[14]
[A:thread] ReadRecv0 pid=51834 tid=140068777862848 cpu=80 host=0 rings=[0]
[A:thread] ReadRecv1 pid=51834 tid=140068769470144 cpu=81 host=0 rings=[1]
[A:thread] ReadRecv4 pid=51834 tid=140068471695040 cpu=84 host=0 rings=[[A:thread] ReadRecv7 pid=51834 tid=140047391119040 cpu=65 host=0 rings=[7]
[A:thread] ReadRecv8 pid=51834 tid=140047382726336 cpu=66 host=0 rings=[8]
[A:thread] ReadRecv5 pid=51834 tid=140047407904448 cpu=85 host=0 rings=[5]
[A:thread] ReadRecv10 pid=51834 tid=140047365940928 cpu=68 host=0 rings=[10]
[A:thread] ReadRecv11 pid=51834 tid=140047357548224 cpu=69 host=0 rings=[11[A:thread] ReadRecv12 pid=51834 tid=140047206577856 cpu=70 host=0 rings=[12]
[A:thread] ReadRecv6 pid=51834 tid=140047399511744 cpu=64 host=0 rings=[[A:thread] ReadRecv13 pid=51834 tid=140047198185152 cpu=71 host=0 rings=[[A:thread] ReadRecv14 pid=51834 tid=140047189792448 cpu=72 host=0 rings=[14]
]
[A:thread] ReadRecv15 pid=51834 tid=140047181399744 cpu=73 host=0 rings=[4]
[A:thread] ReadRecv9 pid=51834 tid=140047374333632 cpu=67 host=0 rings=[[A:thread] ReadRecv2 pid=51834 tid=140068761077440 cpu=82 host=0 rings=[2]
[A:thread] ReadRecv3 pid=51834 tid=140068480087744 cpu=83 host=0 rings=[3]
[A:thread] InvalRecv0 pid=51834 tid=140047173007040 cpu=74 host=0 rings=[1506913]
]
]
]
]
[A:thread] InvalRecv1 pid=51834 tid=140047164614336 cpu=75 host=0 rings=[1]
[A:thread] InvalRecv2 pid=51834 tid=140047156221632 cpu=76 host=0 rings=[2]
[A:thread] InvalRecv3 pid=51834 tid=140045864400576 cpu=77 host=0 rings=[3]
[A:thread] InvalRecv4 pid=51834 tid=140046401271488 cpu=78 host=0 rings=[4]
[A:thread] InvalRecv5 pid=51834 tid=140046392878784 cpu=79 host=0 rings=[5]
[A:thread] InvalRecv6 pid=51834 tid=140046384486080 cpu=80 host=0 rings=[6]
[A:thread] InvalRecv7 pid=51834 tid=140046376093376 cpu=81 host=0 rings=[7]
[A:thread] InvalRecv8 pid=51834 tid=140046367700672 cpu=82 host=0 rings=[8]
[A:thread] InvalRecv9 pid=51834 tid=140046359307968 cpu=83 host=0 rings=[9]
[A:thread] InvalRecv10 pid=51834 tid=140046350915264 cpu=84 host=0 rings=[10]
[A:thread] InvalRecv11 pid=51834 tid=140046267053760 cpu=85 host=0 rings=[11]
[A:thread] InvalRecv13 pid=51834 tid=140046250268352 cpu=65 host=0 rings=[13]
[A:thread] InvalRecv14 pid=51834 tid=140046241875648 cpu=66 host=0 rings=[14]
[A:thread] InvalRecv15 pid=51834 tid=140046233482944 cpu=67 host=0 rings=[15]
[A:thread] InvalRecv12 pid=51834 tid=140046258661056 cpu=64 host=0 rings=[12]
[A:tls] worker host=0 client=58 entries=1024 (~1088 KiB)
[A:thread] ReservHandler pid=51834 tid=140046225090240 pinned cpu=85 (host_id=0)
[A:tls] worker host=0 client=59 entries=1024 (~1088 KiB)
[A:tls] worker host=0 client=53 entries=1024 (~1088 KiB)
[A:tls] worker host=0 client=37 entries=1024 (~1088 KiB)
[A:tls] worker host=0 client=3 entries=1024 (~1088 KiB)
[A:tls] worker host=0 client=30 entries=1024 (~1088 KiB)
[A:tls] worker host=0 client=8 entries=1024 (~1088 KiB)
[A:tls] worker host=0 client=62 entries=1024 (~1088 KiB)
[A:tls] worker host=0 client=27 entries=1024 (~1088 KiB)
[A:tls] worker host=0 client=29 entries=1024 (~1088 KiB)
[A:tls] worker host=0 client=39 entries=1024 (~1088 KiB)
[A:tls] worker host=0 client=61 entries=1024 (~1088 KiB)
[A:tls] worker host=0 client=52 entries=1024 (~1088 KiB)
[A:tls] worker host=0 client=9 entries=1024 (~1088 KiB)
[A:tls] worker host=0 client=40 entries=1024 (~1088 KiB)
[A:tls] worker host=0 client=15 entries=1024 (~1088 KiB)
[A:tls] worker host=0 client=11 entries=1024 (~1088 KiB)
[A:tls] worker host=0 client=0 entries=1024 (~1088 KiB)
[A:tls] worker host=0 client=50 entries=1024 (~1088 KiB)
[A:tls] worker host=0 client=19 entries=1024 (~1088 KiB)
[A:tls] worker host=0 client=36 entries=1024 (~1088 KiB)
[A:tls] worker host=0 client=54 entries=1024 (~1088 KiB)
[A:tls] worker host=0 client=14 entries=1024 (~1088 KiB)
[A:tls] worker host=0 client=28 entries=1024 (~1088 KiB)
[A:tls] worker host=0 client=2 entries=1024 (~1088 KiB)
[A:tls] worker host=0 client=7 entries=1024 (~1088 KiB)
[A:tls] worker host=0 client=1 entries=1024 (~1088 KiB)
[A:tls] worker host=0 client=42 entries=1024 (~1088 KiB)
[A:tls] worker host=0 client=45 entries=1024 (~1088 KiB)
[A:tls] worker host=0 client=31 entries=1024 (~1088 KiB)
[A:tls] worker host=0 client=25 entries=1024 (~1088 KiB)
[A:tls] worker host=0 client=63 entries=1024 (~1088 KiB)
[A:tls] worker host=0 client=49 entries=1024 (~1088 KiB)
[A:tls] worker host=0 client=60 entries=1024 (~1088 KiB)
[A:tls] worker host=0 client=47 entries=1024 (~1088 KiB)
[A:tls] worker host=0 client=13 entries=1024 (~1088 KiB)
[A:tls] worker host=0 client=5 entries=1024 (~1088 KiB)
[A:tls] worker host=0 client=26 entries=1024 (~1088 KiB)
[A:tls] worker host=0 client=51 entries=1024 (~1088 KiB)
[A:tls] worker host=0 client=44 entries=1024 (~1088 KiB)
[A:tls] worker host=0 client=32 entries=1024 (~1088 KiB)
[A:tls] worker host=0 client=43 entries=1024 (~1088 KiB)
[A:tls] worker host=0 client=56 entries=1024 (~1088 KiB)
[A:tls] worker host=0 client=4 entries=1024 (~1088 KiB)
[A:tls] worker host=0 client=34 entries=1024 (~1088 KiB)
[A:tls] worker host=0 client=17 entries=1024 (~1088 KiB)
[A:tls] worker host=0 client=24 entries=1024 (~1088 KiB)
[A:tls] worker host=0 client=22 entries=1024 (~1088 KiB)
[A:tls] worker host=0 client=46 entries=1024 (~1088 KiB)
[A:tls] worker host=0 client=48 entries=1024 (~1088 KiB)
[A:tls] worker host=0 client=35 entries=1024 (~1088 KiB)
[A:tls] worker host=0 client=12 entries=1024 (~1088 KiB)
[A:tls] worker host=0 client=38 entries=1024 (~1088 KiB)
[A:tls] worker host=0 client=41 entries=1024 (~1088 KiB)
[A:tls] worker host=0 client=55 entries=1024 (~1088 KiB)
[A:tls] worker host=0 client=10 entries=1024 (~1088 KiB)
[A:tls] worker host=0 client=18 entries=1024 (~1088 KiB)
[A:tls] worker host=0 client=23 entries=1024 (~1088 KiB)
[A:tls] worker host=0 client=6 entries=1024 (~1088 KiB)
[A:tls] worker host=0 client=33 entries=1024 (~1088 KiB)
[A:tls] worker host=0 client=20 entries=1024 (~1088 KiB)
[A:tls] worker host=0 client=21 entries=1024 (~1088 KiB)
[A:tls] worker host=0 client=16 entries=1024 (~1088 KiB)
[A:tls] worker host=0 client=57 entries=1024 (~1088 KiB)
# PATH host=0 label=after_LOAD tid=140069029689472 r0_tls=0 r2hit=0 r2miss_local=0 r3=0 cpool_ins_r=0 local_w=1000929 fwd_w=0 local_w_blk_fwd=0 local_w_stg_fwd=0 cpool_ins_w=1000929 cp_evict=0 cp_set_stale=0 cp_lru_evict=486677 rh_served=0
# PATH host=0 label=after_LOAD AGG r0_tls=0 r2hit=0 r2miss_local=0 r3=0 cpool_ins_r=0 local_w=1000929 fwd_w=0 local_w_blk_fwd=0 local_w_stg_fwd=0 cpool_ins_w=1000929 cp_evict=0 cp_set_stale=0 cp_lru_evict=486677 rh_served=0
YCSB opt=A cache=1 num_hosts=2 threads=64 threads_eff=64 rep=3 load_ops=2000000 load_thpt=114089 trans_ops=5000000 trans_wall_max=57.576701 trans_agg_thpt=86840 w_avg_ns=24278 w_p50_ns=11744 w_p99_ns=30271 r_avg_ns=0 r_p50_ns=0 r_p99_ns=0 first_op_ns_max=3410425 first_op_ns_avg=810063 ops_to_first_ns_max=485439662 ops_to_first_ns_avg=44640108 # xhost_write_optA_t64_cacheon_rep3
bash: line 1: 51834 Segmentation fault      FUSEE_NUM_HOSTS=2 FUSEE_HOST_ID=0 FUSEE_NUM_THREADS=64 FUSEE_RUN_COOKIE=278624196 FUSEE_REP=3 FUSEE_CACHE=1 FUSEE_WORKLOAD_NAME=xhost_write FUSEE_KV_SIZE=1024 FUSEE_CACHE_BUCKETS=131072 FUSEE_RING_SHARDS_FACTOR=4 FUSEE_RING_ROUTING=worker_id FUSEE_FORCE_THREADS_PER_TYPE=16 ./tests/protocol_a_ycsb /dev/dax0.0 /tmp/microbench_traces/bench_xhost_write_uniform_h0.spec_load /tmp/microbench_traces/bench_xhost_write_uniform_h0.spec_trans 8388608 5000000 2>&1
