[A:cfg] ring_sharding T=64 N=4 -> shards=16 block=4 routing=worker_id
[A:thread] Worker pinned host=1 client=1 -> cpu=1 (pid=48096)
[A:thread] Worker pinned host=1 client=2 -> cpu=2 (pid=48097)
[A:thread] Worker pinned host=1 client=3 -> cpu=3 (pid=48098)
[A:thread] Worker pinned host=1 client=4 -> cpu=4 (pid=48099)
[A:thread] Worker pinned host=1 client=5 -> cpu=5 (pid=48100)
[A:thread] Worker pinned host=1 client=6 -> cpu=6 (pid=48101)
[A:thread] Worker pinned host=1 client=7 -> cpu=7 (pid=48102)
[A:thread] Worker pinned host=1 client=8 -> cpu=8 (pid=48103)
[A:thread] Worker pinned host=1 client=9 -> cpu=9 (pid=48104)
[A:thread] Worker pinned host=1 client=10 -> cpu=10 (pid=48105)
[A:thread] Worker pinned host=1 client=11 -> cpu=11 (pid=48106)
[A:thread] Worker pinned host=1 client=12 -> cpu=12 (pid=48107)
[A:thread] Worker pinned host=1 client=13 -> cpu=13 (pid=48108)
[A:thread] Worker pinned host=1 client=14 -> cpu=14 (pid=48109)
[A:thread] Worker pinned host=1 client=15 -> cpu=15 (pid=48110)
[A:thread] Worker pinned host=1 client=16 -> cpu=16 (pid=48111)
[A:thread] Worker pinned host=1 client=17 -> cpu=17 (pid=48112)
[A:thread] Worker pinned host=1 client=18 -> cpu=18 (pid=48113)
[A:thread] Worker pinned host=1 client=19 -> cpu=19 (pid=48114)
[A:thread] Worker pinned host=1 client=20 -> cpu=20 (pid=48115)
[A:thread] Worker pinned host=1 client=21 -> cpu=21 (pid=48116)
[A:thread] Worker pinned host=1 client=22 -> cpu=22 (pid=48117)
[A:thread] Worker pinned host=1 client=23 -> cpu=23 (pid=48118)
[A:thread] Worker pinned host=1 client=24 -> cpu=24 (pid=48119)
[A:thread] Worker pinned host=1 client=25 -> cpu=25 (pid=48120)
[A:thread] Worker pinned host=1 client=26 -> cpu=26 (pid=48121)
[A:thread] Worker pinned host=1 client=27 -> cpu=27 (pid=48122)
[A:thread] Worker pinned host=1 client=28 -> cpu=28 (pid=48123)
[A:thread] Worker pinned host=1 client=29 -> cpu=29 (pid=48124)
[A:thread] Worker pinned host=1 client=30 -> cpu=30 (pid=48125)
[A:thread] Worker pinned host=1 client=31 -> cpu=31 (pid=48126)
[A:thread] Worker pinned host=1 client=32 -> cpu=32 (pid=48127)
[A:thread] Worker pinned host=1 client=33 -> cpu=33 (pid=48128)
[A:thread] Worker pinned host=1 client=34 -> cpu=34 (pid=48129)
[A:thread] Worker pinned host=1 client=35 -> cpu=35 (pid=48130)
[A:thread] Worker pinned host=1 client=36 -> cpu=36 (pid=48131)
[A:thread] Worker pinned host=1 client=37 -> cpu=37 (pid=48132)
[A:thread] Worker pinned host=1 client=38 -> cpu=38 (pid=48133)
[A:thread] Worker pinned host=1 client=39 -> cpu=39 (pid=48134)
[A:thread] Worker pinned host=1 client=40 -> cpu=40 (pid=48135)
[A:thread] Worker pinned host=1 client=41 -> cpu=41 (pid=48136)
[A:thread] Worker pinned host=1 client=42 -> cpu=42 (pid=48137)
[A:thread] Worker pinned host=1 client=43 -> cpu=43 (pid=48138)
[A:thread] Worker pinned host=1 client=44 -> cpu=44 (pid=48139)
[A:thread] Worker pinned host=1 client=45 -> cpu=45 (pid=48140)
[A:thread] Worker pinned host=1 client=46 -> cpu=46 (pid=48141)
[A:thread] Worker pinned host=1 client=47 -> cpu=47 (pid=48142)
[A:thread] Worker pinned host=1 client=48 -> cpu=48 (pid=48143)
[A:thread] Worker pinned host=1 client=49 -> cpu=49 (pid=48144)
[A:thread] Worker pinned host=1 client=50 -> cpu=50 (pid=48145)
[A:thread] Worker pinned host=1 client=51 -> cpu=51 (pid=48146)
[A:thread] Worker pinned host=1 client=52 -> cpu=52 (pid=48147)
[A:thread] Worker pinned host=1 client=53 -> cpu=53 (pid=48148)
[A:thread] Worker pinned host=1 client=54 -> cpu=54 (pid=48149)
[A:thread] Worker pinned host=1 client=55 -> cpu=55 (pid=48150)
[A:thread] Worker pinned host=1 client=56 -> cpu=56 (pid=48151)
[A:thread] Worker pinned host=1 client=57 -> cpu=57 (pid=48152)
[A:thread] Worker pinned host=1 client=58 -> cpu=58 (pid=48153)
[A:thread] Worker pinned host=1 client=59 -> cpu=59 (pid=48154)
[A:thread] Worker pinned host=1 client=60 -> cpu=60 (pid=48155)
[A:thread] Worker pinned host=1 client=61 -> cpu=61 (pid=48156)
[A:thread] Worker pinned host=1 client=62 -> cpu=62 (pid=48157)
[A:thread] Worker pinned host=1 client=63 -> cpu=63 (pid=48158)
[A:thread] Worker pinned host=1 client=0 -> cpu=0 (pid=48072)
[A:thread] WriteRecv0 pid=48072 tid=140433210009280 cpu=64 host=1 rings=[0]
[A:thread] WriteRecv2 pid=48072 tid=140433193223872 cpu=66 host=1 rings=[2]
[A:thread] WriteRecv1 pid=48072 tid=140433201616576 cpu=65 host=1 rings=[1]
[A:thread] WriteRecv3 pid=48072 tid=140433143203520 cpu=67 host=1 rings=[3]
[A:thread] WriteRecv4 pid=48072 tid=140433134810816 cpu=68 host=1 rings=[4]
[A:thread] WriteRecv5 pid=48072 tid=140432990271168 cpu=69 host=1 rings=[5]
[A:thread] WriteRecv6 pid=48072 tid=140433015436992 cpu=70 host=1 rings=[6]
[A:thread] WriteRecv7 pid=48072 tid=140433007044288 cpu=71 host=1 rings=[7]
[A:thread] WriteRecv8 pid=48072 tid=140433126418112 cpu=72 host=1 rings=[8]
[A:thread] WriteRecv9 pid=48072 tid=140433118025408 cpu=73 host=1 rings=[9]
[A:thread] WriteRecv11 pid=48072 tid=140433101240000 cpu=75 host=1 rings=[[A:thread] WriteRecv12 pid=48072 tid=140433092847296 cpu=76 host=1 rings=[12]
11]
[A:thread] WriteRecv10 pid=48072 tid=140433109632704 cpu=74 host=1 rings=[10]
[A:thread] WriteRecv13 pid=48072 tid=140432981878464 cpu=77 host=1 rings=[13]
[A:thread] WriteRecv14 pid=48072 tid=140432973485760 cpu=78 host=1 rings=[[A:thread] WriteRecv15 pid=48072 tid=140432965093056 cpu=79 host=1 rings=[15]
14]
[A:thread] ReadRecv0 pid=48072 tid=140432679892672 cpu=80 host=1 rings=[0]
[A:thread] ReadRecv1 pid=48072 tid=140432671499968 cpu=81 host=1 rings=[1]
[A:thread] ReadRecv2 pid=48072 tid=140432663107264 cpu=82 host=1 rings=[2]
[A:thread] ReadRecv3 pid=48072 tid=140432654714560 cpu=83 host=1 rings=[3]
[A:thread] ReadRecv4 pid=48072 tid=140412259923648 cpu=84 host=1 rings=[4]
[A:thread] ReadRecv5 pid=48072 tid=140412251530944 cpu=85 host=1 rings=[5]
[A:thread] ReadRecv6 pid=48072 tid=140412243138240 cpu=64 host=1 rings=[6]
[A:thread] ReadRecv7 pid=48072 tid=140412234745536 cpu=65 host=1 rings=[7]
[A:thread] ReadRecv8 pid=48072 tid=140412226352832 cpu=66 host=1 rings=[8]
[A:thread] ReadRecv9 pid=48072 tid=140411473491648 cpu=67 host=1 rings=[9]
[A:thread] ReadRecv10 pid=48072 tid=140411465098944 cpu=68 host=1 rings=[10]
[A:thread] ReadRecv11 pid=48072 tid=140411456706240 cpu=69 host=1 rings=[11]
[A:thread] ReadRecv12 pid=48072 tid=140411448313536 cpu=70 host=1 rings=[12]
[A:thread] ReadRecv13 pid=48072 tid=140411439920832 cpu=71 host=1 rings=[13]
[A:thread] ReadRecv14 pid=48072 tid=140411431528128 cpu=72 host=1 rings=[14]
[A:thread] ReadRecv15 pid=48072 tid=140411423135424 cpu=73 host=1 rings=[15]
[A:thread] InvalRecv0 pid=48072 tid=140410936620736 cpu=74 host=1 rings=[0]
[A:thread] InvalRecv1 pid=48072 tid=140410928228032 cpu=75 host=1 rings=[1]
[A:thread] InvalRecv3 pid=48072 tid=140410911442624 cpu=77 host=1 rings=[3]
[A:thread] InvalRecv4 pid=48072 tid=140410903049920 cpu=78 host=1 rings=[4]
[A:thread] InvalRecv5 pid=48072 tid=140410894657216 cpu=79 host=1 rings=[5]
[A:thread] InvalRecv6 pid=48072 tid=140410886264512 cpu=80 host=1 rings=[6]
[A:thread] InvalRecv7 pid=48072 tid=140410802403008 cpu=81 host=1 rings=[7]
[A:thread] InvalRecv8 pid=48072 tid=140410794010304 cpu=82 host=1 rings=[8]
[A:thread] InvalRecv9 pid=48072 tid=140410785617600 cpu=83 host=1 rings=[9]
[A:thread] InvalRecv10 pid=48072 tid=140410777224896 cpu=84 host=1 rings=[10]
[A:thread] InvalRecv11 pid=48072 tid=140410768832192 cpu=85 host=1 rings=[11]
[A:thread] InvalRecv12 pid=48072 tid=140410760439488 cpu=64 host=1 rings=[12]
[A:thread] InvalRecv13 pid=48072 tid=140410752046784 cpu=65 host=1 rings=[13]
[A:thread] InvalRecv14 pid=48072 tid=140410399749824 cpu=66 host=1 rings=[14]
[A:thread] InvalRecv15 pid=48072 tid=140410391357120 cpu=67 host=1 rings=[15]
[A:thread] InvalRecv2 pid=48072 tid=140410919835328 cpu=76 host=1 rings=[2]
[A:tls] worker host=1 client=37 entries=1024 (~1088 KiB)
[A:tls] worker host=1 client=29 entries=1024 (~1088 KiB)
[A:tls] worker host=1 client=33 entries=1024 (~1088 KiB)
[A:tls] worker host=1 client=13 entries=1024 (~1088 KiB)
[A:tls] worker host=1 client=38 entries=1024 (~1088 KiB)
[A:tls] worker host=1 client=10 entries=1024 (~1088 KiB)
[A:tls] worker host=1 client=14 entries=1024 (~1088 KiB)
[A:tls] worker host=1 client=19 entries=1024 (~1088 KiB)
[A:tls] worker host=1 client=9 entries=1024 (~1088 KiB)
[A:tls] worker host=1 client=11 entries=1024 (~1088 KiB)
[A:tls] worker host=1 client=35 entries=1024 (~1088 KiB)
[A:tls] worker host=1 client=26 entries=1024 (~1088 KiB)
[A:tls] worker host=1 client=54 entries=1024 (~1088 KiB)
[A:tls] worker host=1 client=22 entries=1024 (~1088 KiB)
[A:tls] worker host=1 client=27 entries=1024 (~1088 KiB)
[A:tls] worker host=1 client=31 entries=1024 (~1088 KiB)
[A:tls] worker host=1 client=7 entries=1024 (~1088 KiB)
[A:tls] worker host=1 client=17 entries=1024 (~1088 KiB)
[A:tls] worker host=1 client=34 entries=1024 (~1088 KiB)
[A:tls] worker host=1 client=56 entries=1024 (~1088 KiB)
[A:tls] worker host=1 client=24 entries=1024 (~1088 KiB)
[A:tls] worker host=1 client=15 entries=1024 (~1088 KiB)
[A:tls] worker host=1 client=41 entries=1024 (~1088 KiB)
[A:tls] worker host=1 client=20 entries=1024 (~1088 KiB)
[A:tls] worker host=1 client=8 entries=1024 (~1088 KiB)
[A:tls] worker host=1 client=32 entries=1024 (~1088 KiB)
[A:tls] worker host=1 client=12 entries=1024 (~1088 KiB)
[A:tls] worker host=1 client=61 entries=1024 (~1088 KiB)
[A:tls] worker host=1 client=0 entries=1024 (~1088 KiB)
[A:tls] worker host=1 client=30 entries=1024 (~1088 KiB)
[A:tls] worker host=1 client=60 entries=1024 (~1088 KiB)
[A:tls] worker host=1 client=48 entries=1024 (~1088 KiB)
[A:tls] worker host=1 client=46 entries=1024 (~1088 KiB)
[A:tls] worker host=1 client=52 entries=1024 (~1088 KiB)
[A:tls] worker host=1 client=23 entries=1024 (~1088 KiB)
[A:tls] worker host=1 client=43 entries=1024 (~1088 KiB)
[A:tls] worker host=1 client=44 entries=1024 (~1088 KiB)
[A:tls] worker host=1 client=63 entries=1024 (~1088 KiB)
[A:tls] worker host=1 client=36 entries=1024 (~1088 KiB)
[A:tls] worker host=1 client=49 entries=1024 (~1088 KiB)
[A:tls] worker host=1 client=58 entries=1024 (~1088 KiB)
[A:thread] ReservHandler pid=48072 tid=140410382964416 pinned cpu=85 (host_id=1)
[A:tls] worker host=1 client=51 entries=1024 (~1088 KiB)
[A:tls] worker host=1 client=40 entries=1024 (~1088 KiB)
[A:tls] worker host=1 client=18 entries=1024 (~1088 KiB)
[A:tls] worker host=1 client=53 entries=1024 (~1088 KiB)
[A:tls] worker host=1 client=16 entries=1024 (~1088 KiB)
[A:tls] worker host=1 client=42 entries=1024 (~1088 KiB)
[A:tls] worker host=1 client=3 entries=1024 (~1088 KiB)
[A:tls] worker host=1 client=59 entries=1024 (~1088 KiB)
[A:tls] worker host=1 client=5 entries=1024 (~1088 KiB)
[A:tls] worker host=1 client=55 entries=1024 (~1088 KiB)
[A:tls] worker host=1 client=50 entries=1024 (~1088 KiB)
[A:tls] worker host=1 client=2 entries=1024 (~1088 KiB)
[A:tls] worker host=1 client=28 entries=1024 (~1088 KiB)
[A:tls] worker host=1 client=4 entries=1024 (~1088 KiB)
[A:tls] worker host=1 client=25 entries=1024 (~1088 KiB)
[A:tls] worker host=1 client=39 entries=1024 (~1088 KiB)
[A:tls] worker host=1 client=6 entries=1024 (~1088 KiB)
[A:tls] worker host=1 client=21 entries=1024 (~1088 KiB)
[A:tls] worker host=1 client=57 entries=1024 (~1088 KiB)
[A:tls] worker host=1 client=45 entries=1024 (~1088 KiB)
[A:tls] worker host=1 client=47 entries=1024 (~1088 KiB)
[A:tls] worker host=1 client=1 entries=1024 (~1088 KiB)
[A:tls] worker host=1 client=62 entries=1024 (~1088 KiB)
# PATH host=1 label=after_LOAD tid=140433210222720 r0_tls=0 r2hit=0 r2miss_local=0 r3=0 cpool_ins_r=0 local_w=999071 fwd_w=0 local_w_blk_fwd=0 local_w_stg_fwd=0 cpool_ins_w=999070 cp_evict=0 cp_set_stale=0 cp_lru_evict=482244 rh_served=0
# PATH host=1 label=after_LOAD tid=140433092847296 r0_tls=0 r2hit=0 r2miss_local=0 r3=0 cpool_ins_r=0 local_w=0 fwd_w=0 local_w_blk_fwd=17125 local_w_stg_fwd=0 cpool_ins_w=0 cp_evict=2213 cp_set_stale=0 cp_lru_evict=0 rh_served=0
# PATH host=1 label=after_LOAD tid=140433101240000 r0_tls=0 r2hit=0 r2miss_local=0 r3=0 cpool_ins_r=0 local_w=0 fwd_w=0 local_w_blk_fwd=17607 local_w_stg_fwd=0 cpool_ins_w=0 cp_evict=2219 cp_set_stale=0 cp_lru_evict=0 rh_served=0
# PATH host=1 label=after_LOAD tid=140433134810816 r0_tls=0 r2hit=0 r2miss_local=0 r3=0 cpool_ins_r=0 local_w=0 fwd_w=0 local_w_blk_fwd=16604 local_w_stg_fwd=0 cpool_ins_w=0 cp_evict=2187 cp_set_stale=0 cp_lru_evict=0 rh_served=0
# PATH host=1 label=after_LOAD tid=140433015436992 r0_tls=0 r2hit=0 r2miss_local=0 r3=0 cpool_ins_r=0 local_w=0 fwd_w=0 local_w_blk_fwd=18040 local_w_stg_fwd=0 cpool_ins_w=0 cp_evict=2233 cp_set_stale=0 cp_lru_evict=0 rh_served=0
# PATH host=1 label=after_LOAD tid=140432990271168 r0_tls=0 r2hit=0 r2miss_local=0 r3=0 cpool_ins_r=0 local_w=0 fwd_w=0 local_w_blk_fwd=17079 local_w_stg_fwd=0 cpool_ins_w=0 cp_evict=2141 cp_set_stale=0 cp_lru_evict=0 rh_served=0
# PATH host=1 label=after_LOAD tid=140433143203520 r0_tls=0 r2hit=0 r2miss_local=0 r3=0 cpool_ins_r=0 local_w=0 fwd_w=0 local_w_blk_fwd=1028 local_w_stg_fwd=0 cpool_ins_w=0 cp_evict=280 cp_set_stale=0 cp_lru_evict=0 rh_served=0
# PATH host=1 label=after_LOAD tid=140433109632704 r0_tls=0 r2hit=0 r2miss_local=0 r3=0 cpool_ins_r=0 local_w=0 fwd_w=0 local_w_blk_fwd=15882 local_w_stg_fwd=0 cpool_ins_w=0 cp_evict=2046 cp_set_stale=0 cp_lru_evict=0 rh_served=0
# PATH host=1 label=after_LOAD tid=140432981878464 r0_tls=0 r2hit=0 r2miss_local=0 r3=0 cpool_ins_r=0 local_w=0 fwd_w=0 local_w_blk_fwd=28178 local_w_stg_fwd=0 cpool_ins_w=0 cp_evict=2853 cp_set_stale=0 cp_lru_evict=0 rh_served=0
# PATH host=1 label=after_LOAD tid=140433007044288 r0_tls=0 r2hit=0 r2miss_local=0 r3=0 cpool_ins_r=0 local_w=0 fwd_w=0 local_w_blk_fwd=27883 local_w_stg_fwd=0 cpool_ins_w=0 cp_evict=2863 cp_set_stale=0 cp_lru_evict=0 rh_served=0
# PATH host=1 label=after_LOAD tid=140433118025408 r0_tls=0 r2hit=0 r2miss_local=0 r3=0 cpool_ins_r=0 local_w=0 fwd_w=0 local_w_blk_fwd=30623 local_w_stg_fwd=0 cpool_ins_w=0 cp_evict=3059 cp_set_stale=0 cp_lru_evict=0 rh_served=0
# PATH host=1 label=after_LOAD tid=140433193223872 r0_tls=0 r2hit=0 r2miss_local=0 r3=0 cpool_ins_r=0 local_w=0 fwd_w=0 local_w_blk_fwd=1015 local_w_stg_fwd=0 cpool_ins_w=0 cp_evict=211 cp_set_stale=0 cp_lru_evict=0 rh_served=0
# PATH host=1 label=after_LOAD tid=140433126418112 r0_tls=0 r2hit=0 r2miss_local=0 r3=0 cpool_ins_r=0 local_w=0 fwd_w=0 local_w_blk_fwd=30470 local_w_stg_fwd=0 cpool_ins_w=0 cp_evict=3204 cp_set_stale=0 cp_lru_evict=0 rh_served=0
# PATH host=1 label=after_LOAD tid=140432973485760 r0_tls=0 r2hit=0 r2miss_local=0 r3=0 cpool_ins_r=0 local_w=0 fwd_w=0 local_w_blk_fwd=27252 local_w_stg_fwd=0 cpool_ins_w=0 cp_evict=2813 cp_set_stale=0 cp_lru_evict=0 rh_served=0
# PATH host=1 label=after_LOAD tid=140432965093056 r0_tls=0 r2hit=0 r2miss_local=0 r3=0 cpool_ins_r=0 local_w=0 fwd_w=0 local_w_blk_fwd=29200 local_w_stg_fwd=0 cpool_ins_w=0 cp_evict=2974 cp_set_stale=0 cp_lru_evict=0 rh_served=0
# PATH host=1 label=after_LOAD tid=140433210009280 r0_tls=0 r2hit=0 r2miss_local=0 r3=0 cpool_ins_r=0 local_w=0 fwd_w=0 local_w_blk_fwd=1 local_w_stg_fwd=0 cpool_ins_w=0 cp_evict=0 cp_set_stale=0 cp_lru_evict=0 rh_served=0
# PATH host=1 label=after_LOAD AGG r0_tls=0 r2hit=0 r2miss_local=0 r3=0 cpool_ins_r=0 local_w=999071 fwd_w=0 local_w_blk_fwd=277987 local_w_stg_fwd=0 cpool_ins_w=999070 cp_evict=31296 cp_set_stale=0 cp_lru_evict=482244 rh_served=0
bash: line 1: 48072 Segmentation fault      FUSEE_NUM_HOSTS=2 FUSEE_HOST_ID=1 FUSEE_NUM_THREADS=64 FUSEE_RUN_COOKIE=12563985 FUSEE_REP=3 FUSEE_CACHE=1 FUSEE_WORKLOAD_NAME=xhost_write FUSEE_KV_SIZE=1024 FUSEE_CACHE_BUCKETS=131072 FUSEE_RING_SHARDS_FACTOR=4 FUSEE_RING_ROUTING=worker_id FUSEE_FORCE_THREADS_PER_TYPE=16 ./tests/protocol_a_ycsb /dev/dax0.0 /tmp/microbench_traces/bench_xhost_write_zipf-0.99_h1.spec_load /tmp/microbench_traces/bench_xhost_write_zipf-0.99_h1.spec_trans 8388608 5000000 2>&1
