[A:cfg] ring_sharding T=64 N=4 -> shards=16 block=4 routing=worker_id
[A:thread] Worker pinned host=1 client=1 -> cpu=1 (pid=47293)
[A:thread] Worker pinned host=1 client=2 -> cpu=2 (pid=47294)
[A:thread] Worker pinned host=1 client=3 -> cpu=3 (pid=47295)
[A:thread] Worker pinned host=1 client=4 -> cpu=4 (pid=47296)
[A:thread] Worker pinned host=1 client=5 -> cpu=5 (pid=47297)
[A:thread] Worker pinned host=1 client=6 -> cpu=6 (pid=47298)
[A:thread] Worker pinned host=1 client=7 -> cpu=7 (pid=47299)
[A:thread] Worker pinned host=1 client=8 -> cpu=8 (pid=47300)
[A:thread] Worker pinned host=1 client=9 -> cpu=9 (pid=47301)
[A:thread] Worker pinned host=1 client=10 -> cpu=10 (pid=47302)
[A:thread] Worker pinned host=1 client=11 -> cpu=11 (pid=47303)
[A:thread] Worker pinned host=1 client=12 -> cpu=12 (pid=47304)
[A:thread] Worker pinned host=1 client=13 -> cpu=13 (pid=47305)
[A:thread] Worker pinned host=1 client=14 -> cpu=14 (pid=47306)
[A:thread] Worker pinned host=1 client=15 -> cpu=15 (pid=47307)
[A:thread] Worker pinned host=1 client=16 -> cpu=16 (pid=47308)
[A:thread] Worker pinned host=1 client=17 -> cpu=17 (pid=47309)
[A:thread] Worker pinned host=1 client=18 -> cpu=18 (pid=47310)
[A:thread] Worker pinned host=1 client=19 -> cpu=19 (pid=47311)
[A:thread] Worker pinned host=1 client=20 -> cpu=20 (pid=47312)
[A:thread] Worker pinned host=1 client=21 -> cpu=21 (pid=47313)
[A:thread] Worker pinned host=1 client=22 -> cpu=22 (pid=47314)
[A:thread] Worker pinned host=1 client=23 -> cpu=23 (pid=47315)
[A:thread] Worker pinned host=1 client=24 -> cpu=24 (pid=47316)
[A:thread] Worker pinned host=1 client=25 -> cpu=25 (pid=47317)
[A:thread] Worker pinned host=1 client=26 -> cpu=26 (pid=47318)
[A:thread] Worker pinned host=1 client=27 -> cpu=27 (pid=47319)
[A:thread] Worker pinned host=1 client=28 -> cpu=28 (pid=47320)
[A:thread] Worker pinned host=1 client=29 -> cpu=29 (pid=47321)
[A:thread] Worker pinned host=1 client=30 -> cpu=30 (pid=47322)
[A:thread] Worker pinned host=1 client=31 -> cpu=31 (pid=47323)
[A:thread] Worker pinned host=1 client=32 -> cpu=32 (pid=47324)
[A:thread] Worker pinned host=1 client=33 -> cpu=33 (pid=47325)
[A:thread] Worker pinned host=1 client=34 -> cpu=34 (pid=47326)
[A:thread] Worker pinned host=1 client=35 -> cpu=35 (pid=47327)
[A:thread] Worker pinned host=1 client=36 -> cpu=36 (pid=47328)
[A:thread] Worker pinned host=1 client=37 -> cpu=37 (pid=47329)
[A:thread] Worker pinned host=1 client=38 -> cpu=38 (pid=47330)
[A:thread] Worker pinned host=1 client=39 -> cpu=39 (pid=47331)
[A:thread] Worker pinned host=1 client=40 -> cpu=40 (pid=47332)
[A:thread] Worker pinned host=1 client=41 -> cpu=41 (pid=47333)
[A:thread] Worker pinned host=1 client=42 -> cpu=42 (pid=47334)
[A:thread] Worker pinned host=1 client=43 -> cpu=43 (pid=47335)
[A:thread] Worker pinned host=1 client=44 -> cpu=44 (pid=47336)
[A:thread] Worker pinned host=1 client=45 -> cpu=45 (pid=47337)
[A:thread] Worker pinned host=1 client=46 -> cpu=46 (pid=47338)
[A:thread] Worker pinned host=1 client=47 -> cpu=47 (pid=47339)
[A:thread] Worker pinned host=1 client=48 -> cpu=48 (pid=47340)
[A:thread] Worker pinned host=1 client=49 -> cpu=49 (pid=47341)
[A:thread] Worker pinned host=1 client=50 -> cpu=50 (pid=47342)
[A:thread] Worker pinned host=1 client=51 -> cpu=51 (pid=47343)
[A:thread] Worker pinned host=1 client=52 -> cpu=52 (pid=47344)
[A:thread] Worker pinned host=1 client=53 -> cpu=53 (pid=47345)
[A:thread] Worker pinned host=1 client=54 -> cpu=54 (pid=47346)
[A:thread] Worker pinned host=1 client=55 -> cpu=55 (pid=47347)
[A:thread] Worker pinned host=1 client=56 -> cpu=56 (pid=47348)
[A:thread] Worker pinned host=1 client=57 -> cpu=57 (pid=47349)
[A:thread] Worker pinned host=1 client=58 -> cpu=58 (pid=47350)
[A:thread] Worker pinned host=1 client=59 -> cpu=59 (pid=47351)
[A:thread] Worker pinned host=1 client=60 -> cpu=60 (pid=47352)
[A:thread] Worker pinned host=1 client=61 -> cpu=61 (pid=47353)
[A:thread] Worker pinned host=1 client=62 -> cpu=62 (pid=47354)
[A:thread] Worker pinned host=1 client=0 -> cpu=0 (pid=47292)
[A:thread] Worker pinned host=1 client=63 -> cpu=63 (pid=47355)
[A:thread] WriteRecv0 pid=47292 tid=140622134712000 cpu=64 host=1 rings=[0,1]
[A:thread] WriteRecv1 pid=47292 tid=140622126319296 cpu=65 host=1 rings=[2,3]
[A:thread] WriteRecv2 pid=47292 tid=140622117926592 cpu=66 host=1 rings=[4,5]
[A:thread] WriteRecv3 pid=47292 tid=140621933180608 cpu=67 host=1 rings=[6,7]
[A:thread] WriteRecv4 pid=47292 tid=140621993998016 cpu=68 host=1 rings=[8,9]
[A:thread] WriteRecv5 pid=47292 tid=140621985605312 cpu=69 host=1 rings=[10,11]
[A:thread] WriteRecv6 pid=47292 tid=140621977212608 cpu=70 host=1 rings=[12,13]
[A:thread] WriteRecv7 pid=47292 tid=140621968819904 cpu=71 host=1 rings=[14,15]
[A:thread] ReadRecv0 pid=47292 tid=140621960427200 cpu=72 host=1 rings=[0,1]
[A:thread] ReadRecv1 pid=47292 tid=140621952034496 cpu=73 host=1 rings=[2,3]
[A:thread] ReadRecv2 pid=47292 tid=140621943641792 cpu=74 host=1 rings=[4,5]
[A:thread] ReadRecv3 pid=47292 tid=140621924787904 cpu=75 host=1 rings=[6,7]
[A:thread] ReadRecv5 pid=47292 tid=140621908002496 cpu=77 host=1 rings=[10,11]
[A:thread] ReadRecv4 pid=47292 tid=140621916395200 cpu=76 host=1 rings=[8,9]
[A:thread] ReadRecv6 pid=47292 tid=140621899609792 cpu=78 host=1 rings=[12,13]
[A:thread] ReadRecv7 pid=47292 tid=140621891217088 cpu=79 host=1 rings=[14,15]
[A:thread] InvalRecv0 pid=47292 tid=140621882824384 cpu=80 host=1 rings=[0,1]
[A:thread] InvalRecv1 pid=47292 tid=140621874431680 cpu=81 host=1 rings=[2,3]
[A:thread] InvalRecv2 pid=47292 tid=140621591344832 cpu=82 host=1 rings=[4,5]
[A:thread] InvalRecv3 pid=47292 tid=140621582952128 cpu=83 host=1 rings=[6,7]
[A:thread] InvalRecv4 pid=47292 tid=140621574559424 cpu=84 host=1 rings=[8,9]
[A:thread] InvalRecv6 pid=47292 tid=140601177663168 cpu=64 host=1 rings=[12,13]
[A:thread] InvalRecv7 pid=47292 tid=140601169270464 cpu=65 host=1 rings=[14,15]
[A:thread] InvalRecv5 pid=47292 tid=140601186055872 cpu=85 host=1 rings=[10,11]
[A:thread] ReservHandler pid=47292 tid=140601160877760 pinned cpu=85 (host_id=1)
[A:tls] worker host=1 client=24 entries=1024 (~1088 KiB)
[A:tls] worker host=1 client=41 entries=1024 (~1088 KiB)
[A:tls] worker host=1 client=27 entries=1024 (~1088 KiB)
[A:tls] worker host=1 client=38 entries=1024 (~1088 KiB)
[A:tls] worker host=1 client=25 entries=1024 (~1088 KiB)
[A:tls] worker host=1 client=17 entries=1024 (~1088 KiB)
[A:tls] worker host=1 client=45 entries=1024 (~1088 KiB)
[A:tls] worker host=1 client=62 entries=1024 (~1088 KiB)
[A:tls] worker host=1 client=35 entries=1024 (~1088 KiB)
[A:tls] worker host=1 client=32 entries=1024 (~1088 KiB)
[A:tls] worker host=1 client=5 entries=1024 (~1088 KiB)
[A:tls] worker host=1 client=39 entries=1024 (~1088 KiB)
[A:tls] worker host=1 client=6 entries=1024 (~1088 KiB)
[A:tls] worker host=1 client=8 entries=1024 (~1088 KiB)
[A:tls] worker host=1 client=7 entries=1024 (~1088 KiB)
[A:tls] worker host=1 client=30 entries=1024 (~1088 KiB)
[A:tls] worker host=1 client=37 entries=1024 (~1088 KiB)
[A:tls] worker host=1 client=34 entries=1024 (~1088 KiB)
[A:tls] worker host=1 client=0 entries=1024 (~1088 KiB)
[A:tls] worker host=1 client=13 entries=1024 (~1088 KiB)
[A:tls] worker host=1 client=3 entries=1024 (~1088 KiB)
[A:tls] worker host=1 client=2 entries=1024 (~1088 KiB)
[A:tls] worker host=1 client=11 entries=1024 (~1088 KiB)
[A:tls] worker host=1 client=40 entries=1024 (~1088 KiB)
[A:tls] worker host=1 client=51 entries=1024 (~1088 KiB)
[A:tls] worker host=1 client=42 entries=1024 (~1088 KiB)
[A:tls] worker host=1 client=21 entries=1024 (~1088 KiB)
[A:tls] worker host=1 client=63 entries=1024 (~1088 KiB)
[A:tls] worker host=1 client=55 entries=1024 (~1088 KiB)
[A:tls] worker host=1 client=31 entries=1024 (~1088 KiB)
[A:tls] worker host=1 client=57 entries=1024 (~1088 KiB)
[A:tls] worker host=1 client=33 entries=1024 (~1088 KiB)
[A:tls] worker host=1 client=61 entries=1024 (~1088 KiB)
[A:tls] worker host=1 client=59 entries=1024 (~1088 KiB)
[A:tls] worker host=1 client=58 entries=1024 (~1088 KiB)
[A:tls] worker host=1 client=18 entries=1024 (~1088 KiB)
[A:tls] worker host=1 client=10 entries=1024 (~1088 KiB)
[A:tls] worker host=1 client=22 entries=1024 (~1088 KiB)
[A:tls] worker host=1 client=1 entries=1024 (~1088 KiB)
[A:tls] worker host=1 client=50 entries=1024 (~1088 KiB)
[A:tls] worker host=1 client=9 entries=1024 (~1088 KiB)
[A:tls] worker host=1 client=54 entries=1024 (~1088 KiB)
[A:tls] worker host=1 client=4 entries=1024 (~1088 KiB)
[A:tls] worker host=1 client=20 entries=1024 (~1088 KiB)
[A:tls] worker host=1 client=53 entries=1024 (~1088 KiB)
[A:tls] worker host=1 client=23 entries=1024 (~1088 KiB)
[A:tls] worker host=1 client=52 entries=1024 (~1088 KiB)
[A:tls] worker host=1 client=43 entries=1024 (~1088 KiB)
[A:tls] worker host=1 client=19 entries=1024 (~1088 KiB)
[A:tls] worker host=1 client=47 entries=1024 (~1088 KiB)
[A:tls] worker host=1 client=44 entries=1024 (~1088 KiB)
[A:tls] worker host=1 client=36 entries=1024 (~1088 KiB)
[A:tls] worker host=1 client=15 entries=1024 (~1088 KiB)
[A:tls] worker host=1 client=56 entries=1024 (~1088 KiB)
[A:tls] worker host=1 client=12 entries=1024 (~1088 KiB)
[A:tls] worker host=1 client=29 entries=1024 (~1088 KiB)
[A:tls] worker host=1 client=14 entries=1024 (~1088 KiB)
[A:tls] worker host=1 client=49 entries=1024 (~1088 KiB)
[A:tls] worker host=1 client=46 entries=1024 (~1088 KiB)
[A:tls] worker host=1 client=60 entries=1024 (~1088 KiB)
[A:tls] worker host=1 client=16 entries=1024 (~1088 KiB)
[A:tls] worker host=1 client=48 entries=1024 (~1088 KiB)
[A:tls] worker host=1 client=26 entries=1024 (~1088 KiB)
[A:tls] worker host=1 client=28 entries=1024 (~1088 KiB)
# PATH host=1 label=after_LOAD tid=140622134925440 r0_tls=0 r2hit=0 r2miss_local=0 r3=0 cpool_ins_r=0 local_w=999071 fwd_w=0 local_w_blk_fwd=0 local_w_stg_fwd=0 cpool_ins_w=999071 cp_evict=0 cp_set_stale=0 cp_lru_evict=482327 rh_served=0
# PATH host=1 label=after_LOAD tid=140621977212608 r0_tls=0 r2hit=0 r2miss_local=0 r3=0 cpool_ins_r=0 local_w=0 fwd_w=0 local_w_blk_fwd=56853 local_w_stg_fwd=0 cpool_ins_w=0 cp_evict=5717 cp_set_stale=0 cp_lru_evict=0 rh_served=0
# PATH host=1 label=after_LOAD tid=140621985605312 r0_tls=0 r2hit=0 r2miss_local=0 r3=0 cpool_ins_r=0 local_w=0 fwd_w=0 local_w_blk_fwd=54587 local_w_stg_fwd=0 cpool_ins_w=0 cp_evict=5514 cp_set_stale=0 cp_lru_evict=0 rh_served=0
# PATH host=1 label=after_LOAD tid=140621993998016 r0_tls=0 r2hit=0 r2miss_local=0 r3=0 cpool_ins_r=0 local_w=0 fwd_w=0 local_w_blk_fwd=56688 local_w_stg_fwd=0 cpool_ins_w=0 cp_evict=5686 cp_set_stale=0 cp_lru_evict=0 rh_served=0
# PATH host=1 label=after_LOAD tid=140622134712000 r0_tls=0 r2hit=0 r2miss_local=0 r3=0 cpool_ins_r=0 local_w=0 fwd_w=0 local_w_blk_fwd=27764 local_w_stg_fwd=0 cpool_ins_w=0 cp_evict=2837 cp_set_stale=0 cp_lru_evict=0 rh_served=0
# PATH host=1 label=after_LOAD tid=140622117926592 r0_tls=0 r2hit=0 r2miss_local=0 r3=0 cpool_ins_r=0 local_w=0 fwd_w=0 local_w_blk_fwd=54235 local_w_stg_fwd=0 cpool_ins_w=0 cp_evict=5423 cp_set_stale=0 cp_lru_evict=0 rh_served=0
# PATH host=1 label=after_LOAD tid=140621933180608 r0_tls=0 r2hit=0 r2miss_local=0 r3=0 cpool_ins_r=0 local_w=0 fwd_w=0 local_w_blk_fwd=56020 local_w_stg_fwd=0 cpool_ins_w=0 cp_evict=5556 cp_set_stale=0 cp_lru_evict=0 rh_served=0
# PATH host=1 label=after_LOAD tid=140621968819904 r0_tls=0 r2hit=0 r2miss_local=0 r3=0 cpool_ins_r=0 local_w=0 fwd_w=0 local_w_blk_fwd=54632 local_w_stg_fwd=0 cpool_ins_w=0 cp_evict=5377 cp_set_stale=0 cp_lru_evict=0 rh_served=0
# PATH host=1 label=after_LOAD tid=140622126319296 r0_tls=0 r2hit=0 r2miss_local=0 r3=0 cpool_ins_r=0 local_w=0 fwd_w=0 local_w_blk_fwd=27896 local_w_stg_fwd=0 cpool_ins_w=0 cp_evict=2744 cp_set_stale=0 cp_lru_evict=0 rh_served=0
# PATH host=1 label=after_LOAD AGG r0_tls=0 r2hit=0 r2miss_local=0 r3=0 cpool_ins_r=0 local_w=999071 fwd_w=0 local_w_blk_fwd=388675 local_w_stg_fwd=0 cpool_ins_w=999071 cp_evict=38854 cp_set_stale=0 cp_lru_evict=482327 rh_served=0
bash: line 1: 47292 Segmentation fault      FUSEE_NUM_HOSTS=2 FUSEE_HOST_ID=1 FUSEE_NUM_THREADS=64 FUSEE_RUN_COOKIE=621411975 FUSEE_REP=3 FUSEE_CACHE=1 FUSEE_WORKLOAD_NAME=xhost_write FUSEE_KV_SIZE=1024 FUSEE_CACHE_BUCKETS=131072 FUSEE_RING_SHARDS_FACTOR=4 FUSEE_RING_ROUTING=worker_id FUSEE_FORCE_THREADS_PER_TYPE=8 ./tests/protocol_a_ycsb /dev/dax0.0 /tmp/microbench_traces/bench_xhost_write_zipf-0.99_h1.spec_load /tmp/microbench_traces/bench_xhost_write_zipf-0.99_h1.spec_trans 8388608 5000000 2>&1
