[A:thread] Worker pinned host=1 client=2 -> cpu=2 (pid=16921)
[A:thread] Worker pinned host=1 client=1 -> cpu=1 (pid=16920)
[A:thread] Worker pinned host=1 client=3 -> cpu=3 (pid=16922)
[A:thread] Worker pinned host=1 client=4 -> cpu=4 (pid=16923)
[A:thread] Worker pinned host=1 client=5 -> cpu=5 (pid=16924)
[A:thread] Worker pinned host=1 client=6 -> cpu=6 (pid=16925)
[A:thread] Worker pinned host=1 client=7 -> cpu=7 (pid=16926)
[A:thread] Worker pinned host=1 client=8 -> cpu=8 (pid=16927)
[A:thread] Worker pinned host=1 client=9 -> cpu=9 (pid=16928)
[A:thread] Worker pinned host=1 client=10 -> cpu=10 (pid=16929)
[A:thread] Worker pinned host=1 client=11 -> cpu=11 (pid=16930)
[A:thread] Worker pinned host=1 client=13 -> cpu=13 (pid=16932)
[A:thread] Worker pinned host=1 client=12 -> cpu=12 (pid=16931)
[A:thread] Worker pinned host=1 client=14 -> cpu=14 (pid=16933)
[A:thread] Worker pinned host=1 client=15 -> cpu=15 (pid=16934)
[A:thread] Worker pinned host=1 client=16 -> cpu=16 (pid=16935)
[A:thread] Worker pinned host=1 client=17 -> cpu=17 (pid=16936)
[A:thread] Worker pinned host=1 client=18 -> cpu=18 (pid=16937)
[A:thread] Worker pinned host=1 client=19 -> cpu=19 (pid=16938)
[A:thread] Worker pinned host=1 client=20 -> cpu=20 (pid=16939)
[A:thread] Worker pinned host=1 client=21 -> cpu=21 (pid=16940)
[A:thread] Worker pinned host=1 client=22 -> cpu=22 (pid=16941)
[A:thread] Worker pinned host=1 client=23 -> cpu=23 (pid=16942)
[A:thread] Worker pinned host=1 client=24 -> cpu=24 (pid=16943)
[A:thread] Worker pinned host=1 client=25 -> cpu=25 (pid=16944)
[A:thread] Worker pinned host=1 client=26 -> cpu=26 (pid=16945)
[A:thread] Worker pinned host=1 client=27 -> cpu=27 (pid=16946)
[A:thread] Worker pinned host=1 client=29 -> cpu=29 (pid=16948)
[A:thread] Worker pinned host=1 client=28 -> cpu=28 (pid=16947)
[A:thread] Worker pinned host=1 client=31 -> cpu=31 (pid=16950)
[A:thread] Worker pinned host=1 client=30 -> cpu=30 (pid=16949)
[A:thread] Worker pinned host=1 client=32 -> cpu=32 (pid=16951)
[A:thread] Worker pinned host=1 client=33 -> cpu=33 (pid=16952)
[A:thread] Worker pinned host=1 client=34 -> cpu=34 (pid=16953)
[A:thread] Worker pinned host=1 client=35 -> cpu=35 (pid=16954)
[A:thread] Worker pinned host=1 client=36 -> cpu=36 (pid=16955)
[A:thread] Worker pinned host=1 client=37 -> cpu=37 (pid=16956)
[A:thread] Worker pinned host=1 client=38 -> cpu=38 (pid=16957)
[A:thread] Worker pinned host=1 client=39 -> cpu=39 (pid=16958)
[A:thread] Worker pinned host=1 client=40 -> cpu=40 (pid=16959)
[A:thread] Worker pinned host=1 client=41 -> cpu=41 (pid=16960)
[A:thread] Worker pinned host=1 client=42 -> cpu=42 (pid=16961)
[A:thread] Worker pinned host=1 client=43 -> cpu=43 (pid=16962)
[A:thread] Worker pinned host=1 client=45 -> cpu=45 (pid=16964)
[A:thread] Worker pinned host=1 client=44 -> cpu=44 (pid=16963)
[A:thread] Worker pinned host=1 client=46 -> cpu=46 (pid=16965)
[A:thread] Worker pinned host=1 client=47 -> cpu=47 (pid=16966)
[A:thread] Worker pinned host=1 client=48 -> cpu=48 (pid=16967)
[A:thread] Worker pinned host=1 client=49 -> cpu=49 (pid=16968)
[A:thread] Worker pinned host=1 client=50 -> cpu=50 (pid=16969)
[A:thread] Worker pinned host=1 client=51 -> cpu=51 (pid=16970)
[A:thread] Worker pinned host=1 client=52 -> cpu=52 (pid=16971)
[A:thread] Worker pinned host=1 client=53 -> cpu=53 (pid=16972)
[A:thread] Worker pinned host=1 client=54 -> cpu=54 (pid=16973)
[A:thread] Worker pinned host=1 client=55 -> cpu=55 (pid=16974)
[A:thread] Worker pinned host=1 client=56 -> cpu=56 (pid=16975)
[A:thread] Worker pinned host=1 client=57 -> cpu=57 (pid=16976)
[A:thread] Worker pinned host=1 client=58 -> cpu=58 (pid=16977)
[A:thread] Worker pinned host=1 client=59 -> cpu=59 (pid=16978)
[A:thread] Worker pinned host=1 client=60 -> cpu=60 (pid=16979)
[A:thread] Worker pinned host=1 client=61 -> cpu=61 (pid=16980)
[A:thread] Worker pinned host=1 client=0 -> cpu=0 (pid=16919)
[A:thread] Worker pinned host=1 client=62 -> cpu=62 (pid=16981)
[A:thread] Worker pinned host=1 client=63 -> cpu=63 (pid=16982)
[A:thread] WriteReceiver pid=16919 tid=139624683542208 pinned cpu=65 (host_id=1)
[A:thread] ReadReceiver pid=16919 tid=139624675149504 pinned cpu=67 (host_id=1)
[A:thread] InvalReceiver pid=16919 tid=139624666756800 pinned cpu=69 (host_id=1)
[A:thread] ReservHandler pid=16919 tid=139624658364096 pinned cpu=70 (host_id=1)
[A:tls] worker host=1 client=46 entries=1024 (~1088 KiB)
[A:tls] worker host=1 client=54 entries=1024 (~1088 KiB)
[A:tls] worker host=1 client=45 entries=1024 (~1088 KiB)
[A:tls] worker host=1 client=51 entries=1024 (~1088 KiB)
[A:tls] worker host=1 client=43 entries=1024 (~1088 KiB)
[A:tls] worker host=1 client=3 entries=1024 (~1088 KiB)
[A:tls] worker host=1 client=52 entries=1024 (~1088 KiB)
[A:tls] worker host=1 client=53 entries=1024 (~1088 KiB)
[A:tls] worker host=1 client=47 entries=1024 (~1088 KiB)
[A:tls] worker host=1 client=44 entries=1024 (~1088 KiB)
[A:tls] worker host=1 client=2 entries=1024 (~1088 KiB)
[A:tls] worker host=1 client=1 entries=1024 (~1088 KiB)
[A:tls] worker host=1 client=5 entries=1024 (~1088 KiB)
[A:tls] worker host=1 client=0 entries=1024 (~1088 KiB)
[A:tls] worker host=1 client=4 entries=1024 (~1088 KiB)
[A:tls] worker host=1 client=7 entries=1024 (~1088 KiB)
[A:tls] worker host=1 client=16 entries=1024 (~1088 KiB)
[A:tls] worker host=1 client=22 entries=1024 (~1088 KiB)
[A:tls] worker host=1 client=35 entries=1024 (~1088 KiB)
[A:tls] worker host=1 client=28 entries=1024 (~1088 KiB)
[A:tls] worker host=1 client=62 entries=1024 (~1088 KiB)
[A:tls] worker host=1 client=19 entries=1024 (~1088 KiB)
[A:tls] worker host=1 client=40 entries=1024 (~1088 KiB)
[A:tls] worker host=1 client=50 entries=1024 (~1088 KiB)
[A:tls] worker host=1 client=57 entries=1024 (~1088 KiB)
[A:tls] worker host=1 client=63 entries=1024 (~1088 KiB)
[A:tls] worker host=1 client=25 entries=1024 (~1088 KiB)
[A:tls] worker host=1 client=12 entries=1024 (~1088 KiB)
[A:thread] InvalSender pid=16919 tid=139624633185984 pinned cpu=68 (host_id=1)
[A:tls] worker host=1 client=49 entries=1024 (~1088 KiB)
[A:thread] WriteSender pid=16919 tid=139624649971392 pinned cpu=64 (host_id=1)
[A:tls] worker host=1 client=60 entries=1024 (~1088 KiB)
[A:tls] worker host=1 client=56 entries=1024 (~1088 KiB)
[A:tls] worker host=1 client=34 entries=1024 (~1088 KiB)
[A:thread] ReadSender pid=16919 tid=139624641578688 pinned cpu=66 (host_id=1)
[A:tls] worker host=1 client=13 entries=1024 (~1088 KiB)
[A:tls] worker host=1 client=55 entries=1024 (~1088 KiB)
[A:tls] worker host=1 client=58 entries=1024 (~1088 KiB)
[A:tls] worker host=1 client=29 entries=1024 (~1088 KiB)
[A:sender] kind=1 policy=P0 K=16 T_us=100 host_id=1
[A:tls] worker host=1 client=20 entries=1024 (~1088 KiB)
[A:tls] worker host=1 client=42 entries=1024 (~1088 KiB)
[A:sender] kind=2 policy=P0 K=16 T_us=100 host_id=1
[A:tls] worker host=1 client=17 entries=1024 (~1088 KiB)
[A:tls] worker host=1 client=26 entries=1024 (~1088 KiB)
[A:tls] worker host=1 client=15 entries=1024 (~1088 KiB)
[A:tls] worker host=1 client=33 entries=1024 (~1088 KiB)
[A:tls] worker host=1 client=9 entries=1024 (~1088 KiB)
[A:tls] worker host=1 client=38 entries=1024 (~1088 KiB)
[A:tls] worker host=1 client=8 entries=1024 (~1088 KiB)
[A:tls] worker host=1 client=41 entries=1024 (~1088 KiB)
[A:tls] worker host=1 client=61 entries=1024 (~1088 KiB)
[A:tls] worker host=1 client=31 entries=1024 (~1088 KiB)
[A:tls] worker host=1 client=6 entries=1024 (~1088 KiB)
[A:sender] kind=0 policy=P0 K=16 T_us=100 host_id=1
[A:tls] worker host=1 client=30 entries=1024 (~1088 KiB)
[A:tls] worker host=1 client=39 entries=1024 (~1088 KiB)
[A:tls] worker host=1 client=14 entries=1024 (~1088 KiB)
[A:tls] worker host=1 client=37 entries=1024 (~1088 KiB)
[A:tls] worker host=1 client=59 entries=1024 (~1088 KiB)
[A:tls] worker host=1 client=23 entries=1024 (~1088 KiB)
[A:tls] worker host=1 client=27 entries=1024 (~1088 KiB)
[A:tls] worker host=1 client=11 entries=1024 (~1088 KiB)
[A:tls] worker host=1 client=36 entries=1024 (~1088 KiB)
[A:tls] worker host=1 client=21 entries=1024 (~1088 KiB)
[A:tls] worker host=1 client=32 entries=1024 (~1088 KiB)
[A:tls] worker host=1 client=18 entries=1024 (~1088 KiB)
[A:tls] worker host=1 client=48 entries=1024 (~1088 KiB)
[A:tls] worker host=1 client=24 entries=1024 (~1088 KiB)
[A:tls] worker host=1 client=10 entries=1024 (~1088 KiB)
