[A:thread] Worker pinned host=0 client=1 -> cpu=1 (pid=17728)
[A:thread] Worker pinned host=0 client=2 -> cpu=2 (pid=17729)
[A:thread] Worker pinned host=0 client=3 -> cpu=3 (pid=17730)
[A:thread] Worker pinned host=0 client=4 -> cpu=4 (pid=17731)
[A:thread] Worker pinned host=0 client=5 -> cpu=5 (pid=17732)
[A:thread] Worker pinned host=0 client=6 -> cpu=6 (pid=17733)
[A:thread] Worker pinned host=0 client=7 -> cpu=7 (pid=17734)
[A:thread] Worker pinned host=0 client=8 -> cpu=8 (pid=17735)
[A:thread] Worker pinned host=0 client=9 -> cpu=9 (pid=17736)
[A:thread] Worker pinned host=0 client=10 -> cpu=10 (pid=17737)
[A:thread] Worker pinned host=0 client=11 -> cpu=11 (pid=17738)
[A:thread] Worker pinned host=0 client=12 -> cpu=12 (pid=17739)
[A:thread] Worker pinned host=0 client=13 -> cpu=13 (pid=17740)
[A:thread] Worker pinned host=0 client=14 -> cpu=14 (pid=17741)
[A:thread] Worker pinned host=0 client=15 -> cpu=15 (pid=17742)
[A:thread] Worker pinned host=0 client=16 -> cpu=16 (pid=17743)
[A:thread] Worker pinned host=0 client=17 -> cpu=17 (pid=17744)
[A:thread] Worker pinned host=0 client=18 -> cpu=18 (pid=17745)
[A:thread] Worker pinned host=0 client=19 -> cpu=19 (pid=17746)
[A:thread] Worker pinned host=0 client=20 -> cpu=20 (pid=17747)
[A:thread] Worker pinned host=0 client=21 -> cpu=21 (pid=17748)
[A:thread] Worker pinned host=0 client=22 -> cpu=22 (pid=17749)
[A:thread] Worker pinned host=0 client=23 -> cpu=23 (pid=17750)
[A:thread] Worker pinned host=0 client=24 -> cpu=24 (pid=17751)
[A:thread] Worker pinned host=0 client=25 -> cpu=25 (pid=17752)
[A:thread] Worker pinned host=0 client=26 -> cpu=26 (pid=17753)
[A:thread] Worker pinned host=0 client=27 -> cpu=27 (pid=17754)
[A:thread] Worker pinned host=0 client=28 -> cpu=28 (pid=17755)
[A:thread] Worker pinned host=0 client=29 -> cpu=29 (pid=17756)
[A:thread] Worker pinned host=0 client=30 -> cpu=30 (pid=17757)
[A:thread] Worker pinned host=0 client=31 -> cpu=31 (pid=17758)
[A:thread] Worker pinned host=0 client=32 -> cpu=32 (pid=17759)
[A:thread] Worker pinned host=0 client=33 -> cpu=33 (pid=17760)
[A:thread] Worker pinned host=0 client=34 -> cpu=34 (pid=17761)
[A:thread] Worker pinned host=0 client=35 -> cpu=35 (pid=17762)
[A:thread] Worker pinned host=0 client=36 -> cpu=36 (pid=17763)
[A:thread] Worker pinned host=0 client=37 -> cpu=37 (pid=17764)
[A:thread] Worker pinned host=0 client=38 -> cpu=38 (pid=17765)
[A:thread] Worker pinned host=0 client=39 -> cpu=39 (pid=17766)
[A:thread] Worker pinned host=0 client=40 -> cpu=40 (pid=17767)
[A:thread] Worker pinned host=0 client=41 -> cpu=41 (pid=17768)
[A:thread] Worker pinned host=0 client=42 -> cpu=42 (pid=17769)
[A:thread] Worker pinned host=0 client=43 -> cpu=43 (pid=17770)
[A:thread] Worker pinned host=0 client=44 -> cpu=44 (pid=17771)
[A:thread] Worker pinned host=0 client=45 -> cpu=45 (pid=17772)
[A:thread] Worker pinned host=0 client=46 -> cpu=46 (pid=17773)
[A:thread] Worker pinned host=0 client=47 -> cpu=47 (pid=17774)
[A:thread] Worker pinned host=0 client=48 -> cpu=48 (pid=17775)
[A:thread] Worker pinned host=0 client=49 -> cpu=49 (pid=17776)
[A:thread] Worker pinned host=0 client=50 -> cpu=50 (pid=17777)
[A:thread] Worker pinned host=0 client=51 -> cpu=51 (pid=17778)
[A:thread] Worker pinned host=0 client=52 -> cpu=52 (pid=17779)
[A:thread] Worker pinned host=0 client=53 -> cpu=53 (pid=17780)
[A:thread] Worker pinned host=0 client=54 -> cpu=54 (pid=17781)
[A:thread] Worker pinned host=0 client=55 -> cpu=55 (pid=17782)
[A:thread] Worker pinned host=0 client=56 -> cpu=56 (pid=17783)
[A:thread] Worker pinned host=0 client=57 -> cpu=57 (pid=17784)
[A:thread] Worker pinned host=0 client=58 -> cpu=58 (pid=17785)
[A:thread] Worker pinned host=0 client=59 -> cpu=59 (pid=17786)
[A:thread] Worker pinned host=0 client=61 -> cpu=61 (pid=17788)
[A:thread] Worker pinned host=0 client=60 -> cpu=60 (pid=17787)
[A:thread] Worker pinned host=0 client=62 -> cpu=62 (pid=17789)
[A:thread] Worker pinned host=0 client=0 -> cpu=0 (pid=17727)
[A:thread] Worker pinned host=0 client=63 -> cpu=63 (pid=17790)
[A:thread] WriteReceiver pid=17727 tid=140528703084224 pinned cpu=65 (host_id=0)
[A:thread] ReadReceiver pid=17727 tid=140528694691520 pinned cpu=67 (host_id=0)
[A:thread] InvalReceiver pid=17727 tid=140528686298816 pinned cpu=69 (host_id=0)
[A:thread] ReservHandler pid=17727 tid=140528677906112 pinned cpu=70 (host_id=0)
[A:thread] WriteSender pid=17727 tid=140528669513408 pinned cpu=64 (host_id=0)
[A:sender] kind=0 policy=P0 K=16 T_us=100 host_id=0
[A:tls] worker host=0 client=49 entries=1024 (~1088 KiB)
[A:thread] ReadSender pid=17727 tid=140528661120704 pinned cpu=66 (host_id=0)
[A:sender] kind=1 policy=P0 K=16 T_us=100 host_id=0
[A:tls] worker host=0 client=46 entries=1024 (~1088 KiB)
[A:thread] InvalSender pid=17727 tid=140528578459328 pinned cpu=68 (host_id=0)
[A:sender] kind=2 policy=P0 K=16 T_us=100 host_id=0
[A:tls] worker host=0 client=44 entries=1024 (~1088 KiB)
[A:tls] worker host=0 client=63 entries=1024 (~1088 KiB)
[A:tls] worker host=0 client=21 entries=1024 (~1088 KiB)
[A:tls] worker host=0 client=39 entries=1024 (~1088 KiB)
[A:tls] worker host=0 client=12 entries=1024 (~1088 KiB)
[A:tls] worker host=0 client=9 entries=1024 (~1088 KiB)
[A:tls] worker host=0 client=11 entries=1024 (~1088 KiB)
[A:tls] worker host=0 client=20 entries=1024 (~1088 KiB)
[A:tls] worker host=0 client=17 entries=1024 (~1088 KiB)
[A:tls] worker host=0 client=15 entries=1024 (~1088 KiB)
[A:tls] worker host=0 client=16 entries=1024 (~1088 KiB)
[A:tls] worker host=0 client=37 entries=1024 (~1088 KiB)
[A:tls] worker host=0 client=8 entries=1024 (~1088 KiB)
[A:tls] worker host=0 client=0 entries=1024 (~1088 KiB)
[A:tls] worker host=0 client=7 entries=1024 (~1088 KiB)
[A:tls] worker host=0 client=23 entries=1024 (~1088 KiB)
[A:tls] worker host=0 client=50 entries=1024 (~1088 KiB)
[A:tls] worker host=0 client=13 entries=1024 (~1088 KiB)
[A:tls] worker host=0 client=22 entries=1024 (~1088 KiB)
[A:tls] worker host=0 client=14 entries=1024 (~1088 KiB)
[A:tls] worker host=0 client=41 entries=1024 (~1088 KiB)
[A:tls] worker host=0 client=18 entries=1024 (~1088 KiB)
[A:tls] worker host=0 client=33 entries=1024 (~1088 KiB)
[A:tls] worker host=0 client=19 entries=1024 (~1088 KiB)
[A:tls] worker host=0 client=61 entries=1024 (~1088 KiB)
[A:tls] worker host=0 client=45 entries=1024 (~1088 KiB)
[A:tls] worker host=0 client=43 entries=1024 (~1088 KiB)
[A:tls] worker host=0 client=48 entries=1024 (~1088 KiB)
[A:tls] worker host=0 client=5 entries=1024 (~1088 KiB)
[A:tls] worker host=0 client=3 entries=1024 (~1088 KiB)
[A:tls] worker host=0 client=1 entries=1024 (~1088 KiB)
[A:tls] worker host=0 client=2 entries=1024 (~1088 KiB)
[A:tls] worker host=0 client=40 entries=1024 (~1088 KiB)
[A:tls] worker host=0 client=29 entries=1024 (~1088 KiB)
[A:tls] worker host=0 client=25 entries=1024 (~1088 KiB)
[A:tls] worker host=0 client=60 entries=1024 (~1088 KiB)
[A:tls] worker host=0 client=38 entries=1024 (~1088 KiB)
[A:tls] worker host=0 client=36 entries=1024 (~1088 KiB)
[A:tls] worker host=0 client=42 entries=1024 (~1088 KiB)
[A:tls] worker host=0 client=24 entries=1024 (~1088 KiB)
[A:tls] worker host=0 client=30 entries=1024 (~1088 KiB)
[A:tls] worker host=0 client=10 entries=1024 (~1088 KiB)
[A:tls] worker host=0 client=58 entries=1024 (~1088 KiB)
[A:tls] worker host=0 client=4 entries=1024 (~1088 KiB)
[A:tls] worker host=0 client=34 entries=1024 (~1088 KiB)
[A:tls] worker host=0 client=56 entries=1024 (~1088 KiB)
[A:tls] worker host=0 client=26 entries=1024 (~1088 KiB)
[A:tls] worker host=0 client=52 entries=1024 (~1088 KiB)
[A:tls] worker host=0 client=57 entries=1024 (~1088 KiB)
[A:tls] worker host=0 client=47 entries=1024 (~1088 KiB)
[A:tls] worker host=0 client=55 entries=1024 (~1088 KiB)
[A:tls] worker host=0 client=32 entries=1024 (~1088 KiB)
[A:tls] worker host=0 client=54 entries=1024 (~1088 KiB)
[A:tls] worker host=0 client=6 entries=1024 (~1088 KiB)
[A:tls] worker host=0 client=27 entries=1024 (~1088 KiB)
[A:tls] worker host=0 client=59 entries=1024 (~1088 KiB)
[A:tls] worker host=0 client=31 entries=1024 (~1088 KiB)
[A:tls] worker host=0 client=28 entries=1024 (~1088 KiB)
[A:tls] worker host=0 client=35 entries=1024 (~1088 KiB)
[A:tls] worker host=0 client=51 entries=1024 (~1088 KiB)
[A:tls] worker host=0 client=62 entries=1024 (~1088 KiB)
[A:tls] worker host=0 client=53 entries=1024 (~1088 KiB)
