[A:thread] Worker pinned host=1 client=1 -> cpu=1 (pid=17104)
[A:thread] Worker pinned host=1 client=2 -> cpu=2 (pid=17105)
[A:thread] Worker pinned host=1 client=3 -> cpu=3 (pid=17106)
[A:thread] Worker pinned host=1 client=4 -> cpu=4 (pid=17107)
[A:thread] Worker pinned host=1 client=5 -> cpu=5 (pid=17108)
[A:thread] Worker pinned host=1 client=6 -> cpu=6 (pid=17109)
[A:thread] Worker pinned host=1 client=7 -> cpu=7 (pid=17110)
[A:thread] Worker pinned host=1 client=8 -> cpu=8 (pid=17111)
[A:thread] Worker pinned host=1 client=9 -> cpu=9 (pid=17112)
[A:thread] Worker pinned host=1 client=10 -> cpu=10 (pid=17113)
[A:thread] Worker pinned host=1 client=11 -> cpu=11 (pid=17114)
[A:thread] Worker pinned host=1 client=12 -> cpu=12 (pid=17115)
[A:thread] Worker pinned host=1 client=13 -> cpu=13 (pid=17116)
[A:thread] Worker pinned host=1 client=14 -> cpu=14 (pid=17117)
[A:thread] Worker pinned host=1 client=15 -> cpu=15 (pid=17118)
[A:thread] Worker pinned host=1 client=16 -> cpu=16 (pid=17119)
[A:thread] Worker pinned host=1 client=17 -> cpu=17 (pid=17120)
[A:thread] Worker pinned host=1 client=18 -> cpu=18 (pid=17121)
[A:thread] Worker pinned host=1 client=19 -> cpu=19 (pid=17122)
[A:thread] Worker pinned host=1 client=20 -> cpu=20 (pid=17123)
[A:thread] Worker pinned host=1 client=21 -> cpu=21 (pid=17124)
[A:thread] Worker pinned host=1 client=22 -> cpu=22 (pid=17125)
[A:thread] Worker pinned host=1 client=23 -> cpu=23 (pid=17126)
[A:thread] Worker pinned host=1 client=24 -> cpu=24 (pid=17127)
[A:thread] Worker pinned host=1 client=25 -> cpu=25 (pid=17128)
[A:thread] Worker pinned host=1 client=26 -> cpu=26 (pid=17129)
[A:thread] Worker pinned host=1 client=27 -> cpu=27 (pid=17130)
[A:thread] Worker pinned host=1 client=28 -> cpu=28 (pid=17131)
[A:thread] Worker pinned host=1 client=29 -> cpu=29 (pid=17132)
[A:thread] Worker pinned host=1 client=30 -> cpu=30 (pid=17133)
[A:thread] Worker pinned host=1 client=31 -> cpu=31 (pid=17134)
[A:thread] Worker pinned host=1 client=32 -> cpu=32 (pid=17135)
[A:thread] Worker pinned host=1 client=33 -> cpu=33 (pid=17136)
[A:thread] Worker pinned host=1 client=34 -> cpu=34 (pid=17137)
[A:thread] Worker pinned host=1 client=35 -> cpu=35 (pid=17138)
[A:thread] Worker pinned host=1 client=36 -> cpu=36 (pid=17139)
[A:thread] Worker pinned host=1 client=37 -> cpu=37 (pid=17140)
[A:thread] Worker pinned host=1 client=38 -> cpu=38 (pid=17141)
[A:thread] Worker pinned host=1 client=39 -> cpu=39 (pid=17142)
[A:thread] Worker pinned host=1 client=40 -> cpu=40 (pid=17143)
[A:thread] Worker pinned host=1 client=41 -> cpu=41 (pid=17144)
[A:thread] Worker pinned host=1 client=42 -> cpu=42 (pid=17145)
[A:thread] Worker pinned host=1 client=43 -> cpu=43 (pid=17146)
[A:thread] Worker pinned host=1 client=44 -> cpu=44 (pid=17147)
[A:thread] Worker pinned host=1 client=45 -> cpu=45 (pid=17148)
[A:thread] Worker pinned host=1 client=46 -> cpu=46 (pid=17149)
[A:thread] Worker pinned host=1 client=47 -> cpu=47 (pid=17150)
[A:thread] Worker pinned host=1 client=48 -> cpu=48 (pid=17151)
[A:thread] Worker pinned host=1 client=49 -> cpu=49 (pid=17152)
[A:thread] Worker pinned host=1 client=50 -> cpu=50 (pid=17153)
[A:thread] Worker pinned host=1 client=51 -> cpu=51 (pid=17154)
[A:thread] Worker pinned host=1 client=52 -> cpu=52 (pid=17155)
[A:thread] Worker pinned host=1 client=53 -> cpu=53 (pid=17156)
[A:thread] Worker pinned host=1 client=54 -> cpu=54 (pid=17157)
[A:thread] Worker pinned host=1 client=55 -> cpu=55 (pid=17158)
[A:thread] Worker pinned host=1 client=56 -> cpu=56 (pid=17159)
[A:thread] Worker pinned host=1 client=57 -> cpu=57 (pid=17160)
[A:thread] Worker pinned host=1 client=58 -> cpu=58 (pid=17161)
[A:thread] Worker pinned host=1 client=59 -> cpu=59 (pid=17162)
[A:thread] Worker pinned host=1 client=60 -> cpu=60 (pid=17163)
[A:thread] Worker pinned host=1 client=61 -> cpu=61 (pid=17164)
[A:thread] Worker pinned host=1 client=0 -> cpu=0 (pid=17103)
[A:thread] Worker pinned host=1 client=62 -> cpu=62 (pid=17165)
[A:thread] Worker pinned host=1 client=63 -> cpu=63 (pid=17166)
[A:thread] WriteReceiver pid=17103 tid=139711297648320 pinned cpu=65 (host_id=1)
[A:thread] ReadReceiver pid=17103 tid=139711289255616 pinned cpu=67 (host_id=1)
[A:thread] InvalReceiver pid=17103 tid=139711280862912 pinned cpu=69 (host_id=1)
[A:thread] ReservHandler pid=17103 tid=139711272470208 pinned cpu=70 (host_id=1)
[A:thread] WriteSender pid=17103 tid=139711058278080 pinned cpu=64 (host_id=1)
[A:sender] kind=0 policy=P0 K=16 T_us=100 host_id=1
[A:thread] ReadSender pid=17103 tid=139711049885376 pinned cpu=66 (host_id=1)
[A:sender] kind=1 policy=P0 K=16 T_us=100 host_id=1
[A:thread] InvalSender pid=17103 tid=139709401528000 pinned cpu=68 (host_id=1)
[A:sender] kind=2 policy=P0 K=16 T_us=100 host_id=1
[A:tls] worker host=1 client=59 entries=1024 (~1088 KiB)
[A:tls] worker host=1 client=61 entries=1024 (~1088 KiB)
[A:tls] worker host=1 client=14 entries=1024 (~1088 KiB)
[A:tls] worker host=1 client=47 entries=1024 (~1088 KiB)
[A:tls] worker host=1 client=63 entries=1024 (~1088 KiB)
[A:tls] worker host=1 client=32 entries=1024 (~1088 KiB)
[A:tls] worker host=1 client=48 entries=1024 (~1088 KiB)
[A:tls] worker host=1 client=58 entries=1024 (~1088 KiB)
[A:tls] worker host=1 client=50 entries=1024 (~1088 KiB)
[A:tls] worker host=1 client=43 entries=1024 (~1088 KiB)
[A:tls] worker host=1 client=60 entries=1024 (~1088 KiB)
[A:tls] worker host=1 client=56 entries=1024 (~1088 KiB)
[A:tls] worker host=1 client=57 entries=1024 (~1088 KiB)
[A:tls] worker host=1 client=62 entries=1024 (~1088 KiB)
[A:tls] worker host=1 client=45 entries=1024 (~1088 KiB)
[A:tls] worker host=1 client=53 entries=1024 (~1088 KiB)
[A:tls] worker host=1 client=54 entries=1024 (~1088 KiB)
[A:tls] worker host=1 client=51 entries=1024 (~1088 KiB)
[A:tls] worker host=1 client=55 entries=1024 (~1088 KiB)
[A:tls] worker host=1 client=49 entries=1024 (~1088 KiB)
[A:tls] worker host=1 client=29 entries=1024 (~1088 KiB)
[A:tls] worker host=1 client=11 entries=1024 (~1088 KiB)
[A:tls] worker host=1 client=0 entries=1024 (~1088 KiB)
[A:tls] worker host=1 client=24 entries=1024 (~1088 KiB)
[A:tls] worker host=1 client=4 entries=1024 (~1088 KiB)
[A:tls] worker host=1 client=44 entries=1024 (~1088 KiB)
[A:tls] worker host=1 client=21 entries=1024 (~1088 KiB)
[A:tls] worker host=1 client=9 entries=1024 (~1088 KiB)
[A:tls] worker host=1 client=10 entries=1024 (~1088 KiB)
[A:tls] worker host=1 client=37 entries=1024 (~1088 KiB)
[A:tls] worker host=1 client=39 entries=1024 (~1088 KiB)
[A:tls] worker host=1 client=30 entries=1024 (~1088 KiB)
[A:tls] worker host=1 client=35 entries=1024 (~1088 KiB)
[A:tls] worker host=1 client=22 entries=1024 (~1088 KiB)
[A:tls] worker host=1 client=33 entries=1024 (~1088 KiB)
[A:tls] worker host=1 client=38 entries=1024 (~1088 KiB)
[A:tls] worker host=1 client=16 entries=1024 (~1088 KiB)
[A:tls] worker host=1 client=31 entries=1024 (~1088 KiB)
[A:tls] worker host=1 client=27 entries=1024 (~1088 KiB)
[A:tls] worker host=1 client=34 entries=1024 (~1088 KiB)
[A:tls] worker host=1 client=18 entries=1024 (~1088 KiB)
[A:tls] worker host=1 client=1 entries=1024 (~1088 KiB)
[A:tls] worker host=1 client=6 entries=1024 (~1088 KiB)
[A:tls] worker host=1 client=12 entries=1024 (~1088 KiB)
[A:tls] worker host=1 client=28 entries=1024 (~1088 KiB)
[A:tls] worker host=1 client=36 entries=1024 (~1088 KiB)
[A:tls] worker host=1 client=5 entries=1024 (~1088 KiB)
[A:tls] worker host=1 client=40 entries=1024 (~1088 KiB)
[A:tls] worker host=1 client=23 entries=1024 (~1088 KiB)
[A:tls] worker host=1 client=25 entries=1024 (~1088 KiB)
[A:tls] worker host=1 client=2 entries=1024 (~1088 KiB)
[A:tls] worker host=1 client=8 entries=1024 (~1088 KiB)
[A:tls] worker host=1 client=26 entries=1024 (~1088 KiB)
[A:tls] worker host=1 client=41 entries=1024 (~1088 KiB)
[A:tls] worker host=1 client=13 entries=1024 (~1088 KiB)
[A:tls] worker host=1 client=52 entries=1024 (~1088 KiB)
[A:tls] worker host=1 client=3 entries=1024 (~1088 KiB)
[A:tls] worker host=1 client=20 entries=1024 (~1088 KiB)
[A:tls] worker host=1 client=17 entries=1024 (~1088 KiB)
[A:tls] worker host=1 client=46 entries=1024 (~1088 KiB)
[A:tls] worker host=1 client=15 entries=1024 (~1088 KiB)
[A:tls] worker host=1 client=42 entries=1024 (~1088 KiB)
[A:tls] worker host=1 client=7 entries=1024 (~1088 KiB)
[A:tls] worker host=1 client=19 entries=1024 (~1088 KiB)
