[A:thread] Worker pinned host=0 client=2 -> cpu=2 (pid=17059)
[A:thread] Worker pinned host=0 client=1 -> cpu=1 (pid=17058)
[A:thread] Worker pinned host=0 client=3 -> cpu=3 (pid=17060)
[A:thread] Worker pinned host=0 client=4 -> cpu=4 (pid=17061)
[A:thread] Worker pinned host=0 client=5 -> cpu=5 (pid=17062)
[A:thread] Worker pinned host=0 client=6 -> cpu=6 (pid=17063)
[A:thread] Worker pinned host=0 client=7 -> cpu=7 (pid=17064)
[A:thread] Worker pinned host=0 client=8 -> cpu=8 (pid=17065)
[A:thread] Worker pinned host=0 client=9 -> cpu=9 (pid=17066)
[A:thread] Worker pinned host=0 client=10 -> cpu=10 (pid=17067)
[A:thread] Worker pinned host=0 client=11 -> cpu=11 (pid=17068)
[A:thread] Worker pinned host=0 client=12 -> cpu=12 (pid=17069)
[A:thread] Worker pinned host=0 client=13 -> cpu=13 (pid=17070)
[A:thread] Worker pinned host=0 client=14 -> cpu=14 (pid=17071)
[A:thread] Worker pinned host=0 client=15 -> cpu=15 (pid=17072)
[A:thread] Worker pinned host=0 client=16 -> cpu=16 (pid=17073)
[A:thread] Worker pinned host=0 client=17 -> cpu=17 (pid=17074)
[A:thread] Worker pinned host=0 client=18 -> cpu=18 (pid=17075)
[A:thread] Worker pinned host=0 client=19 -> cpu=19 (pid=17076)
[A:thread] Worker pinned host=0 client=20 -> cpu=20 (pid=17077)
[A:thread] Worker pinned host=0 client=21 -> cpu=21 (pid=17078)
[A:thread] Worker pinned host=0 client=23 -> cpu=23 (pid=17080)
[A:thread] Worker pinned host=0 client=22 -> cpu=22 (pid=17079)
[A:thread] Worker pinned host=0 client=24 -> cpu=24 (pid=17081)
[A:thread] Worker pinned host=0 client=25 -> cpu=25 (pid=17082)
[A:thread] Worker pinned host=0 client=26 -> cpu=26 (pid=17083)
[A:thread] Worker pinned host=0 client=27 -> cpu=27 (pid=17084)
[A:thread] Worker pinned host=0 client=28 -> cpu=28 (pid=17085)
[A:thread] Worker pinned host=0 client=29 -> cpu=29 (pid=17086)
[A:thread] Worker pinned host=0 client=30 -> cpu=30 (pid=17087)
[A:thread] Worker pinned host=0 client=31 -> cpu=31 (pid=17088)
[A:thread] Worker pinned host=0 client=32 -> cpu=32 (pid=17089)
[A:thread] Worker pinned host=0 client=33 -> cpu=33 (pid=17090)
[A:thread] Worker pinned host=0 client=34 -> cpu=34 (pid=17091)
[A:thread] Worker pinned host=0 client=35 -> cpu=35 (pid=17092)
[A:thread] Worker pinned host=0 client=36 -> cpu=36 (pid=17093)
[A:thread] Worker pinned host=0 client=37 -> cpu=37 (pid=17094)
[A:thread] Worker pinned host=0 client=38 -> cpu=38 (pid=17095)
[A:thread] Worker pinned host=0 client=39 -> cpu=39 (pid=17096)
[A:thread] Worker pinned host=0 client=40 -> cpu=40 (pid=17097)
[A:thread] Worker pinned host=0 client=42 -> cpu=42 (pid=17099)
[A:thread] Worker pinned host=0 client=41 -> cpu=41 (pid=17098)
[A:thread] Worker pinned host=0 client=43 -> cpu=43 (pid=17100)
[A:thread] Worker pinned host=0 client=44 -> cpu=44 (pid=17101)
[A:thread] Worker pinned host=0 client=45 -> cpu=45 (pid=17102)
[A:thread] Worker pinned host=0 client=46 -> cpu=46 (pid=17103)
[A:thread] Worker pinned host=0 client=47 -> cpu=47 (pid=17104)
[A:thread] Worker pinned host=0 client=48 -> cpu=48 (pid=17105)
[A:thread] Worker pinned host=0 client=49 -> cpu=49 (pid=17106)
[A:thread] Worker pinned host=0 client=50 -> cpu=50 (pid=17107)
[A:thread] Worker pinned host=0 client=51 -> cpu=51 (pid=17108)
[A:thread] Worker pinned host=0 client=52 -> cpu=52 (pid=17109)
[A:thread] Worker pinned host=0 client=53 -> cpu=53 (pid=17110)
[A:thread] Worker pinned host=0 client=54 -> cpu=54 (pid=17111)
[A:thread] Worker pinned host=0 client=55 -> cpu=55 (pid=17112)
[A:thread] Worker pinned host=0 client=56 -> cpu=56 (pid=17113)
[A:thread] Worker pinned host=0 client=57 -> cpu=57 (pid=17114)
[A:thread] Worker pinned host=0 client=58 -> cpu=58 (pid=17115)
[A:thread] Worker pinned host=0 client=60 -> cpu=60 (pid=17117)
[A:thread] Worker pinned host=0 client=61 -> cpu=61 (pid=17118)
[A:thread] Worker pinned host=0 client=59 -> cpu=59 (pid=17116)
[A:thread] Worker pinned host=0 client=62 -> cpu=62 (pid=17119)
[A:thread] Worker pinned host=0 client=0 -> cpu=0 (pid=17057)
[A:thread] Worker pinned host=0 client=63 -> cpu=63 (pid=17120)
[A:thread] WriteReceiver pid=17057 tid=140362436789952 pinned cpu=65 (host_id=0)
[A:thread] ReadReceiver pid=17057 tid=140362293180096 pinned cpu=67 (host_id=0)
[A:thread] InvalReceiver pid=17057 tid=140362428397248 pinned cpu=69 (host_id=0)
[A:thread] WriteSender pid=17057 tid=140362341410496 pinned cpu=64 (host_id=0)
[A:sender] kind=0 policy=P0 K=16 T_us=100 host_id=0
[A:thread] ReservHandler pid=17057 tid=140362349803200 pinned cpu=70 (host_id=0)
[A:thread] ReadSender pid=17057 tid=140362333017792 pinned cpu=66 (host_id=0)
[A:sender] kind=1 policy=P0 K=16 T_us=100 host_id=0
[A:thread] InvalSender pid=17057 tid=140362324625088 pinned cpu=68 (host_id=0)
[A:sender] kind=2 policy=P0 K=16 T_us=100 host_id=0
[A:tls] worker host=0 client=52 entries=1024 (~1088 KiB)
[A:tls] worker host=0 client=59 entries=1024 (~1088 KiB)
[A:tls] worker host=0 client=62 entries=1024 (~1088 KiB)
[A:tls] worker host=0 client=41 entries=1024 (~1088 KiB)
[A:tls] worker host=0 client=58 entries=1024 (~1088 KiB)
[A:tls] worker host=0 client=43 entries=1024 (~1088 KiB)
[A:tls] worker host=0 client=61 entries=1024 (~1088 KiB)
[A:tls] worker host=0 client=56 entries=1024 (~1088 KiB)
[A:tls] worker host=0 client=45 entries=1024 (~1088 KiB)
[A:tls] worker host=0 client=33 entries=1024 (~1088 KiB)
[A:tls] worker host=0 client=63 entries=1024 (~1088 KiB)
[A:tls] worker host=0 client=11 entries=1024 (~1088 KiB)
[A:tls] worker host=0 client=0 entries=1024 (~1088 KiB)
[A:tls] worker host=0 client=36 entries=1024 (~1088 KiB)
[A:tls] worker host=0 client=13 entries=1024 (~1088 KiB)
[A:tls] worker host=0 client=39 entries=1024 (~1088 KiB)
[A:tls] worker host=0 client=5 entries=1024 (~1088 KiB)
[A:tls] worker host=0 client=4 entries=1024 (~1088 KiB)
[A:tls] worker host=0 client=53 entries=1024 (~1088 KiB)
[A:tls] worker host=0 client=8 entries=1024 (~1088 KiB)
[A:tls] worker host=0 client=49 entries=1024 (~1088 KiB)
[A:tls] worker host=0 client=3 entries=1024 (~1088 KiB)
[A:tls] worker host=0 client=48 entries=1024 (~1088 KiB)
[A:tls] worker host=0 client=55 entries=1024 (~1088 KiB)
[A:tls] worker host=0 client=38 entries=1024 (~1088 KiB)
[A:tls] worker host=0 client=1 entries=1024 (~1088 KiB)
[A:tls] worker host=0 client=50 entries=1024 (~1088 KiB)
[A:tls] worker host=0 client=14 entries=1024 (~1088 KiB)
[A:tls] worker host=0 client=2 entries=1024 (~1088 KiB)
[A:tls] worker host=0 client=51 entries=1024 (~1088 KiB)
[A:tls] worker host=0 client=16 entries=1024 (~1088 KiB)
[A:tls] worker host=0 client=42 entries=1024 (~1088 KiB)
[A:tls] worker host=0 client=37 entries=1024 (~1088 KiB)
[A:tls] worker host=0 client=15 entries=1024 (~1088 KiB)
[A:tls] worker host=0 client=27 entries=1024 (~1088 KiB)
[A:tls] worker host=0 client=7 entries=1024 (~1088 KiB)
[A:tls] worker host=0 client=28 entries=1024 (~1088 KiB)
[A:tls] worker host=0 client=47 entries=1024 (~1088 KiB)
[A:tls] worker host=0 client=35 entries=1024 (~1088 KiB)
[A:tls] worker host=0 client=40 entries=1024 (~1088 KiB)
[A:tls] worker host=0 client=9 entries=1024 (~1088 KiB)
[A:tls] worker host=0 client=23 entries=1024 (~1088 KiB)
[A:tls] worker host=0 client=30 entries=1024 (~1088 KiB)
[A:tls] worker host=0 client=12 entries=1024 (~1088 KiB)
[A:tls] worker host=0 client=6 entries=1024 (~1088 KiB)
[A:tls] worker host=0 client=60 entries=1024 (~1088 KiB)
[A:tls] worker host=0 client=17 entries=1024 (~1088 KiB)
[A:tls] worker host=0 client=19 entries=1024 (~1088 KiB)
[A:tls] worker host=0 client=57 entries=1024 (~1088 KiB)
[A:tls] worker host=0 client=20 entries=1024 (~1088 KiB)
[A:tls] worker host=0 client=21 entries=1024 (~1088 KiB)
[A:tls] worker host=0 client=46 entries=1024 (~1088 KiB)
[A:tls] worker host=0 client=24 entries=1024 (~1088 KiB)
[A:tls] worker host=0 client=32 entries=1024 (~1088 KiB)
[A:tls] worker host=0 client=18 entries=1024 (~1088 KiB)
[A:tls] worker host=0 client=25 entries=1024 (~1088 KiB)
[A:tls] worker host=0 client=26 entries=1024 (~1088 KiB)
[A:tls] worker host=0 client=54 entries=1024 (~1088 KiB)
[A:tls] worker host=0 client=10 entries=1024 (~1088 KiB)
[A:tls] worker host=0 client=22 entries=1024 (~1088 KiB)
[A:tls] worker host=0 client=34 entries=1024 (~1088 KiB)
[A:tls] worker host=0 client=29 entries=1024 (~1088 KiB)
[A:tls] worker host=0 client=31 entries=1024 (~1088 KiB)
[A:tls] worker host=0 client=44 entries=1024 (~1088 KiB)
