[A:thread] Worker pinned host=0 client=1 -> cpu=1 (pid=17519)
[A:thread] Worker pinned host=0 client=2 -> cpu=2 (pid=17520)
[A:thread] Worker pinned host=0 client=3 -> cpu=3 (pid=17521)
[A:thread] Worker pinned host=0 client=4 -> cpu=4 (pid=17522)
[A:thread] Worker pinned host=0 client=5 -> cpu=5 (pid=17523)
[A:thread] Worker pinned host=0 client=6 -> cpu=6 (pid=17524)
[A:thread] Worker pinned host=0 client=7 -> cpu=7 (pid=17525)
[A:thread] Worker pinned host=0 client=8 -> cpu=8 (pid=17526)
[A:thread] Worker pinned host=0 client=9 -> cpu=9 (pid=17527)
[A:thread] Worker pinned host=0 client=10 -> cpu=10 (pid=17528)
[A:thread] Worker pinned host=0 client=11 -> cpu=11 (pid=17529)
[A:thread] Worker pinned host=0 client=12 -> cpu=12 (pid=17530)
[A:thread] Worker pinned host=0 client=13 -> cpu=13 (pid=17531)
[A:thread] Worker pinned host=0 client=14 -> cpu=14 (pid=17532)
[A:thread] Worker pinned host=0 client=15 -> cpu=15 (pid=17533)
[A:thread] Worker pinned host=0 client=16 -> cpu=16 (pid=17534)
[A:thread] Worker pinned host=0 client=17 -> cpu=17 (pid=17535)
[A:thread] Worker pinned host=0 client=18 -> cpu=18 (pid=17536)
[A:thread] Worker pinned host=0 client=19 -> cpu=19 (pid=17537)
[A:thread] Worker pinned host=0 client=20 -> cpu=20 (pid=17538)
[A:thread] Worker pinned host=0 client=21 -> cpu=21 (pid=17539)
[A:thread] Worker pinned host=0 client=22 -> cpu=22 (pid=17540)
[A:thread] Worker pinned host=0 client=23 -> cpu=23 (pid=17541)
[A:thread] Worker pinned host=0 client=24 -> cpu=24 (pid=17542)
[A:thread] Worker pinned host=0 client=25 -> cpu=25 (pid=17543)
[A:thread] Worker pinned host=0 client=26 -> cpu=26 (pid=17544)
[A:thread] Worker pinned host=0 client=27 -> cpu=27 (pid=17545)
[A:thread] Worker pinned host=0 client=28 -> cpu=28 (pid=17546)
[A:thread] Worker pinned host=0 client=29 -> cpu=29 (pid=17547)
[A:thread] Worker pinned host=0 client=30 -> cpu=30 (pid=17548)
[A:thread] Worker pinned host=0 client=31 -> cpu=31 (pid=17549)
[A:thread] Worker pinned host=0 client=32 -> cpu=32 (pid=17550)
[A:thread] Worker pinned host=0 client=33 -> cpu=33 (pid=17551)
[A:thread] Worker pinned host=0 client=34 -> cpu=34 (pid=17552)
[A:thread] Worker pinned host=0 client=35 -> cpu=35 (pid=17553)
[A:thread] Worker pinned host=0 client=36 -> cpu=36 (pid=17554)
[A:thread] Worker pinned host=0 client=37 -> cpu=37 (pid=17555)
[A:thread] Worker pinned host=0 client=38 -> cpu=38 (pid=17556)
[A:thread] Worker pinned host=0 client=39 -> cpu=39 (pid=17557)
[A:thread] Worker pinned host=0 client=40 -> cpu=40 (pid=17558)
[A:thread] Worker pinned host=0 client=41 -> cpu=41 (pid=17559)
[A:thread] Worker pinned host=0 client=42 -> cpu=42 (pid=17560)
[A:thread] Worker pinned host=0 client=43 -> cpu=43 (pid=17561)
[A:thread] Worker pinned host=0 client=44 -> cpu=44 (pid=17562)
[A:thread] Worker pinned host=0 client=45 -> cpu=45 (pid=17563)
[A:thread] Worker pinned host=0 client=46 -> cpu=46 (pid=17564)
[A:thread] Worker pinned host=0 client=47 -> cpu=47 (pid=17565)
[A:thread] Worker pinned host=0 client=48 -> cpu=48 (pid=17566)
[A:thread] Worker pinned host=0 client=49 -> cpu=49 (pid=17567)
[A:thread] Worker pinned host=0 client=50 -> cpu=50 (pid=17568)
[A:thread] Worker pinned host=0 client=51 -> cpu=51 (pid=17569)
[A:thread] Worker pinned host=0 client=52 -> cpu=52 (pid=17570)
[A:thread] Worker pinned host=0 client=54 -> cpu=54 (pid=17572)
[A:thread] Worker pinned host=0 client=55 -> cpu=55 (pid=17573)
[A:thread] Worker pinned host=0 client=53 -> cpu=53 (pid=17571)
[A:thread] Worker pinned host=0 client=56 -> cpu=56 (pid=17574)
[A:thread] Worker pinned host=0 client=57 -> cpu=57 (pid=17575)
[A:thread] Worker pinned host=0 client=59 -> cpu=59 (pid=17577)
[A:thread] Worker pinned host=0 client=58 -> cpu=58 (pid=17576)
[A:thread] Worker pinned host=0 client=60 -> cpu=60 (pid=17578)
[A:thread] Worker pinned host=0 client=61 -> cpu=61 (pid=17579)
[A:thread] Worker pinned host=0 client=62 -> cpu=62 (pid=17580)
[A:thread] Worker pinned host=0 client=0 -> cpu=0 (pid=17518)
[A:thread] Worker pinned host=0 client=63 -> cpu=63 (pid=17581)
[A:thread] WriteReceiver pid=17518 tid=139795432437440 pinned cpu=65 (host_id=0)
[A:thread] ReadReceiver pid=17518 tid=139795424044736 pinned cpu=67 (host_id=0)
[A:thread] InvalReceiver pid=17518 tid=139795347011264 pinned cpu=69 (host_id=0)
[A:thread] ReservHandler pid=17518 tid=139795338618560 pinned cpu=70 (host_id=0)
[A:tls] worker host=0 client=61 entries=1024 (~1088 KiB)
[A:tls] worker host=0 client=54 entries=1024 (~1088 KiB)
[A:tls] worker host=0 client=59 entries=1024 (~1088 KiB)
[A:tls] worker host=0 client=46 entries=1024 (~1088 KiB)
[A:tls] worker host=0 client=7 entries=1024 (~1088 KiB)
[A:tls] worker host=0 client=47 entries=1024 (~1088 KiB)
[A:tls] worker host=0 client=42 entries=1024 (~1088 KiB)
[A:tls] worker host=0 client=56 entries=1024 (~1088 KiB)
[A:tls] worker host=0 client=51 entries=1024 (~1088 KiB)
[A:tls] worker host=0 client=34 entries=1024 (~1088 KiB)
[A:tls] worker host=0 client=52 entries=1024 (~1088 KiB)
[A:tls] worker host=0 client=62 entries=1024 (~1088 KiB)
[A:tls] worker host=0 client=45 entries=1024 (~1088 KiB)
[A:tls] worker host=0 client=50 entries=1024 (~1088 KiB)
[A:tls] worker host=0 client=55 entries=1024 (~1088 KiB)
[A:tls] worker host=0 client=57 entries=1024 (~1088 KiB)
[A:tls] worker host=0 client=13 entries=1024 (~1088 KiB)
[A:tls] worker host=0 client=2 entries=1024 (~1088 KiB)
[A:tls] worker host=0 client=3 entries=1024 (~1088 KiB)
[A:tls] worker host=0 client=0 entries=1024 (~1088 KiB)
[A:tls] worker host=0 client=35 entries=1024 (~1088 KiB)
[A:tls] worker host=0 client=40 entries=1024 (~1088 KiB)
[A:tls] worker host=0 client=9 entries=1024 (~1088 KiB)
[A:tls] worker host=0 client=12 entries=1024 (~1088 KiB)
[A:tls] worker host=0 client=22 entries=1024 (~1088 KiB)
[A:tls] worker host=0 client=1 entries=1024 (~1088 KiB)
[A:tls] worker host=0 client=23 entries=1024 (~1088 KiB)
[A:tls] worker host=0 client=39 entries=1024 (~1088 KiB)
[A:tls] worker host=0 client=33 entries=1024 (~1088 KiB)
[A:tls] worker host=0 client=37 entries=1024 (~1088 KiB)
[A:tls] worker host=0 client=48 entries=1024 (~1088 KiB)
[A:tls] worker host=0 client=27 entries=1024 (~1088 KiB)
[A:tls] worker host=0 client=36 entries=1024 (~1088 KiB)
[A:tls] worker host=0 client=43 entries=1024 (~1088 KiB)
[A:tls] worker host=0 client=14 entries=1024 (~1088 KiB)
[A:tls] worker host=0 client=5 entries=1024 (~1088 KiB)
[A:tls] worker host=0 client=32 entries=1024 (~1088 KiB)
[A:tls] worker host=0 client=38 entries=1024 (~1088 KiB)
[A:tls] worker host=0 client=16 entries=1024 (~1088 KiB)
[A:tls] worker host=0 client=10 entries=1024 (~1088 KiB)
[A:tls] worker host=0 client=11 entries=1024 (~1088 KiB)
[A:tls] worker host=0 client=17 entries=1024 (~1088 KiB)
[A:tls] worker host=0 client=4 entries=1024 (~1088 KiB)
[A:tls] worker host=0 client=8 entries=1024 (~1088 KiB)
[A:tls] worker host=0 client=15 entries=1024 (~1088 KiB)
[A:tls] worker host=0 client=30 entries=1024 (~1088 KiB)
[A:tls] worker host=0 client=44 entries=1024 (~1088 KiB)
[A:tls] worker host=0 client=19 entries=1024 (~1088 KiB)
[A:thread] WriteSender pid=17518 tid=139795330225856 pinned cpu=64 (host_id=0)
[A:sender] kind=0 policy=P0 K=16 T_us=100 host_id=0
[A:tls] worker host=0 client=25 entries=1024 (~1088 KiB)
[A:tls] worker host=0 client=41 entries=1024 (~1088 KiB)
[A:tls] worker host=0 client=26 entries=1024 (~1088 KiB)
[A:tls] worker host=0 client=28 entries=1024 (~1088 KiB)
[A:tls] worker host=0 client=24 entries=1024 (~1088 KiB)
[A:tls] worker host=0 client=20 entries=1024 (~1088 KiB)
[A:tls] worker host=0 client=63 entries=1024 (~1088 KiB)
[A:tls] worker host=0 client=21 entries=1024 (~1088 KiB)
[A:tls] worker host=0 client=31 entries=1024 (~1088 KiB)
[A:tls] worker host=0 client=18 entries=1024 (~1088 KiB)
[A:tls] worker host=0 client=53 entries=1024 (~1088 KiB)
[A:tls] worker host=0 client=49 entries=1024 (~1088 KiB)
[A:tls] worker host=0 client=29 entries=1024 (~1088 KiB)
[A:thread] ReadSender pid=17518 tid=139795321833152 pinned cpu=66 (host_id=0)
[A:tls] worker host=0 client=58 entries=1024 (~1088 KiB)
[A:tls] worker host=0 client=6 entries=1024 (~1088 KiB)
[A:sender] kind=1 policy=P0 K=16 T_us=100 host_id=0
[A:tls] worker host=0 client=60 entries=1024 (~1088 KiB)
[A:thread] InvalSender pid=17518 tid=139795313440448 pinned cpu=68 (host_id=0)
[A:sender] kind=2 policy=P0 K=16 T_us=100 host_id=0
