[A:thread] Worker pinned host=1 client=1 -> cpu=1 (pid=17380)
[A:thread] Worker pinned host=1 client=2 -> cpu=2 (pid=17381)
[A:thread] Worker pinned host=1 client=3 -> cpu=3 (pid=17382)
[A:thread] Worker pinned host=1 client=4 -> cpu=4 (pid=17383)
[A:thread] Worker pinned host=1 client=5 -> cpu=5 (pid=17384)
[A:thread] Worker pinned host=1 client=6 -> cpu=6 (pid=17385)
[A:thread] Worker pinned host=1 client=7 -> cpu=7 (pid=17386)
[A:thread] Worker pinned host=1 client=8 -> cpu=8 (pid=17387)
[A:thread] Worker pinned host=1 client=9 -> cpu=9 (pid=17388)
[A:thread] Worker pinned host=1 client=10 -> cpu=10 (pid=17389)
[A:thread] Worker pinned host=1 client=11 -> cpu=11 (pid=17390)
[A:thread] Worker pinned host=1 client=12 -> cpu=12 (pid=17391)
[A:thread] Worker pinned host=1 client=13 -> cpu=13 (pid=17392)
[A:thread] Worker pinned host=1 client=14 -> cpu=14 (pid=17393)
[A:thread] Worker pinned host=1 client=15 -> cpu=15 (pid=17394)
[A:thread] Worker pinned host=1 client=16 -> cpu=16 (pid=17395)
[A:thread] Worker pinned host=1 client=17 -> cpu=17 (pid=17396)
[A:thread] Worker pinned host=1 client=18 -> cpu=18 (pid=17397)
[A:thread] Worker pinned host=1 client=19 -> cpu=19 (pid=17398)
[A:thread] Worker pinned host=1 client=20 -> cpu=20 (pid=17399)
[A:thread] Worker pinned host=1 client=21 -> cpu=21 (pid=17400)
[A:thread] Worker pinned host=1 client=22 -> cpu=22 (pid=17401)
[A:thread] Worker pinned host=1 client=23 -> cpu=23 (pid=17402)
[A:thread] Worker pinned host=1 client=24 -> cpu=24 (pid=17403)
[A:thread] Worker pinned host=1 client=25 -> cpu=25 (pid=17404)
[A:thread] Worker pinned host=1 client=26 -> cpu=26 (pid=17405)
[A:thread] Worker pinned host=1 client=27 -> cpu=27 (pid=17406)
[A:thread] Worker pinned host=1 client=28 -> cpu=28 (pid=17407)
[A:thread] Worker pinned host=1 client=29 -> cpu=29 (pid=17408)
[A:thread] Worker pinned host=1 client=30 -> cpu=30 (pid=17409)
[A:thread] Worker pinned host=1 client=31 -> cpu=31 (pid=17410)
[A:thread] Worker pinned host=1 client=32 -> cpu=32 (pid=17411)
[A:thread] Worker pinned host=1 client=33 -> cpu=33 (pid=17412)
[A:thread] Worker pinned host=1 client=34 -> cpu=34 (pid=17413)
[A:thread] Worker pinned host=1 client=35 -> cpu=35 (pid=17414)
[A:thread] Worker pinned host=1 client=36 -> cpu=36 (pid=17415)
[A:thread] Worker pinned host=1 client=37 -> cpu=37 (pid=17416)
[A:thread] Worker pinned host=1 client=38 -> cpu=38 (pid=17417)
[A:thread] Worker pinned host=1 client=39 -> cpu=39 (pid=17418)
[A:thread] Worker pinned host=1 client=40 -> cpu=40 (pid=17419)
[A:thread] Worker pinned host=1 client=41 -> cpu=41 (pid=17420)
[A:thread] Worker pinned host=1 client=42 -> cpu=42 (pid=17421)
[A:thread] Worker pinned host=1 client=43 -> cpu=43 (pid=17422)
[A:thread] Worker pinned host=1 client=44 -> cpu=44 (pid=17423)
[A:thread] Worker pinned host=1 client=45 -> cpu=45 (pid=17424)
[A:thread] Worker pinned host=1 client=46 -> cpu=46 (pid=17425)
[A:thread] Worker pinned host=1 client=47 -> cpu=47 (pid=17426)
[A:thread] Worker pinned host=1 client=48 -> cpu=48 (pid=17427)
[A:thread] Worker pinned host=1 client=49 -> cpu=49 (pid=17428)
[A:thread] Worker pinned host=1 client=50 -> cpu=50 (pid=17429)
[A:thread] Worker pinned host=1 client=51 -> cpu=51 (pid=17430)
[A:thread] Worker pinned host=1 client=52 -> cpu=52 (pid=17431)
[A:thread] Worker pinned host=1 client=53 -> cpu=53 (pid=17432)
[A:thread] Worker pinned host=1 client=54 -> cpu=54 (pid=17433)
[A:thread] Worker pinned host=1 client=55 -> cpu=55 (pid=17434)
[A:thread] Worker pinned host=1 client=57 -> cpu=57 (pid=17436)
[A:thread] Worker pinned host=1 client=56 -> cpu=56 (pid=17435)
[A:thread] Worker pinned host=1 client=58 -> cpu=58 (pid=17437)
[A:thread] Worker pinned host=1 client=59 -> cpu=59 (pid=17438)
[A:thread] Worker pinned host=1 client=61 -> cpu=61 (pid=17440)
[A:thread] Worker pinned host=1 client=60 -> cpu=60 (pid=17439)
[A:thread] Worker pinned host=1 client=0 -> cpu=0 (pid=17379)
[A:thread] Worker pinned host=1 client=62 -> cpu=62 (pid=17441)
[A:thread] Worker pinned host=1 client=63 -> cpu=63 (pid=17442)
[A:thread] WriteReceiver pid=17379 tid=140222037325504 pinned cpu=65 (host_id=1)
[A:thread] ReadReceiver pid=17379 tid=140221958059712 pinned cpu=67 (host_id=1)
[A:thread] InvalReceiver pid=17379 tid=140221949667008 pinned cpu=69 (host_id=1)
[A:thread] ReservHandler pid=17379 tid=140221941274304 pinned cpu=70 (host_id=1)
[A:thread] WriteSender pid=17379 tid=140221932881600 pinned cpu=64 (host_id=1)
[A:sender] kind=0 policy=P0 K=16 T_us=100 host_id=1
[A:thread] ReadSender pid=17379 tid=140221924488896 pinned cpu=66 (host_id=1)
[A:sender] kind=1 policy=P0 K=16 T_us=100 host_id=1
[A:tls] worker host=1 client=56 entries=1024 (~1088 KiB)
[A:tls] worker host=1 client=58 entries=1024 (~1088 KiB)
[A:tls] worker host=1 client=51 entries=1024 (~1088 KiB)
[A:tls] worker host=1 client=60 entries=1024 (~1088 KiB)
[A:tls] worker host=1 client=52 entries=1024 (~1088 KiB)
[A:tls] worker host=1 client=23 entries=1024 (~1088 KiB)
[A:tls] worker host=1 client=40 entries=1024 (~1088 KiB)
[A:tls] worker host=1 client=61 entries=1024 (~1088 KiB)
[A:tls] worker host=1 client=55 entries=1024 (~1088 KiB)
[A:tls] worker host=1 client=59 entries=1024 (~1088 KiB)
[A:tls] worker host=1 client=22 entries=1024 (~1088 KiB)
[A:tls] worker host=1 client=57 entries=1024 (~1088 KiB)
[A:tls] worker host=1 client=44 entries=1024 (~1088 KiB)
[A:tls] worker host=1 client=42 entries=1024 (~1088 KiB)
[A:tls] worker host=1 client=19 entries=1024 (~1088 KiB)
[A:tls] worker host=1 client=36 entries=1024 (~1088 KiB)
[A:tls] worker host=1 client=17 entries=1024 (~1088 KiB)
[A:tls] worker host=1 client=41 entries=1024 (~1088 KiB)
[A:tls] worker host=1 client=16 entries=1024 (~1088 KiB)
[A:tls] worker host=1 client=39 entries=1024 (~1088 KiB)
[A:tls] worker host=1 client=47 entries=1024 (~1088 KiB)
[A:tls] worker host=1 client=0 entries=1024 (~1088 KiB)
[A:tls] worker host=1 client=33 entries=1024 (~1088 KiB)
[A:tls] worker host=1 client=34 entries=1024 (~1088 KiB)
[A:tls] worker host=1 client=37 entries=1024 (~1088 KiB)
[A:tls] worker host=1 client=28 entries=1024 (~1088 KiB)
[A:tls] worker host=1 client=49 entries=1024 (~1088 KiB)
[A:tls] worker host=1 client=38 entries=1024 (~1088 KiB)
[A:tls] worker host=1 client=6 entries=1024 (~1088 KiB)
[A:tls] worker host=1 client=4 entries=1024 (~1088 KiB)
[A:tls] worker host=1 client=32 entries=1024 (~1088 KiB)
[A:tls] worker host=1 client=7 entries=1024 (~1088 KiB)
[A:tls] worker host=1 client=30 entries=1024 (~1088 KiB)
[A:tls] worker host=1 client=31 entries=1024 (~1088 KiB)
[A:tls] worker host=1 client=3 entries=1024 (~1088 KiB)
[A:tls] worker host=1 client=5 entries=1024 (~1088 KiB)
[A:tls] worker host=1 client=35 entries=1024 (~1088 KiB)
[A:tls] worker host=1 client=54 entries=1024 (~1088 KiB)
[A:tls] worker host=1 client=63 entries=1024 (~1088 KiB)
[A:tls] worker host=1 client=20 entries=1024 (~1088 KiB)
[A:tls] worker host=1 client=29 entries=1024 (~1088 KiB)
[A:tls] worker host=1 client=62 entries=1024 (~1088 KiB)
[A:tls] worker host=1 client=21 entries=1024 (~1088 KiB)
[A:tls] worker host=1 client=24 entries=1024 (~1088 KiB)
[A:tls] worker host=1 client=13 entries=1024 (~1088 KiB)
[A:tls] worker host=1 client=18 entries=1024 (~1088 KiB)
[A:tls] worker host=1 client=27 entries=1024 (~1088 KiB)
[A:tls] worker host=1 client=43 entries=1024 (~1088 KiB)
[A:tls] worker host=1 client=53 entries=1024 (~1088 KiB)
[A:tls] worker host=1 client=26 entries=1024 (~1088 KiB)
[A:tls] worker host=1 client=46 entries=1024 (~1088 KiB)
[A:tls] worker host=1 client=1 entries=1024 (~1088 KiB)
[A:tls] worker host=1 client=25 entries=1024 (~1088 KiB)
[A:tls] worker host=1 client=2 entries=1024 (~1088 KiB)
[A:tls] worker host=1 client=11 entries=1024 (~1088 KiB)
[A:tls] worker host=1 client=50 entries=1024 (~1088 KiB)
[A:tls] worker host=1 client=14 entries=1024 (~1088 KiB)
[A:tls] worker host=1 client=12 entries=1024 (~1088 KiB)
[A:tls] worker host=1 client=9 entries=1024 (~1088 KiB)
[A:tls] worker host=1 client=45 entries=1024 (~1088 KiB)
[A:tls] worker host=1 client=10 entries=1024 (~1088 KiB)
[A:tls] worker host=1 client=15 entries=1024 (~1088 KiB)
[A:tls] worker host=1 client=48 entries=1024 (~1088 KiB)
[A:tls] worker host=1 client=8 entries=1024 (~1088 KiB)
[A:thread] InvalSender pid=17379 tid=140221916096192 pinned cpu=68 (host_id=1)
[A:sender] kind=2 policy=P0 K=16 T_us=100 host_id=1
[A] inval timeout #1 (key=684dbe1804be0ad7 tpos=83)
