[A:thread] Worker pinned host=0 client=1 -> cpu=1 (pid=43930)
[A:thread] Worker pinned host=0 client=2 -> cpu=2 (pid=43931)
[A:thread] Worker pinned host=0 client=3 -> cpu=3 (pid=43932)
[A:thread] Worker pinned host=0 client=4 -> cpu=4 (pid=43933)
[A:thread] Worker pinned host=0 client=0 -> cpu=0 (pid=43906)
[A:thread] Worker pinned host=0 client=5 -> cpu=5 (pid=43934)
[A:thread] Worker pinned host=0 client=6 -> cpu=6 (pid=43935)
[A:thread] Worker pinned host=0 client=7 -> cpu=7 (pid=43936)
[A:thread] WriteReceiver pid=43906 tid=139963984246464 pinned cpu=65 (host_id=0)
[A:thread] ReadReceiver pid=43906 tid=139963975853760 pinned cpu=67 (host_id=0)
[A:thread] InvalReceiver pid=43906 tid=139963967461056 pinned cpu=69 (host_id=0)
[A:thread] WriteSender pid=43906 tid=139963959068352 pinned cpu=64 (host_id=0)
[A:sender] kind=0 policy=P0 K=16 T_us=100 host_id=0
[A:thread] ReadSender pid=43906 tid=139963950675648 pinned cpu=66 (host_id=0)
[A:sender] kind=1 policy=P0 K=16 T_us=100 host_id=0
[A:tls] worker host=0 client=1 entries=1024 (~1088 KiB)
[A:tls] worker host=0 client=2 entries=1024 (~1088 KiB)
[A:tls] worker host=0 client=0 entries=1024 (~1088 KiB)
[A:tls] worker host=0 client=3 entries=1024 (~1088 KiB)
[A:tls] worker host=0 client=4 entries=1024 (~1088 KiB)
[A:tls] worker host=0 client=7 entries=1024 (~1088 KiB)
[A:tls] worker host=0 client=5 entries=1024 (~1088 KiB)
[A:tls] worker host=0 client=6 entries=1024 (~1088 KiB)
[A:thread] InvalSender pid=43906 tid=139963942282944 pinned cpu=68 (host_id=0)
[A:sender] kind=2 policy=P0 K=16 T_us=100 host_id=0
YCSB opt=A cache=0 num_hosts=2 threads=8 threads_eff=8 rep=2 load_ops=50000 load_thpt=263471 trans_ops=50000 trans_wall_max=0.015198 trans_agg_thpt=3289690 w_avg_ns=9078 w_p50_ns=6456 w_p99_ns=22064 r_avg_ns=3412 r_p50_ns=522 r_p99_ns=16722 first_op_ns_max=29607 first_op_ns_avg=13571 ops_to_first_ns_max=420340 ops_to_first_ns_avg=91390 # workloadb_optA_t8_cacheoff_rep2
