[A:thread] Worker pinned host=1 client=1 -> cpu=1 (pid=42389)
[A:thread] Worker pinned host=1 client=2 -> cpu=2 (pid=42390)
[A:thread] Worker pinned host=1 client=3 -> cpu=3 (pid=42391)
[A:thread] Worker pinned host=1 client=4 -> cpu=4 (pid=42392)
[A:thread] Worker pinned host=1 client=5 -> cpu=5 (pid=42393)
[A:thread] Worker pinned host=1 client=0 -> cpu=0 (pid=42388)
[A:thread] Worker pinned host=1 client=6 -> cpu=6 (pid=42394)
[A:thread] Worker pinned host=1 client=7 -> cpu=7 (pid=42395)
[A:thread] WriteReceiver pid=42388 tid=139895029888704 pinned cpu=65 (host_id=1)
[A:thread] ReadReceiver pid=42388 tid=139895021496000 pinned cpu=67 (host_id=1)
[A:thread] InvalReceiver pid=42388 tid=139895013103296 pinned cpu=69 (host_id=1)
[A:thread] WriteSender pid=42388 tid=139895004710592 pinned cpu=64 (host_id=1)
[A:sender] kind=0 policy=P0 K=16 T_us=100 host_id=1
[A:tls] worker host=1 client=1 entries=1024 (~1088 KiB)
[A:tls] worker host=1 client=0 entries=1024 (~1088 KiB)
[A:tls] worker host=1 client=2 entries=1024 (~1088 KiB)
[A:tls] worker host=1 client=3 entries=1024 (~1088 KiB)
[A:tls] worker host=1 client=4 entries=1024 (~1088 KiB)
[A:tls] worker host=1 client=6 entries=1024 (~1088 KiB)
[A:tls] worker host=1 client=5 entries=1024 (~1088 KiB)
[A:tls] worker host=1 client=7 entries=1024 (~1088 KiB)
[A:thread] ReadSender pid=42388 tid=139894996317888 pinned cpu=66 (host_id=1)
[A:sender] kind=1 policy=P0 K=16 T_us=100 host_id=1
[A:thread] InvalSender pid=42388 tid=139894987925184 pinned cpu=68 (host_id=1)
[A:sender] kind=2 policy=P0 K=16 T_us=100 host_id=1
