[A:cfg] ring_sharding T=32 N=4 -> shards=8 block=4 routing=key_hash
[A:thread] Worker pinned host=0 client=1 -> cpu=1 (pid=39189)
[A:thread] Worker pinned host=0 client=2 -> cpu=2 (pid=39190)
[A:thread] Worker pinned host=0 client=3 -> cpu=3 (pid=39191)
[A:thread] Worker pinned host=0 client=4 -> cpu=4 (pid=39192)
[A:thread] Worker pinned host=0 client=5 -> cpu=5 (pid=39193)
[A:thread] Worker pinned host=0 client=6 -> cpu=6 (pid=39194)
[A:thread] Worker pinned host=0 client=7 -> cpu=7 (pid=39195)
[A:thread] Worker pinned host=0 client=8 -> cpu=8 (pid=39196)
[A:thread] Worker pinned host=0 client=9 -> cpu=9 (pid=39197)
[A:thread] Worker pinned host=0 client=10 -> cpu=10 (pid=39198)
[A:thread] Worker pinned host=0 client=11 -> cpu=11 (pid=39199)
[A:thread] Worker pinned host=0 client=12 -> cpu=12 (pid=39200)
[A:thread] Worker pinned host=0 client=13 -> cpu=13 (pid=39201)
[A:thread] Worker pinned host=0 client=14 -> cpu=14 (pid=39202)
[A:thread] Worker pinned host=0 client=15 -> cpu=15 (pid=39203)
[A:thread] Worker pinned host=0 client=16 -> cpu=16 (pid=39204)
[A:thread] Worker pinned host=0 client=17 -> cpu=17 (pid=39205)
[A:thread] Worker pinned host=0 client=18 -> cpu=18 (pid=39206)
[A:thread] Worker pinned host=0 client=19 -> cpu=19 (pid=39207)
[A:thread] Worker pinned host=0 client=20 -> cpu=20 (pid=39208)
[A:thread] Worker pinned host=0 client=21 -> cpu=21 (pid=39210)
[A:thread] Worker pinned host=0 client=22 -> cpu=22 (pid=39211)
[A:thread] Worker pinned host=0 client=23 -> cpu=23 (pid=39212)
[A:thread] Worker pinned host=0 client=24 -> cpu=24 (pid=39213)
[A:thread] Worker pinned host=0 client=25 -> cpu=25 (pid=39215)
[A:thread] Worker pinned host=0 client=26 -> cpu=26 (pid=39216)
[A:thread] Worker pinned host=0 client=27 -> cpu=27 (pid=39217)
[A:thread] Worker pinned host=0 client=28 -> cpu=28 (pid=39218)
[A:thread] Worker pinned host=0 client=29 -> cpu=29 (pid=39219)
[A:thread] Worker pinned host=0 client=0 -> cpu=0 (pid=39183)
[A:thread] Worker pinned host=0 client=30 -> cpu=30 (pid=39220)
[A:thread] Worker pinned host=0 client=31 -> cpu=31 (pid=39221)
[A:thread] WriteRecv0 pid=39183 tid=139881001694912 cpu=64 host=0 rings=[0]
[A:thread] WriteRecv1 pid=39183 tid=139880993302208 cpu=65 host=0 rings=[1]
[A:thread] WriteRecv2 pid=39183 tid=139880984909504 cpu=66 host=0 rings=[2]
[A:thread] WriteRecv3 pid=39183 tid=139880976516800 cpu=67 host=0 rings=[3]
[A:thread] WriteRecv4 pid=39183 tid=139880968124096 cpu=68 host=0 rings=[4]
[A:thread] WriteRecv5 pid=39183 tid=139880959731392 cpu=69 host=0 rings=[5]
[A:thread] WriteRecv6 pid=39183 tid=139880951338688 cpu=70 host=0 rings=[6]
[A:thread] WriteRecv7 pid=39183 tid=139880942945984 cpu=71 host=0 rings=[7]
[A:thread] ReadRecv0 pid=39183 tid=139880934553280 cpu=72 host=0 rings=[0]
[A:thread] ReadRecv1 pid=39183 tid=139880926160576 cpu=73 host=0 rings=[1]
[A:thread] ReadRecv2 pid=39183 tid=139880917767872 cpu=74 host=0 rings=[2]
[A:thread] InvalRecv0 pid=39183 tid=139860891399872 cpu=79 host=0 rings=[0]
[A:thread] ReadRecv6 pid=39183 tid=139880884197056 cpu=78 host=0 rings=[6,7]
[A:thread] ReadRecv4 pid=39183 tid=139880900982464 cpu=76 host=0 rings=[4]
[A:thread] ReadRecv5 pid=39183 tid=139880892589760 cpu=77 host=0 rings=[5]
[A:thread] InvalRecv1 pid=39183 tid=139860883007168 cpu=80 host=0 rings=[1[A:thread] InvalRecv3 pid=39183 tid=139860866221760 cpu=82 host=0 rings=[3]
[A:thread] InvalRecv2 pid=39183 tid=139860874614464 cpu=81 host=0 rings=[2]
[A:thread] InvalRecv4 pid=39183 tid=139860857829056 cpu=83 host=0 rings=[4]
]
[A:thread] InvalRecv5 pid=39183 tid=139860643935936 cpu=84 host=0 rings=[5]
[A:thread] ReadRecv3 pid=39183 tid=139880909375168 cpu=75 host=0 rings=[3]
[A:thread] InvalRecv6 pid=39183 tid=139860635543232 cpu=85 host=0 rings=[6,7]
[A:thread] ReservHandler pid=39183 tid=139860627150528 pinned cpu=85 (host_id=0)
[A:tls] worker host=0 client=15 entries=1024 (~1088 KiB)
[A:tls] worker host=0 client=13 entries=1024 (~1088 KiB)
[A:tls] worker host=0 client=14 entries=1024 (~1088 KiB)
[A:tls] worker host=0 client=12 entries=1024 (~1088 KiB)
[A:tls] worker host=0 client=8 entries=1024 (~1088 KiB)
[A:tls] worker host=0 client=1 entries=1024 (~1088 KiB)
[A:tls] worker host=0 client=6 entries=1024 (~1088 KiB)
[A:tls] worker host=0 client=5 entries=1024 (~1088 KiB)
[A:tls] worker host=0 client=11 entries=1024 (~1088 KiB)
[A:tls] worker host=0 client=2 entries=1024 (~1088 KiB)
[A:tls] worker host=0 client=10 entries=1024 (~1088 KiB)
[A:tls] worker host=0 client=9 entries=1024 (~1088 KiB)
[A:tls] worker host=0 client=26 entries=1024 (~1088 KiB)
[A:tls] worker host=0 client=24 entries=1024 (~1088 KiB)
[A:tls] worker host=0 client=0 entries=1024 (~1088 KiB)
[A:tls] worker host=0 client=4 entries=1024 (~1088 KiB)
[A:tls] worker host=0 client=31 entries=1024 (~1088 KiB)
[A:tls] worker host=0 client=30 entries=1024 (~1088 KiB)
[A:tls] worker host=0 client=7 entries=1024 (~1088 KiB)
[A:tls] worker host=0 client=28 entries=1024 (~1088 KiB)
[A:tls] worker host=0 client=29 entries=1024 (~1088 KiB)
[A:tls] worker host=0 client=25 entries=1024 (~1088 KiB)
[A:tls] worker host=0 client=19 entries=1024 (~1088 KiB)
[A:tls] worker host=0 client=22 entries=1024 (~1088 KiB)
[A:tls] worker host=0 client=3 entries=1024 (~1088 KiB)
[A:tls] worker host=0 client=27 entries=1024 (~1088 KiB)
[A:tls] worker host=0 client=16 entries=1024 (~1088 KiB)
[A:tls] worker host=0 client=17 entries=1024 (~1088 KiB)
[A:tls] worker host=0 client=21 entries=1024 (~1088 KiB)
[A:tls] worker host=0 client=20 entries=1024 (~1088 KiB)
[A:tls] worker host=0 client=23 entries=1024 (~1088 KiB)
[A:tls] worker host=0 client=18 entries=1024 (~1088 KiB)
# PATH host=0 label=after_LOAD tid=139881001908352 r0_tls=0 r2hit=0 r2miss_local=0 r3=0 cpool_ins_r=0 local_w=1 fwd_w=0 local_w_blk_fwd=0 local_w_stg_fwd=0 cpool_ins_w=1 cp_evict=0 cp_set_stale=0 cp_lru_evict=0 rh_served=0
# PATH host=0 label=after_LOAD AGG r0_tls=0 r2hit=0 r2miss_local=0 r3=0 cpool_ins_r=0 local_w=1 fwd_w=0 local_w_blk_fwd=0 local_w_stg_fwd=0 cpool_ins_w=1 cp_evict=0 cp_set_stale=0 cp_lru_evict=0 rh_served=0
YCSB opt=A cache=1 num_hosts=2 threads=32 threads_eff=32 rep=1 load_ops=2 load_thpt=71428 trans_ops=5000000 trans_wall_max=6.113142 trans_agg_thpt=817909 w_avg_ns=77473 w_p50_ns=77951 w_p99_ns=81190 r_avg_ns=0 r_p50_ns=0 r_p99_ns=0 first_op_ns_max=99022 first_op_ns_avg=65505 ops_to_first_ns_max=2472176 ops_to_first_ns_avg=1183390 # single_key_flood_optA_t32_cacheon_rep1
bash: line 1: 39183 Segmentation fault      FUSEE_NUM_HOSTS=2 FUSEE_HOST_ID=0 FUSEE_NUM_THREADS=32 FUSEE_RUN_COOKIE=139828774 FUSEE_REP=1 FUSEE_CACHE=1 FUSEE_WORKLOAD_NAME=single_key_flood FUSEE_KV_SIZE=1024 FUSEE_CACHE_BUCKETS=131072 FUSEE_RING_SHARDS_FACTOR=4 FUSEE_RING_ROUTING=key_hash ./tests/protocol_a_ycsb /dev/dax0.0 /tmp/microbench_traces/bench_single_key_flood_h0.spec_load /tmp/microbench_traces/bench_single_key_flood_h0.spec_trans 8388608 5000000 2>&1
