[A:cfg] ring_sharding T=32 N=4 -> shards=8 block=4 routing=key_hash
[A:thread] Worker pinned host=0 client=1 -> cpu=1 (pid=39310)
[A:thread] Worker pinned host=0 client=2 -> cpu=2 (pid=39311)
[A:thread] Worker pinned host=0 client=3 -> cpu=3 (pid=39312)
[A:thread] Worker pinned host=0 client=4 -> cpu=4 (pid=39313)
[A:thread] Worker pinned host=0 client=5 -> cpu=5 (pid=39314)
[A:thread] Worker pinned host=0 client=6 -> cpu=6 (pid=39315)
[A:thread] Worker pinned host=0 client=7 -> cpu=7 (pid=39316)
[A:thread] Worker pinned host=0 client=8 -> cpu=8 (pid=39317)
[A:thread] Worker pinned host=0 client=9 -> cpu=9 (pid=39318)
[A:thread] Worker pinned host=0 client=10 -> cpu=10 (pid=39319)
[A:thread] Worker pinned host=0 client=11 -> cpu=11 (pid=39320)
[A:thread] Worker pinned host=0 client=12 -> cpu=12 (pid=39321)
[A:thread] Worker pinned host=0 client=13 -> cpu=13 (pid=39322)
[A:thread] Worker pinned host=0 client=14 -> cpu=14 (pid=39323)
[A:thread] Worker pinned host=0 client=15 -> cpu=15 (pid=39324)
[A:thread] Worker pinned host=0 client=16 -> cpu=16 (pid=39325)
[A:thread] Worker pinned host=0 client=17 -> cpu=17 (pid=39326)
[A:thread] Worker pinned host=0 client=18 -> cpu=18 (pid=39327)
[A:thread] Worker pinned host=0 client=19 -> cpu=19 (pid=39328)
[A:thread] Worker pinned host=0 client=20 -> cpu=20 (pid=39329)
[A:thread] Worker pinned host=0 client=21 -> cpu=21 (pid=39330)
[A:thread] Worker pinned host=0 client=22 -> cpu=22 (pid=39331)
[A:thread] Worker pinned host=0 client=23 -> cpu=23 (pid=39332)
[A:thread] Worker pinned host=0 client=24 -> cpu=24 (pid=39333)
[A:thread] Worker pinned host=0 client=25 -> cpu=25 (pid=39334)
[A:thread] Worker pinned host=0 client=26 -> cpu=26 (pid=39335)
[A:thread] Worker pinned host=0 client=27 -> cpu=27 (pid=39336)
[A:thread] Worker pinned host=0 client=28 -> cpu=28 (pid=39337)
[A:thread] Worker pinned host=0 client=29 -> cpu=29 (pid=39338)
[A:thread] Worker pinned host=0 client=0 -> cpu=0 (pid=39309)
[A:thread] Worker pinned host=0 client=30 -> cpu=30 (pid=39339)
[A:thread] Worker pinned host=0 client=31 -> cpu=31 (pid=39340)
[A:thread] WriteRecv0 pid=39309 tid=139964244555456 cpu=64 host=0 rings=[0]
[A:thread] WriteRecv1 pid=39309 tid=139964236162752 cpu=65 host=0 rings=[1[A:thread] WriteRecv3 pid=39309 tid=139964219377344 cpu=67 host=0 rings=[]
[A:thread] WriteRecv2 pid=39309 tid=139964227770048 cpu=66 host=0 rings=[23]
[A:thread] WriteRecv4 pid=39309 tid=139964210984640 cpu=68 host=0 rings=[4]
]
[A:thread] WriteRecv5 pid=39309 tid=139964202591936 cpu=69 host=0 rings=[5]
[A:thread] WriteRecv6 pid=39309 tid=139964194199232 cpu=70 host=0 rings=[6]
[A:thread] WriteRecv7 pid=39309 tid=139964185806528 cpu=71 host=0 rings=[7]
[A:thread] ReadRecv0 pid=39309 tid=139964177413824 cpu=72 host=0 rings=[0]
[A:thread] ReadRecv1 pid=39309 tid=139964169021120 cpu=73 host=0 rings=[1]
[A:thread] ReadRecv2 pid=39309 tid=139964160628416 cpu=74 host=0 rings=[2]
[A:thread] ReadRecv3 pid=39309 tid=139964152235712 cpu=75 host=0 rings=[3]
[A:thread] ReadRecv4 pid=39309 tid=139964143843008 cpu=76 host=0 rings=[[A:thread] ReadRecv5 pid=39309 tid=139964135450304 cpu=77 host=0 rings=[5]
[A:thread] ReadRecv6 pid=39309 tid=139964127057600 cpu=78 host=0 rings=[6,7]
4]
[A:thread] InvalRecv0 pid=39309 tid=139943456274112 cpu=79 host=0 rings=[0]
[A:thread] InvalRecv1 pid=39309 tid=139943447881408 cpu=80 host=0 rings=[1]
[A:thread] InvalRecv2 pid=39309 tid=139943439488704 cpu=81 host=0 rings=[2]
[A:thread] InvalRecv3 pid=39309 tid=139943431096000 cpu=82 host=0 rings=[3]
[A:thread] InvalRecv4 pid=39309 tid=139943422703296 cpu=83 host=0 rings=[4]
[A:thread] InvalRecv5 pid=39309 tid=139943278016192 cpu=84 host=0 rings=[5]
[A:thread] InvalRecv6 pid=39309 tid=139943322056384 cpu=85 host=0 rings=[6,7]
[A:tls] worker host=0 client=17 entries=1024 (~1088 KiB)
[A:tls] worker host=0 client=15 entries=1024 (~1088 KiB)
[A:tls] worker host=0 client=8 entries=1024 (~1088 KiB)
[A:tls] worker host=0 client=10 entries=1024 (~1088 KiB)
[A:tls] worker host=0 client=31 entries=1024 (~1088 KiB)
[A:tls] worker host=0 client=20 entries=1024 (~1088 KiB)
[A:tls] worker host=0 client=23 entries=1024 (~1088 KiB)
[A:tls] worker host=0 client=12 entries=1024 (~1088 KiB)
[A:tls] worker host=0 client=16 entries=1024 (~1088 KiB)
[A:tls] worker host=0 client=25 entries=1024 (~1088 KiB)
[A:tls] worker host=0 client=21 entries=1024 (~1088 KiB)
[A:tls] worker host=0 client=9 entries=1024 (~1088 KiB)
[A:tls] worker host=0 client=1 entries=1024 (~1088 KiB)
[A:tls] worker host=0 client=13 entries=1024 (~1088 KiB)
[A:tls] worker host=0 client=3 entries=1024 (~1088 KiB)
[A:tls] worker host=0 client=6 entries=1024 (~1088 KiB)
[A:tls] worker host=0 client=5 entries=1024 (~1088 KiB)
[A:tls] worker host=0 client=30 entries=1024 (~1088 KiB)
[A:tls] worker host=0 client=2 entries=1024 (~1088 KiB)
[A:tls] worker host=0 client=14 entries=1024 (~1088 KiB)
[A:tls] worker host=0 client=7 entries=1024 (~1088 KiB)
[A:tls] worker host=0 client=28 entries=1024 (~1088 KiB)
[A:tls] worker host=0 client=22 entries=1024 (~1088 KiB)
[A:tls] worker host=0 client=0 entries=1024 (~1088 KiB)
[A:tls] worker host=0 client=11 entries=1024 (~1088 KiB)
[A:tls] worker host=0 client=4 entries=1024 (~1088 KiB)
[A:tls] worker host=0 client=29 entries=1024 (~1088 KiB)
[A:tls] worker host=0 client=27 entries=1024 (~1088 KiB)
[A:tls] worker host=0 client=26 entries=1024 (~1088 KiB)
[A:tls] worker host=0 client=18 entries=1024 (~1088 KiB)
[A:tls] worker host=0 client=24 entries=1024 (~1088 KiB)
[A:tls] worker host=0 client=19 entries=1024 (~1088 KiB)
[A:thread] ReservHandler pid=39309 tid=139943414310592 pinned cpu=85 (host_id=0)
# PATH host=0 label=after_LOAD tid=139964244768896 r0_tls=0 r2hit=0 r2miss_local=0 r3=0 cpool_ins_r=0 local_w=1 fwd_w=0 local_w_blk_fwd=0 local_w_stg_fwd=0 cpool_ins_w=1 cp_evict=0 cp_set_stale=0 cp_lru_evict=0 rh_served=0
# PATH host=0 label=after_LOAD AGG r0_tls=0 r2hit=0 r2miss_local=0 r3=0 cpool_ins_r=0 local_w=1 fwd_w=0 local_w_blk_fwd=0 local_w_stg_fwd=0 cpool_ins_w=1 cp_evict=0 cp_set_stale=0 cp_lru_evict=0 rh_served=0
YCSB opt=A cache=1 num_hosts=2 threads=32 threads_eff=32 rep=2 load_ops=2 load_thpt=83333 trans_ops=5000000 trans_wall_max=6.038885 trans_agg_thpt=827967 w_avg_ns=76985 w_p50_ns=76986 w_p99_ns=80447 r_avg_ns=0 r_p50_ns=0 r_p99_ns=0 first_op_ns_max=82882 first_op_ns_avg=54433 ops_to_first_ns_max=2282310 ops_to_first_ns_avg=1092856 # single_key_flood_optA_t32_cacheon_rep2
bash: line 1: 39309 Segmentation fault      FUSEE_NUM_HOSTS=2 FUSEE_HOST_ID=0 FUSEE_NUM_THREADS=32 FUSEE_RUN_COOKIE=19241326 FUSEE_REP=2 FUSEE_CACHE=1 FUSEE_WORKLOAD_NAME=single_key_flood FUSEE_KV_SIZE=1024 FUSEE_CACHE_BUCKETS=131072 FUSEE_RING_SHARDS_FACTOR=4 FUSEE_RING_ROUTING=key_hash ./tests/protocol_a_ycsb /dev/dax0.0 /tmp/microbench_traces/bench_single_key_flood_h0.spec_load /tmp/microbench_traces/bench_single_key_flood_h0.spec_trans 8388608 5000000 2>&1
