[A:cfg] ring_sharding T=32 N=4 -> shards=8 block=4 routing=worker_id
[A:thread] Worker pinned host=0 client=1 -> cpu=1 (pid=35790)
[A:thread] Worker pinned host=0 client=2 -> cpu=2 (pid=35791)
[A:thread] Worker pinned host=0 client=3 -> cpu=3 (pid=35792)
[A:thread] Worker pinned host=0 client=4 -> cpu=4 (pid=35793)
[A:thread] Worker pinned host=0 client=5 -> cpu=5 (pid=35794)
[A:thread] Worker pinned host=0 client=6 -> cpu=6 (pid=35795)
[A:thread] Worker pinned host=0 client=7 -> cpu=7 (pid=35796)
[A:thread] Worker pinned host=0 client=9 -> cpu=9 (pid=35798)
[A:thread] Worker pinned host=0 client=8 -> cpu=8 (pid=35797)
[A:thread] Worker pinned host=0 client=10 -> cpu=10 (pid=35799)
[A:thread] Worker pinned host=0 client=11 -> cpu=11 (pid=35800)
[A:thread] Worker pinned host=0 client=12 -> cpu=12 (pid=35801)
[A:thread] Worker pinned host=0 client=13 -> cpu=13 (pid=35802)
[A:thread] Worker pinned host=0 client=14 -> cpu=14 (pid=35803)
[A:thread] Worker pinned host=0 client=15 -> cpu=15 (pid=35804)
[A:thread] Worker pinned host=0 client=16 -> cpu=16 (pid=35805)
[A:thread] Worker pinned host=0 client=17 -> cpu=17 (pid=35806)
[A:thread] Worker pinned host=0 client=18 -> cpu=18 (pid=35807)
[A:thread] Worker pinned host=0 client=19 -> cpu=19 (pid=35808)
[A:thread] Worker pinned host=0 client=20 -> cpu=20 (pid=35809)
[A:thread] Worker pinned host=0 client=21 -> cpu=21 (pid=35810)
[A:thread] Worker pinned host=0 client=22 -> cpu=22 (pid=35811)
[A:thread] Worker pinned host=0 client=23 -> cpu=23 (pid=35812)
[A:thread] Worker pinned host=0 client=24 -> cpu=24 (pid=35813)
[A:thread] Worker pinned host=0 client=25 -> cpu=25 (pid=35814)
[A:thread] Worker pinned host=0 client=26 -> cpu=26 (pid=35815)
[A:thread] Worker pinned host=0 client=27 -> cpu=27 (pid=35816)
[A:thread] Worker pinned host=0 client=28 -> cpu=28 (pid=35817)
[A:thread] Worker pinned host=0 client=0 -> cpu=0 (pid=35783)
[A:thread] Worker pinned host=0 client=30 -> cpu=30 (pid=35819)
[A:thread] Worker pinned host=0 client=29 -> cpu=29 (pid=35818)
[A:thread] Worker pinned host=0 client=31 -> cpu=31 (pid=35820)
[A:thread] WriteRecv0 pid=35783 tid=140405869860544 cpu=64 host=0 rings=[0]
[A:thread] WriteRecv1 pid=35783 tid=140405861467840 cpu=65 host=0 rings=[1[A:thread] WriteRecv2 pid=35783 tid=140405853075136 cpu=66 host=0 rings=[2]
[A:thread] WriteRecv4 pid=35783 tid=140405836289728 cpu=68 host=0 rings=[[A:thread] WriteRecv3 pid=35783 tid=140405844682432 cpu=67 host=0 rings=[3]
4]
]
[A:thread] WriteRecv6 pid=35783 tid=140405819504320 cpu=70 host=0 rings=[[A:thread] WriteRecv5 pid=35783 tid=140405827897024 cpu=69 host=0 rings=[5]
6]
[A:thread] WriteRecv7 pid=35783 tid=140405811111616 cpu=71 host=0 rings=[7]
[A:thread] ReadRecv0 pid=35783 tid=140405802718912 cpu=72 host=0 rings=[0]
[A:thread] ReadRecv2 pid=35783 tid=140405785933504 cpu=74 host=0 rings=[2]
[A:thread] ReadRecv4 pid=35783 tid=140405769148096 cpu=76 host=0 rings=[4]
[A:thread] ReadRecv3 pid=35783 tid=140405777540800 cpu=75 host=0 rings=[[A:thread] ReadRecv1 pid=35783 tid=140405794326208 cpu=73 host=0 rings=[1]
[A:thread] ReadRecv6 pid=35783 tid=140405752362688 cpu=78 host=0 rings=[6,7]
[A:thread] ReadRecv5 pid=35783 tid=140405760755392 cpu=77 host=0 rings=[3]
[A:thread] InvalRecv0 pid=35783 tid=140385760310976 cpu=79 host=0 rings=[0]
5]
[A:thread] InvalRecv1 pid=35783 tid=140385751918272 cpu=80 host=0 rings=[1]
[A:thread] InvalRecv2 pid=35783 tid=140385743525568 cpu=81 host=0 rings=[2]
[A:thread] InvalRecv3 pid=35783 tid=140385735132864 cpu=82 host=0 rings=[3]
[A:thread] InvalRecv4 pid=35783 tid=140385726740160 cpu=83 host=0 rings=[4]
[A:thread] InvalRecv5 pid=35783 tid=140385718347456 cpu=84 host=0 rings=[5]
[A:thread] InvalRecv6 pid=35783 tid=140385368143552 cpu=85 host=0 rings=[6,7]
[A:tls] worker host=0 client=15 entries=1024 (~1088 KiB)
[A:tls] worker host=0 client=1 entries=1024 (~1088 KiB)
[A:tls] worker host=0 client=2 entries=1024 (~1088 KiB)
[A:tls] worker host=0 client=11 entries=1024 (~1088 KiB)
[A:tls] worker host=0 client=8 entries=1024 (~1088 KiB)
[A:tls] worker host=0 client=12 entries=1024 (~1088 KiB)
[A:tls] worker host=0 client=0 entries=1024 (~1088 KiB)
[A:tls] worker host=0 client=10 entries=1024 (~1088 KiB)
[A:tls] worker host=0 client=14 entries=1024 (~1088 KiB)
[A:tls] worker host=0 client=5 entries=1024 (~1088 KiB)
[A:tls] worker host=0 client=6 entries=1024 (~1088 KiB)
[A:tls] worker host=0 client=4 entries=1024 (~1088 KiB)
[A:tls] worker host=0 client=13 entries=1024 (~1088 KiB)
[A:tls] worker host=0 client=3 entries=1024 (~1088 KiB)
[A:tls] worker host=0 client=28 entries=1024 (~1088 KiB)
[A:tls] worker host=0 client=23 entries=1024 (~1088 KiB)
[A:tls] worker host=0 client=29 entries=1024 (~1088 KiB)
[A:tls] worker host=0 client=7 entries=1024 (~1088 KiB)
[A:tls] worker host=0 client=16 entries=1024 (~1088 KiB)
[A:tls] worker host=0 client=24 entries=1024 (~1088 KiB)
[A:tls] worker host=0 client=27 entries=1024 (~1088 KiB)
[A:tls] worker host=0 client=9 entries=1024 (~1088 KiB)
[A:tls] worker host=0 client=25 entries=1024 (~1088 KiB)
[A:tls] worker host=0 client=21 entries=1024 (~1088 KiB)
[A:tls] worker host=0 client=31 entries=1024 (~1088 KiB)
[A:tls] worker host=0 client=30 entries=1024 (~1088 KiB)
[A:tls] worker host=0 client=18 entries=1024 (~1088 KiB)
[A:tls] worker host=0 client=17 entries=1024 (~1088 KiB)
[A:tls] worker host=0 client=22 entries=1024 (~1088 KiB)
[A:tls] worker host=0 client=19 entries=1024 (~1088 KiB)
[A:tls] worker host=0 client=26 entries=1024 (~1088 KiB)
[A:tls] worker host=0 client=20 entries=1024 (~1088 KiB)
[A:thread] ReservHandler pid=35783 tid=140385359750848 pinned cpu=85 (host_id=0)
# PATH host=0 label=after_LOAD tid=140405870073984 r0_tls=0 r2hit=0 r2miss_local=0 r3=0 cpool_ins_r=0 local_w=1 fwd_w=0 local_w_blk_fwd=0 local_w_stg_fwd=0 cpool_ins_w=1 cp_evict=0 cp_set_stale=0 cp_lru_evict=0 rh_served=0
# PATH host=0 label=after_LOAD AGG r0_tls=0 r2hit=0 r2miss_local=0 r3=0 cpool_ins_r=0 local_w=1 fwd_w=0 local_w_blk_fwd=0 local_w_stg_fwd=0 cpool_ins_w=1 cp_evict=0 cp_set_stale=0 cp_lru_evict=0 rh_served=0
YCSB opt=A cache=1 num_hosts=2 threads=32 threads_eff=32 rep=1 load_ops=2 load_thpt=76923 trans_ops=5000000 trans_wall_max=3.362857 trans_agg_thpt=1486830 w_avg_ns=39952 w_p50_ns=38819 w_p99_ns=96678 r_avg_ns=0 r_p50_ns=0 r_p99_ns=0 first_op_ns_max=86902 first_op_ns_avg=35390 ops_to_first_ns_max=2287089 ops_to_first_ns_avg=1074944 # single_key_flood_optA_t32_cacheon_rep1
bash: line 1: 35783 Segmentation fault      FUSEE_NUM_HOSTS=2 FUSEE_HOST_ID=0 FUSEE_NUM_THREADS=32 FUSEE_RUN_COOKIE=275902186 FUSEE_REP=1 FUSEE_CACHE=1 FUSEE_WORKLOAD_NAME=single_key_flood FUSEE_KV_SIZE=1024 FUSEE_CACHE_BUCKETS=131072 FUSEE_RING_SHARDS_FACTOR=4 FUSEE_RING_ROUTING=worker_id ./tests/protocol_a_ycsb /dev/dax0.0 /tmp/microbench_traces/bench_single_key_flood_h0.spec_load /tmp/microbench_traces/bench_single_key_flood_h0.spec_trans 8388608 5000000 2>&1
