[A:cfg] ring_sharding T=32 N=4 -> shards=8 block=4 routing=key_hash
[A:thread] Worker pinned host=1 client=1 -> cpu=1 (pid=39336)
[A:thread] Worker pinned host=1 client=2 -> cpu=2 (pid=39337)
[A:thread] Worker pinned host=1 client=3 -> cpu=3 (pid=39338)
[A:thread] Worker pinned host=1 client=4 -> cpu=4 (pid=39339)
[A:thread] Worker pinned host=1 client=5 -> cpu=5 (pid=39340)
[A:thread] Worker pinned host=1 client=6 -> cpu=6 (pid=39341)
[A:thread] Worker pinned host=1 client=7 -> cpu=7 (pid=39342)
[A:thread] Worker pinned host=1 client=8 -> cpu=8 (pid=39343)
[A:thread] Worker pinned host=1 client=9 -> cpu=9 (pid=39344)
[A:thread] Worker pinned host=1 client=10 -> cpu=10 (pid=39345)
[A:thread] Worker pinned host=1 client=11 -> cpu=11 (pid=39346)
[A:thread] Worker pinned host=1 client=12 -> cpu=12 (pid=39347)
[A:thread] Worker pinned host=1 client=13 -> cpu=13 (pid=39348)
[A:thread] Worker pinned host=1 client=14 -> cpu=14 (pid=39349)
[A:thread] Worker pinned host=1 client=16 -> cpu=16 (pid=39351)
[A:thread] Worker pinned host=1 client=15 -> cpu=15 (pid=39350)
[A:thread] Worker pinned host=1 client=17 -> cpu=17 (pid=39352)
[A:thread] Worker pinned host=1 client=18 -> cpu=18 (pid=39353)
[A:thread] Worker pinned host=1 client=20 -> cpu=20 (pid=39355)
[A:thread] Worker pinned host=1 client=19 -> cpu=19 (pid=39354)
[A:thread] Worker pinned host=1 client=21 -> cpu=21 (pid=39356)
[A:thread] Worker pinned host=1 client=22 -> cpu=22 (pid=39357)
[A:thread] Worker pinned host=1 client=23 -> cpu=23 (pid=39358)
[A:thread] Worker pinned host=1 client=24 -> cpu=24 (pid=39359)
[A:thread] Worker pinned host=1 client=25 -> cpu=25 (pid=39360)
[A:thread] Worker pinned host=1 client=26 -> cpu=26 (pid=39361)
[A:thread] Worker pinned host=1 client=27 -> cpu=27 (pid=39362)
[A:thread] Worker pinned host=1 client=28 -> cpu=28 (pid=39363)
[A:thread] Worker pinned host=1 client=29 -> cpu=29 (pid=39364)
[A:thread] Worker pinned host=1 client=0 -> cpu=0 (pid=39316)
[A:thread] Worker pinned host=1 client=30 -> cpu=30 (pid=39365)
[A:thread] Worker pinned host=1 client=31 -> cpu=31 (pid=39366)
[A:thread] WriteRecv0 pid=39316 tid=139697115903680 cpu=64 host=1 rings=[0]
[A:thread] WriteRecv1 pid=39316 tid=139697107510976 cpu=65 host=1 rings=[1]
[A:thread] WriteRecv2 pid=39316 tid=139697099118272 cpu=66 host=1 rings=[2]
[A:thread] WriteRecv3 pid=39316 tid=139697090725568 cpu=67 host=1 rings=[3]
[A:thread] WriteRecv4 pid=39316 tid=139697082332864 cpu=68 host=1 rings=[4]
[A:thread] WriteRecv5 pid=39316 tid=139697073940160 cpu=69 host=1 rings=[5]
[A:thread] WriteRecv6 pid=39316 tid=139697065547456 cpu=70 host=1 rings=[6]
[A:thread] WriteRecv7 pid=39316 tid=139697057154752 cpu=71 host=1 rings=[7]
[A:thread] ReadRecv0 pid=39316 tid=139697048762048 cpu=72 host=1 rings=[0]
[A:thread] ReadRecv1 pid=39316 tid=139697040369344 cpu=73 host=1 rings=[1]
[A:thread] ReadRecv2 pid=39316 tid=139697031976640 cpu=74 host=1 rings=[[A:thread] ReadRecv3 pid=39316 tid=139697023583936 cpu=75 host=1 rings=[3]
[A:thread] ReadRecv5 pid=39316 tid=139697006798528 cpu=77 host=1 rings=[5]
[A:thread] ReadRecv4 pid=39316 tid=139697015191232 cpu=76 host=1 rings=[4]
2]
[A:thread] ReadRecv6 pid=39316 tid=139696998405824 cpu=78 host=1 rings=[6,7]
[A:thread] InvalRecv0 pid=39316 tid=139677004723904 cpu=79 host=1 rings=[0]
[A:thread] InvalRecv1 pid=39316 tid=139676996331200 cpu=80 host=1 rings=[1]
[A:thread] InvalRecv2 pid=39316 tid=139676987938496 cpu=81 host=1 rings=[[A:thread] InvalRecv3 pid=39316 tid=139676979545792 cpu=82 host=1 rings=[[A:thread] InvalRecv5 pid=39316 tid=139676220384960 cpu=84 host=1 rings=[5]
[A:thread] InvalRecv6 pid=39316 tid=139676211992256 cpu=85 host=1 rings=[[A:thread] InvalRecv4 pid=39316 tid=139676228777664 cpu=83 host=1 rings=[4]
3]
2]
6,7]
[A:thread] ReservHandler pid=39316 tid=139676203599552 pinned cpu=85 (host_id=1)
[A:tls] worker host=1 client=0 entries=1024 (~1088 KiB)
# PATH host=1 label=after_LOAD tid=139697107510976 r0_tls=0 r2hit=0 r2miss_local=0 r3=0 cpool_ins_r=0 local_w=0 fwd_w=0 local_w_blk_fwd=1706 local_w_stg_fwd=0 cpool_ins_w=0 cp_evict=1 cp_set_stale=0 cp_lru_evict=0 rh_served=0
# PATH host=1 label=after_LOAD tid=139697116117120 r0_tls=0 r2hit=0 r2miss_local=0 r3=0 cpool_ins_r=0 local_w=1 fwd_w=0 local_w_blk_fwd=0 local_w_stg_fwd=0 cpool_ins_w=1 cp_evict=0 cp_set_stale=0 cp_lru_evict=0 rh_served=0
# PATH host=1 label=after_LOAD AGG r0_tls=0 r2hit=0 r2miss_local=0 r3=0 cpool_ins_r=0 local_w=1 fwd_w=0 local_w_blk_fwd=1709 local_w_stg_fwd=0 cpool_ins_w=1 cp_evict=1 cp_set_stale=0 cp_lru_evict=0 rh_served=0
[A:tls] worker host=1 client=1 entries=1024 (~1088 KiB)
[A:tls] worker host=1 client=31 entries=1024 (~1088 KiB)
[A:tls] worker host=1 client=16 entries=1024 (~1088 KiB)
[A:tls] worker host=1 client=17 entries=1024 (~1088 KiB)
[A:tls] worker host=1 client=3 entries=1024 (~1088 KiB)
[A:tls] worker host=1 client=4 entries=1024 (~1088 KiB)
[A:tls] worker host=1 client=28 entries=1024 (~1088 KiB)
[A:tls] worker host=1 client=5 entries=1024 (~1088 KiB)
[A:tls] worker host=1 client=24 entries=1024 (~1088 KiB)
[A:tls] worker host=1 client=20 entries=1024 (~1088 KiB)
[A:tls] worker host=1 client=21 entries=1024 (~1088 KiB)
[A:tls] worker host=1 client=26 entries=1024 (~1088 KiB)
[A:tls] worker host=1 client=12 entries=1024 (~1088 KiB)
[A:tls] worker host=1 client=11 entries=1024 (~1088 KiB)
[A:tls] worker host=1 client=9 entries=1024 (~1088 KiB)
[A:tls] worker host=1 client=23 entries=1024 (~1088 KiB)
[A:tls] worker host=1 client=27 entries=1024 (~1088 KiB)
[A:tls] worker host=1 client=19 entries=1024 (~1088 KiB)
[A:tls] worker host=1 client=13 entries=1024 (~1088 KiB)
[A:tls] worker host=1 client=22 entries=1024 (~1088 KiB)
[A:tls] worker host=1 client=29 entries=1024 (~1088 KiB)
[A:tls] worker host=1 client=18 entries=1024 (~1088 KiB)
[A:tls] worker host=1 client=25 entries=1024 (~1088 KiB)
[A:tls] worker host=1 client=30 entries=1024 (~1088 KiB)
[A:tls] worker host=1 client=2 entries=1024 (~1088 KiB)
[A:tls] worker host=1 client=8 entries=1024 (~1088 KiB)
[A:tls] worker host=1 client=6 entries=1024 (~1088 KiB)
[A:tls] worker host=1 client=15 entries=1024 (~1088 KiB)
[A:tls] worker host=1 client=14 entries=1024 (~1088 KiB)
[A:tls] worker host=1 client=10 entries=1024 (~1088 KiB)
[A:tls] worker host=1 client=7 entries=1024 (~1088 KiB)
bash: line 1: 39316 Segmentation fault      FUSEE_NUM_HOSTS=2 FUSEE_HOST_ID=1 FUSEE_NUM_THREADS=32 FUSEE_RUN_COOKIE=1469012829 FUSEE_REP=3 FUSEE_CACHE=1 FUSEE_WORKLOAD_NAME=single_key_flood FUSEE_KV_SIZE=1024 FUSEE_CACHE_BUCKETS=131072 FUSEE_RING_SHARDS_FACTOR=4 FUSEE_RING_ROUTING=key_hash ./tests/protocol_a_ycsb /dev/dax0.0 /tmp/microbench_traces/bench_single_key_flood_h1.spec_load /tmp/microbench_traces/bench_single_key_flood_h1.spec_trans 8388608 5000000 2>&1
