[A:cfg] ring_sharding T=32 N=4 -> shards=8 block=4 routing=worker_id
[A:thread] Worker pinned host=1 client=1 -> cpu=1 (pid=35923)
[A:thread] Worker pinned host=1 client=2 -> cpu=2 (pid=35924)
[A:thread] Worker pinned host=1 client=3 -> cpu=3 (pid=35925)
[A:thread] Worker pinned host=1 client=4 -> cpu=4 (pid=35926)
[A:thread] Worker pinned host=1 client=5 -> cpu=5 (pid=35927)
[A:thread] Worker pinned host=1 client=6 -> cpu=6 (pid=35928)
[A:thread] Worker pinned host=1 client=7 -> cpu=7 (pid=35929)
[A:thread] Worker pinned host=1 client=8 -> cpu=8 (pid=35930)
[A:thread] Worker pinned host=1 client=9 -> cpu=9 (pid=35931)
[A:thread] Worker pinned host=1 client=10 -> cpu=10 (pid=35932)
[A:thread] Worker pinned host=1 client=11 -> cpu=11 (pid=35933)
[A:thread] Worker pinned host=1 client=12 -> cpu=12 (pid=35934)
[A:thread] Worker pinned host=1 client=13 -> cpu=13 (pid=35935)
[A:thread] Worker pinned host=1 client=14 -> cpu=14 (pid=35936)
[A:thread] Worker pinned host=1 client=15 -> cpu=15 (pid=35937)
[A:thread] Worker pinned host=1 client=16 -> cpu=16 (pid=35938)
[A:thread] Worker pinned host=1 client=17 -> cpu=17 (pid=35939)
[A:thread] Worker pinned host=1 client=18 -> cpu=18 (pid=35940)
[A:thread] Worker pinned host=1 client=19 -> cpu=19 (pid=35941)
[A:thread] Worker pinned host=1 client=20 -> cpu=20 (pid=35942)
[A:thread] Worker pinned host=1 client=21 -> cpu=21 (pid=35943)
[A:thread] Worker pinned host=1 client=22 -> cpu=22 (pid=35944)
[A:thread] Worker pinned host=1 client=23 -> cpu=23 (pid=35945)
[A:thread] Worker pinned host=1 client=24 -> cpu=24 (pid=35946)
[A:thread] Worker pinned host=1 client=25 -> cpu=25 (pid=35947)
[A:thread] Worker pinned host=1 client=26 -> cpu=26 (pid=35948)
[A:thread] Worker pinned host=1 client=27 -> cpu=27 (pid=35949)
[A:thread] Worker pinned host=1 client=28 -> cpu=28 (pid=35950)
[A:thread] Worker pinned host=1 client=29 -> cpu=29 (pid=35951)
[A:thread] Worker pinned host=1 client=0 -> cpu=0 (pid=35900)
[A:thread] Worker pinned host=1 client=30 -> cpu=30 (pid=35952)
[A:thread] Worker pinned host=1 client=31 -> cpu=31 (pid=35953)
[A:thread] WriteRecv0 pid=35900 tid=139899523696320 cpu=64 host=1 rings=[0]
[A:thread] WriteRecv1 pid=35900 tid=139899515303616 cpu=65 host=1 rings=[1]
[A:thread] WriteRecv2 pid=35900 tid=139899506910912 cpu=66 host=1 rings=[2]
[A:thread] WriteRecv3 pid=35900 tid=139899498518208 cpu=67 host=1 rings=[3]
[A:thread] WriteRecv4 pid=35900 tid=139899490125504 cpu=68 host=1 rings=[4]
[A:thread] WriteRecv5 pid=35900 tid=139899481732800 cpu=69 host=1 rings=[5]
[A:thread] WriteRecv6 pid=35900 tid=139899473340096 cpu=70 host=1 rings=[6]
[A:thread] WriteRecv7 pid=35900 tid=139899464947392 cpu=71 host=1 rings=[7]
[A:thread] ReadRecv2 pid=35900 tid=139899439769280 cpu=74 host=1 rings=[[A:thread] ReadRecv5 pid=35900 tid=139899414591168 cpu=77 host=1 rings=[[A:thread] ReadRecv3 pid=35900 tid=139899431376576 cpu=75 host=1 rings=[[A:thread] ReadRecv1 pid=35900 tid=139899448161984 cpu=73 host=1 rings=[2]
[A:thread] ReadRecv4 pid=35900 tid=139899422983872 cpu=76 host=1 rings=[4]
[A:thread] ReadRecv6 pid=35900 tid=139899406198464 cpu=78 host=1 rings=[6,7]
1]
[A:thread] ReadRecv0 pid=35900 tid=139899456554688 cpu=72 host=1 rings=[0]
5]
3]
[A:thread] InvalRecv0 pid=35900 tid=139879413446336 cpu=79 host=1 rings=[0]
[A:thread] InvalRecv1 pid=35900 tid=139879405053632 cpu=80 host=1 rings=[1]
[A:thread] InvalRecv4 pid=35900 tid=139879379875520 cpu=83 host=1 rings=[[A:thread] InvalRecv2 pid=35900 tid=139879396660928 cpu=81 host=1 rings=[2[A:thread] InvalRecv3 pid=35900 tid=139879388268224 cpu=82 host=1 rings=[4[A:thread] InvalRecv6 pid=35900 tid=139878620718784 cpu=85 host=1 rings=[6,7]
[A:thread] InvalRecv5 pid=35900 tid=139878629111488 cpu=84 host=1 rings=[5]
]
3]
]
[A:thread] ReservHandler pid=35900 tid=139878612326080 pinned cpu=85 (host_id=1)
[A:tls] worker host=1 client=0 entries=1024 (~1088 KiB)
# PATH host=1 label=after_LOAD tid=139899523696320 r0_tls=0 r2hit=0 r2miss_local=0 r3=0 cpool_ins_r=0 local_w=0 fwd_w=0 local_w_blk_fwd=731 local_w_stg_fwd=0 cpool_ins_w=0 cp_evict=0 cp_set_stale=0 cp_lru_evict=0 rh_served=0
# PATH host=1 label=after_LOAD tid=139899473340096 r0_tls=0 r2hit=0 r2miss_local=0 r3=0 cpool_ins_r=0 local_w=0 fwd_w=0 local_w_blk_fwd=930 local_w_stg_fwd=0 cpool_ins_w=0 cp_evict=0 cp_set_stale=0 cp_lru_evict=0 rh_served=0
# PATH host=1 label=after_LOAD tid=139899481732800 r0_tls=0 r2hit=0 r2miss_local=0 r3=0 cpool_ins_r=0 local_w=0 fwd_w=0 local_w_blk_fwd=897 local_w_stg_fwd=0 cpool_ins_w=0 cp_evict=0 cp_set_stale=0 cp_lru_evict=0 rh_served=0
# PATH host=1 label=after_LOAD tid=139899498518208 r0_tls=0 r2hit=0 r2miss_local=0 r3=0 cpool_ins_r=0 local_w=0 fwd_w=0 local_w_blk_fwd=820 local_w_stg_fwd=0 cpool_ins_w=0 cp_evict=0 cp_set_stale=0 cp_lru_evict=0 rh_served=0
# PATH host=1 label=after_LOAD tid=139899490125504 r0_tls=0 r2hit=0 r2miss_local=0 r3=0 cpool_ins_r=0 local_w=0 fwd_w=0 local_w_blk_fwd=910 local_w_stg_fwd=0 cpool_ins_w=0 cp_evict=0 cp_set_stale=0 cp_lru_evict=0 rh_served=0
# PATH host=1 label=after_LOAD tid=139899515303616 r0_tls=0 r2hit=0 r2miss_local=0 r3=0 cpool_ins_r=0 local_w=0 fwd_w=0 local_w_blk_fwd=813 local_w_stg_fwd=0 cpool_ins_w=0 cp_evict=0 cp_set_stale=0 cp_lru_evict=0 rh_served=0
# PATH host=1 label=after_LOAD tid=139899506910912 r0_tls=0 r2hit=0 r2miss_local=0 r3=0 cpool_ins_r=0 local_w=0 fwd_w=0 local_w_blk_fwd=814 local_w_stg_fwd=0 cpool_ins_w=0 cp_evict=0 cp_set_stale=0 cp_lru_evict=0 rh_served=0
# PATH host=1 label=after_LOAD tid=139899464947392 r0_tls=0 r2hit=0 r2miss_local=0 r3=0 cpool_ins_r=0 local_w=0 fwd_w=0 local_w_blk_fwd=813 local_w_stg_fwd=0 cpool_ins_w=0 cp_evict=1 cp_set_stale=0 cp_lru_evict=0 rh_served=0
# PATH host=1 label=after_LOAD tid=139899523909760 r0_tls=0 r2hit=0 r2miss_local=0 r3=0 cpool_ins_r=0 local_w=1 fwd_w=0 local_w_blk_fwd=0 local_w_stg_fwd=0 cpool_ins_w=1 cp_evict=0 cp_set_stale=0 cp_lru_evict=0 rh_served=0
# PATH host=1 label=after_LOAD AGG r0_tls=0 r2hit=0 r2miss_local=0 r3=0 cpool_ins_r=0 local_w=1 fwd_w=0 local_w_blk_fwd=6729 local_w_stg_fwd=0 cpool_ins_w=1 cp_evict=1 cp_set_stale=0 cp_lru_evict=0 rh_served=0
[A:tls] worker host=1 client=16 entries=1024 (~1088 KiB)
[A:tls] worker host=1 client=13 entries=1024 (~1088 KiB)
[A:tls] worker host=1 client=24 entries=1024 (~1088 KiB)
[A:tls] worker host=1 client=28 entries=1024 (~1088 KiB)
[A:tls] worker host=1 client=3 entries=1024 (~1088 KiB)
[A:tls] worker host=1 client=6 entries=1024 (~1088 KiB)
[A:tls] worker host=1 client=18 entries=1024 (~1088 KiB)
[A:tls] worker host=1 client=15 entries=1024 (~1088 KiB)
[A:tls] worker host=1 client=19 entries=1024 (~1088 KiB)
[A:tls] worker host=1 client=7 entries=1024 (~1088 KiB)
[A:tls] worker host=1 client=14 entries=1024 (~1088 KiB)
[A:tls] worker host=1 client=11 entries=1024 (~1088 KiB)
[A:tls] worker host=1 client=12 entries=1024 (~1088 KiB)
[A:tls] worker host=1 client=4 entries=1024 (~1088 KiB)
[A:tls] worker host=1 client=2 entries=1024 (~1088 KiB)
[A:tls] worker host=1 client=30 entries=1024 (~1088 KiB)
[A:tls] worker host=1 client=5 entries=1024 (~1088 KiB)
[A:tls] worker host=1 client=23 entries=1024 (~1088 KiB)
[A:tls] worker host=1 client=17 entries=1024 (~1088 KiB)
[A:tls] worker host=1 client=20 entries=1024 (~1088 KiB)
[A:tls] worker host=1 client=8 entries=1024 (~1088 KiB)
[A:tls] worker host=1 client=26 entries=1024 (~1088 KiB)
[A:tls] worker host=1 client=22 entries=1024 (~1088 KiB)
[A:tls] worker host=1 client=25 entries=1024 (~1088 KiB)
[A:tls] worker host=1 client=29 entries=1024 (~1088 KiB)
[A:tls] worker host=1 client=27 entries=1024 (~1088 KiB)
[A:tls] worker host=1 client=10 entries=1024 (~1088 KiB)
[A:tls] worker host=1 client=31 entries=1024 (~1088 KiB)
[A:tls] worker host=1 client=9 entries=1024 (~1088 KiB)
[A:tls] worker host=1 client=21 entries=1024 (~1088 KiB)
[A:tls] worker host=1 client=1 entries=1024 (~1088 KiB)
bash: line 1: 35900 Segmentation fault      FUSEE_NUM_HOSTS=2 FUSEE_HOST_ID=1 FUSEE_NUM_THREADS=32 FUSEE_RUN_COOKIE=152526543 FUSEE_REP=3 FUSEE_CACHE=1 FUSEE_WORKLOAD_NAME=single_key_flood FUSEE_KV_SIZE=1024 FUSEE_CACHE_BUCKETS=131072 FUSEE_RING_SHARDS_FACTOR=4 FUSEE_RING_ROUTING=worker_id ./tests/protocol_a_ycsb /dev/dax0.0 /tmp/microbench_traces/bench_single_key_flood_h1.spec_load /tmp/microbench_traces/bench_single_key_flood_h1.spec_trans 8388608 5000000 2>&1
