[A:cfg] ring_sharding T=32 N=4 -> shards=8 block=4 routing=worker_id
[A:thread] Worker pinned host=1 client=1 -> cpu=1 (pid=35721)
[A:thread] Worker pinned host=1 client=2 -> cpu=2 (pid=35722)
[A:thread] Worker pinned host=1 client=3 -> cpu=3 (pid=35723)
[A:thread] Worker pinned host=1 client=4 -> cpu=4 (pid=35724)
[A:thread] Worker pinned host=1 client=5 -> cpu=5 (pid=35725)
[A:thread] Worker pinned host=1 client=7 -> cpu=7 (pid=35727)
[A:thread] Worker pinned host=1 client=6 -> cpu=6 (pid=35726)
[A:thread] Worker pinned host=1 client=8 -> cpu=8 (pid=35728)
[A:thread] Worker pinned host=1 client=9 -> cpu=9 (pid=35729)
[A:thread] Worker pinned host=1 client=10 -> cpu=10 (pid=35730)
[A:thread] Worker pinned host=1 client=11 -> cpu=11 (pid=35731)
[A:thread] Worker pinned host=1 client=12 -> cpu=12 (pid=35732)
[A:thread] Worker pinned host=1 client=13 -> cpu=13 (pid=35733)
[A:thread] Worker pinned host=1 client=14 -> cpu=14 (pid=35734)
[A:thread] Worker pinned host=1 client=15 -> cpu=15 (pid=35735)
[A:thread] Worker pinned host=1 client=16 -> cpu=16 (pid=35736)
[A:thread] Worker pinned host=1 client=17 -> cpu=17 (pid=35737)
[A:thread] Worker pinned host=1 client=18 -> cpu=18 (pid=35738)
[A:thread] Worker pinned host=1 client=19 -> cpu=19 (pid=35739)
[A:thread] Worker pinned host=1 client=20 -> cpu=20 (pid=35740)
[A:thread] Worker pinned host=1 client=21 -> cpu=21 (pid=35741)
[A:thread] Worker pinned host=1 client=22 -> cpu=22 (pid=35742)
[A:thread] Worker pinned host=1 client=23 -> cpu=23 (pid=35743)
[A:thread] Worker pinned host=1 client=24 -> cpu=24 (pid=35744)
[A:thread] Worker pinned host=1 client=25 -> cpu=25 (pid=35745)
[A:thread] Worker pinned host=1 client=26 -> cpu=26 (pid=35746)
[A:thread] Worker pinned host=1 client=28 -> cpu=28 (pid=35748)
[A:thread] Worker pinned host=1 client=27 -> cpu=27 (pid=35747)
[A:thread] Worker pinned host=1 client=0 -> cpu=0 (pid=35716)
[A:thread] Worker pinned host=1 client=29 -> cpu=29 (pid=35749)
[A:thread] Worker pinned host=1 client=30 -> cpu=30 (pid=35750)
[A:thread] Worker pinned host=1 client=31 -> cpu=31 (pid=35751)
[A:thread] WriteRecv0 pid=35716 tid=140270784882368 cpu=64 host=1 rings=[0]
[A:thread] WriteRecv2 pid=35716 tid=140270768096960 cpu=66 host=1 rings=[[A:thread] WriteRecv1 pid=35716 tid=140270776489664 cpu=65 host=1 rings=[1]
[A:thread] WriteRecv3 pid=35716 tid=140270759704256 cpu=67 host=1 rings=[3]
2]
[A:thread] WriteRecv5 pid=35716 tid=140270742918848 cpu=69 host=1 rings=[5]
[A:thread] WriteRecv4 pid=35716 tid=140270751311552 cpu=68 host=1 rings=[4]
[A:thread] WriteRecv6 pid=35716 tid=140270734526144 cpu=70 host=1 rings=[6]
[A:thread] WriteRecv7 pid=35716 tid=140270726133440 cpu=71 host=1 rings=[7]
[A:thread] ReadRecv0 pid=35716 tid=140270717740736 cpu=72 host=1 rings=[0]
[A:thread] ReadRecv1 pid=35716 tid=140270709348032 cpu=73 host=1 rings=[1]
[A:thread] ReadRecv2 pid=35716 tid=140270700955328 cpu=74 host=1 rings=[2]
[A:thread] ReadRecv4 pid=35716 tid=140270684169920 cpu=76 host=1 rings=[4]
[A:thread] ReadRecv3 pid=35716 tid=140270692562624 cpu=75 host=1 rings=[3[A:thread] ReadRecv5 pid=35716 tid=140270675777216 cpu=77 host=1 rings=[5]
[A:thread] ReadRecv6 pid=35716 tid=140270667384512 cpu=78 host=1 rings=[]
6,7]
[A:thread] InvalRecv0 pid=35716 tid=140250674362048 cpu=79 host=1 rings=[0]
[A:thread] InvalRecv1 pid=35716 tid=140250665969344 cpu=80 host=1 rings=[[A:thread] InvalRecv2 pid=35716 tid=140250657576640 cpu=81 host=1 rings=[2]
1]
[A:thread] InvalRecv3 pid=35716 tid=140250649183936 cpu=82 host=1 rings=[3]
[A:thread] InvalRecv4 pid=35716 tid=140250640791232 cpu=83 host=1 rings=[4]
[A:thread] InvalRecv5 pid=35716 tid=140250632398528 cpu=84 host=1 rings=[5]
[A:thread] InvalRecv6 pid=35716 tid=140250624005824 cpu=85 host=1 rings=[6,7]
[A:tls] worker host=1 client=21 entries=1024 (~1088 KiB)
[A:tls] worker host=1 client=11 entries=1024 (~1088 KiB)
[A:tls] worker host=1 client=24 entries=1024 (~1088 KiB)
[A:tls] worker host=1 client=2 entries=1024 (~1088 KiB)
[A:tls] worker host=1 client=26 entries=1024 (~1088 KiB)
[A:tls] worker host=1 client=22 entries=1024 (~1088 KiB)
[A:tls] worker host=1 client=12 entries=1024 (~1088 KiB)
[A:tls] worker host=1 client=15 entries=1024 (~1088 KiB)
[A:tls] worker host=1 client=28 entries=1024 (~1088 KiB)
[A:tls] worker host=1 client=9 entries=1024 (~1088 KiB)
[A:tls] worker host=1 client=1 entries=1024 (~1088 KiB)
[A:tls] worker host=1 client=30 entries=1024 (~1088 KiB)
[A:tls] worker host=1 client=10 entries=1024 (~1088 KiB)
[A:tls] worker host=1 client=13 entries=1024 (~1088 KiB)
[A:tls] worker host=1 client=4 entries=1024 (~1088 KiB)
[A:tls] worker host=1 client=0 entries=1024 (~1088 KiB)
[A:tls] worker host=1 client=23 entries=1024 (~1088 KiB)
[A:tls] worker host=1 client=27 entries=1024 (~1088 KiB)
[A:tls] worker host=1 client=5 entries=1024 (~1088 KiB)
[A:tls] worker host=1 client=31 entries=1024 (~1088 KiB)
[A:tls] worker host=1 client=8 entries=1024 (~1088 KiB)
[A:tls] worker host=1 client=6 entries=1024 (~1088 KiB)
[A:tls] worker host=1 client=29 entries=1024 (~1088 KiB)
[A:tls] worker host=1 client=14 entries=1024 (~1088 KiB)
# PATH host=1 label=after_LOAD tid=140270768096960 r0_tls=0 r2hit=0 r2miss_local=0 r3=0 cpool_ins_r=0 local_w=0 fwd_w=0 local_w_blk_fwd=900 local_w_stg_fwd=0 cpool_ins_w=0 cp_evict=0 cp_set_stale=0 cp_lru_evict=0 rh_served=0
# PATH host=1 label=after_LOAD tid=140270759704256 r0_tls=0 r2hit=0 r2miss_local=0 r3=0 cpool_ins_r=0 local_w=0 fwd_w=0 local_w_blk_fwd=1015 local_w_stg_fwd=0 cpool_ins_w=0 cp_evict=1 cp_set_stale=0 cp_lru_evict=0 rh_served=0
# PATH host=1 label=after_LOAD tid=140270776489664 r0_tls=0 r2hit=0 r2miss_local=0 r3=0 cpool_ins_r=0 local_w=0 fwd_w=0 local_w_blk_fwd=931 local_w_stg_fwd=0 cpool_ins_w=0 cp_evict=0 cp_set_stale=0 cp_lru_evict=0 rh_served=0
# PATH host=1 label=after_LOAD tid=140270751311552 r0_tls=0 r2hit=0 r2miss_local=0 r3=0 cpool_ins_r=0 local_w=0 fwd_w=0 local_w_blk_fwd=904 local_w_stg_fwd=0 cpool_ins_w=0 cp_evict=0 cp_set_stale=0 cp_lru_evict=0 rh_served=0
# PATH host=1 label=after_LOAD tid=140270726133440 r0_tls=0 r2hit=0 r2miss_local=0 r3=0 cpool_ins_r=0 local_w=0 fwd_w=0 local_w_blk_fwd=879 local_w_stg_fwd=0 cpool_ins_w=0 cp_evict=0 cp_set_stale=0 cp_lru_evict=0 rh_served=0
# PATH host=1 label=after_LOAD tid=140270784882368 r0_tls=0 r2hit=0 r2miss_local=0 r3=0 cpool_ins_r=0 local_w=0 fwd_w=0 local_w_blk_fwd=710 local_w_stg_fwd=0 cpool_ins_w=0 cp_evict=0 cp_set_stale=0 cp_lru_evict=0 rh_served=0
# PATH host=1 label=after_LOAD tid=140270742918848 r0_tls=0 r2hit=0 r2miss_local=0 r3=0 cpool_ins_r=0 local_w=0 fwd_w=0 local_w_blk_fwd=887 local_w_stg_fwd=0 cpool_ins_w=0 cp_evict=0 cp_set_stale=0 cp_lru_evict=0 rh_served=0
# PATH host=1 label=after_LOAD tid=140270734526144 r0_tls=0 r2hit=0 r2miss_local=0 r3=0 cpool_ins_r=0 local_w=0 fwd_w=0 local_w_blk_fwd=888 local_w_stg_fwd=0 cpool_ins_w=0 cp_evict=0 cp_set_stale=0 cp_lru_evict=0 rh_served=0
# PATH host=1 label=after_LOAD tid=140270785095808 r0_tls=0 r2hit=0 r2miss_local=0 r3=0 cpool_ins_r=0 local_w=1 fwd_w=0 local_w_blk_fwd=0 local_w_stg_fwd=0 cpool_ins_w=1 cp_evict=0 cp_set_stale=0 cp_lru_evict=0 rh_served=0
# PATH host=1 label=after_LOAD AGG r0_tls=0 r2hit=0 r2miss_local=0 r3=0 cpool_ins_r=0 local_w=1 fwd_w=0 local_w_blk_fwd=7115 local_w_stg_fwd=0 cpool_ins_w=1 cp_evict=1 cp_set_stale=0 cp_lru_evict=0 rh_served=0
[A:tls] worker host=1 client=7 entries=1024 (~1088 KiB)
[A:tls] worker host=1 client=16 entries=1024 (~1088 KiB)
[A:tls] worker host=1 client=19 entries=1024 (~1088 KiB)
[A:tls] worker host=1 client=18 entries=1024 (~1088 KiB)
[A:tls] worker host=1 client=3 entries=1024 (~1088 KiB)
[A:tls] worker host=1 client=17 entries=1024 (~1088 KiB)
[A:tls] worker host=1 client=20 entries=1024 (~1088 KiB)
[A:tls] worker host=1 client=25 entries=1024 (~1088 KiB)
[A:thread] ReservHandler pid=35716 tid=140249338476224 pinned cpu=85 (host_id=1)
bash: line 1: 35716 Segmentation fault      FUSEE_NUM_HOSTS=2 FUSEE_HOST_ID=1 FUSEE_NUM_THREADS=32 FUSEE_RUN_COOKIE=275902186 FUSEE_REP=1 FUSEE_CACHE=1 FUSEE_WORKLOAD_NAME=single_key_flood FUSEE_KV_SIZE=1024 FUSEE_CACHE_BUCKETS=131072 FUSEE_RING_SHARDS_FACTOR=4 FUSEE_RING_ROUTING=worker_id ./tests/protocol_a_ycsb /dev/dax0.0 /tmp/microbench_traces/bench_single_key_flood_h1.spec_load /tmp/microbench_traces/bench_single_key_flood_h1.spec_trans 8388608 5000000 2>&1
