[A:cfg] ring_sharding T=64 N=0 (disabled) -> shards=1 block=64 routing=worker_id
[A:thread] Worker pinned host=1 client=2 -> cpu=2 (pid=35016)
[A:thread] Worker pinned host=1 client=1 -> cpu=1 (pid=35015)
[A:thread] Worker pinned host=1 client=3 -> cpu=3 (pid=35017)
[A:thread] Worker pinned host=1 client=4 -> cpu=4 (pid=35018)
[A:thread] Worker pinned host=1 client=5 -> cpu=5 (pid=35019)
[A:thread] Worker pinned host=1 client=6 -> cpu=6 (pid=35020)
[A:thread] Worker pinned host=1 client=7 -> cpu=7 (pid=35021)
[A:thread] Worker pinned host=1 client=8 -> cpu=8 (pid=35022)
[A:thread] Worker pinned host=1 client=9 -> cpu=9 (pid=35023)
[A:thread] Worker pinned host=1 client=10 -> cpu=10 (pid=35024)
[A:thread] Worker pinned host=1 client=11 -> cpu=11 (pid=35025)
[A:thread] Worker pinned host=1 client=12 -> cpu=12 (pid=35026)
[A:thread] Worker pinned host=1 client=14 -> cpu=14 (pid=35028)
[A:thread] Worker pinned host=1 client=15 -> cpu=15 (pid=35029)
[A:thread] Worker pinned host=1 client=13 -> cpu=13 (pid=35027)
[A:thread] Worker pinned host=1 client=16 -> cpu=16 (pid=35030)
[A:thread] Worker pinned host=1 client=18 -> cpu=18 (pid=35032)
[A:thread] Worker pinned host=1 client=20 -> cpu=20 (pid=35034)
[A:thread] Worker pinned host=1 client=19 -> cpu=19 (pid=35033)
[A:thread] Worker pinned host=1 client=21 -> cpu=21 (pid=35035)
[A:thread] Worker pinned host=1 client=22 -> cpu=22 (pid=35036)
[A:thread] Worker pinned host=1 client=17 -> cpu=17 (pid=35031)
[A:thread] Worker pinned host=1 client=23 -> cpu=23 (pid=35037)
[A:thread] Worker pinned host=1 client=24 -> cpu=24 (pid=35038)
[A:thread] Worker pinned host=1 client=26 -> cpu=26 (pid=35040)
[A:thread] Worker pinned host=1 client=27 -> cpu=27 (pid=35041)
[A:thread] Worker pinned host=1 client=28 -> cpu=28 (pid=35042)
[A:thread] Worker pinned host=1 client=29 -> cpu=29 (pid=35043)
[A:thread] Worker pinned host=1 client=30 -> cpu=30 (pid=35044)
[A:thread] Worker pinned host=1 client=31 -> cpu=31 (pid=35045)
[A:thread] Worker pinned host=1 client=25 -> cpu=25 (pid=35039)
[A:thread] Worker pinned host=1 client=32 -> cpu=32 (pid=35046)
[A:thread] Worker pinned host=1 client=34 -> cpu=34 (pid=35048)
[A:thread] Worker pinned host=1 client=33 -> cpu=33 (pid=35047)
[A:thread] Worker pinned host=1 client=35 -> cpu=35 (pid=35049)
[A:thread] Worker pinned host=1 client=37 -> cpu=37 (pid=35051)
[A:thread] Worker pinned host=1 client=36 -> cpu=36 (pid=35050)
[A:thread] Worker pinned host=1 client=39 -> cpu=39 (pid=35053)
[A:thread] Worker pinned host=1 client=38 -> cpu=38 (pid=35052)
[A:thread] Worker pinned host=1 client=41 -> cpu=41 (pid=35055)
[A:thread] Worker pinned host=1 client=40 -> cpu=40 (pid=35054)
[A:thread] Worker pinned host=1 client=43 -> cpu=43 (pid=35057)
[A:thread] Worker pinned host=1 client=42 -> cpu=42 (pid=35056)
[A:thread] Worker pinned host=1 client=45 -> cpu=45 (pid=35059)
[A:thread] Worker pinned host=1 client=47 -> cpu=47 (pid=35061)
[A:thread] Worker pinned host=1 client=44 -> cpu=44 (pid=35058)
[A:thread] Worker pinned host=1 client=46 -> cpu=46 (pid=35060)
[A:thread] Worker pinned host=1 client=48 -> cpu=48 (pid=35062)
[A:thread] Worker pinned host=1 client=49 -> cpu=49 (pid=35063)
[A:thread] Worker pinned host=1 client=50 -> cpu=50 (pid=35064)
[A:thread] Worker pinned host=1 client=51 -> cpu=51 (pid=35065)
[A:thread] Worker pinned host=1 client=52 -> cpu=52 (pid=35066)
[A:thread] Worker pinned host=1 client=53 -> cpu=53 (pid=35067)
[A:thread] Worker pinned host=1 client=54 -> cpu=54 (pid=35068)
[A:thread] Worker pinned host=1 client=55 -> cpu=55 (pid=35069)
[A:thread] Worker pinned host=1 client=56 -> cpu=56 (pid=35070)
[A:thread] Worker pinned host=1 client=57 -> cpu=57 (pid=35071)
[A:thread] Worker pinned host=1 client=58 -> cpu=58 (pid=35072)
[A:thread] Worker pinned host=1 client=59 -> cpu=59 (pid=35073)
[A:thread] Worker pinned host=1 client=60 -> cpu=60 (pid=35074)
[A:thread] Worker pinned host=1 client=0 -> cpu=0 (pid=35014)
[A:thread] Worker pinned host=1 client=61 -> cpu=61 (pid=35075)
[A:thread] Worker pinned host=1 client=62 -> cpu=62 (pid=35076)
[A:thread] Worker pinned host=1 client=63 -> cpu=63 (pid=35077)
[A:thread] WriteRecv0 pid=35014 tid=139626746930880 cpu=64 host=1 rings=[0]
[A:thread] ReadRecv0 pid=35014 tid=139626738538176 cpu=65 host=1 rings=[0]
[A:thread] InvalRecv0 pid=35014 tid=139626730145472 cpu=66 host=1 rings=[0]
[A:thread] ReservHandler pid=35014 tid=139626721752768 pinned cpu=85 (host_id=1)
[A:tls] worker host=1 client=44 entries=1024 (~1088 KiB)
[A:tls] worker host=1 client=15 entries=1024 (~1088 KiB)
[A:tls] worker host=1 client=36 entries=1024 (~1088 KiB)
[A:tls] worker host=1 client=48 entries=1024 (~1088 KiB)
[A:tls] worker host=1 client=17 entries=1024 (~1088 KiB)
[A:tls] worker host=1 client=16 entries=1024 (~1088 KiB)
[A:tls] worker host=1 client=56 entries=1024 (~1088 KiB)
[A:tls] worker host=1 client=49 entries=1024 (~1088 KiB)
[A:tls] worker host=1 client=38 entries=1024 (~1088 KiB)
[A:tls] worker host=1 client=29 entries=1024 (~1088 KiB)
[A:tls] worker host=1 client=9 entries=1024 (~1088 KiB)
[A:tls] worker host=1 client=37 entries=1024 (~1088 KiB)
[A:tls] worker host=1 client=43 entries=1024 (~1088 KiB)
[A:tls] worker host=1 client=5 entries=1024 (~1088 KiB)
[A:tls] worker host=1 client=39 entries=1024 (~1088 KiB)
[A:tls] worker host=1 client=33 entries=1024 (~1088 KiB)
[A:tls] worker host=1 client=26 entries=1024 (~1088 KiB)
[A:tls] worker host=1 client=54 entries=1024 (~1088 KiB)
[A:tls] worker host=1 client=22 entries=1024 (~1088 KiB)
[A:tls] worker host=1 client=47 entries=1024 (~1088 KiB)
[A:tls] worker host=1 client=35 entries=1024 (~1088 KiB)
[A:tls] worker host=1 client=57 entries=1024 (~1088 KiB)
[A:tls] worker host=1 client=63 entries=1024 (~1088 KiB)
[A:tls] worker host=1 client=34 entries=1024 (~1088 KiB)
[A:tls] worker host=1 client=46 entries=1024 (~1088 KiB)
[A:tls] worker host=1 client=55 entries=1024 (~1088 KiB)
[A:tls] worker host=1 client=31 entries=1024 (~1088 KiB)
[A:tls] worker host=1 client=62 entries=1024 (~1088 KiB)
[A:tls] worker host=1 client=3 entries=1024 (~1088 KiB)
[A:tls] worker host=1 client=0 entries=1024 (~1088 KiB)
[A:tls] worker host=1 client=53 entries=1024 (~1088 KiB)
[A:tls] worker host=1 client=13 entries=1024 (~1088 KiB)
[A:tls] worker host=1 client=23 entries=1024 (~1088 KiB)
[A:tls] worker host=1 client=19 entries=1024 (~1088 KiB)
[A:tls] worker host=1 client=51 entries=1024 (~1088 KiB)
[A:tls] worker host=1 client=41 entries=1024 (~1088 KiB)
[A:tls] worker host=1 client=59 entries=1024 (~1088 KiB)
[A:tls] worker host=1 client=32 entries=1024 (~1088 KiB)
[A:tls] worker host=1 client=18 entries=1024 (~1088 KiB)
[A:tls] worker host=1 client=52 entries=1024 (~1088 KiB)
[A:tls] worker host=1 client=14 entries=1024 (~1088 KiB)
[A:tls] worker host=1 client=11 entries=1024 (~1088 KiB)
[A:tls] worker host=1 client=20 entries=1024 (~1088 KiB)
[A:tls] worker host=1 client=28 entries=1024 (~1088 KiB)
[A:tls] worker host=1 client=50 entries=1024 (~1088 KiB)
[A:tls] worker host=1 client=21 entries=1024 (~1088 KiB)
[A:tls] worker host=1 client=7 entries=1024 (~1088 KiB)
[A:tls] worker host=1 client=27 entries=1024 (~1088 KiB)
# PATH host=1 label=after_LOAD tid=139626746930880 r0_tls=0 r2hit=0 r2miss_local=0 r3=0 cpool_ins_r=0 local_w=0 fwd_w=0 local_w_blk_fwd=3045 local_w_stg_fwd=0 cpool_ins_w=0 cp_evict=1 cp_set_stale=0 cp_lru_evict=0 rh_served=0
# PATH host=1 label=after_LOAD tid=139626747144320 r0_tls=0 r2hit=0 r2miss_local=0 r3=0 cpool_ins_r=0 local_w=1 fwd_w=0 local_w_blk_fwd=0 local_w_stg_fwd=0 cpool_ins_w=1 cp_evict=0 cp_set_stale=0 cp_lru_evict=0 rh_served=0
# PATH host=1 label=after_LOAD AGG r0_tls=0 r2hit=0 r2miss_local=0 r3=0 cpool_ins_r=0 local_w=1 fwd_w=0 local_w_blk_fwd=3048 local_w_stg_fwd=0 cpool_ins_w=1 cp_evict=1 cp_set_stale=0 cp_lru_evict=0 rh_served=0
[A:tls] worker host=1 client=60 entries=1024 (~1088 KiB)
[A:tls] worker host=1 client=1 entries=1024 (~1088 KiB)
[A:tls] worker host=1 client=30 entries=1024 (~1088 KiB)
[A:tls] worker host=1 client=58 entries=1024 (~1088 KiB)
[A:tls] worker host=1 client=10 entries=1024 (~1088 KiB)
[A:tls] worker host=1 client=8 entries=1024 (~1088 KiB)
[A:tls] worker host=1 client=25 entries=1024 (~1088 KiB)
[A:tls] worker host=1 client=6 entries=1024 (~1088 KiB)
[A:tls] worker host=1 client=4 entries=1024 (~1088 KiB)
[A:tls] worker host=1 client=12 entries=1024 (~1088 KiB)
[A:tls] worker host=1 client=45 entries=1024 (~1088 KiB)
[A:tls] worker host=1 client=40 entries=1024 (~1088 KiB)
[A:tls] worker host=1 client=61 entries=1024 (~1088 KiB)
[A:tls] worker host=1 client=42 entries=1024 (~1088 KiB)
[A:tls] worker host=1 client=24 entries=1024 (~1088 KiB)
[A:tls] worker host=1 client=2 entries=1024 (~1088 KiB)
# PATH host=1 label=after_TRANS tid=139626746930880 r0_tls=0 r2hit=0 r2miss_local=0 r3=0 cpool_ins_r=0 local_w=0 fwd_w=0 local_w_blk_fwd=2500032 local_w_stg_fwd=0 cpool_ins_w=0 cp_evict=1 cp_set_stale=0 cp_lru_evict=0 rh_served=0
# PATH host=1 label=after_TRANS tid=139626747144320 r0_tls=0 r2hit=0 r2miss_local=0 r3=0 cpool_ins_r=0 local_w=1 fwd_w=39062 local_w_blk_fwd=0 local_w_stg_fwd=0 cpool_ins_w=1 cp_evict=0 cp_set_stale=0 cp_lru_evict=0 rh_served=0
# PATH host=1 label=after_TRANS AGG r0_tls=0 r2hit=0 r2miss_local=0 r3=0 cpool_ins_r=0 local_w=1 fwd_w=39062 local_w_blk_fwd=2500032 local_w_stg_fwd=0 cpool_ins_w=1 cp_evict=1 cp_set_stale=0 cp_lru_evict=0 rh_served=0
