[A:cfg] ring_sharding T=64 N=4 -> shards=16 block=4 routing=worker_id
[A:thread] Worker pinned host=0 client=1 -> cpu=1 (pid=36384)
[A:thread] Worker pinned host=0 client=2 -> cpu=2 (pid=36385)
[A:thread] Worker pinned host=0 client=3 -> cpu=3 (pid=36386)
[A:thread] Worker pinned host=0 client=4 -> cpu=4 (pid=36387)
[A:thread] Worker pinned host=0 client=5 -> cpu=5 (pid=36388)
[A:thread] Worker pinned host=0 client=6 -> cpu=6 (pid=36389)
[A:thread] Worker pinned host=0 client=7 -> cpu=7 (pid=36390)
[A:thread] Worker pinned host=0 client=8 -> cpu=8 (pid=36391)
[A:thread] Worker pinned host=0 client=9 -> cpu=9 (pid=36392)
[A:thread] Worker pinned host=0 client=10 -> cpu=10 (pid=36393)
[A:thread] Worker pinned host=0 client=11 -> cpu=11 (pid=36394)
[A:thread] Worker pinned host=0 client=12 -> cpu=12 (pid=36395)
[A:thread] Worker pinned host=0 client=13 -> cpu=13 (pid=36396)
[A:thread] Worker pinned host=0 client=14 -> cpu=14 (pid=36397)
[A:thread] Worker pinned host=0 client=15 -> cpu=15 (pid=36398)
[A:thread] Worker pinned host=0 client=16 -> cpu=16 (pid=36399)
[A:thread] Worker pinned host=0 client=17 -> cpu=17 (pid=36400)
[A:thread] Worker pinned host=0 client=18 -> cpu=18 (pid=36401)
[A:thread] Worker pinned host=0 client=19 -> cpu=19 (pid=36402)
[A:thread] Worker pinned host=0 client=20 -> cpu=20 (pid=36403)
[A:thread] Worker pinned host=0 client=21 -> cpu=21 (pid=36404)
[A:thread] Worker pinned host=0 client=22 -> cpu=22 (pid=36405)
[A:thread] Worker pinned host=0 client=23 -> cpu=23 (pid=36406)
[A:thread] Worker pinned host=0 client=24 -> cpu=24 (pid=36407)
[A:thread] Worker pinned host=0 client=25 -> cpu=25 (pid=36408)
[A:thread] Worker pinned host=0 client=26 -> cpu=26 (pid=36409)
[A:thread] Worker pinned host=0 client=27 -> cpu=27 (pid=36410)
[A:thread] Worker pinned host=0 client=28 -> cpu=28 (pid=36411)
[A:thread] Worker pinned host=0 client=29 -> cpu=29 (pid=36412)
[A:thread] Worker pinned host=0 client=30 -> cpu=30 (pid=36413)
[A:thread] Worker pinned host=0 client=31 -> cpu=31 (pid=36414)
[A:thread] Worker pinned host=0 client=32 -> cpu=32 (pid=36415)
[A:thread] Worker pinned host=0 client=33 -> cpu=33 (pid=36416)
[A:thread] Worker pinned host=0 client=34 -> cpu=34 (pid=36417)
[A:thread] Worker pinned host=0 client=35 -> cpu=35 (pid=36418)
[A:thread] Worker pinned host=0 client=36 -> cpu=36 (pid=36419)
[A:thread] Worker pinned host=0 client=37 -> cpu=37 (pid=36420)
[A:thread] Worker pinned host=0 client=38 -> cpu=38 (pid=36421)
[A:thread] Worker pinned host=0 client=39 -> cpu=39 (pid=36422)
[A:thread] Worker pinned host=0 client=40 -> cpu=40 (pid=36423)
[A:thread] Worker pinned host=0 client=41 -> cpu=41 (pid=36424)
[A:thread] Worker pinned host=0 client=42 -> cpu=42 (pid=36425)
[A:thread] Worker pinned host=0 client=43 -> cpu=43 (pid=36426)
[A:thread] Worker pinned host=0 client=46 -> cpu=46 (pid=36429)
[A:thread] Worker pinned host=0 client=45 -> cpu=45 (pid=36428)
[A:thread] Worker pinned host=0 client=47 -> cpu=47 (pid=36430)
[A:thread] Worker pinned host=0 client=44 -> cpu=44 (pid=36427)
[A:thread] Worker pinned host=0 client=49 -> cpu=49 (pid=36432)
[A:thread] Worker pinned host=0 client=50 -> cpu=50 (pid=36433)
[A:thread] Worker pinned host=0 client=48 -> cpu=48 (pid=36431)
[A:thread] Worker pinned host=0 client=51 -> cpu=51 (pid=36434)
[A:thread] Worker pinned host=0 client=52 -> cpu=52 (pid=36435)
[A:thread] Worker pinned host=0 client=53 -> cpu=53 (pid=36436)
[A:thread] Worker pinned host=0 client=54 -> cpu=54 (pid=36437)
[A:thread] Worker pinned host=0 client=55 -> cpu=55 (pid=36438)
[A:thread] Worker pinned host=0 client=56 -> cpu=56 (pid=36439)
[A:thread] Worker pinned host=0 client=57 -> cpu=57 (pid=36440)
[A:thread] Worker pinned host=0 client=58 -> cpu=58 (pid=36441)
[A:thread] Worker pinned host=0 client=59 -> cpu=59 (pid=36442)
[A:thread] Worker pinned host=0 client=60 -> cpu=60 (pid=36443)
[A:thread] Worker pinned host=0 client=61 -> cpu=61 (pid=36444)
[A:thread] Worker pinned host=0 client=62 -> cpu=62 (pid=36445)
[A:thread] Worker pinned host=0 client=0 -> cpu=0 (pid=36358)
[A:thread] Worker pinned host=0 client=63 -> cpu=63 (pid=36446)
[A:thread] WriteRecv0 pid=36358 tid=140316302857920 cpu=64 host=0 rings=[0,1]
[A:thread] WriteRecv2 pid=36358 tid=140316286072512 cpu=66 host=0 rings=[[A:thread] WriteRecv1 pid=36358 tid=140316294465216 cpu=65 host=0 rings=[2,3]
[A:thread] WriteRecv6 pid=36358 tid=140316252501696 cpu=70 host=0 rings=[12,13]
[A:thread] WriteRecv3 pid=36358 tid=140316277679808 cpu=67 host=0 rings=[4[A:thread] WriteRecv5 pid=36358 tid=140316260894400 cpu=69 host=0 rings=[10,11]
[A:thread] WriteRecv4 pid=36358 tid=140316269287104 cpu=68 host=0 rings=[8,9]
6,5]
,7]
[A:thread] WriteRecv7 pid=36358 tid=140316244108992 cpu=71 host=0 rings=[14,15]
[A:thread] ReadRecv0 pid=36358 tid=140316235716288 cpu=72 host=0 rings=[0,1]
[A:thread] ReadRecv1 pid=36358 tid=140316227323584 cpu=73 host=0 rings=[2,3]
[A:thread] ReadRecv3 pid=36358 tid=140316210538176 cpu=75 host=0 rings=[6[A:thread] ReadRecv2 pid=36358 tid=140316218930880 cpu=74 host=0 rings=[[A:thread] ReadRecv5 pid=36358 tid=140316193752768 cpu=77 host=0 rings=[11,12]
,7,8]
[A:thread] ReadRecv4 pid=36358 tid=140316202145472 cpu=76 host=0 rings=[9[A:thread] InvalRecv2 pid=36358 tid=140295970744000 cpu=81 host=0 rings=[[A:thread] InvalRecv0 pid=36358 tid=140296193046208 cpu=79 host=0 rings=[0,1]
[A:thread] ReadRecv6 pid=36358 tid=140316185360064 cpu=78 host=0 rings=[13,14,15]
[A:thread] InvalRecv1 pid=36358 tid=140295979136704 cpu=80 host=0 rings=[2,3]
[A:thread] InvalRecv4 pid=36358 tid=140295953958592 cpu=83 host=0 rings=[9,10[A:thread] InvalRecv3 pid=36358 tid=140295962351296 cpu=82 host=0 rings=[6,7,8,10]
]
44,5]
]
[A:thread] InvalRecv5 pid=36358 tid=140295945565888 cpu=84 host=0 rings=[11,12]
,5]
[A:thread] InvalRecv6 pid=36358 tid=140295937173184 cpu=85 host=0 rings=[13,14,15]
[A:thread] ReservHandler pid=36358 tid=140295928780480 pinned cpu=85 (host_id=0)
[A:tls] worker host=0 client=42 entries=1024 (~1088 KiB)
[A:tls] worker host=0 client=52 entries=1024 (~1088 KiB)
[A:tls] worker host=0 client=54 entries=1024 (~1088 KiB)
[A:tls] worker host=0 client=15 entries=1024 (~1088 KiB)
[A:tls] worker host=0 client=33 entries=1024 (~1088 KiB)
[A:tls] worker host=0 client=51 entries=1024 (~1088 KiB)
[A:tls] worker host=0 client=44 entries=1024 (~1088 KiB)
[A:tls] worker host=0 client=57 entries=1024 (~1088 KiB)
[A:tls] worker host=0 client=18 entries=1024 (~1088 KiB)
[A:tls] worker host=0 client=37 entries=1024 (~1088 KiB)
[A:tls] worker host=0 client=29 entries=1024 (~1088 KiB)
[A:tls] worker host=0 client=16 entries=1024 (~1088 KiB)
[A:tls] worker host=0 client=61 entries=1024 (~1088 KiB)
[A:tls] worker host=0 client=55 entries=1024 (~1088 KiB)
[A:tls] worker host=0 client=41 entries=1024 (~1088 KiB)
[A:tls] worker host=0 client=20 entries=1024 (~1088 KiB)
[A:tls] worker host=0 client=13 entries=1024 (~1088 KiB)
[A:tls] worker host=0 client=45 entries=1024 (~1088 KiB)
[A:tls] worker host=0 client=24 entries=1024 (~1088 KiB)
[A:tls] worker host=0 client=62 entries=1024 (~1088 KiB)
[A:tls] worker host=0 client=0 entries=1024 (~1088 KiB)
[A:tls] worker host=0 client=35 entries=1024 (~1088 KiB)
[A:tls] worker host=0 client=2 entries=1024 (~1088 KiB)
[A:tls] worker host=0 client=21 entries=1024 (~1088 KiB)
[A:tls] worker host=0 client=58 entries=1024 (~1088 KiB)
[A:tls] worker host=0 client=47 entries=1024 (~1088 KiB)
[A:tls] worker host=0 client=22 entries=1024 (~1088 KiB)
[A:tls] worker host=0 client=17 entries=1024 (~1088 KiB)
[A:tls] worker host=0 client=34 entries=1024 (~1088 KiB)
[A:tls] worker host=0 client=4 entries=1024 (~1088 KiB)
[A:tls] worker host=0 client=59 entries=1024 (~1088 KiB)
[A:tls] worker host=0 client=9 entries=1024 (~1088 KiB)
[A:tls] worker host=0 client=27 entries=1024 (~1088 KiB)
[A:tls] worker host=0 client=3 entries=1024 (~1088 KiB)
[A:tls] worker host=0 client=28 entries=1024 (~1088 KiB)
[A:tls] worker host=0 client=5 entries=1024 (~1088 KiB)
[A:tls] worker host=0 client=12 entries=1024 (~1088 KiB)
[A:tls] worker host=0 client=26 entries=1024 (~1088 KiB)
[A:tls] worker host=0 client=38 entries=1024 (~1088 KiB)
[A:tls] worker host=0 client=31 entries=1024 (~1088 KiB)
[A:tls] worker host=0 client=8 entries=1024 (~1088 KiB)
[A:tls] worker host=0 client=43 entries=1024 (~1088 KiB)
[A:tls] worker host=0 client=56 entries=1024 (~1088 KiB)
[A:tls] worker host=0 client=1 entries=1024 (~1088 KiB)
[A:tls] worker host=0 client=14 entries=1024 (~1088 KiB)
[A:tls] worker host=0 client=46 entries=1024 (~1088 KiB)
[A:tls] worker host=0 client=7 entries=1024 (~1088 KiB)
[A:tls] worker host=0 client=63 entries=1024 (~1088 KiB)
[A:tls] worker host=0 client=6 entries=1024 (~1088 KiB)
[A:tls] worker host=0 client=36 entries=1024 (~1088 KiB)
[A:tls] worker host=0 client=10 entries=1024 (~1088 KiB)
[A:tls] worker host=0 client=25 entries=1024 (~1088 KiB)
[A:tls] worker host=0 client=40 entries=1024 (~1088 KiB)
[A:tls] worker host=0 client=48 entries=1024 (~1088 KiB)
[A:tls] worker host=0 client=30 entries=1024 (~1088 KiB)
[A:tls] worker host=0 client=60 entries=1024 (~1088 KiB)
[A:tls] worker host=0 client=49 entries=1024 (~1088 KiB)
[A:tls] worker host=0 client=39 entries=1024 (~1088 KiB)
[A:tls] worker host=0 client=53 entries=1024 (~1088 KiB)
[A:tls] worker host=0 client=50 entries=1024 (~1088 KiB)
[A:tls] worker host=0 client=32 entries=1024 (~1088 KiB)
[A:tls] worker host=0 client=11 entries=1024 (~1088 KiB)
[A:tls] worker host=0 client=23 entries=1024 (~1088 KiB)
[A:tls] worker host=0 client=19 entries=1024 (~1088 KiB)
# PATH host=0 label=after_LOAD tid=140316303071360 r0_tls=0 r2hit=0 r2miss_local=0 r3=0 cpool_ins_r=0 local_w=1 fwd_w=0 local_w_blk_fwd=0 local_w_stg_fwd=0 cpool_ins_w=1 cp_evict=0 cp_set_stale=0 cp_lru_evict=0 rh_served=0
# PATH host=0 label=after_LOAD AGG r0_tls=0 r2hit=0 r2miss_local=0 r3=0 cpool_ins_r=0 local_w=1 fwd_w=0 local_w_blk_fwd=0 local_w_stg_fwd=0 cpool_ins_w=1 cp_evict=0 cp_set_stale=0 cp_lru_evict=0 rh_served=0
YCSB opt=A cache=1 num_hosts=2 threads=64 threads_eff=64 rep=3 load_ops=2 load_thpt=9708 trans_ops=5000000 trans_wall_max=3.357942 trans_agg_thpt=1489006 w_avg_ns=78306 w_p50_ns=79977 w_p99_ns=184320 r_avg_ns=0 r_p50_ns=0 r_p99_ns=0 first_op_ns_max=895809 first_op_ns_avg=142816 ops_to_first_ns_max=3834625 ops_to_first_ns_avg=1882805 # single_key_flood_optA_t64_cacheon_rep3
bash: line 1: 36358 Segmentation fault      FUSEE_NUM_HOSTS=2 FUSEE_HOST_ID=0 FUSEE_NUM_THREADS=64 FUSEE_RUN_COOKIE=21576806 FUSEE_REP=3 FUSEE_CACHE=1 FUSEE_WORKLOAD_NAME=single_key_flood FUSEE_KV_SIZE=1024 FUSEE_CACHE_BUCKETS=131072 FUSEE_RING_SHARDS_FACTOR=4 FUSEE_RING_ROUTING=worker_id ./tests/protocol_a_ycsb /dev/dax0.0 /tmp/microbench_traces/bench_single_key_flood_h0.spec_load /tmp/microbench_traces/bench_single_key_flood_h0.spec_trans 8388608 5000000 2>&1
