[A:cfg] ring_sharding T=64 N=0 (disabled) -> shards=1 block=64 routing=worker_id
[A:thread] Worker pinned host=0 client=1 -> cpu=1 (pid=34977)
[A:thread] Worker pinned host=0 client=2 -> cpu=2 (pid=34978)
[A:thread] Worker pinned host=0 client=3 -> cpu=3 (pid=34979)
[A:thread] Worker pinned host=0 client=4 -> cpu=4 (pid=34980)
[A:thread] Worker pinned host=0 client=5 -> cpu=5 (pid=34981)
[A:thread] Worker pinned host=0 client=6 -> cpu=6 (pid=34982)
[A:thread] Worker pinned host=0 client=7 -> cpu=7 (pid=34983)
[A:thread] Worker pinned host=0 client=8 -> cpu=8 (pid=34984)
[A:thread] Worker pinned host=0 client=9 -> cpu=9 (pid=34985)
[A:thread] Worker pinned host=0 client=10 -> cpu=10 (pid=34986)
[A:thread] Worker pinned host=0 client=11 -> cpu=11 (pid=34987)
[A:thread] Worker pinned host=0 client=12 -> cpu=12 (pid=34988)
[A:thread] Worker pinned host=0 client=13 -> cpu=13 (pid=34989)
[A:thread] Worker pinned host=0 client=14 -> cpu=14 (pid=34990)
[A:thread] Worker pinned host=0 client=15 -> cpu=15 (pid=34991)
[A:thread] Worker pinned host=0 client=16 -> cpu=16 (pid=34992)
[A:thread] Worker pinned host=0 client=17 -> cpu=17 (pid=34993)
[A:thread] Worker pinned host=0 client=18 -> cpu=18 (pid=34994)
[A:thread] Worker pinned host=0 client=20 -> cpu=20 (pid=34996)
[A:thread] Worker pinned host=0 client=19 -> cpu=19 (pid=34995)
[A:thread] Worker pinned host=0 client=21 -> cpu=21 (pid=34997)
[A:thread] Worker pinned host=0 client=22 -> cpu=22 (pid=34998)
[A:thread] Worker pinned host=0 client=23 -> cpu=23 (pid=34999)
[A:thread] Worker pinned host=0 client=24 -> cpu=24 (pid=35000)
[A:thread] Worker pinned host=0 client=25 -> cpu=25 (pid=35001)
[A:thread] Worker pinned host=0 client=26 -> cpu=26 (pid=35002)
[A:thread] Worker pinned host=0 client=27 -> cpu=27 (pid=35003)
[A:thread] Worker pinned host=0 client=28 -> cpu=28 (pid=35004)
[A:thread] Worker pinned host=0 client=29 -> cpu=29 (pid=35005)
[A:thread] Worker pinned host=0 client=30 -> cpu=30 (pid=35006)
[A:thread] Worker pinned host=0 client=31 -> cpu=31 (pid=35007)
[A:thread] Worker pinned host=0 client=32 -> cpu=32 (pid=35008)
[A:thread] Worker pinned host=0 client=33 -> cpu=33 (pid=35009)
[A:thread] Worker pinned host=0 client=34 -> cpu=34 (pid=35010)
[A:thread] Worker pinned host=0 client=35 -> cpu=35 (pid=35011)
[A:thread] Worker pinned host=0 client=36 -> cpu=36 (pid=35012)
[A:thread] Worker pinned host=0 client=37 -> cpu=37 (pid=35013)
[A:thread] Worker pinned host=0 client=38 -> cpu=38 (pid=35014)
[A:thread] Worker pinned host=0 client=39 -> cpu=39 (pid=35015)
[A:thread] Worker pinned host=0 client=40 -> cpu=40 (pid=35016)
[A:thread] Worker pinned host=0 client=41 -> cpu=41 (pid=35017)
[A:thread] Worker pinned host=0 client=42 -> cpu=42 (pid=35018)
[A:thread] Worker pinned host=0 client=43 -> cpu=43 (pid=35019)
[A:thread] Worker pinned host=0 client=44 -> cpu=44 (pid=35020)
[A:thread] Worker pinned host=0 client=45 -> cpu=45 (pid=35021)
[A:thread] Worker pinned host=0 client=46 -> cpu=46 (pid=35022)
[A:thread] Worker pinned host=0 client=47 -> cpu=47 (pid=35023)
[A:thread] Worker pinned host=0 client=48 -> cpu=48 (pid=35024)
[A:thread] Worker pinned host=0 client=49 -> cpu=49 (pid=35025)
[A:thread] Worker pinned host=0 client=50 -> cpu=50 (pid=35026)
[A:thread] Worker pinned host=0 client=51 -> cpu=51 (pid=35027)
[A:thread] Worker pinned host=0 client=52 -> cpu=52 (pid=35028)
[A:thread] Worker pinned host=0 client=53 -> cpu=53 (pid=35029)
[A:thread] Worker pinned host=0 client=54 -> cpu=54 (pid=35030)
[A:thread] Worker pinned host=0 client=56 -> cpu=56 (pid=35032)
[A:thread] Worker pinned host=0 client=55 -> cpu=55 (pid=35031)
[A:thread] Worker pinned host=0 client=57 -> cpu=57 (pid=35033)
[A:thread] Worker pinned host=0 client=58 -> cpu=58 (pid=35034)
[A:thread] Worker pinned host=0 client=59 -> cpu=59 (pid=35035)
[A:thread] Worker pinned host=0 client=60 -> cpu=60 (pid=35036)
[A:thread] Worker pinned host=0 client=61 -> cpu=61 (pid=35037)
[A:thread] Worker pinned host=0 client=0 -> cpu=0 (pid=34968)
[A:thread] Worker pinned host=0 client=63 -> cpu=63 (pid=35039)
[A:thread] Worker pinned host=0 client=62 -> cpu=62 (pid=35038)
[A:thread] WriteRecv0 pid=34968 tid=140615170860736 cpu=64 host=0 rings=[0]
[A:thread] ReadRecv0 pid=34968 tid=140615162468032 cpu=65 host=0 rings=[0]
[A:thread] InvalRecv0 pid=34968 tid=140615154075328 cpu=66 host=0 rings=[0]
[A:thread] ReservHandler pid=34968 tid=140615145682624 pinned cpu=85 (host_id=0)
[A:tls] worker host=0 client=0 entries=1024 (~1088 KiB)
[A:tls] worker host=0 client=16 entries=1024 (~1088 KiB)
[A:tls] worker host=0 client=12 entries=1024 (~1088 KiB)
[A:tls] worker host=0 client=17 entries=1024 (~1088 KiB)
[A:tls] worker host=0 client=27 entries=1024 (~1088 KiB)
[A:tls] worker host=0 client=15 entries=1024 (~1088 KiB)
[A:tls] worker host=0 client=2 entries=1024 (~1088 KiB)
[A:tls] worker host=0 client=3 entries=1024 (~1088 KiB)
[A:tls] worker host=0 client=10 entries=1024 (~1088 KiB)
[A:tls] worker host=0 client=48 entries=1024 (~1088 KiB)
[A:tls] worker host=0 client=21 entries=1024 (~1088 KiB)
[A:tls] worker host=0 client=9 entries=1024 (~1088 KiB)
[A:tls] worker host=0 client=28 entries=1024 (~1088 KiB)
[A:tls] worker host=0 client=37 entries=1024 (~1088 KiB)
[A:tls] worker host=0 client=31 entries=1024 (~1088 KiB)
[A:tls] worker host=0 client=6 entries=1024 (~1088 KiB)
[A:tls] worker host=0 client=45 entries=1024 (~1088 KiB)
[A:tls] worker host=0 client=50 entries=1024 (~1088 KiB)
[A:tls] worker host=0 client=18 entries=1024 (~1088 KiB)
[A:tls] worker host=0 client=8 entries=1024 (~1088 KiB)
[A:tls] worker host=0 client=22 entries=1024 (~1088 KiB)
[A:tls] worker host=0 client=33 entries=1024 (~1088 KiB)
[A:tls] worker host=0 client=23 entries=1024 (~1088 KiB)
[A:tls] worker host=0 client=20 entries=1024 (~1088 KiB)
[A:tls] worker host=0 client=32 entries=1024 (~1088 KiB)
[A:tls] worker host=0 client=47 entries=1024 (~1088 KiB)
[A:tls] worker host=0 client=36 entries=1024 (~1088 KiB)
[A:tls] worker host=0 client=42 entries=1024 (~1088 KiB)
[A:tls] worker host=0 client=35 entries=1024 (~1088 KiB)
[A:tls] worker host=0 client=1 entries=1024 (~1088 KiB)
[A:tls] worker host=0 client=19 entries=1024 (~1088 KiB)
[A:tls] worker host=0 client=58 entries=1024 (~1088 KiB)
[A:tls] worker host=0 client=30 entries=1024 (~1088 KiB)
[A:tls] worker host=0 client=52 entries=1024 (~1088 KiB)
[A:tls] worker host=0 client=62 entries=1024 (~1088 KiB)
[A:tls] worker host=0 client=11 entries=1024 (~1088 KiB)
[A:tls] worker host=0 client=40 entries=1024 (~1088 KiB)
[A:tls] worker host=0 client=61 entries=1024 (~1088 KiB)
[A:tls] worker host=0 client=54 entries=1024 (~1088 KiB)
[A:tls] worker host=0 client=24 entries=1024 (~1088 KiB)
[A:tls] worker host=0 client=39 entries=1024 (~1088 KiB)
[A:tls] worker host=0 client=7 entries=1024 (~1088 KiB)
[A:tls] worker host=0 client=43 entries=1024 (~1088 KiB)
[A:tls] worker host=0 client=41 entries=1024 (~1088 KiB)
[A:tls] worker host=0 client=53 entries=1024 (~1088 KiB)
[A:tls] worker host=0 client=56 entries=1024 (~1088 KiB)
[A:tls] worker host=0 client=26 entries=1024 (~1088 KiB)
[A:tls] worker host=0 client=63 entries=1024 (~1088 KiB)
[A:tls] worker host=0 client=5 entries=1024 (~1088 KiB)
[A:tls] worker host=0 client=59 entries=1024 (~1088 KiB)
[A:tls] worker host=0 client=55 entries=1024 (~1088 KiB)
[A:tls] worker host=0 client=49 entries=1024 (~1088 KiB)
[A:tls] worker host=0 client=4 entries=1024 (~1088 KiB)
[A:tls] worker host=0 client=51 entries=1024 (~1088 KiB)
[A:tls] worker host=0 client=13 entries=1024 (~1088 KiB)
[A:tls] worker host=0 client=29 entries=1024 (~1088 KiB)
[A:tls] worker host=0 client=14 entries=1024 (~1088 KiB)
[A:tls] worker host=0 client=44 entries=1024 (~1088 KiB)
[A:tls] worker host=0 client=34 entries=1024 (~1088 KiB)
[A:tls] worker host=0 client=46 entries=1024 (~1088 KiB)
[A:tls] worker host=0 client=25 entries=1024 (~1088 KiB)
[A:tls] worker host=0 client=60 entries=1024 (~1088 KiB)
[A:tls] worker host=0 client=38 entries=1024 (~1088 KiB)
[A:tls] worker host=0 client=57 entries=1024 (~1088 KiB)
# PATH host=0 label=after_LOAD tid=140615171074176 r0_tls=0 r2hit=0 r2miss_local=0 r3=0 cpool_ins_r=0 local_w=1 fwd_w=0 local_w_blk_fwd=0 local_w_stg_fwd=0 cpool_ins_w=1 cp_evict=0 cp_set_stale=0 cp_lru_evict=0 rh_served=0
# PATH host=0 label=after_LOAD AGG r0_tls=0 r2hit=0 r2miss_local=0 r3=0 cpool_ins_r=0 local_w=1 fwd_w=0 local_w_blk_fwd=0 local_w_stg_fwd=0 cpool_ins_w=1 cp_evict=0 cp_set_stale=0 cp_lru_evict=0 rh_served=0
YCSB opt=A cache=1 num_hosts=2 threads=64 threads_eff=64 rep=1 load_ops=2 load_thpt=62500 trans_ops=5000000 trans_wall_max=6.135251 trans_agg_thpt=814962 w_avg_ns=155889 w_p50_ns=156277 w_p99_ns=163985 r_avg_ns=0 r_p50_ns=0 r_p99_ns=0 first_op_ns_max=181730 first_op_ns_avg=106093 ops_to_first_ns_max=4023358 ops_to_first_ns_avg=1927542 # single_key_flood_optA_t64_cacheon_rep1
# PATH host=0 label=after_TRANS tid=140615171074176 r0_tls=0 r2hit=0 r2miss_local=0 r3=0 cpool_ins_r=0 local_w=1 fwd_w=39063 local_w_blk_fwd=0 local_w_stg_fwd=0 cpool_ins_w=1 cp_evict=0 cp_set_stale=0 cp_lru_evict=0 rh_served=0
# PATH host=0 label=after_TRANS tid=140615170860736 r0_tls=0 r2hit=0 r2miss_local=0 r3=0 cpool_ins_r=0 local_w=0 fwd_w=0 local_w_blk_fwd=2499968 local_w_stg_fwd=0 cpool_ins_w=0 cp_evict=1 cp_set_stale=0 cp_lru_evict=0 rh_served=0
# PATH host=0 label=after_TRANS AGG r0_tls=0 r2hit=0 r2miss_local=0 r3=0 cpool_ins_r=0 local_w=1 fwd_w=39063 local_w_blk_fwd=2499968 local_w_stg_fwd=0 cpool_ins_w=1 cp_evict=1 cp_set_stale=0 cp_lru_evict=0 rh_served=0
# CACHE_FILL host=0 cache_buckets=131072 capacity=524288 filled=0 stale=0 tomb=1 fill_pct=0.000
