[A:cfg] ring_sharding T=8 N=4 -> shards=2 block=4 routing=key_hash
[A:thread] Worker pinned host=0 client=1 -> cpu=1 (pid=38877)
[A:thread] Worker pinned host=0 client=2 -> cpu=2 (pid=38878)
[A:thread] Worker pinned host=0 client=3 -> cpu=3 (pid=38879)
[A:thread] Worker pinned host=0 client=0 -> cpu=0 (pid=38872)
[A:thread] Worker pinned host=0 client=4 -> cpu=4 (pid=38880)
[A:thread] Worker pinned host=0 client=5 -> cpu=5 (pid=38881)
[A:thread] Worker pinned host=0 client=6 -> cpu=6 (pid=38882)
[A:thread] Worker pinned host=0 client=7 -> cpu=7 (pid=38883)
[A:thread] WriteRecv0 pid=38872 tid=139722895640256 cpu=64 host=0 rings=[0]
[A:thread] WriteRecv1 pid=38872 tid=139722887247552 cpu=65 host=0 rings=[1]
[A:thread] ReadRecv0 pid=38872 tid=139722878854848 cpu=66 host=0 rings=[0]
[A:thread] ReadRecv1 pid=38872 tid=139722870462144 cpu=67 host=0 rings=[1]
[A:thread] InvalRecv0 pid=38872 tid=139722862069440 cpu=68 host=0 rings=[0]
[A:thread] InvalRecv1 pid=38872 tid=139722853676736 cpu=69 host=0 rings=[1]
[A:thread] ReservHandler pid=38872 tid=139722845284032 pinned cpu=85 (host_id=0)
[A:tls] worker host=0 client=6 entries=1024 (~1088 KiB)
[A:tls] worker host=0 client=5 entries=1024 (~1088 KiB)
[A:tls] worker host=0 client=2 entries=1024 (~1088 KiB)
[A:tls] worker host=0 client=7 entries=1024 (~1088 KiB)
[A:tls] worker host=0 client=1 entries=1024 (~1088 KiB)
[A:tls] worker host=0 client=3 entries=1024 (~1088 KiB)
[A:tls] worker host=0 client=0 entries=1024 (~1088 KiB)
[A:tls] worker host=0 client=4 entries=1024 (~1088 KiB)
# PATH host=0 label=after_LOAD tid=139722895853696 r0_tls=0 r2hit=0 r2miss_local=0 r3=0 cpool_ins_r=0 local_w=1 fwd_w=0 local_w_blk_fwd=0 local_w_stg_fwd=0 cpool_ins_w=1 cp_evict=0 cp_set_stale=0 cp_lru_evict=0 rh_served=0
# PATH host=0 label=after_LOAD AGG r0_tls=0 r2hit=0 r2miss_local=0 r3=0 cpool_ins_r=0 local_w=1 fwd_w=0 local_w_blk_fwd=0 local_w_stg_fwd=0 cpool_ins_w=1 cp_evict=0 cp_set_stale=0 cp_lru_evict=0 rh_served=0
YCSB opt=A cache=1 num_hosts=2 threads=8 threads_eff=8 rep=3 load_ops=2 load_thpt=83333 trans_ops=5000000 trans_wall_max=6.529466 trans_agg_thpt=765759 w_avg_ns=20015 w_p50_ns=20777 w_p99_ns=22239 r_avg_ns=0 r_p50_ns=0 r_p99_ns=0 first_op_ns_max=27987 first_op_ns_avg=20043 ops_to_first_ns_max=1008109 ops_to_first_ns_avg=449342 # single_key_flood_optA_t8_cacheon_rep3
bash: line 1: 38872 Segmentation fault      FUSEE_NUM_HOSTS=2 FUSEE_HOST_ID=0 FUSEE_NUM_THREADS=8 FUSEE_RUN_COOKIE=220674660 FUSEE_REP=3 FUSEE_CACHE=1 FUSEE_WORKLOAD_NAME=single_key_flood FUSEE_KV_SIZE=1024 FUSEE_CACHE_BUCKETS=131072 FUSEE_RING_SHARDS_FACTOR=4 FUSEE_RING_ROUTING=key_hash ./tests/protocol_a_ycsb /dev/dax0.0 /tmp/microbench_traces/bench_single_key_flood_h0.spec_load /tmp/microbench_traces/bench_single_key_flood_h0.spec_trans 8388608 5000000 2>&1
