[A:cfg] ring_sharding T=8 N=4 -> shards=2 block=4 routing=worker_id
[A:thread] Worker pinned host=1 client=1 -> cpu=1 (pid=35265)
[A:thread] Worker pinned host=1 client=2 -> cpu=2 (pid=35266)
[A:thread] Worker pinned host=1 client=3 -> cpu=3 (pid=35267)
[A:thread] Worker pinned host=1 client=4 -> cpu=4 (pid=35268)
[A:thread] Worker pinned host=1 client=0 -> cpu=0 (pid=35264)
[A:thread] Worker pinned host=1 client=5 -> cpu=5 (pid=35269)
[A:thread] Worker pinned host=1 client=6 -> cpu=6 (pid=35270)
[A:thread] Worker pinned host=1 client=7 -> cpu=7 (pid=35271)
[A:thread] WriteRecv0 pid=35264 tid=140027053369024 cpu=64 host=1 rings=[0]
[A:thread] WriteRecv1 pid=35264 tid=140027044976320 cpu=65 host=1 rings=[1]
[A:thread] ReadRecv0 pid=35264 tid=140027036583616 cpu=66 host=1 rings=[0]
[A:thread] InvalRecv0 pid=35264 tid=140027019798208 cpu=68 host=1 rings=[0]
[A:thread] ReadRecv1 pid=35264 tid=140027028190912 cpu=67 host=1 rings=[1]
[A:thread] InvalRecv1 pid=35264 tid=140027011405504 cpu=69 host=1 rings=[1]
[A:tls] worker host=1 client=0 entries=1024 (~1088 KiB)
# PATH host=1 label=after_LOAD tid=140027053369024 r0_tls=0 r2hit=0 r2miss_local=0 r3=0 cpool_ins_r=0 local_w=0 fwd_w=0 local_w_blk_fwd=368 local_w_stg_fwd=0 cpool_ins_w=0 cp_evict=0 cp_set_stale=0 cp_lru_evict=0 rh_served=0
# PATH host=1 label=after_LOAD tid=140027044976320 r0_tls=0 r2hit=0 r2miss_local=0 r3=0 cpool_ins_r=0 local_w=0 fwd_w=0 local_w_blk_fwd=471 local_w_stg_fwd=0 cpool_ins_w=0 cp_evict=1 cp_set_stale=0 cp_lru_evict=0 rh_served=0
# PATH host=1 label=after_LOAD tid=140027053582464 r0_tls=0 r2hit=0 r2miss_local=0 r3=0 cpool_ins_r=0 local_w=1 fwd_w=0 local_w_blk_fwd=0 local_w_stg_fwd=0 cpool_ins_w=1 cp_evict=0 cp_set_stale=0 cp_lru_evict=0 rh_served=0
# PATH host=1 label=after_LOAD AGG r0_tls=0 r2hit=0 r2miss_local=0 r3=0 cpool_ins_r=0 local_w=1 fwd_w=0 local_w_blk_fwd=840 local_w_stg_fwd=0 cpool_ins_w=1 cp_evict=1 cp_set_stale=0 cp_lru_evict=0 rh_served=0
[A:tls] worker host=1 client=6 entries=1024 (~1088 KiB)
[A:tls] worker host=1 client=1 entries=1024 (~1088 KiB)
[A:tls] worker host=1 client=4 entries=1024 (~1088 KiB)
[A:tls] worker host=1 client=7 entries=1024 (~1088 KiB)
[A:tls] worker host=1 client=3 entries=1024 (~1088 KiB)
[A:tls] worker host=1 client=2 entries=1024 (~1088 KiB)
[A:tls] worker host=1 client=5 entries=1024 (~1088 KiB)
[A:thread] ReservHandler pid=35264 tid=140027003012800 pinned cpu=85 (host_id=1)
bash: line 1: 35264 Segmentation fault      FUSEE_NUM_HOSTS=2 FUSEE_HOST_ID=1 FUSEE_NUM_THREADS=8 FUSEE_RUN_COOKIE=3165130346 FUSEE_REP=1 FUSEE_CACHE=1 FUSEE_WORKLOAD_NAME=single_key_flood FUSEE_KV_SIZE=1024 FUSEE_CACHE_BUCKETS=131072 FUSEE_RING_SHARDS_FACTOR=4 FUSEE_RING_ROUTING=worker_id ./tests/protocol_a_ycsb /dev/dax0.0 /tmp/microbench_traces/bench_single_key_flood_h1.spec_load /tmp/microbench_traces/bench_single_key_flood_h1.spec_trans 8388608 5000000 2>&1
