[A:cfg] ring_sharding T=8 N=4 -> shards=2 block=4 routing=worker_id
[A:thread] Worker pinned host=0 client=1 -> cpu=1 (pid=35336)
[A:thread] Worker pinned host=0 client=2 -> cpu=2 (pid=35337)
[A:thread] Worker pinned host=0 client=3 -> cpu=3 (pid=35338)
[A:thread] Worker pinned host=0 client=0 -> cpu=0 (pid=35335)
[A:thread] Worker pinned host=0 client=4 -> cpu=4 (pid=35339)
[A:thread] Worker pinned host=0 client=5 -> cpu=5 (pid=35340)
[A:thread] Worker pinned host=0 client=6 -> cpu=6 (pid=35341)
[A:thread] Worker pinned host=0 client=7 -> cpu=7 (pid=35342)
[A:thread] WriteRecv0 pid=35335 tid=140473443784384 cpu=64 host=0 rings=[0]
[A:thread] WriteRecv1 pid=35335 tid=140473435391680 cpu=65 host=0 rings=[1]
[A:thread] ReadRecv0 pid=35335 tid=140473426998976 cpu=66 host=0 rings=[0]
[A:thread] ReadRecv1 pid=35335 tid=140473418606272 cpu=67 host=0 rings=[1]
[A:thread] InvalRecv0 pid=35335 tid=140473410213568 cpu=68 host=0 rings=[0]
[A:thread] InvalRecv1 pid=35335 tid=140473401820864 cpu=69 host=0 rings=[1]
[A:thread] ReservHandler pid=35335 tid=140473393428160 pinned cpu=85 (host_id=0)
[A:tls] worker host=0 client=3 entries=1024 (~1088 KiB)
[A:tls] worker host=0 client=4 entries=1024 (~1088 KiB)
[A:tls] worker host=0 client=1 entries=1024 (~1088 KiB)
[A:tls] worker host=0 client=2 entries=1024 (~1088 KiB)
[A:tls] worker host=0 client=5 entries=1024 (~1088 KiB)
[A:tls] worker host=0 client=7 entries=1024 (~1088 KiB)
[A:tls] worker host=0 client=6 entries=1024 (~1088 KiB)
[A:tls] worker host=0 client=0 entries=1024 (~1088 KiB)
# PATH host=0 label=after_LOAD tid=140473443997824 r0_tls=0 r2hit=0 r2miss_local=0 r3=0 cpool_ins_r=0 local_w=1 fwd_w=0 local_w_blk_fwd=0 local_w_stg_fwd=0 cpool_ins_w=1 cp_evict=0 cp_set_stale=0 cp_lru_evict=0 rh_served=0
# PATH host=0 label=after_LOAD AGG r0_tls=0 r2hit=0 r2miss_local=0 r3=0 cpool_ins_r=0 local_w=1 fwd_w=0 local_w_blk_fwd=0 local_w_stg_fwd=0 cpool_ins_w=1 cp_evict=0 cp_set_stale=0 cp_lru_evict=0 rh_served=0
YCSB opt=A cache=1 num_hosts=2 threads=8 threads_eff=8 rep=1 load_ops=2 load_thpt=62500 trans_ops=5000000 trans_wall_max=4.032975 trans_agg_thpt=1239779 w_avg_ns=12097 w_p50_ns=12425 w_p99_ns=16205 r_avg_ns=0 r_p50_ns=0 r_p99_ns=0 first_op_ns_max=21287 first_op_ns_avg=17067 ops_to_first_ns_max=1123138 ops_to_first_ns_avg=493610 # single_key_flood_optA_t8_cacheon_rep1
bash: line 1: 35335 Segmentation fault      FUSEE_NUM_HOSTS=2 FUSEE_HOST_ID=0 FUSEE_NUM_THREADS=8 FUSEE_RUN_COOKIE=3165130346 FUSEE_REP=1 FUSEE_CACHE=1 FUSEE_WORKLOAD_NAME=single_key_flood FUSEE_KV_SIZE=1024 FUSEE_CACHE_BUCKETS=131072 FUSEE_RING_SHARDS_FACTOR=4 FUSEE_RING_ROUTING=worker_id ./tests/protocol_a_ycsb /dev/dax0.0 /tmp/microbench_traces/bench_single_key_flood_h0.spec_load /tmp/microbench_traces/bench_single_key_flood_h0.spec_trans 8388608 5000000 2>&1
