[A:thread] Worker pinned host=0 client=1 -> cpu=1 (pid=256586)
[A:thread] Worker pinned host=0 client=2 -> cpu=2 (pid=256587)
[A:thread] Worker pinned host=0 client=3 -> cpu=3 (pid=256588)
[A:thread] Worker pinned host=0 client=4 -> cpu=4 (pid=256589)
[A:thread] Worker pinned host=0 client=5 -> cpu=5 (pid=256590)
[A:thread] Worker pinned host=0 client=6 -> cpu=6 (pid=256591)
[A:thread] Worker pinned host=0 client=7 -> cpu=7 (pid=256592)
[A:thread] Worker pinned host=0 client=8 -> cpu=8 (pid=256593)
[A:thread] Worker pinned host=0 client=9 -> cpu=9 (pid=256594)
[A:thread] Worker pinned host=0 client=10 -> cpu=10 (pid=256595)
[A:thread] Worker pinned host=0 client=11 -> cpu=11 (pid=256596)
[A:thread] Worker pinned host=0 client=12 -> cpu=12 (pid=256597)
[A:thread] Worker pinned host=0 client=13 -> cpu=13 (pid=256598)
[A:thread] Worker pinned host=0 client=14 -> cpu=14 (pid=256599)
[A:thread] Worker pinned host=0 client=15 -> cpu=15 (pid=256600)
[A:thread] Worker pinned host=0 client=16 -> cpu=16 (pid=256601)
[A:thread] Worker pinned host=0 client=17 -> cpu=17 (pid=256602)
[A:thread] Worker pinned host=0 client=18 -> cpu=18 (pid=256603)
[A:thread] Worker pinned host=0 client=19 -> cpu=19 (pid=256604)
[A:thread] Worker pinned host=0 client=20 -> cpu=20 (pid=256605)
[A:thread] Worker pinned host=0 client=21 -> cpu=21 (pid=256606)
[A:thread] Worker pinned host=0 client=22 -> cpu=22 (pid=256607)
[A:thread] Worker pinned host=0 client=23 -> cpu=23 (pid=256608)
[A:thread] Worker pinned host=0 client=24 -> cpu=24 (pid=256609)
[A:thread] Worker pinned host=0 client=25 -> cpu=25 (pid=256610)
[A:thread] Worker pinned host=0 client=26 -> cpu=26 (pid=256611)
[A:thread] Worker pinned host=0 client=27 -> cpu=27 (pid=256612)
[A:thread] Worker pinned host=0 client=28 -> cpu=28 (pid=256613)
[A:thread] Worker pinned host=0 client=29 -> cpu=29 (pid=256614)
[A:thread] Worker pinned host=0 client=30 -> cpu=30 (pid=256615)
[A:thread] Worker pinned host=0 client=31 -> cpu=31 (pid=256616)
[A:thread] Worker pinned host=0 client=32 -> cpu=32 (pid=256617)
[A:thread] Worker pinned host=0 client=33 -> cpu=33 (pid=256618)
[A:thread] Worker pinned host=0 client=34 -> cpu=34 (pid=256619)
[A:thread] Worker pinned host=0 client=35 -> cpu=35 (pid=256620)
[A:thread] Worker pinned host=0 client=36 -> cpu=36 (pid=256621)
[A:thread] Worker pinned host=0 client=37 -> cpu=37 (pid=256622)
[A:thread] Worker pinned host=0 client=38 -> cpu=38 (pid=256623)
[A:thread] Worker pinned host=0 client=39 -> cpu=39 (pid=256624)
[A:thread] Worker pinned host=0 client=40 -> cpu=40 (pid=256625)
[A:thread] Worker pinned host=0 client=41 -> cpu=41 (pid=256626)
[A:thread] Worker pinned host=0 client=42 -> cpu=42 (pid=256627)
[A:thread] Worker pinned host=0 client=43 -> cpu=43 (pid=256628)
[A:thread] Worker pinned host=0 client=44 -> cpu=44 (pid=256629)
[A:thread] Worker pinned host=0 client=45 -> cpu=45 (pid=256630)
[A:thread] Worker pinned host=0 client=46 -> cpu=46 (pid=256631)
[A:thread] Worker pinned host=0 client=47 -> cpu=47 (pid=256632)
[A:thread] Worker pinned host=0 client=48 -> cpu=48 (pid=256633)
[A:thread] Worker pinned host=0 client=49 -> cpu=49 (pid=256634)
[A:thread] Worker pinned host=0 client=50 -> cpu=50 (pid=256635)
[A:thread] Worker pinned host=0 client=51 -> cpu=51 (pid=256636)
[A:thread] Worker pinned host=0 client=52 -> cpu=52 (pid=256637)
[A:thread] Worker pinned host=0 client=53 -> cpu=53 (pid=256638)
[A:thread] Worker pinned host=0 client=54 -> cpu=54 (pid=256639)
[A:thread] Worker pinned host=0 client=55 -> cpu=55 (pid=256640)
[A:thread] Worker pinned host=0 client=57 -> cpu=57 (pid=256642)
[A:thread] Worker pinned host=0 client=56 -> cpu=56 (pid=256641)
[A:thread] Worker pinned host=0 client=58 -> cpu=58 (pid=256643)
[A:thread] Worker pinned host=0 client=59 -> cpu=59 (pid=256644)
[A:thread] Worker pinned host=0 client=60 -> cpu=60 (pid=256645)
[A:thread] Worker pinned host=0 client=0 -> cpu=0 (pid=256585)
[A:thread] Worker pinned host=0 client=61 -> cpu=61 (pid=256646)
[A:thread] Worker pinned host=0 client=62 -> cpu=62 (pid=256647)
[A:thread] Worker pinned host=0 client=63 -> cpu=63 (pid=256648)
[A:thread] WriteReceiver pid=256585 tid=139681612334784 pinned cpu=65 (host_id=0)
[A:thread] ReadReceiver pid=256585 tid=139681530377920 pinned cpu=67 (host_id=0)
[A:thread] InvalReceiver pid=256585 tid=139681521985216 pinned cpu=69 (host_id=0)
[A:thread] WriteSender pid=256585 tid=139681377285824 pinned cpu=64 (host_id=0)
[A:sender] kind=0 policy=P0 K=16 T_us=100 host_id=0
[A:thread] InvalSender pid=256585 tid=139681505199808 pinned cpu=68 (host_id=0)
[A:sender] kind=2 policy=P0 K=16 T_us=100 host_id=0
[A:thread] ReadSender pid=256585 tid=139681513592512 pinned cpu=66 (host_id=0)
[A:sender] kind=1 policy=P0 K=16 T_us=100 host_id=0
[A:tls] worker host=0 client=52 entries=1024 (~1088 KiB)
[A:tls] worker host=0 client=43 entries=1024 (~1088 KiB)
[A:tls] worker host=0 client=53 entries=1024 (~1088 KiB)
[A:tls] worker host=0 client=28 entries=1024 (~1088 KiB)
[A:tls] worker host=0 client=50 entries=1024 (~1088 KiB)
[A:tls] worker host=0 client=56 entries=1024 (~1088 KiB)
[A:tls] worker host=0 client=33 entries=1024 (~1088 KiB)
[A:tls] worker host=0 client=62 entries=1024 (~1088 KiB)
[A:tls] worker host=0 client=20 entries=1024 (~1088 KiB)
[A:tls] worker host=0 client=38 entries=1024 (~1088 KiB)
[A:tls] worker host=0 client=26 entries=1024 (~1088 KiB)
[A:tls] worker host=0 client=10 entries=1024 (~1088 KiB)
[A:tls] worker host=0 client=5 entries=1024 (~1088 KiB)
[A:tls] worker host=0 client=36 entries=1024 (~1088 KiB)
[A:tls] worker host=0 client=60 entries=1024 (~1088 KiB)
[A:tls] worker host=0 client=11 entries=1024 (~1088 KiB)
[A:tls] worker host=0 client=47 entries=1024 (~1088 KiB)
[A:tls] worker host=0 client=57 entries=1024 (~1088 KiB)
[A:tls] worker host=0 client=13 entries=1024 (~1088 KiB)
[A:tls] worker host=0 client=48 entries=1024 (~1088 KiB)
[A:tls] worker host=0 client=21 entries=1024 (~1088 KiB)
[A:tls] worker host=0 client=49 entries=1024 (~1088 KiB)
[A:tls] worker host=0 client=22 entries=1024 (~1088 KiB)
[A:tls] worker host=0 client=1 entries=1024 (~1088 KiB)
[A:tls] worker host=0 client=41 entries=1024 (~1088 KiB)
[A:tls] worker host=0 client=24 entries=1024 (~1088 KiB)
[A:tls] worker host=0 client=7 entries=1024 (~1088 KiB)
[A:tls] worker host=0 client=3 entries=1024 (~1088 KiB)
[A:tls] worker host=0 client=25 entries=1024 (~1088 KiB)
[A:tls] worker host=0 client=44 entries=1024 (~1088 KiB)
[A:tls] worker host=0 client=0 entries=1024 (~1088 KiB)
[A:tls] worker host=0 client=59 entries=1024 (~1088 KiB)
[A:tls] worker host=0 client=32 entries=1024 (~1088 KiB)
[A:tls] worker host=0 client=45 entries=1024 (~1088 KiB)
[A:tls] worker host=0 client=58 entries=1024 (~1088 KiB)
[A:tls] worker host=0 client=55 entries=1024 (~1088 KiB)
[A:tls] worker host=0 client=23 entries=1024 (~1088 KiB)
[A:tls] worker host=0 client=30 entries=1024 (~1088 KiB)
[A:tls] worker host=0 client=29 entries=1024 (~1088 KiB)
[A:tls] worker host=0 client=39 entries=1024 (~1088 KiB)
[A:tls] worker host=0 client=54 entries=1024 (~1088 KiB)
[A:tls] worker host=0 client=46 entries=1024 (~1088 KiB)
[A:tls] worker host=0 client=51 entries=1024 (~1088 KiB)
[A:tls] worker host=0 client=4 entries=1024 (~1088 KiB)
[A:tls] worker host=0 client=18 entries=1024 (~1088 KiB)
[A:tls] worker host=0 client=34 entries=1024 (~1088 KiB)
[A:tls] worker host=0 client=31 entries=1024 (~1088 KiB)
[A:tls] worker host=0 client=63 entries=1024 (~1088 KiB)
[A:tls] worker host=0 client=14 entries=1024 (~1088 KiB)
[A:tls] worker host=0 client=61 entries=1024 (~1088 KiB)
[A:tls] worker host=0 client=12 entries=1024 (~1088 KiB)
[A:tls] worker host=0 client=8 entries=1024 (~1088 KiB)
[A:tls] worker host=0 client=27 entries=1024 (~1088 KiB)
[A:tls] worker host=0 client=16 entries=1024 (~1088 KiB)
[A:tls] worker host=0 client=42 entries=1024 (~1088 KiB)
[A:tls] worker host=0 client=9 entries=1024 (~1088 KiB)
[A:tls] worker host=0 client=6 entries=1024 (~1088 KiB)
[A:tls] worker host=0 client=40 entries=1024 (~1088 KiB)
[A:tls] worker host=0 client=37 entries=1024 (~1088 KiB)
[A:tls] worker host=0 client=2 entries=1024 (~1088 KiB)
[A:tls] worker host=0 client=15 entries=1024 (~1088 KiB)
[A:tls] worker host=0 client=17 entries=1024 (~1088 KiB)
[A:tls] worker host=0 client=35 entries=1024 (~1088 KiB)
[A:tls] worker host=0 client=19 entries=1024 (~1088 KiB)
YCSB opt=A cache=1 num_hosts=2 threads=64 threads_eff=64 rep=3 load_ops=50000 load_thpt=110683 trans_ops=50000 trans_wall_max=0.004136 trans_agg_thpt=12088974 w_avg_ns=17719 w_p50_ns=17860 w_p99_ns=52714 r_avg_ns=10772 r_p50_ns=11027 r_p99_ns=48615 first_op_ns_max=143900 first_op_ns_avg=34618 ops_to_first_ns_max=511540 ops_to_first_ns_avg=60608 # workloada_optA_t64_cacheon_rep3
