[A:thread] Worker pinned host=1 client=1 -> cpu=1 (pid=260878)
[A:thread] Worker pinned host=1 client=2 -> cpu=2 (pid=260879)
[A:thread] Worker pinned host=1 client=3 -> cpu=3 (pid=260880)
[A:thread] Worker pinned host=1 client=4 -> cpu=4 (pid=260881)
[A:thread] Worker pinned host=1 client=5 -> cpu=5 (pid=260882)
[A:thread] Worker pinned host=1 client=6 -> cpu=6 (pid=260883)
[A:thread] Worker pinned host=1 client=7 -> cpu=7 (pid=260884)
[A:thread] Worker pinned host=1 client=8 -> cpu=8 (pid=260885)
[A:thread] Worker pinned host=1 client=9 -> cpu=9 (pid=260886)
[A:thread] Worker pinned host=1 client=10 -> cpu=10 (pid=260887)
[A:thread] Worker pinned host=1 client=11 -> cpu=11 (pid=260888)
[A:thread] Worker pinned host=1 client=12 -> cpu=12 (pid=260889)
[A:thread] Worker pinned host=1 client=13 -> cpu=13 (pid=260890)
[A:thread] Worker pinned host=1 client=14 -> cpu=14 (pid=260891)
[A:thread] Worker pinned host=1 client=15 -> cpu=15 (pid=260892)
[A:thread] Worker pinned host=1 client=16 -> cpu=16 (pid=260893)
[A:thread] Worker pinned host=1 client=17 -> cpu=17 (pid=260894)
[A:thread] Worker pinned host=1 client=18 -> cpu=18 (pid=260895)
[A:thread] Worker pinned host=1 client=19 -> cpu=19 (pid=260896)
[A:thread] Worker pinned host=1 client=20 -> cpu=20 (pid=260897)
[A:thread] Worker pinned host=1 client=21 -> cpu=21 (pid=260898)
[A:thread] Worker pinned host=1 client=22 -> cpu=22 (pid=260899)
[A:thread] Worker pinned host=1 client=23 -> cpu=23 (pid=260900)
[A:thread] Worker pinned host=1 client=24 -> cpu=24 (pid=260901)
[A:thread] Worker pinned host=1 client=25 -> cpu=25 (pid=260902)
[A:thread] Worker pinned host=1 client=26 -> cpu=26 (pid=260903)
[A:thread] Worker pinned host=1 client=27 -> cpu=27 (pid=260904)
[A:thread] Worker pinned host=1 client=28 -> cpu=28 (pid=260905)
[A:thread] Worker pinned host=1 client=29 -> cpu=29 (pid=260906)
[A:thread] Worker pinned host=1 client=30 -> cpu=30 (pid=260907)
[A:thread] Worker pinned host=1 client=31 -> cpu=31 (pid=260908)
[A:thread] Worker pinned host=1 client=32 -> cpu=32 (pid=260909)
[A:thread] Worker pinned host=1 client=33 -> cpu=33 (pid=260910)
[A:thread] Worker pinned host=1 client=34 -> cpu=34 (pid=260911)
[A:thread] Worker pinned host=1 client=35 -> cpu=35 (pid=260912)
[A:thread] Worker pinned host=1 client=36 -> cpu=36 (pid=260913)
[A:thread] Worker pinned host=1 client=37 -> cpu=37 (pid=260914)
[A:thread] Worker pinned host=1 client=38 -> cpu=38 (pid=260915)
[A:thread] Worker pinned host=1 client=39 -> cpu=39 (pid=260916)
[A:thread] Worker pinned host=1 client=40 -> cpu=40 (pid=260917)
[A:thread] Worker pinned host=1 client=41 -> cpu=41 (pid=260918)
[A:thread] Worker pinned host=1 client=42 -> cpu=42 (pid=260919)
[A:thread] Worker pinned host=1 client=43 -> cpu=43 (pid=260920)
[A:thread] Worker pinned host=1 client=44 -> cpu=44 (pid=260921)
[A:thread] Worker pinned host=1 client=45 -> cpu=45 (pid=260922)
[A:thread] Worker pinned host=1 client=46 -> cpu=46 (pid=260923)
[A:thread] Worker pinned host=1 client=47 -> cpu=47 (pid=260924)
[A:thread] Worker pinned host=1 client=48 -> cpu=48 (pid=260925)
[A:thread] Worker pinned host=1 client=49 -> cpu=49 (pid=260926)
[A:thread] Worker pinned host=1 client=50 -> cpu=50 (pid=260927)
[A:thread] Worker pinned host=1 client=51 -> cpu=51 (pid=260928)
[A:thread] Worker pinned host=1 client=52 -> cpu=52 (pid=260929)
[A:thread] Worker pinned host=1 client=53 -> cpu=53 (pid=260930)
[A:thread] Worker pinned host=1 client=54 -> cpu=54 (pid=260931)
[A:thread] Worker pinned host=1 client=55 -> cpu=55 (pid=260932)
[A:thread] Worker pinned host=1 client=56 -> cpu=56 (pid=260933)
[A:thread] Worker pinned host=1 client=57 -> cpu=57 (pid=260934)
[A:thread] Worker pinned host=1 client=59 -> cpu=59 (pid=260936)
[A:thread] Worker pinned host=1 client=58 -> cpu=58 (pid=260935)
[A:thread] Worker pinned host=1 client=60 -> cpu=60 (pid=260937)
[A:thread] Worker pinned host=1 client=61 -> cpu=61 (pid=260938)
[A:thread] Worker pinned host=1 client=0 -> cpu=0 (pid=260877)
[A:thread] Worker pinned host=1 client=62 -> cpu=62 (pid=260939)
[A:thread] Worker pinned host=1 client=63 -> cpu=63 (pid=260940)
[A:tls] worker host=1 client=44 entries=1024 (~1088 KiB)
[A:thread] WriteReceiver pid=260877 tid=139650004141760 pinned cpu=65 (host_id=1)
[A:thread] ReadReceiver pid=260877 tid=139649995749056 pinned cpu=67 (host_id=1)
[A:tls] worker host=1 client=47 entries=1024 (~1088 KiB)
[A:thread] WriteSender pid=260877 tid=139649978963648 pinned cpu=64 (host_id=1)
[A:sender] kind=0 policy=P0 K=16 T_us=100 host_id=1
[A:thread] InvalReceiver pid=260877 tid=139649987356352 pinned cpu=69 (host_id=1)
[A:thread] ReadSender pid=260877 tid=139649970570944 pinned cpu=66 (host_id=1)
[A:sender] kind=1 policy=P0 K=16 T_us=100 host_id=1
[A:tls] worker host=1 client=46 entries=1024 (~1088 KiB)
[A:thread] InvalSender pid=260877 tid=139649962178240 pinned cpu=68 (host_id=1)
[A:sender] kind=2 policy=P0 K=16 T_us=100 host_id=1
[A:tls] worker host=1 client=20 entries=1024 (~1088 KiB)
[A:tls] worker host=1 client=49 entries=1024 (~1088 KiB)
[A:tls] worker host=1 client=48 entries=1024 (~1088 KiB)
[A:tls] worker host=1 client=45 entries=1024 (~1088 KiB)
[A:tls] worker host=1 client=41 entries=1024 (~1088 KiB)
[A:tls] worker host=1 client=50 entries=1024 (~1088 KiB)
[A:tls] worker host=1 client=32 entries=1024 (~1088 KiB)
[A:tls] worker host=1 client=8 entries=1024 (~1088 KiB)
[A:tls] worker host=1 client=12 entries=1024 (~1088 KiB)
[A:tls] worker host=1 client=5 entries=1024 (~1088 KiB)
[A:tls] worker host=1 client=33 entries=1024 (~1088 KiB)
[A:tls] worker host=1 client=26 entries=1024 (~1088 KiB)
[A:tls] worker host=1 client=11 entries=1024 (~1088 KiB)
[A:tls] worker host=1 client=17 entries=1024 (~1088 KiB)
[A:tls] worker host=1 client=43 entries=1024 (~1088 KiB)
[A:tls] worker host=1 client=9 entries=1024 (~1088 KiB)
[A:tls] worker host=1 client=37 entries=1024 (~1088 KiB)
[A:tls] worker host=1 client=38 entries=1024 (~1088 KiB)
[A:tls] worker host=1 client=34 entries=1024 (~1088 KiB)
[A:tls] worker host=1 client=15 entries=1024 (~1088 KiB)
[A:tls] worker host=1 client=2 entries=1024 (~1088 KiB)
[A:tls] worker host=1 client=4 entries=1024 (~1088 KiB)
[A:tls] worker host=1 client=1 entries=1024 (~1088 KiB)
[A:tls] worker host=1 client=42 entries=1024 (~1088 KiB)
[A:tls] worker host=1 client=7 entries=1024 (~1088 KiB)
[A:tls] worker host=1 client=14 entries=1024 (~1088 KiB)
[A:tls] worker host=1 client=6 entries=1024 (~1088 KiB)
[A:tls] worker host=1 client=27 entries=1024 (~1088 KiB)
[A:tls] worker host=1 client=18 entries=1024 (~1088 KiB)
[A:tls] worker host=1 client=13 entries=1024 (~1088 KiB)
[A:tls] worker host=1 client=16 entries=1024 (~1088 KiB)
[A:tls] worker host=1 client=22 entries=1024 (~1088 KiB)
[A:tls] worker host=1 client=31 entries=1024 (~1088 KiB)
[A:tls] worker host=1 client=52 entries=1024 (~1088 KiB)
[A:tls] worker host=1 client=39 entries=1024 (~1088 KiB)
[A:tls] worker host=1 client=10 entries=1024 (~1088 KiB)
[A:tls] worker host=1 client=36 entries=1024 (~1088 KiB)
[A:tls] worker host=1 client=28 entries=1024 (~1088 KiB)
[A:tls] worker host=1 client=23 entries=1024 (~1088 KiB)
[A:tls] worker host=1 client=51 entries=1024 (~1088 KiB)
[A:tls] worker host=1 client=54 entries=1024 (~1088 KiB)
[A:tls] worker host=1 client=40 entries=1024 (~1088 KiB)
[A:tls] worker host=1 client=19 entries=1024 (~1088 KiB)
[A:tls] worker host=1 client=53 entries=1024 (~1088 KiB)
[A:tls] worker host=1 client=3 entries=1024 (~1088 KiB)
[A:tls] worker host=1 client=30 entries=1024 (~1088 KiB)
[A:tls] worker host=1 client=35 entries=1024 (~1088 KiB)
[A:tls] worker host=1 client=25 entries=1024 (~1088 KiB)
[A:tls] worker host=1 client=56 entries=1024 (~1088 KiB)
[A:tls] worker host=1 client=0 entries=1024 (~1088 KiB)
[A:tls] worker host=1 client=24 entries=1024 (~1088 KiB)
[A:tls] worker host=1 client=29 entries=1024 (~1088 KiB)
[A:tls] worker host=1 client=21 entries=1024 (~1088 KiB)
[A:tls] worker host=1 client=59 entries=1024 (~1088 KiB)
[A:tls] worker host=1 client=57 entries=1024 (~1088 KiB)
[A:tls] worker host=1 client=55 entries=1024 (~1088 KiB)
[A:tls] worker host=1 client=60 entries=1024 (~1088 KiB)
[A:tls] worker host=1 client=58 entries=1024 (~1088 KiB)
[A:tls] worker host=1 client=61 entries=1024 (~1088 KiB)
[A:tls] worker host=1 client=62 entries=1024 (~1088 KiB)
[A:tls] worker host=1 client=63 entries=1024 (~1088 KiB)
