[A:thread] Worker pinned host=1 client=1 -> cpu=1 (pid=264047)
[A:thread] Worker pinned host=1 client=2 -> cpu=2 (pid=264048)
[A:thread] Worker pinned host=1 client=3 -> cpu=3 (pid=264049)
[A:thread] Worker pinned host=1 client=4 -> cpu=4 (pid=264050)
[A:thread] Worker pinned host=1 client=5 -> cpu=5 (pid=264051)
[A:thread] Worker pinned host=1 client=0 -> cpu=0 (pid=264046)
[A:thread] Worker pinned host=1 client=6 -> cpu=6 (pid=264052)
[A:thread] Worker pinned host=1 client=7 -> cpu=7 (pid=264053)
[A:thread] WriteReceiver pid=264046 tid=140564161885888 pinned cpu=65 (host_id=1)
[A:thread] ReadReceiver pid=264046 tid=140564153493184 pinned cpu=67 (host_id=1)
[A:thread] InvalReceiver pid=264046 tid=140564145100480 pinned cpu=69 (host_id=1)
[A:thread] WriteSender pid=264046 tid=140564136707776 pinned cpu=64 (host_id=1)
[A:sender] kind=0 policy=P0 K=16 T_us=100 host_id=1
[A:thread] ReadSender pid=264046 tid=140564128315072 pinned cpu=66 (host_id=1)
[A:sender] kind=1 policy=P0 K=16 T_us=100 host_id=1
[A:tls] worker host=1 client=7 entries=1024 (~1088 KiB)
[A:tls] worker host=1 client=3 entries=1024 (~1088 KiB)
[A:tls] worker host=1 client=1 entries=1024 (~1088 KiB)
[A:tls] worker host=1 client=2 entries=1024 (~1088 KiB)
[A:tls] worker host=1 client=0 entries=1024 (~1088 KiB)
[A:tls] worker host=1 client=4 entries=1024 (~1088 KiB)
[A:tls] worker host=1 client=6 entries=1024 (~1088 KiB)
[A:tls] worker host=1 client=5 entries=1024 (~1088 KiB)
[A:thread] InvalSender pid=264046 tid=140564119922368 pinned cpu=68 (host_id=1)
[A:sender] kind=2 policy=P0 K=16 T_us=100 host_id=1
