[A:thread] Worker pinned host=0 client=1 -> cpu=1 (pid=261469)
[A:thread] Worker pinned host=0 client=2 -> cpu=2 (pid=261470)
[A:thread] Worker pinned host=0 client=3 -> cpu=3 (pid=261471)
[A:thread] Worker pinned host=0 client=4 -> cpu=4 (pid=261472)
[A:thread] Worker pinned host=0 client=5 -> cpu=5 (pid=261473)
[A:thread] Worker pinned host=0 client=0 -> cpu=0 (pid=261468)
[A:thread] Worker pinned host=0 client=6 -> cpu=6 (pid=261474)
[A:thread] Worker pinned host=0 client=7 -> cpu=7 (pid=261475)
[A:thread] WriteReceiver pid=261468 tid=140125561419456 pinned cpu=65 (host_id=0)
[A:thread] ReadReceiver pid=261468 tid=140125553026752 pinned cpu=67 (host_id=0)
[A:tls] worker host=0 client=1 entries=1024 (~1088 KiB)
[A:tls] worker host=0 client=2 entries=1024 (~1088 KiB)
[A:tls] worker host=0 client=3 entries=1024 (~1088 KiB)
[A:thread] InvalReceiver pid=261468 tid=140125544634048 pinned cpu=69 (host_id=0)
[A:thread] WriteSender pid=261468 tid=140125536241344 pinned cpu=64 (host_id=0)
[A:sender] kind=0 policy=P0 K=16 T_us=100 host_id=0
[A:thread] ReadSender pid=261468 tid=140125527848640 pinned cpu=66 (host_id=0)
[A:sender] kind=1 policy=P0 K=16 T_us=100 host_id=0
[A:tls] worker host=0 client=0 entries=1024 (~1088 KiB)
[A:thread] InvalSender pid=261468 tid=140125519455936 pinned cpu=68 (host_id=0)
[A:sender] kind=2 policy=P0 K=16 T_us=100 host_id=0
[A:tls] worker host=0 client=4 entries=1024 (~1088 KiB)
[A:tls] worker host=0 client=7 entries=1024 (~1088 KiB)
[A:tls] worker host=0 client=6 entries=1024 (~1088 KiB)
[A:tls] worker host=0 client=5 entries=1024 (~1088 KiB)
YCSB opt=A cache=1 num_hosts=2 threads=8 threads_eff=8 rep=6 load_ops=50000 load_thpt=236495 trans_ops=50000 trans_wall_max=0.013848 trans_agg_thpt=3610629 w_avg_ns=9042 w_p50_ns=6996 w_p99_ns=20042 r_avg_ns=3818 r_p50_ns=864 r_p99_ns=16345 first_op_ns_max=33820 first_op_ns_avg=15053 ops_to_first_ns_max=302073 ops_to_first_ns_avg=78994 # workloadf_optA_t8_cacheon_rep6
