[A:thread] Worker pinned host=0 client=1 -> cpu=1 (pid=258504)
[A:thread] Worker pinned host=0 client=2 -> cpu=2 (pid=258505)
[A:thread] Worker pinned host=0 client=3 -> cpu=3 (pid=258506)
[A:thread] Worker pinned host=0 client=4 -> cpu=4 (pid=258507)
[A:thread] Worker pinned host=0 client=5 -> cpu=5 (pid=258508)
[A:thread] Worker pinned host=0 client=6 -> cpu=6 (pid=258509)
[A:thread] Worker pinned host=0 client=7 -> cpu=7 (pid=258510)
[A:thread] Worker pinned host=0 client=8 -> cpu=8 (pid=258511)
[A:thread] Worker pinned host=0 client=9 -> cpu=9 (pid=258512)
[A:thread] Worker pinned host=0 client=10 -> cpu=10 (pid=258513)
[A:thread] Worker pinned host=0 client=11 -> cpu=11 (pid=258514)
[A:thread] Worker pinned host=0 client=12 -> cpu=12 (pid=258515)
[A:thread] Worker pinned host=0 client=13 -> cpu=13 (pid=258516)
[A:thread] Worker pinned host=0 client=14 -> cpu=14 (pid=258517)
[A:thread] Worker pinned host=0 client=15 -> cpu=15 (pid=258518)
[A:thread] Worker pinned host=0 client=16 -> cpu=16 (pid=258519)
[A:thread] Worker pinned host=0 client=17 -> cpu=17 (pid=258520)
[A:thread] Worker pinned host=0 client=19 -> cpu=19 (pid=258522)
[A:thread] Worker pinned host=0 client=18 -> cpu=18 (pid=258521)
[A:thread] Worker pinned host=0 client=20 -> cpu=20 (pid=258523)
[A:thread] Worker pinned host=0 client=21 -> cpu=21 (pid=258524)
[A:thread] Worker pinned host=0 client=22 -> cpu=22 (pid=258525)
[A:thread] Worker pinned host=0 client=23 -> cpu=23 (pid=258526)
[A:thread] Worker pinned host=0 client=24 -> cpu=24 (pid=258527)
[A:thread] Worker pinned host=0 client=25 -> cpu=25 (pid=258528)
[A:thread] Worker pinned host=0 client=26 -> cpu=26 (pid=258529)
[A:thread] Worker pinned host=0 client=27 -> cpu=27 (pid=258530)
[A:thread] Worker pinned host=0 client=28 -> cpu=28 (pid=258531)
[A:thread] Worker pinned host=0 client=29 -> cpu=29 (pid=258532)
[A:thread] Worker pinned host=0 client=30 -> cpu=30 (pid=258533)
[A:thread] Worker pinned host=0 client=31 -> cpu=31 (pid=258534)
[A:thread] Worker pinned host=0 client=32 -> cpu=32 (pid=258535)
[A:thread] Worker pinned host=0 client=33 -> cpu=33 (pid=258536)
[A:thread] Worker pinned host=0 client=34 -> cpu=34 (pid=258537)
[A:thread] Worker pinned host=0 client=35 -> cpu=35 (pid=258538)
[A:thread] Worker pinned host=0 client=37 -> cpu=37 (pid=258540)
[A:thread] Worker pinned host=0 client=36 -> cpu=36 (pid=258539)
[A:thread] Worker pinned host=0 client=38 -> cpu=38 (pid=258541)
[A:thread] Worker pinned host=0 client=39 -> cpu=39 (pid=258542)
[A:thread] Worker pinned host=0 client=40 -> cpu=40 (pid=258543)
[A:thread] Worker pinned host=0 client=41 -> cpu=41 (pid=258544)
[A:thread] Worker pinned host=0 client=42 -> cpu=42 (pid=258545)
[A:thread] Worker pinned host=0 client=43 -> cpu=43 (pid=258546)
[A:thread] Worker pinned host=0 client=44 -> cpu=44 (pid=258547)
[A:thread] Worker pinned host=0 client=45 -> cpu=45 (pid=258548)
[A:thread] Worker pinned host=0 client=46 -> cpu=46 (pid=258549)
[A:thread] Worker pinned host=0 client=47 -> cpu=47 (pid=258550)
[A:thread] Worker pinned host=0 client=48 -> cpu=48 (pid=258551)
[A:thread] Worker pinned host=0 client=49 -> cpu=49 (pid=258552)
[A:thread] Worker pinned host=0 client=50 -> cpu=50 (pid=258553)
[A:thread] Worker pinned host=0 client=51 -> cpu=51 (pid=258554)
[A:thread] Worker pinned host=0 client=52 -> cpu=52 (pid=258555)
[A:thread] Worker pinned host=0 client=53 -> cpu=53 (pid=258556)
[A:thread] Worker pinned host=0 client=54 -> cpu=54 (pid=258557)
[A:thread] Worker pinned host=0 client=55 -> cpu=55 (pid=258558)
[A:thread] Worker pinned host=0 client=56 -> cpu=56 (pid=258559)
[A:thread] Worker pinned host=0 client=57 -> cpu=57 (pid=258560)
[A:thread] Worker pinned host=0 client=58 -> cpu=58 (pid=258561)
[A:thread] Worker pinned host=0 client=59 -> cpu=59 (pid=258562)
[A:thread] Worker pinned host=0 client=60 -> cpu=60 (pid=258563)
[A:thread] Worker pinned host=0 client=61 -> cpu=61 (pid=258564)
[A:thread] Worker pinned host=0 client=62 -> cpu=62 (pid=258565)
[A:thread] Worker pinned host=0 client=0 -> cpu=0 (pid=258503)
[A:thread] Worker pinned host=0 client=63 -> cpu=63 (pid=258566)
[A:thread] WriteReceiver pid=258503 tid=139887744382656 pinned cpu=65 (host_id=0)
[A:thread] ReadReceiver pid=258503 tid=139887735989952 pinned cpu=67 (host_id=0)
[A:thread] InvalReceiver pid=258503 tid=139887727597248 pinned cpu=69 (host_id=0)
[A:tls] worker host=0 client=36 entries=1024 (~1088 KiB)
[A:tls] worker host=0 client=25 entries=1024 (~1088 KiB)
[A:tls] worker host=0 client=39 entries=1024 (~1088 KiB)
[A:tls] worker host=0 client=35 entries=1024 (~1088 KiB)
[A:tls] worker host=0 client=18 entries=1024 (~1088 KiB)
[A:tls] worker host=0 client=27 entries=1024 (~1088 KiB)
[A:tls] worker host=0 client=34 entries=1024 (~1088 KiB)
[A:tls] worker host=0 client=10 entries=1024 (~1088 KiB)
[A:tls] worker host=0 client=47 entries=1024 (~1088 KiB)
[A:tls] worker host=0 client=22 entries=1024 (~1088 KiB)
[A:tls] worker host=0 client=15 entries=1024 (~1088 KiB)
[A:tls] worker host=0 client=0 entries=1024 (~1088 KiB)
[A:tls] worker host=0 client=46 entries=1024 (~1088 KiB)
[A:tls] worker host=0 client=50 entries=1024 (~1088 KiB)
[A:tls] worker host=0 client=23 entries=1024 (~1088 KiB)
[A:tls] worker host=0 client=29 entries=1024 (~1088 KiB)
[A:tls] worker host=0 client=14 entries=1024 (~1088 KiB)
[A:tls] worker host=0 client=37 entries=1024 (~1088 KiB)
[A:tls] worker host=0 client=9 entries=1024 (~1088 KiB)
[A:tls] worker host=0 client=42 entries=1024 (~1088 KiB)
[A:tls] worker host=0 client=31 entries=1024 (~1088 KiB)
[A:tls] worker host=0 client=49 entries=1024 (~1088 KiB)
[A:tls] worker host=0 client=19 entries=1024 (~1088 KiB)
[A:tls] worker host=0 client=45 entries=1024 (~1088 KiB)
[A:tls] worker host=0 client=28 entries=1024 (~1088 KiB)
[A:tls] worker host=0 client=38 entries=1024 (~1088 KiB)
[A:tls] worker host=0 client=30 entries=1024 (~1088 KiB)
[A:tls] worker host=0 client=33 entries=1024 (~1088 KiB)
[A:tls] worker host=0 client=51 entries=1024 (~1088 KiB)
[A:tls] worker host=0 client=16 entries=1024 (~1088 KiB)
[A:tls] worker host=0 client=24 entries=1024 (~1088 KiB)
[A:tls] worker host=0 client=13 entries=1024 (~1088 KiB)
[A:tls] worker host=0 client=1 entries=1024 (~1088 KiB)
[A:tls] worker host=0 client=26 entries=1024 (~1088 KiB)
[A:tls] worker host=0 client=44 entries=1024 (~1088 KiB)
[A:tls] worker host=0 client=48 entries=1024 (~1088 KiB)
[A:tls] worker host=0 client=21 entries=1024 (~1088 KiB)
[A:tls] worker host=0 client=11 entries=1024 (~1088 KiB)
[A:tls] worker host=0 client=20 entries=1024 (~1088 KiB)
[A:tls] worker host=0 client=40 entries=1024 (~1088 KiB)
[A:tls] worker host=0 client=12 entries=1024 (~1088 KiB)
[A:tls] worker host=0 client=43 entries=1024 (~1088 KiB)
[A:tls] worker host=0 client=32 entries=1024 (~1088 KiB)
[A:tls] worker host=0 client=41 entries=1024 (~1088 KiB)
[A:thread] ReadSender pid=258503 tid=139887710811840 pinned cpu=66 (host_id=0)
[A:tls] worker host=0 client=5 entries=1024 (~1088 KiB)
[A:tls] worker host=0 client=53 entries=1024 (~1088 KiB)
[A:thread] WriteSender pid=258503 tid=139887719204544 pinned cpu=64 (host_id=0)
[A:sender] kind=0 policy=P0 K=16 T_us=100 host_id=0
[A:tls] worker host=0 client=7 entries=1024 (~1088 KiB)
[A:thread] InvalSender pid=258503 tid=139887702419136 pinned cpu=68 (host_id=0)
[A:tls] worker host=0 client=17 entries=1024 (~1088 KiB)
[A:tls] worker host=0 client=8 entries=1024 (~1088 KiB)
[A:sender] kind=2 policy=P0 K=16 T_us=100 host_id=0
[A:tls] worker host=0 client=6 entries=1024 (~1088 KiB)
[A:tls] worker host=0 client=2 entries=1024 (~1088 KiB)
[A:tls] worker host=0 client=4 entries=1024 (~1088 KiB)
[A:tls] worker host=0 client=54 entries=1024 (~1088 KiB)
[A:sender] kind=1 policy=P0 K=16 T_us=100 host_id=0
[A:tls] worker host=0 client=52 entries=1024 (~1088 KiB)
[A:tls] worker host=0 client=3 entries=1024 (~1088 KiB)
[A:tls] worker host=0 client=55 entries=1024 (~1088 KiB)
[A:tls] worker host=0 client=59 entries=1024 (~1088 KiB)
[A:tls] worker host=0 client=60 entries=1024 (~1088 KiB)
[A:tls] worker host=0 client=56 entries=1024 (~1088 KiB)
[A:tls] worker host=0 client=57 entries=1024 (~1088 KiB)
[A:tls] worker host=0 client=58 entries=1024 (~1088 KiB)
[A:tls] worker host=0 client=61 entries=1024 (~1088 KiB)
[A:tls] worker host=0 client=62 entries=1024 (~1088 KiB)
[A:tls] worker host=0 client=63 entries=1024 (~1088 KiB)
YCSB opt=A cache=1 num_hosts=2 threads=64 threads_eff=64 rep=2 load_ops=50000 load_thpt=134764 trans_ops=50000 trans_wall_max=0.004670 trans_agg_thpt=10704345 w_avg_ns=24535 w_p50_ns=20974 w_p99_ns=138445 r_avg_ns=10114 r_p50_ns=10763 r_p99_ns=35003 first_op_ns_max=63826 first_op_ns_avg=24611 ops_to_first_ns_max=190741 ops_to_first_ns_avg=52422 # workloadb_optA_t64_cacheon_rep2
