[A:thread] Worker pinned host=1 client=1 -> cpu=1 (pid=264524)
[A:thread] Worker pinned host=1 client=2 -> cpu=2 (pid=264525)
[A:thread] Worker pinned host=1 client=3 -> cpu=3 (pid=264526)
[A:thread] Worker pinned host=1 client=4 -> cpu=4 (pid=264527)
[A:thread] Worker pinned host=1 client=5 -> cpu=5 (pid=264528)
[A:thread] Worker pinned host=1 client=0 -> cpu=0 (pid=264523)
[A:thread] Worker pinned host=1 client=6 -> cpu=6 (pid=264529)
[A:thread] Worker pinned host=1 client=7 -> cpu=7 (pid=264530)
[A:thread] WriteReceiver pid=264523 tid=140496935581376 pinned cpu=65 (host_id=1)
[A:thread] ReadReceiver pid=264523 tid=140496927188672 pinned cpu=67 (host_id=1)
[A:tls] worker host=1 client=1 entries=1024 (~1088 KiB)
[A:tls] worker host=1 client=2 entries=1024 (~1088 KiB)
[A:tls] worker host=1 client=3 entries=1024 (~1088 KiB)
[A:tls] worker host=1 client=4 entries=1024 (~1088 KiB)
[A:tls] worker host=1 client=0 entries=1024 (~1088 KiB)
[A:tls] worker host=1 client=5 entries=1024 (~1088 KiB)
[A:tls] worker host=1 client=6 entries=1024 (~1088 KiB)
[A:tls] worker host=1 client=7 entries=1024 (~1088 KiB)
[A:thread] InvalReceiver pid=264523 tid=140496918795968 pinned cpu=69 (host_id=1)
[A:thread] WriteSender pid=264523 tid=140496910403264 pinned cpu=64 (host_id=1)
[A:sender] kind=0 policy=P0 K=16 T_us=100 host_id=1
[A:thread] InvalSender pid=264523 tid=140496893617856 pinned cpu=68 (host_id=1)
[A:sender] kind=2 policy=P0 K=16 T_us=100 host_id=1
[A:thread] ReadSender pid=264523 tid=140496902010560 pinned cpu=66 (host_id=1)
[A:sender] kind=1 policy=P0 K=16 T_us=100 host_id=1
