[A:thread] Worker pinned host=0 client=1 -> cpu=1 (pid=260192)
[A:thread] Worker pinned host=0 client=2 -> cpu=2 (pid=260193)
[A:thread] Worker pinned host=0 client=3 -> cpu=3 (pid=260194)
[A:thread] Worker pinned host=0 client=4 -> cpu=4 (pid=260195)
[A:thread] Worker pinned host=0 client=5 -> cpu=5 (pid=260196)
[A:thread] Worker pinned host=0 client=6 -> cpu=6 (pid=260197)
[A:thread] Worker pinned host=0 client=7 -> cpu=7 (pid=260198)
[A:thread] Worker pinned host=0 client=8 -> cpu=8 (pid=260199)
[A:thread] Worker pinned host=0 client=9 -> cpu=9 (pid=260200)
[A:thread] Worker pinned host=0 client=10 -> cpu=10 (pid=260201)
[A:thread] Worker pinned host=0 client=11 -> cpu=11 (pid=260202)
[A:thread] Worker pinned host=0 client=12 -> cpu=12 (pid=260203)
[A:thread] Worker pinned host=0 client=13 -> cpu=13 (pid=260204)
[A:thread] Worker pinned host=0 client=14 -> cpu=14 (pid=260205)
[A:thread] Worker pinned host=0 client=15 -> cpu=15 (pid=260206)
[A:thread] Worker pinned host=0 client=16 -> cpu=16 (pid=260207)
[A:thread] Worker pinned host=0 client=17 -> cpu=17 (pid=260208)
[A:thread] Worker pinned host=0 client=18 -> cpu=18 (pid=260209)
[A:thread] Worker pinned host=0 client=19 -> cpu=19 (pid=260210)
[A:thread] Worker pinned host=0 client=20 -> cpu=20 (pid=260211)
[A:thread] Worker pinned host=0 client=21 -> cpu=21 (pid=260212)
[A:thread] Worker pinned host=0 client=22 -> cpu=22 (pid=260213)
[A:thread] Worker pinned host=0 client=23 -> cpu=23 (pid=260214)
[A:thread] Worker pinned host=0 client=24 -> cpu=24 (pid=260215)
[A:thread] Worker pinned host=0 client=25 -> cpu=25 (pid=260216)
[A:thread] Worker pinned host=0 client=26 -> cpu=26 (pid=260217)
[A:thread] Worker pinned host=0 client=27 -> cpu=27 (pid=260218)
[A:thread] Worker pinned host=0 client=28 -> cpu=28 (pid=260219)
[A:thread] Worker pinned host=0 client=29 -> cpu=29 (pid=260220)
[A:thread] Worker pinned host=0 client=30 -> cpu=30 (pid=260221)
[A:thread] Worker pinned host=0 client=31 -> cpu=31 (pid=260222)
[A:thread] Worker pinned host=0 client=32 -> cpu=32 (pid=260223)
[A:thread] Worker pinned host=0 client=33 -> cpu=33 (pid=260224)
[A:thread] Worker pinned host=0 client=34 -> cpu=34 (pid=260225)
[A:thread] Worker pinned host=0 client=35 -> cpu=35 (pid=260226)
[A:thread] Worker pinned host=0 client=36 -> cpu=36 (pid=260227)
[A:thread] Worker pinned host=0 client=37 -> cpu=37 (pid=260228)
[A:thread] Worker pinned host=0 client=38 -> cpu=38 (pid=260229)
[A:thread] Worker pinned host=0 client=39 -> cpu=39 (pid=260230)
[A:thread] Worker pinned host=0 client=40 -> cpu=40 (pid=260231)
[A:thread] Worker pinned host=0 client=41 -> cpu=41 (pid=260232)
[A:thread] Worker pinned host=0 client=42 -> cpu=42 (pid=260233)
[A:thread] Worker pinned host=0 client=43 -> cpu=43 (pid=260234)
[A:thread] Worker pinned host=0 client=44 -> cpu=44 (pid=260235)
[A:thread] Worker pinned host=0 client=45 -> cpu=45 (pid=260236)
[A:thread] Worker pinned host=0 client=46 -> cpu=46 (pid=260237)
[A:thread] Worker pinned host=0 client=47 -> cpu=47 (pid=260238)
[A:thread] Worker pinned host=0 client=48 -> cpu=48 (pid=260239)
[A:thread] Worker pinned host=0 client=49 -> cpu=49 (pid=260240)
[A:thread] Worker pinned host=0 client=50 -> cpu=50 (pid=260241)
[A:thread] Worker pinned host=0 client=51 -> cpu=51 (pid=260242)
[A:thread] Worker pinned host=0 client=52 -> cpu=52 (pid=260243)
[A:thread] Worker pinned host=0 client=53 -> cpu=53 (pid=260244)
[A:thread] Worker pinned host=0 client=54 -> cpu=54 (pid=260245)
[A:thread] Worker pinned host=0 client=55 -> cpu=55 (pid=260246)
[A:thread] Worker pinned host=0 client=56 -> cpu=56 (pid=260247)
[A:thread] Worker pinned host=0 client=57 -> cpu=57 (pid=260248)
[A:thread] Worker pinned host=0 client=58 -> cpu=58 (pid=260249)
[A:thread] Worker pinned host=0 client=59 -> cpu=59 (pid=260250)
[A:thread] Worker pinned host=0 client=60 -> cpu=60 (pid=260251)
[A:thread] Worker pinned host=0 client=61 -> cpu=61 (pid=260252)
[A:thread] Worker pinned host=0 client=62 -> cpu=62 (pid=260253)
[A:thread] Worker pinned host=0 client=0 -> cpu=0 (pid=260191)
[A:thread] Worker pinned host=0 client=63 -> cpu=63 (pid=260254)
[A:thread] WriteReceiver pid=260191 tid=139743732954816 pinned cpu=65 (host_id=0)
[A:thread] ReadReceiver pid=260191 tid=139743724562112 pinned cpu=67 (host_id=0)
[A:tls] worker host=0 client=43 entries=1024 (~1088 KiB)
[A:tls] worker host=0 client=33 entries=1024 (~1088 KiB)
[A:tls] worker host=0 client=38 entries=1024 (~1088 KiB)
[A:tls] worker host=0 client=20 entries=1024 (~1088 KiB)
[A:tls] worker host=0 client=42 entries=1024 (~1088 KiB)
[A:thread] InvalReceiver pid=260191 tid=139743716169408 pinned cpu=69 (host_id=0)
[A:tls] worker host=0 client=23 entries=1024 (~1088 KiB)
[A:tls] worker host=0 client=49 entries=1024 (~1088 KiB)
[A:thread] WriteSender pid=260191 tid=139743707776704 pinned cpu=64 (host_id=0)
[A:sender] kind=0 policy=P0 K=16 T_us=100 host_id=0
[A:tls] worker host=0 client=30 entries=1024 (~1088 KiB)
[A:thread] ReadSender pid=260191 tid=139743699384000 pinned cpu=66 (host_id=0)
[A:sender] kind=1 policy=P0 K=16 T_us=100 host_id=0
[A:thread] InvalSender pid=260191 tid=139743690991296 pinned cpu=68 (host_id=0)
[A:tls] worker host=0 client=32 entries=1024 (~1088 KiB)
[A:sender] kind=2 policy=P0 K=16 T_us=100 host_id=0
[A:tls] worker host=0 client=40 entries=1024 (~1088 KiB)
[A:tls] worker host=0 client=6 entries=1024 (~1088 KiB)
[A:tls] worker host=0 client=14 entries=1024 (~1088 KiB)
[A:tls] worker host=0 client=46 entries=1024 (~1088 KiB)
[A:tls] worker host=0 client=54 entries=1024 (~1088 KiB)
[A:tls] worker host=0 client=31 entries=1024 (~1088 KiB)
[A:tls] worker host=0 client=24 entries=1024 (~1088 KiB)
[A:tls] worker host=0 client=53 entries=1024 (~1088 KiB)
[A:tls] worker host=0 client=29 entries=1024 (~1088 KiB)
[A:tls] worker host=0 client=16 entries=1024 (~1088 KiB)
[A:tls] worker host=0 client=19 entries=1024 (~1088 KiB)
[A:tls] worker host=0 client=39 entries=1024 (~1088 KiB)
[A:tls] worker host=0 client=28 entries=1024 (~1088 KiB)
[A:tls] worker host=0 client=44 entries=1024 (~1088 KiB)
[A:tls] worker host=0 client=13 entries=1024 (~1088 KiB)
[A:tls] worker host=0 client=15 entries=1024 (~1088 KiB)
[A:tls] worker host=0 client=47 entries=1024 (~1088 KiB)
[A:tls] worker host=0 client=18 entries=1024 (~1088 KiB)
[A:tls] worker host=0 client=26 entries=1024 (~1088 KiB)
[A:tls] worker host=0 client=9 entries=1024 (~1088 KiB)
[A:tls] worker host=0 client=17 entries=1024 (~1088 KiB)
[A:tls] worker host=0 client=12 entries=1024 (~1088 KiB)
[A:tls] worker host=0 client=37 entries=1024 (~1088 KiB)
[A:tls] worker host=0 client=36 entries=1024 (~1088 KiB)
[A:tls] worker host=0 client=10 entries=1024 (~1088 KiB)
[A:tls] worker host=0 client=50 entries=1024 (~1088 KiB)
[A:tls] worker host=0 client=8 entries=1024 (~1088 KiB)
[A:tls] worker host=0 client=45 entries=1024 (~1088 KiB)
[A:tls] worker host=0 client=1 entries=1024 (~1088 KiB)
[A:tls] worker host=0 client=2 entries=1024 (~1088 KiB)
[A:tls] worker host=0 client=11 entries=1024 (~1088 KiB)
[A:tls] worker host=0 client=59 entries=1024 (~1088 KiB)
[A:tls] worker host=0 client=5 entries=1024 (~1088 KiB)
[A:tls] worker host=0 client=3 entries=1024 (~1088 KiB)
[A:tls] worker host=0 client=27 entries=1024 (~1088 KiB)
[A:tls] worker host=0 client=48 entries=1024 (~1088 KiB)
[A:tls] worker host=0 client=58 entries=1024 (~1088 KiB)
[A:tls] worker host=0 client=4 entries=1024 (~1088 KiB)
[A:tls] worker host=0 client=21 entries=1024 (~1088 KiB)
[A:tls] worker host=0 client=35 entries=1024 (~1088 KiB)
[A:tls] worker host=0 client=22 entries=1024 (~1088 KiB)
[A:tls] worker host=0 client=34 entries=1024 (~1088 KiB)
[A:tls] worker host=0 client=51 entries=1024 (~1088 KiB)
[A:tls] worker host=0 client=25 entries=1024 (~1088 KiB)
[A:tls] worker host=0 client=7 entries=1024 (~1088 KiB)
[A:tls] worker host=0 client=52 entries=1024 (~1088 KiB)
[A:tls] worker host=0 client=56 entries=1024 (~1088 KiB)
[A:tls] worker host=0 client=57 entries=1024 (~1088 KiB)
[A:tls] worker host=0 client=0 entries=1024 (~1088 KiB)
[A:tls] worker host=0 client=55 entries=1024 (~1088 KiB)
[A:tls] worker host=0 client=41 entries=1024 (~1088 KiB)
[A:tls] worker host=0 client=60 entries=1024 (~1088 KiB)
[A:tls] worker host=0 client=61 entries=1024 (~1088 KiB)
[A:tls] worker host=0 client=63 entries=1024 (~1088 KiB)
[A:tls] worker host=0 client=62 entries=1024 (~1088 KiB)
YCSB opt=A cache=1 num_hosts=2 threads=64 threads_eff=64 rep=19 load_ops=50000 load_thpt=143884 trans_ops=50000 trans_wall_max=0.004304 trans_agg_thpt=11614401 w_avg_ns=21291 w_p50_ns=5293 w_p99_ns=37738 r_avg_ns=8652 r_p50_ns=9780 r_p99_ns=32868 first_op_ns_max=46572 first_op_ns_avg=18688 ops_to_first_ns_max=1201130 ops_to_first_ns_avg=176303 # workloadb_optA_t64_cacheon_rep19
