[A:thread] Worker pinned host=1 client=1 -> cpu=1 (pid=264209)
[A:thread] Worker pinned host=1 client=2 -> cpu=2 (pid=264210)
[A:thread] Worker pinned host=1 client=3 -> cpu=3 (pid=264211)
[A:thread] Worker pinned host=1 client=4 -> cpu=4 (pid=264212)
[A:thread] Worker pinned host=1 client=5 -> cpu=5 (pid=264213)
[A:thread] Worker pinned host=1 client=0 -> cpu=0 (pid=264208)
[A:thread] Worker pinned host=1 client=6 -> cpu=6 (pid=264214)
[A:thread] Worker pinned host=1 client=7 -> cpu=7 (pid=264215)
[A:thread] WriteReceiver pid=264208 tid=139849169368768 pinned cpu=65 (host_id=1)
[A:tls] worker host=1 client=1 entries=1024 (~1088 KiB)
[A:tls] worker host=1 client=2 entries=1024 (~1088 KiB)
[A:tls] worker host=1 client=3 entries=1024 (~1088 KiB)
[A:tls] worker host=1 client=4 entries=1024 (~1088 KiB)
[A:tls] worker host=1 client=5 entries=1024 (~1088 KiB)
[A:tls] worker host=1 client=0 entries=1024 (~1088 KiB)
[A:tls] worker host=1 client=6 entries=1024 (~1088 KiB)
[A:tls] worker host=1 client=7 entries=1024 (~1088 KiB)
[A:thread] ReadReceiver pid=264208 tid=139849160976064 pinned cpu=67 (host_id=1)
[A:thread] WriteSender pid=264208 tid=139849144190656 pinned cpu=64 (host_id=1)
[A:sender] kind=0 policy=P0 K=16 T_us=100 host_id=1
[A:thread] InvalReceiver pid=264208 tid=139849152583360 pinned cpu=69 (host_id=1)
[A:thread] InvalSender pid=264208 tid=139849127405248 pinned cpu=68 (host_id=1)
[A:sender] kind=2 policy=P0 K=16 T_us=100 host_id=1
[A:thread] ReadSender pid=264208 tid=139849135797952 pinned cpu=66 (host_id=1)
[A:sender] kind=1 policy=P0 K=16 T_us=100 host_id=1
