[A:thread] Worker pinned host=0 client=1 -> cpu=1 (pid=258118)
[A:thread] Worker pinned host=0 client=2 -> cpu=2 (pid=258119)
[A:thread] Worker pinned host=0 client=3 -> cpu=3 (pid=258120)
[A:thread] Worker pinned host=0 client=4 -> cpu=4 (pid=258121)
[A:thread] Worker pinned host=0 client=5 -> cpu=5 (pid=258122)
[A:thread] Worker pinned host=0 client=6 -> cpu=6 (pid=258123)
[A:thread] Worker pinned host=0 client=7 -> cpu=7 (pid=258124)
[A:thread] Worker pinned host=0 client=8 -> cpu=8 (pid=258125)
[A:thread] Worker pinned host=0 client=9 -> cpu=9 (pid=258126)
[A:thread] Worker pinned host=0 client=10 -> cpu=10 (pid=258127)
[A:thread] Worker pinned host=0 client=11 -> cpu=11 (pid=258128)
[A:thread] Worker pinned host=0 client=12 -> cpu=12 (pid=258129)
[A:thread] Worker pinned host=0 client=13 -> cpu=13 (pid=258130)
[A:thread] Worker pinned host=0 client=14 -> cpu=14 (pid=258131)
[A:thread] Worker pinned host=0 client=15 -> cpu=15 (pid=258132)
[A:thread] Worker pinned host=0 client=16 -> cpu=16 (pid=258133)
[A:thread] Worker pinned host=0 client=17 -> cpu=17 (pid=258134)
[A:thread] Worker pinned host=0 client=18 -> cpu=18 (pid=258135)
[A:thread] Worker pinned host=0 client=19 -> cpu=19 (pid=258136)
[A:thread] Worker pinned host=0 client=20 -> cpu=20 (pid=258137)
[A:thread] Worker pinned host=0 client=21 -> cpu=21 (pid=258138)
[A:thread] Worker pinned host=0 client=22 -> cpu=22 (pid=258139)
[A:thread] Worker pinned host=0 client=23 -> cpu=23 (pid=258140)
[A:thread] Worker pinned host=0 client=24 -> cpu=24 (pid=258141)
[A:thread] Worker pinned host=0 client=25 -> cpu=25 (pid=258142)
[A:thread] Worker pinned host=0 client=26 -> cpu=26 (pid=258143)
[A:thread] Worker pinned host=0 client=27 -> cpu=27 (pid=258144)
[A:thread] Worker pinned host=0 client=28 -> cpu=28 (pid=258145)
[A:thread] Worker pinned host=0 client=29 -> cpu=29 (pid=258146)
[A:thread] Worker pinned host=0 client=30 -> cpu=30 (pid=258147)
[A:thread] Worker pinned host=0 client=31 -> cpu=31 (pid=258148)
[A:thread] Worker pinned host=0 client=32 -> cpu=32 (pid=258149)
[A:thread] Worker pinned host=0 client=33 -> cpu=33 (pid=258150)
[A:thread] Worker pinned host=0 client=34 -> cpu=34 (pid=258151)
[A:thread] Worker pinned host=0 client=35 -> cpu=35 (pid=258152)
[A:thread] Worker pinned host=0 client=36 -> cpu=36 (pid=258153)
[A:thread] Worker pinned host=0 client=37 -> cpu=37 (pid=258154)
[A:thread] Worker pinned host=0 client=38 -> cpu=38 (pid=258155)
[A:thread] Worker pinned host=0 client=39 -> cpu=39 (pid=258156)
[A:thread] Worker pinned host=0 client=40 -> cpu=40 (pid=258157)
[A:thread] Worker pinned host=0 client=41 -> cpu=41 (pid=258158)
[A:thread] Worker pinned host=0 client=42 -> cpu=42 (pid=258159)
[A:thread] Worker pinned host=0 client=43 -> cpu=43 (pid=258160)
[A:thread] Worker pinned host=0 client=44 -> cpu=44 (pid=258161)
[A:thread] Worker pinned host=0 client=45 -> cpu=45 (pid=258162)
[A:thread] Worker pinned host=0 client=46 -> cpu=46 (pid=258163)
[A:thread] Worker pinned host=0 client=47 -> cpu=47 (pid=258164)
[A:thread] Worker pinned host=0 client=48 -> cpu=48 (pid=258165)
[A:thread] Worker pinned host=0 client=49 -> cpu=49 (pid=258166)
[A:thread] Worker pinned host=0 client=50 -> cpu=50 (pid=258167)
[A:thread] Worker pinned host=0 client=51 -> cpu=51 (pid=258168)
[A:thread] Worker pinned host=0 client=52 -> cpu=52 (pid=258169)
[A:thread] Worker pinned host=0 client=53 -> cpu=53 (pid=258170)
[A:thread] Worker pinned host=0 client=54 -> cpu=54 (pid=258171)
[A:thread] Worker pinned host=0 client=55 -> cpu=55 (pid=258172)
[A:thread] Worker pinned host=0 client=56 -> cpu=56 (pid=258173)
[A:thread] Worker pinned host=0 client=57 -> cpu=57 (pid=258174)
[A:thread] Worker pinned host=0 client=58 -> cpu=58 (pid=258175)
[A:thread] Worker pinned host=0 client=59 -> cpu=59 (pid=258176)
[A:thread] Worker pinned host=0 client=60 -> cpu=60 (pid=258177)
[A:thread] Worker pinned host=0 client=61 -> cpu=61 (pid=258178)
[A:thread] Worker pinned host=0 client=0 -> cpu=0 (pid=258117)
[A:thread] Worker pinned host=0 client=62 -> cpu=62 (pid=258179)
[A:thread] Worker pinned host=0 client=63 -> cpu=63 (pid=258180)
[A:thread] WriteReceiver pid=258117 tid=139659779155648 pinned cpu=65 (host_id=0)
[A:thread] ReadReceiver pid=258117 tid=139659770762944 pinned cpu=67 (host_id=0)
[A:thread] InvalReceiver pid=258117 tid=139659627722432 pinned cpu=69 (host_id=0)
[A:thread] WriteSender pid=258117 tid=139659762370240 pinned cpu=64 (host_id=0)
[A:sender] kind=0 policy=P0 K=16 T_us=100 host_id=0
[A:thread] ReadSender pid=258117 tid=139659753977536 pinned cpu=66 (host_id=0)
[A:sender] kind=1 policy=P0 K=16 T_us=100 host_id=0
[A:thread] InvalSender pid=258117 tid=139659745584832 pinned cpu=68 (host_id=0)
[A:sender] kind=2 policy=P0 K=16 T_us=100 host_id=0
[A:tls] worker host=0 client=49 entries=1024 (~1088 KiB)
[A:tls] worker host=0 client=41 entries=1024 (~1088 KiB)
[A:tls] worker host=0 client=25 entries=1024 (~1088 KiB)
[A:tls] worker host=0 client=24 entries=1024 (~1088 KiB)
[A:tls] worker host=0 client=48 entries=1024 (~1088 KiB)
[A:tls] worker host=0 client=30 entries=1024 (~1088 KiB)
[A:tls] worker host=0 client=34 entries=1024 (~1088 KiB)
[A:tls] worker host=0 client=39 entries=1024 (~1088 KiB)
[A:tls] worker host=0 client=0 entries=1024 (~1088 KiB)
[A:tls] worker host=0 client=27 entries=1024 (~1088 KiB)
[A:tls] worker host=0 client=13 entries=1024 (~1088 KiB)
[A:tls] worker host=0 client=7 entries=1024 (~1088 KiB)
[A:tls] worker host=0 client=42 entries=1024 (~1088 KiB)
[A:tls] worker host=0 client=53 entries=1024 (~1088 KiB)
[A:tls] worker host=0 client=50 entries=1024 (~1088 KiB)
[A:tls] worker host=0 client=52 entries=1024 (~1088 KiB)
[A:tls] worker host=0 client=6 entries=1024 (~1088 KiB)
[A:tls] worker host=0 client=22 entries=1024 (~1088 KiB)
[A:tls] worker host=0 client=35 entries=1024 (~1088 KiB)
[A:tls] worker host=0 client=38 entries=1024 (~1088 KiB)
[A:tls] worker host=0 client=2 entries=1024 (~1088 KiB)
[A:tls] worker host=0 client=51 entries=1024 (~1088 KiB)
[A:tls] worker host=0 client=3 entries=1024 (~1088 KiB)
[A:tls] worker host=0 client=32 entries=1024 (~1088 KiB)
[A:tls] worker host=0 client=36 entries=1024 (~1088 KiB)
[A:tls] worker host=0 client=20 entries=1024 (~1088 KiB)
[A:tls] worker host=0 client=54 entries=1024 (~1088 KiB)
[A:tls] worker host=0 client=4 entries=1024 (~1088 KiB)
[A:tls] worker host=0 client=43 entries=1024 (~1088 KiB)
[A:tls] worker host=0 client=1 entries=1024 (~1088 KiB)
[A:tls] worker host=0 client=5 entries=1024 (~1088 KiB)
[A:tls] worker host=0 client=44 entries=1024 (~1088 KiB)
[A:tls] worker host=0 client=40 entries=1024 (~1088 KiB)
[A:tls] worker host=0 client=45 entries=1024 (~1088 KiB)
[A:tls] worker host=0 client=57 entries=1024 (~1088 KiB)
[A:tls] worker host=0 client=46 entries=1024 (~1088 KiB)
[A:tls] worker host=0 client=47 entries=1024 (~1088 KiB)
[A:tls] worker host=0 client=37 entries=1024 (~1088 KiB)
[A:tls] worker host=0 client=23 entries=1024 (~1088 KiB)
[A:tls] worker host=0 client=28 entries=1024 (~1088 KiB)
[A:tls] worker host=0 client=10 entries=1024 (~1088 KiB)
[A:tls] worker host=0 client=8 entries=1024 (~1088 KiB)
[A:tls] worker host=0 client=31 entries=1024 (~1088 KiB)
[A:tls] worker host=0 client=18 entries=1024 (~1088 KiB)
[A:tls] worker host=0 client=55 entries=1024 (~1088 KiB)
[A:tls] worker host=0 client=14 entries=1024 (~1088 KiB)
[A:tls] worker host=0 client=11 entries=1024 (~1088 KiB)
[A:tls] worker host=0 client=33 entries=1024 (~1088 KiB)
[A:tls] worker host=0 client=56 entries=1024 (~1088 KiB)
[A:tls] worker host=0 client=9 entries=1024 (~1088 KiB)
[A:tls] worker host=0 client=29 entries=1024 (~1088 KiB)
[A:tls] worker host=0 client=16 entries=1024 (~1088 KiB)
[A:tls] worker host=0 client=26 entries=1024 (~1088 KiB)
[A:tls] worker host=0 client=21 entries=1024 (~1088 KiB)
[A:tls] worker host=0 client=17 entries=1024 (~1088 KiB)
[A:tls] worker host=0 client=12 entries=1024 (~1088 KiB)
[A:tls] worker host=0 client=19 entries=1024 (~1088 KiB)
[A:tls] worker host=0 client=15 entries=1024 (~1088 KiB)
[A:tls] worker host=0 client=58 entries=1024 (~1088 KiB)
[A:tls] worker host=0 client=59 entries=1024 (~1088 KiB)
[A:tls] worker host=0 client=60 entries=1024 (~1088 KiB)
[A:tls] worker host=0 client=61 entries=1024 (~1088 KiB)
[A:tls] worker host=0 client=62 entries=1024 (~1088 KiB)
[A:tls] worker host=0 client=63 entries=1024 (~1088 KiB)
YCSB opt=A cache=1 num_hosts=2 threads=64 threads_eff=64 rep=18 load_ops=50000 load_thpt=104555 trans_ops=50000 trans_wall_max=0.926887 trans_agg_thpt=53944 w_avg_ns=17624 w_p50_ns=17816 w_p99_ns=73305 r_avg_ns=10807 r_p50_ns=11060 r_p99_ns=41977 first_op_ns_max=229927 first_op_ns_avg=34075 ops_to_first_ns_max=313646 ops_to_first_ns_avg=58512 # workloada_optA_t64_cacheon_rep18
