[A:thread] Worker pinned host=1 client=1 -> cpu=1 (pid=264419)
[A:thread] Worker pinned host=1 client=2 -> cpu=2 (pid=264420)
[A:thread] Worker pinned host=1 client=3 -> cpu=3 (pid=264421)
[A:thread] Worker pinned host=1 client=4 -> cpu=4 (pid=264422)
[A:thread] Worker pinned host=1 client=5 -> cpu=5 (pid=264423)
[A:thread] Worker pinned host=1 client=0 -> cpu=0 (pid=264395)
[A:thread] Worker pinned host=1 client=6 -> cpu=6 (pid=264424)
[A:thread] Worker pinned host=1 client=7 -> cpu=7 (pid=264425)
[A:thread] WriteReceiver pid=264395 tid=140145358534336 pinned cpu=65 (host_id=1)
[A:thread] ReadReceiver pid=264395 tid=140145350141632 pinned cpu=67 (host_id=1)
[A:thread] InvalReceiver pid=264395 tid=140145341748928 pinned cpu=69 (host_id=1)
[A:thread] WriteSender pid=264395 tid=140145333356224 pinned cpu=64 (host_id=1)
[A:sender] kind=0 policy=P0 K=16 T_us=100 host_id=1
[A:thread] ReadSender pid=264395 tid=140145324963520 pinned cpu=66 (host_id=1)
[A:sender] kind=1 policy=P0 K=16 T_us=100 host_id=1
[A:tls] worker host=1 client=1 entries=1024 (~1088 KiB)
[A:tls] worker host=1 client=2 entries=1024 (~1088 KiB)
[A:tls] worker host=1 client=4 entries=1024 (~1088 KiB)
[A:tls] worker host=1 client=3 entries=1024 (~1088 KiB)
[A:tls] worker host=1 client=5 entries=1024 (~1088 KiB)
[A:tls] worker host=1 client=6 entries=1024 (~1088 KiB)
[A:tls] worker host=1 client=0 entries=1024 (~1088 KiB)
[A:tls] worker host=1 client=7 entries=1024 (~1088 KiB)
[A:thread] InvalSender pid=264395 tid=140145316570816 pinned cpu=68 (host_id=1)
[A:sender] kind=2 policy=P0 K=16 T_us=100 host_id=1
