[A:thread] Worker pinned host=1 client=1 -> cpu=1 (pid=264643)
[A:thread] Worker pinned host=1 client=2 -> cpu=2 (pid=264644)
[A:thread] Worker pinned host=1 client=3 -> cpu=3 (pid=264645)
[A:thread] Worker pinned host=1 client=4 -> cpu=4 (pid=264646)
[A:thread] Worker pinned host=1 client=5 -> cpu=5 (pid=264647)
[A:thread] Worker pinned host=1 client=6 -> cpu=6 (pid=264648)
[A:thread] Worker pinned host=1 client=0 -> cpu=0 (pid=264642)
[A:thread] Worker pinned host=1 client=7 -> cpu=7 (pid=264649)
[A:thread] WriteReceiver pid=264642 tid=139687304885952 pinned cpu=65 (host_id=1)
[A:thread] ReadReceiver pid=264642 tid=139687296493248 pinned cpu=67 (host_id=1)
[A:thread] InvalReceiver pid=264642 tid=139687288100544 pinned cpu=69 (host_id=1)
[A:tls] worker host=1 client=1 entries=1024 (~1088 KiB)
[A:tls] worker host=1 client=3 entries=1024 (~1088 KiB)
[A:tls] worker host=1 client=2 entries=1024 (~1088 KiB)
[A:tls] worker host=1 client=4 entries=1024 (~1088 KiB)
[A:tls] worker host=1 client=5 entries=1024 (~1088 KiB)
[A:tls] worker host=1 client=6 entries=1024 (~1088 KiB)
[A:thread] ReadSender pid=264642 tid=139687271315136 pinned cpu=66 (host_id=1)
[A:sender] kind=1 policy=P0 K=16 T_us=100 host_id=1
[A:tls] worker host=1 client=7 entries=1024 (~1088 KiB)
[A:thread] WriteSender pid=264642 tid=139687279707840 pinned cpu=64 (host_id=1)
[A:thread] InvalSender pid=264642 tid=139687262922432 pinned cpu=68 (host_id=1)
[A:sender] kind=2 policy=P0 K=16 T_us=100 host_id=1
[A:sender] kind=0 policy=P0 K=16 T_us=100 host_id=1
[A:tls] worker host=1 client=0 entries=1024 (~1088 KiB)
