[A:thread] Worker pinned host=1 client=1 -> cpu=1 (pid=262767)
[A:thread] Worker pinned host=1 client=2 -> cpu=2 (pid=262768)
[A:thread] Worker pinned host=1 client=3 -> cpu=3 (pid=262769)
[A:thread] Worker pinned host=1 client=4 -> cpu=4 (pid=262770)
[A:thread] Worker pinned host=1 client=5 -> cpu=5 (pid=262771)
[A:thread] Worker pinned host=1 client=6 -> cpu=6 (pid=262772)
[A:thread] Worker pinned host=1 client=7 -> cpu=7 (pid=262773)
[A:thread] Worker pinned host=1 client=8 -> cpu=8 (pid=262774)
[A:thread] Worker pinned host=1 client=9 -> cpu=9 (pid=262775)
[A:thread] Worker pinned host=1 client=10 -> cpu=10 (pid=262776)
[A:thread] Worker pinned host=1 client=11 -> cpu=11 (pid=262777)
[A:thread] Worker pinned host=1 client=12 -> cpu=12 (pid=262778)
[A:thread] Worker pinned host=1 client=13 -> cpu=13 (pid=262779)
[A:thread] Worker pinned host=1 client=14 -> cpu=14 (pid=262780)
[A:thread] Worker pinned host=1 client=15 -> cpu=15 (pid=262781)
[A:thread] Worker pinned host=1 client=16 -> cpu=16 (pid=262782)
[A:thread] Worker pinned host=1 client=17 -> cpu=17 (pid=262783)
[A:thread] Worker pinned host=1 client=18 -> cpu=18 (pid=262784)
[A:thread] Worker pinned host=1 client=19 -> cpu=19 (pid=262785)
[A:thread] Worker pinned host=1 client=20 -> cpu=20 (pid=262786)
[A:thread] Worker pinned host=1 client=21 -> cpu=21 (pid=262787)
[A:thread] Worker pinned host=1 client=22 -> cpu=22 (pid=262788)
[A:thread] Worker pinned host=1 client=23 -> cpu=23 (pid=262789)
[A:thread] Worker pinned host=1 client=24 -> cpu=24 (pid=262790)
[A:thread] Worker pinned host=1 client=25 -> cpu=25 (pid=262791)
[A:thread] Worker pinned host=1 client=26 -> cpu=26 (pid=262792)
[A:thread] Worker pinned host=1 client=27 -> cpu=27 (pid=262793)
[A:thread] Worker pinned host=1 client=28 -> cpu=28 (pid=262794)
[A:thread] Worker pinned host=1 client=29 -> cpu=29 (pid=262795)
[A:thread] Worker pinned host=1 client=30 -> cpu=30 (pid=262796)
[A:thread] Worker pinned host=1 client=31 -> cpu=31 (pid=262797)
[A:thread] Worker pinned host=1 client=32 -> cpu=32 (pid=262798)
[A:thread] Worker pinned host=1 client=33 -> cpu=33 (pid=262799)
[A:thread] Worker pinned host=1 client=34 -> cpu=34 (pid=262800)
[A:thread] Worker pinned host=1 client=35 -> cpu=35 (pid=262801)
[A:thread] Worker pinned host=1 client=37 -> cpu=37 (pid=262803)
[A:thread] Worker pinned host=1 client=36 -> cpu=36 (pid=262802)
[A:thread] Worker pinned host=1 client=38 -> cpu=38 (pid=262804)
[A:thread] Worker pinned host=1 client=39 -> cpu=39 (pid=262805)
[A:thread] Worker pinned host=1 client=40 -> cpu=40 (pid=262806)
[A:thread] Worker pinned host=1 client=41 -> cpu=41 (pid=262807)
[A:thread] Worker pinned host=1 client=42 -> cpu=42 (pid=262808)
[A:thread] Worker pinned host=1 client=43 -> cpu=43 (pid=262809)
[A:thread] Worker pinned host=1 client=44 -> cpu=44 (pid=262810)
[A:thread] Worker pinned host=1 client=45 -> cpu=45 (pid=262811)
[A:thread] Worker pinned host=1 client=46 -> cpu=46 (pid=262812)
[A:thread] Worker pinned host=1 client=47 -> cpu=47 (pid=262813)
[A:thread] Worker pinned host=1 client=48 -> cpu=48 (pid=262814)
[A:thread] Worker pinned host=1 client=49 -> cpu=49 (pid=262815)
[A:thread] Worker pinned host=1 client=51 -> cpu=51 (pid=262817)
[A:thread] Worker pinned host=1 client=52 -> cpu=52 (pid=262818)
[A:thread] Worker pinned host=1 client=53 -> cpu=53 (pid=262819)
[A:thread] Worker pinned host=1 client=50 -> cpu=50 (pid=262816)
[A:thread] Worker pinned host=1 client=54 -> cpu=54 (pid=262820)
[A:thread] Worker pinned host=1 client=55 -> cpu=55 (pid=262821)
[A:thread] Worker pinned host=1 client=56 -> cpu=56 (pid=262822)
[A:thread] Worker pinned host=1 client=57 -> cpu=57 (pid=262823)
[A:thread] Worker pinned host=1 client=58 -> cpu=58 (pid=262824)
[A:thread] Worker pinned host=1 client=59 -> cpu=59 (pid=262825)
[A:thread] Worker pinned host=1 client=60 -> cpu=60 (pid=262826)
[A:thread] Worker pinned host=1 client=61 -> cpu=61 (pid=262827)
[A:thread] Worker pinned host=1 client=0 -> cpu=0 (pid=262766)
[A:thread] Worker pinned host=1 client=62 -> cpu=62 (pid=262828)
[A:thread] Worker pinned host=1 client=63 -> cpu=63 (pid=262829)
[A:thread] WriteReceiver pid=262766 tid=140137789912768 pinned cpu=65 (host_id=1)
[A:thread] ReadReceiver pid=262766 tid=140137781520064 pinned cpu=67 (host_id=1)
[A:tls] worker host=1 client=51 entries=1024 (~1088 KiB)
[A:tls] worker host=1 client=43 entries=1024 (~1088 KiB)
[A:tls] worker host=1 client=44 entries=1024 (~1088 KiB)
[A:tls] worker host=1 client=48 entries=1024 (~1088 KiB)
[A:tls] worker host=1 client=49 entries=1024 (~1088 KiB)
[A:tls] worker host=1 client=6 entries=1024 (~1088 KiB)
[A:tls] worker host=1 client=42 entries=1024 (~1088 KiB)
[A:tls] worker host=1 client=26 entries=1024 (~1088 KiB)
[A:tls] worker host=1 client=16 entries=1024 (~1088 KiB)
[A:thread] InvalReceiver pid=262766 tid=140137773127360 pinned cpu=69 (host_id=1)
[A:tls] worker host=1 client=20 entries=1024 (~1088 KiB)
[A:thread] WriteSender pid=262766 tid=140137764734656 pinned cpu=64 (host_id=1)
[A:sender] kind=0 policy=P0 K=16 T_us=100 host_id=1
[A:tls] worker host=1 client=21 entries=1024 (~1088 KiB)
[A:tls] worker host=1 client=22 entries=1024 (~1088 KiB)
[A:tls] worker host=1 client=50 entries=1024 (~1088 KiB)
[A:tls] worker host=1 client=34 entries=1024 (~1088 KiB)
[A:thread] ReadSender pid=262766 tid=140137756341952 pinned cpu=66 (host_id=1)
[A:sender] kind=1 policy=P0 K=16 T_us=100 host_id=1
[A:tls] worker host=1 client=54 entries=1024 (~1088 KiB)
[A:tls] worker host=1 client=30 entries=1024 (~1088 KiB)
[A:tls] worker host=1 client=38 entries=1024 (~1088 KiB)
[A:tls] worker host=1 client=37 entries=1024 (~1088 KiB)
[A:tls] worker host=1 client=2 entries=1024 (~1088 KiB)
[A:tls] worker host=1 client=18 entries=1024 (~1088 KiB)
[A:tls] worker host=1 client=31 entries=1024 (~1088 KiB)
[A:tls] worker host=1 client=7 entries=1024 (~1088 KiB)
[A:thread] InvalSender pid=262766 tid=140137747949248 pinned cpu=68 (host_id=1)
[A:tls] worker host=1 client=8 entries=1024 (~1088 KiB)
[A:sender] kind=2 policy=P0 K=16 T_us=100 host_id=1
[A:tls] worker host=1 client=32 entries=1024 (~1088 KiB)
[A:tls] worker host=1 client=53 entries=1024 (~1088 KiB)
[A:tls] worker host=1 client=39 entries=1024 (~1088 KiB)
[A:tls] worker host=1 client=24 entries=1024 (~1088 KiB)
[A:tls] worker host=1 client=40 entries=1024 (~1088 KiB)
[A:tls] worker host=1 client=29 entries=1024 (~1088 KiB)
[A:tls] worker host=1 client=19 entries=1024 (~1088 KiB)
[A:tls] worker host=1 client=28 entries=1024 (~1088 KiB)
[A:tls] worker host=1 client=12 entries=1024 (~1088 KiB)
[A:tls] worker host=1 client=36 entries=1024 (~1088 KiB)
[A:tls] worker host=1 client=33 entries=1024 (~1088 KiB)
[A:tls] worker host=1 client=23 entries=1024 (~1088 KiB)
[A:tls] worker host=1 client=27 entries=1024 (~1088 KiB)
[A:tls] worker host=1 client=1 entries=1024 (~1088 KiB)
[A:tls] worker host=1 client=3 entries=1024 (~1088 KiB)
[A:tls] worker host=1 client=46 entries=1024 (~1088 KiB)
[A:tls] worker host=1 client=5 entries=1024 (~1088 KiB)
[A:tls] worker host=1 client=57 entries=1024 (~1088 KiB)
[A:tls] worker host=1 client=17 entries=1024 (~1088 KiB)
[A:tls] worker host=1 client=45 entries=1024 (~1088 KiB)
[A:tls] worker host=1 client=59 entries=1024 (~1088 KiB)
[A:tls] worker host=1 client=52 entries=1024 (~1088 KiB)
[A:tls] worker host=1 client=55 entries=1024 (~1088 KiB)
[A:tls] worker host=1 client=56 entries=1024 (~1088 KiB)
[A:tls] worker host=1 client=47 entries=1024 (~1088 KiB)
[A:tls] worker host=1 client=25 entries=1024 (~1088 KiB)
[A:tls] worker host=1 client=11 entries=1024 (~1088 KiB)
[A:tls] worker host=1 client=35 entries=1024 (~1088 KiB)
[A:tls] worker host=1 client=4 entries=1024 (~1088 KiB)
[A:tls] worker host=1 client=58 entries=1024 (~1088 KiB)
[A:tls] worker host=1 client=13 entries=1024 (~1088 KiB)
[A:tls] worker host=1 client=60 entries=1024 (~1088 KiB)
[A:tls] worker host=1 client=41 entries=1024 (~1088 KiB)
[A:tls] worker host=1 client=15 entries=1024 (~1088 KiB)
[A:tls] worker host=1 client=14 entries=1024 (~1088 KiB)
[A:tls] worker host=1 client=10 entries=1024 (~1088 KiB)
[A:tls] worker host=1 client=9 entries=1024 (~1088 KiB)
[A:tls] worker host=1 client=61 entries=1024 (~1088 KiB)
[A:tls] worker host=1 client=63 entries=1024 (~1088 KiB)
[A:tls] worker host=1 client=62 entries=1024 (~1088 KiB)
[A:tls] worker host=1 client=0 entries=1024 (~1088 KiB)
