[A:thread] Worker pinned host=0 client=1 -> cpu=1 (pid=261270)
[A:thread] Worker pinned host=0 client=2 -> cpu=2 (pid=261271)
[A:thread] Worker pinned host=0 client=3 -> cpu=3 (pid=261272)
[A:thread] Worker pinned host=0 client=4 -> cpu=4 (pid=261273)
[A:thread] Worker pinned host=0 client=5 -> cpu=5 (pid=261274)
[A:thread] Worker pinned host=0 client=0 -> cpu=0 (pid=261269)
[A:thread] Worker pinned host=0 client=6 -> cpu=6 (pid=261275)
[A:thread] Worker pinned host=0 client=7 -> cpu=7 (pid=261276)
[A:thread] WriteReceiver pid=261269 tid=139667962853056 pinned cpu=65 (host_id=0)
[A:tls] worker host=0 client=2 entries=1024 (~1088 KiB)
[A:tls] worker host=0 client=1 entries=1024 (~1088 KiB)
[A:tls] worker host=0 client=3 entries=1024 (~1088 KiB)
[A:tls] worker host=0 client=4 entries=1024 (~1088 KiB)
[A:tls] worker host=0 client=5 entries=1024 (~1088 KiB)
[A:thread] ReadReceiver pid=261269 tid=139667954460352 pinned cpu=67 (host_id=0)
[A:thread] InvalReceiver pid=261269 tid=139667946067648 pinned cpu=69 (host_id=0)
[A:tls] worker host=0 client=6 entries=1024 (~1088 KiB)
[A:tls] worker host=0 client=0 entries=1024 (~1088 KiB)
[A:tls] worker host=0 client=7 entries=1024 (~1088 KiB)
[A:thread] WriteSender pid=261269 tid=139667937674944 pinned cpu=64 (host_id=0)
[A:sender] kind=0 policy=P0 K=16 T_us=100 host_id=0
[A:thread] ReadSender pid=261269 tid=139667929282240 pinned cpu=66 (host_id=0)
[A:sender] kind=1 policy=P0 K=16 T_us=100 host_id=0
[A:thread] InvalSender pid=261269 tid=139667920889536 pinned cpu=68 (host_id=0)
[A:sender] kind=2 policy=P0 K=16 T_us=100 host_id=0
YCSB opt=A cache=1 num_hosts=2 threads=8 threads_eff=8 rep=1 load_ops=50000 load_thpt=223362 trans_ops=50000 trans_wall_max=0.014962 trans_agg_thpt=3341799 w_avg_ns=10009 w_p50_ns=11653 w_p99_ns=26342 r_avg_ns=4627 r_p50_ns=6794 r_p99_ns=16562 first_op_ns_max=55360 first_op_ns_avg=21939 ops_to_first_ns_max=90906 ops_to_first_ns_avg=33206 # workloadf_optA_t8_cacheon_rep1
