[A:thread] Worker pinned host=0 client=1 -> cpu=1 (pid=261585)
[A:thread] Worker pinned host=0 client=2 -> cpu=2 (pid=261586)
[A:thread] Worker pinned host=0 client=3 -> cpu=3 (pid=261587)
[A:thread] Worker pinned host=0 client=4 -> cpu=4 (pid=261588)
[A:thread] Worker pinned host=0 client=5 -> cpu=5 (pid=261589)
[A:thread] Worker pinned host=0 client=0 -> cpu=0 (pid=261584)
[A:thread] Worker pinned host=0 client=6 -> cpu=6 (pid=261590)
[A:thread] Worker pinned host=0 client=7 -> cpu=7 (pid=261591)
[A:thread] WriteReceiver pid=261584 tid=140395995461312 pinned cpu=65 (host_id=0)
[A:thread] ReadReceiver pid=261584 tid=140395987068608 pinned cpu=67 (host_id=0)
[A:thread] InvalReceiver pid=261584 tid=140395978675904 pinned cpu=69 (host_id=0)
[A:thread] WriteSender pid=261584 tid=140395970283200 pinned cpu=64 (host_id=0)
[A:tls] worker host=0 client=1 entries=1024 (~1088 KiB)
[A:sender] kind=0 policy=P0 K=16 T_us=100 host_id=0
[A:thread] ReadSender pid=261584 tid=140395961890496 pinned cpu=66 (host_id=0)
[A:sender] kind=1 policy=P0 K=16 T_us=100 host_id=0
[A:thread] InvalSender pid=261584 tid=140395953497792 pinned cpu=68 (host_id=0)
[A:sender] kind=2 policy=P0 K=16 T_us=100 host_id=0
[A:tls] worker host=0 client=2 entries=1024 (~1088 KiB)
[A:tls] worker host=0 client=3 entries=1024 (~1088 KiB)
[A:tls] worker host=0 client=6 entries=1024 (~1088 KiB)
[A:tls] worker host=0 client=5 entries=1024 (~1088 KiB)
[A:tls] worker host=0 client=7 entries=1024 (~1088 KiB)
[A:tls] worker host=0 client=4 entries=1024 (~1088 KiB)
[A:tls] worker host=0 client=0 entries=1024 (~1088 KiB)
YCSB opt=A cache=1 num_hosts=2 threads=8 threads_eff=8 rep=8 load_ops=50000 load_thpt=236680 trans_ops=50000 trans_wall_max=0.013811 trans_agg_thpt=3620302 w_avg_ns=9096 w_p50_ns=7125 w_p99_ns=18654 r_avg_ns=3901 r_p50_ns=787 r_p99_ns=17471 first_op_ns_max=35313 first_op_ns_avg=16341 ops_to_first_ns_max=353807 ops_to_first_ns_avg=98067 # workloadf_optA_t8_cacheon_rep8
