[A:thread] Worker pinned host=0 client=2 -> cpu=2 (pid=261783)
[A:thread] Worker pinned host=0 client=1 -> cpu=1 (pid=261782)
[A:thread] Worker pinned host=0 client=3 -> cpu=3 (pid=261784)
[A:thread] Worker pinned host=0 client=4 -> cpu=4 (pid=261785)
[A:thread] Worker pinned host=0 client=5 -> cpu=5 (pid=261786)
[A:thread] Worker pinned host=0 client=6 -> cpu=6 (pid=261787)
[A:thread] Worker pinned host=0 client=0 -> cpu=0 (pid=261781)
[A:thread] Worker pinned host=0 client=7 -> cpu=7 (pid=261788)
[A:tls] worker host=0 client=1 entries=1024 (~1088 KiB)
[A:tls] worker host=0 client=2 entries=1024 (~1088 KiB)
[A:thread] WriteReceiver pid=261781 tid=140687585572544 pinned cpu=65 (host_id=0)
[A:tls] worker host=0 client=3 entries=1024 (~1088 KiB)
[A:thread] ReadReceiver pid=261781 tid=140687577179840 pinned cpu=67 (host_id=0)
[A:thread] InvalReceiver pid=261781 tid=140687568787136 pinned cpu=69 (host_id=0)
[A:thread] WriteSender pid=261781 tid=140687560394432 pinned cpu=64 (host_id=0)
[A:sender] kind=0 policy=P0 K=16 T_us=100 host_id=0
[A:thread] ReadSender pid=261781 tid=140687552001728 pinned cpu=66 (host_id=0)
[A:sender] kind=1 policy=P0 K=16 T_us=100 host_id=0
[A:thread] InvalSender pid=261781 tid=140687543609024 pinned cpu=68 (host_id=0)
[A:sender] kind=2 policy=P0 K=16 T_us=100 host_id=0
[A:tls] worker host=0 client=4 entries=1024 (~1088 KiB)
[A:tls] worker host=0 client=5 entries=1024 (~1088 KiB)
[A:tls] worker host=0 client=6 entries=1024 (~1088 KiB)
[A:tls] worker host=0 client=7 entries=1024 (~1088 KiB)
[A:tls] worker host=0 client=0 entries=1024 (~1088 KiB)
YCSB opt=A cache=1 num_hosts=2 threads=8 threads_eff=8 rep=13 load_ops=50000 load_thpt=208124 trans_ops=50000 trans_wall_max=0.016257 trans_agg_thpt=3075598 w_avg_ns=11236 w_p50_ns=9269 w_p99_ns=23728 r_avg_ns=4364 r_p50_ns=1358 r_p99_ns=18637 first_op_ns_max=43525 first_op_ns_avg=18016 ops_to_first_ns_max=755065 ops_to_first_ns_avg=146376 # workloadf_optA_t8_cacheon_rep13
