[A:thread] Worker pinned host=0 client=1 -> cpu=1 (pid=260101)
[A:thread] Worker pinned host=0 client=2 -> cpu=2 (pid=260102)
[A:thread] Worker pinned host=0 client=3 -> cpu=3 (pid=260103)
[A:thread] Worker pinned host=0 client=4 -> cpu=4 (pid=260104)
[A:thread] Worker pinned host=0 client=5 -> cpu=5 (pid=260105)
[A:thread] Worker pinned host=0 client=6 -> cpu=6 (pid=260106)
[A:thread] Worker pinned host=0 client=7 -> cpu=7 (pid=260107)
[A:thread] Worker pinned host=0 client=8 -> cpu=8 (pid=260108)
[A:thread] Worker pinned host=0 client=9 -> cpu=9 (pid=260109)
[A:thread] Worker pinned host=0 client=10 -> cpu=10 (pid=260110)
[A:thread] Worker pinned host=0 client=11 -> cpu=11 (pid=260111)
[A:thread] Worker pinned host=0 client=12 -> cpu=12 (pid=260112)
[A:thread] Worker pinned host=0 client=13 -> cpu=13 (pid=260113)
[A:thread] Worker pinned host=0 client=14 -> cpu=14 (pid=260114)
[A:thread] Worker pinned host=0 client=15 -> cpu=15 (pid=260115)
[A:thread] Worker pinned host=0 client=16 -> cpu=16 (pid=260116)
[A:thread] Worker pinned host=0 client=17 -> cpu=17 (pid=260117)
[A:thread] Worker pinned host=0 client=18 -> cpu=18 (pid=260118)
[A:thread] Worker pinned host=0 client=19 -> cpu=19 (pid=260119)
[A:thread] Worker pinned host=0 client=20 -> cpu=20 (pid=260120)
[A:thread] Worker pinned host=0 client=21 -> cpu=21 (pid=260121)
[A:thread] Worker pinned host=0 client=22 -> cpu=22 (pid=260122)
[A:thread] Worker pinned host=0 client=23 -> cpu=23 (pid=260123)
[A:thread] Worker pinned host=0 client=24 -> cpu=24 (pid=260124)
[A:thread] Worker pinned host=0 client=25 -> cpu=25 (pid=260125)
[A:thread] Worker pinned host=0 client=26 -> cpu=26 (pid=260126)
[A:thread] Worker pinned host=0 client=27 -> cpu=27 (pid=260127)
[A:thread] Worker pinned host=0 client=28 -> cpu=28 (pid=260128)
[A:thread] Worker pinned host=0 client=29 -> cpu=29 (pid=260129)
[A:thread] Worker pinned host=0 client=30 -> cpu=30 (pid=260130)
[A:thread] Worker pinned host=0 client=31 -> cpu=31 (pid=260131)
[A:thread] Worker pinned host=0 client=32 -> cpu=32 (pid=260132)
[A:thread] Worker pinned host=0 client=33 -> cpu=33 (pid=260133)
[A:thread] Worker pinned host=0 client=34 -> cpu=34 (pid=260134)
[A:thread] Worker pinned host=0 client=35 -> cpu=35 (pid=260135)
[A:thread] Worker pinned host=0 client=36 -> cpu=36 (pid=260136)
[A:thread] Worker pinned host=0 client=37 -> cpu=37 (pid=260137)
[A:thread] Worker pinned host=0 client=38 -> cpu=38 (pid=260138)
[A:thread] Worker pinned host=0 client=39 -> cpu=39 (pid=260139)
[A:thread] Worker pinned host=0 client=40 -> cpu=40 (pid=260140)
[A:thread] Worker pinned host=0 client=41 -> cpu=41 (pid=260141)
[A:thread] Worker pinned host=0 client=42 -> cpu=42 (pid=260142)
[A:thread] Worker pinned host=0 client=43 -> cpu=43 (pid=260143)
[A:thread] Worker pinned host=0 client=44 -> cpu=44 (pid=260144)
[A:thread] Worker pinned host=0 client=45 -> cpu=45 (pid=260145)
[A:thread] Worker pinned host=0 client=46 -> cpu=46 (pid=260146)
[A:thread] Worker pinned host=0 client=47 -> cpu=47 (pid=260147)
[A:thread] Worker pinned host=0 client=48 -> cpu=48 (pid=260148)
[A:thread] Worker pinned host=0 client=49 -> cpu=49 (pid=260149)
[A:thread] Worker pinned host=0 client=50 -> cpu=50 (pid=260150)
[A:thread] Worker pinned host=0 client=51 -> cpu=51 (pid=260151)
[A:thread] Worker pinned host=0 client=52 -> cpu=52 (pid=260152)
[A:thread] Worker pinned host=0 client=53 -> cpu=53 (pid=260153)
[A:thread] Worker pinned host=0 client=54 -> cpu=54 (pid=260154)
[A:thread] Worker pinned host=0 client=55 -> cpu=55 (pid=260155)
[A:thread] Worker pinned host=0 client=56 -> cpu=56 (pid=260156)
[A:thread] Worker pinned host=0 client=57 -> cpu=57 (pid=260157)
[A:thread] Worker pinned host=0 client=58 -> cpu=58 (pid=260158)
[A:thread] Worker pinned host=0 client=59 -> cpu=59 (pid=260159)
[A:thread] Worker pinned host=0 client=60 -> cpu=60 (pid=260160)
[A:thread] Worker pinned host=0 client=61 -> cpu=61 (pid=260161)
[A:thread] Worker pinned host=0 client=62 -> cpu=62 (pid=260162)
[A:thread] Worker pinned host=0 client=0 -> cpu=0 (pid=260100)
[A:thread] Worker pinned host=0 client=63 -> cpu=63 (pid=260163)
[A:thread] WriteReceiver pid=260100 tid=140212341569216 pinned cpu=65 (host_id=0)
[A:thread] ReadReceiver pid=260100 tid=140212333176512 pinned cpu=67 (host_id=0)
[A:thread] InvalReceiver pid=260100 tid=140212324783808 pinned cpu=69 (host_id=0)
[A:thread] WriteSender pid=260100 tid=140212316391104 pinned cpu=64 (host_id=0)
[A:sender] kind=0 policy=P0 K=16 T_us=100 host_id=0
[A:tls] worker host=0 client=30 entries=1024 (~1088 KiB)
[A:tls] worker host=0 client=44 entries=1024 (~1088 KiB)
[A:thread] ReadSender pid=260100 tid=140212307998400 pinned cpu=66 (host_id=0)
[A:tls] worker host=0 client=43 entries=1024 (~1088 KiB)
[A:sender] kind=1 policy=P0 K=16 T_us=100 host_id=0
[A:tls] worker host=0 client=46 entries=1024 (~1088 KiB)
[A:tls] worker host=0 client=48 entries=1024 (~1088 KiB)
[A:tls] worker host=0 client=1 entries=1024 (~1088 KiB)
[A:thread] InvalSender pid=260100 tid=140212299605696 pinned cpu=68 (host_id=0)
[A:tls] worker host=0 client=7 entries=1024 (~1088 KiB)
[A:sender] kind=2 policy=P0 K=16 T_us=100 host_id=0
[A:tls] worker host=0 client=4 entries=1024 (~1088 KiB)
[A:tls] worker host=0 client=25 entries=1024 (~1088 KiB)
[A:tls] worker host=0 client=17 entries=1024 (~1088 KiB)
[A:tls] worker host=0 client=31 entries=1024 (~1088 KiB)
[A:tls] worker host=0 client=47 entries=1024 (~1088 KiB)
[A:tls] worker host=0 client=50 entries=1024 (~1088 KiB)
[A:tls] worker host=0 client=3 entries=1024 (~1088 KiB)
[A:tls] worker host=0 client=5 entries=1024 (~1088 KiB)
[A:tls] worker host=0 client=26 entries=1024 (~1088 KiB)
[A:tls] worker host=0 client=22 entries=1024 (~1088 KiB)
[A:tls] worker host=0 client=36 entries=1024 (~1088 KiB)
[A:tls] worker host=0 client=24 entries=1024 (~1088 KiB)
[A:tls] worker host=0 client=21 entries=1024 (~1088 KiB)
[A:tls] worker host=0 client=2 entries=1024 (~1088 KiB)
[A:tls] worker host=0 client=27 entries=1024 (~1088 KiB)
[A:tls] worker host=0 client=6 entries=1024 (~1088 KiB)
[A:tls] worker host=0 client=35 entries=1024 (~1088 KiB)
[A:tls] worker host=0 client=28 entries=1024 (~1088 KiB)
[A:tls] worker host=0 client=20 entries=1024 (~1088 KiB)
[A:tls] worker host=0 client=23 entries=1024 (~1088 KiB)
[A:tls] worker host=0 client=33 entries=1024 (~1088 KiB)
[A:tls] worker host=0 client=45 entries=1024 (~1088 KiB)
[A:tls] worker host=0 client=52 entries=1024 (~1088 KiB)
[A:tls] worker host=0 client=18 entries=1024 (~1088 KiB)
[A:tls] worker host=0 client=16 entries=1024 (~1088 KiB)
[A:tls] worker host=0 client=38 entries=1024 (~1088 KiB)
[A:tls] worker host=0 client=51 entries=1024 (~1088 KiB)
[A:tls] worker host=0 client=34 entries=1024 (~1088 KiB)
[A:tls] worker host=0 client=12 entries=1024 (~1088 KiB)
[A:tls] worker host=0 client=39 entries=1024 (~1088 KiB)
[A:tls] worker host=0 client=32 entries=1024 (~1088 KiB)
[A:tls] worker host=0 client=13 entries=1024 (~1088 KiB)
[A:tls] worker host=0 client=29 entries=1024 (~1088 KiB)
[A:tls] worker host=0 client=41 entries=1024 (~1088 KiB)
[A:tls] worker host=0 client=49 entries=1024 (~1088 KiB)
[A:tls] worker host=0 client=42 entries=1024 (~1088 KiB)
[A:tls] worker host=0 client=14 entries=1024 (~1088 KiB)
[A:tls] worker host=0 client=11 entries=1024 (~1088 KiB)
[A:tls] worker host=0 client=15 entries=1024 (~1088 KiB)
[A:tls] worker host=0 client=58 entries=1024 (~1088 KiB)
[A:tls] worker host=0 client=0 entries=1024 (~1088 KiB)
[A:tls] worker host=0 client=57 entries=1024 (~1088 KiB)
[A:tls] worker host=0 client=53 entries=1024 (~1088 KiB)
[A:tls] worker host=0 client=10 entries=1024 (~1088 KiB)
[A:tls] worker host=0 client=40 entries=1024 (~1088 KiB)
[A:tls] worker host=0 client=37 entries=1024 (~1088 KiB)
[A:tls] worker host=0 client=56 entries=1024 (~1088 KiB)
[A:tls] worker host=0 client=54 entries=1024 (~1088 KiB)
[A:tls] worker host=0 client=9 entries=1024 (~1088 KiB)
[A:tls] worker host=0 client=55 entries=1024 (~1088 KiB)
[A:tls] worker host=0 client=8 entries=1024 (~1088 KiB)
[A:tls] worker host=0 client=19 entries=1024 (~1088 KiB)
[A:tls] worker host=0 client=59 entries=1024 (~1088 KiB)
[A:tls] worker host=0 client=60 entries=1024 (~1088 KiB)
[A:tls] worker host=0 client=61 entries=1024 (~1088 KiB)
[A:tls] worker host=0 client=63 entries=1024 (~1088 KiB)
[A:tls] worker host=0 client=62 entries=1024 (~1088 KiB)
YCSB opt=A cache=1 num_hosts=2 threads=64 threads_eff=64 rep=18 load_ops=50000 load_thpt=157203 trans_ops=50000 trans_wall_max=0.004399 trans_agg_thpt=11363636 w_avg_ns=23493 w_p50_ns=5137 w_p99_ns=47793 r_avg_ns=9349 r_p50_ns=11085 r_p99_ns=46020 first_op_ns_max=51789 first_op_ns_avg=18802 ops_to_first_ns_max=1151223 ops_to_first_ns_avg=178019 # workloadb_optA_t64_cacheon_rep18
