[A:thread] Worker pinned host=0 client=1 -> cpu=1 (pid=261550)
[A:thread] Worker pinned host=0 client=2 -> cpu=2 (pid=261551)
[A:thread] Worker pinned host=0 client=3 -> cpu=3 (pid=261552)
[A:thread] Worker pinned host=0 client=4 -> cpu=4 (pid=261553)
[A:thread] Worker pinned host=0 client=5 -> cpu=5 (pid=261554)
[A:thread] Worker pinned host=0 client=6 -> cpu=6 (pid=261555)
[A:thread] Worker pinned host=0 client=0 -> cpu=0 (pid=261525)
[A:thread] Worker pinned host=0 client=7 -> cpu=7 (pid=261556)
[A:thread] WriteReceiver pid=261525 tid=140041364960960 pinned cpu=65 (host_id=0)
[A:tls] worker host=0 client=5 entries=1024 (~1088 KiB)
[A:tls] worker host=0 client=1 entries=1024 (~1088 KiB)
[A:tls] worker host=0 client=6 entries=1024 (~1088 KiB)
[A:tls] worker host=0 client=7 entries=1024 (~1088 KiB)
[A:thread] ReadReceiver pid=261525 tid=140041356568256 pinned cpu=67 (host_id=0)
[A:thread] InvalReceiver pid=261525 tid=140041348175552 pinned cpu=69 (host_id=0)
[A:thread] WriteSender pid=261525 tid=140041339782848 pinned cpu=64 (host_id=0)
[A:sender] kind=0 policy=P0 K=16 T_us=100 host_id=0
[A:tls] worker host=0 client=3 entries=1024 (~1088 KiB)
[A:tls] worker host=0 client=2 entries=1024 (~1088 KiB)
[A:thread] ReadSender pid=261525 tid=140041331390144 pinned cpu=66 (host_id=0)
[A:sender] kind=1 policy=P0 K=16 T_us=100 host_id=0
[A:thread] InvalSender pid=261525 tid=140041322997440 pinned cpu=68 (host_id=0)
[A:sender] kind=2 policy=P0 K=16 T_us=100 host_id=0
[A:tls] worker host=0 client=4 entries=1024 (~1088 KiB)
[A:tls] worker host=0 client=0 entries=1024 (~1088 KiB)
YCSB opt=A cache=1 num_hosts=2 threads=8 threads_eff=8 rep=7 load_ops=50000 load_thpt=233637 trans_ops=50000 trans_wall_max=0.014032 trans_agg_thpt=3563283 w_avg_ns=9232 w_p50_ns=7081 w_p99_ns=20099 r_avg_ns=3897 r_p50_ns=1037 r_p99_ns=20146 first_op_ns_max=34728 first_op_ns_avg=16224 ops_to_first_ns_max=426568 ops_to_first_ns_avg=96716 # workloadf_optA_t8_cacheon_rep7
