[A:thread] Worker pinned host=0 client=1 -> cpu=1 (pid=262026)
[A:thread] Worker pinned host=0 client=2 -> cpu=2 (pid=262027)
[A:thread] Worker pinned host=0 client=3 -> cpu=3 (pid=262028)
[A:thread] Worker pinned host=0 client=4 -> cpu=4 (pid=262029)
[A:thread] Worker pinned host=0 client=5 -> cpu=5 (pid=262030)
[A:thread] Worker pinned host=0 client=6 -> cpu=6 (pid=262031)
[A:thread] Worker pinned host=0 client=0 -> cpu=0 (pid=262025)
[A:thread] Worker pinned host=0 client=7 -> cpu=7 (pid=262032)
[A:thread] WriteReceiver pid=262025 tid=140436659238592 pinned cpu=65 (host_id=0)
[A:thread] ReadReceiver pid=262025 tid=140436650845888 pinned cpu=67 (host_id=0)
[A:thread] InvalReceiver pid=262025 tid=140436642453184 pinned cpu=69 (host_id=0)
[A:tls] worker host=0 client=3 entries=1024 (~1088 KiB)
[A:tls] worker host=0 client=1 entries=1024 (~1088 KiB)
[A:tls] worker host=0 client=2 entries=1024 (~1088 KiB)
[A:tls] worker host=0 client=4 entries=1024 (~1088 KiB)
[A:tls] worker host=0 client=5 entries=1024 (~1088 KiB)
[A:tls] worker host=0 client=6 entries=1024 (~1088 KiB)
[A:tls] worker host=0 client=0 entries=1024 (~1088 KiB)
[A:thread] WriteSender pid=262025 tid=140436634060480 pinned cpu=64 (host_id=0)
[A:sender] kind=0 policy=P0 K=16 T_us=100 host_id=0
[A:thread] ReadSender pid=262025 tid=140436625667776 pinned cpu=66 (host_id=0)
[A:sender] kind=1 policy=P0 K=16 T_us=100 host_id=0
[A:thread] InvalSender pid=262025 tid=140436617275072 pinned cpu=68 (host_id=0)
[A:sender] kind=2 policy=P0 K=16 T_us=100 host_id=0
[A:tls] worker host=0 client=7 entries=1024 (~1088 KiB)
YCSB opt=A cache=1 num_hosts=2 threads=8 threads_eff=8 rep=18 load_ops=50000 load_thpt=236974 trans_ops=50000 trans_wall_max=2.978907 trans_agg_thpt=16784 w_avg_ns=9054 w_p50_ns=6973 w_p99_ns=20265 r_avg_ns=3837 r_p50_ns=769 r_p99_ns=17033 first_op_ns_max=38067 first_op_ns_avg=16167 ops_to_first_ns_max=407960 ops_to_first_ns_avg=93922 # workloadf_optA_t8_cacheon_rep18
