[A:thread] Worker pinned host=0 client=1 -> cpu=1 (pid=261712)
[A:thread] Worker pinned host=0 client=2 -> cpu=2 (pid=261713)
[A:thread] Worker pinned host=0 client=3 -> cpu=3 (pid=261714)
[A:thread] Worker pinned host=0 client=4 -> cpu=4 (pid=261715)
[A:thread] Worker pinned host=0 client=5 -> cpu=5 (pid=261716)
[A:thread] Worker pinned host=0 client=0 -> cpu=0 (pid=261711)
[A:thread] Worker pinned host=0 client=6 -> cpu=6 (pid=261717)
[A:thread] Worker pinned host=0 client=7 -> cpu=7 (pid=261718)
[A:thread] WriteReceiver pid=261711 tid=140342952195776 pinned cpu=65 (host_id=0)
[A:thread] ReadReceiver pid=261711 tid=140342943803072 pinned cpu=67 (host_id=0)
[A:tls] worker host=0 client=1 entries=1024 (~1088 KiB)
[A:tls] worker host=0 client=2 entries=1024 (~1088 KiB)
[A:tls] worker host=0 client=3 entries=1024 (~1088 KiB)
[A:tls] worker host=0 client=4 entries=1024 (~1088 KiB)
[A:tls] worker host=0 client=5 entries=1024 (~1088 KiB)
[A:tls] worker host=0 client=0 entries=1024 (~1088 KiB)
[A:tls] worker host=0 client=6 entries=1024 (~1088 KiB)
[A:tls] worker host=0 client=7 entries=1024 (~1088 KiB)
[A:thread] WriteSender pid=261711 tid=140342927017664 pinned cpu=64 (host_id=0)
[A:sender] kind=0 policy=P0 K=16 T_us=100 host_id=0
[A:thread] InvalSender pid=261711 tid=140342910232256 pinned cpu=68 (host_id=0)
[A:thread] InvalReceiver pid=261711 tid=140342935410368 pinned cpu=69 (host_id=0)
[A:thread] ReadSender pid=261711 tid=140342918624960 pinned cpu=66 (host_id=0)
[A:sender] kind=1 policy=P0 K=16 T_us=100 host_id=0
[A:sender] kind=2 policy=P0 K=16 T_us=100 host_id=0
YCSB opt=A cache=1 num_hosts=2 threads=8 threads_eff=8 rep=11 load_ops=50000 load_thpt=236198 trans_ops=50000 trans_wall_max=0.013798 trans_agg_thpt=3623713 w_avg_ns=9104 w_p50_ns=6957 w_p99_ns=23279 r_avg_ns=3849 r_p50_ns=752 r_p99_ns=18652 first_op_ns_max=41651 first_op_ns_avg=17814 ops_to_first_ns_max=336828 ops_to_first_ns_avg=87808 # workloadf_optA_t8_cacheon_rep11
