[A:cfg] ring_sharding T=64 N=0 (disabled) -> shards=1 block=64 routing=worker_id
[A:thread] Worker pinned host=1 client=1 -> cpu=1 (pid=271418)
[A:thread] Worker pinned host=1 client=2 -> cpu=2 (pid=271419)
[A:thread] Worker pinned host=1 client=3 -> cpu=3 (pid=271420)
[A:thread] Worker pinned host=1 client=4 -> cpu=4 (pid=271421)
[A:thread] Worker pinned host=1 client=5 -> cpu=5 (pid=271422)
[A:thread] Worker pinned host=1 client=6 -> cpu=6 (pid=271423)
[A:thread] Worker pinned host=1 client=7 -> cpu=7 (pid=271424)
[A:thread] Worker pinned host=1 client=8 -> cpu=8 (pid=271425)
[A:thread] Worker pinned host=1 client=9 -> cpu=9 (pid=271426)
[A:thread] Worker pinned host=1 client=10 -> cpu=10 (pid=271427)
[A:thread] Worker pinned host=1 client=11 -> cpu=11 (pid=271428)
[A:thread] Worker pinned host=1 client=12 -> cpu=12 (pid=271429)
[A:thread] Worker pinned host=1 client=13 -> cpu=13 (pid=271430)
[A:thread] Worker pinned host=1 client=14 -> cpu=14 (pid=271431)
[A:thread] Worker pinned host=1 client=15 -> cpu=15 (pid=271432)
[A:thread] Worker pinned host=1 client=16 -> cpu=16 (pid=271433)
[A:thread] Worker pinned host=1 client=17 -> cpu=17 (pid=271434)
[A:thread] Worker pinned host=1 client=18 -> cpu=18 (pid=271435)
[A:thread] Worker pinned host=1 client=19 -> cpu=19 (pid=271436)
[A:thread] Worker pinned host=1 client=20 -> cpu=20 (pid=271437)
[A:thread] Worker pinned host=1 client=21 -> cpu=21 (pid=271438)
[A:thread] Worker pinned host=1 client=22 -> cpu=22 (pid=271439)
[A:thread] Worker pinned host=1 client=23 -> cpu=23 (pid=271440)
[A:thread] Worker pinned host=1 client=24 -> cpu=24 (pid=271441)
[A:thread] Worker pinned host=1 client=25 -> cpu=25 (pid=271442)
[A:thread] Worker pinned host=1 client=26 -> cpu=26 (pid=271443)
[A:thread] Worker pinned host=1 client=27 -> cpu=27 (pid=271444)
[A:thread] Worker pinned host=1 client=28 -> cpu=28 (pid=271445)
[A:thread] Worker pinned host=1 client=29 -> cpu=29 (pid=271446)
[A:thread] Worker pinned host=1 client=30 -> cpu=30 (pid=271447)
[A:thread] Worker pinned host=1 client=31 -> cpu=31 (pid=271448)
[A:thread] Worker pinned host=1 client=32 -> cpu=32 (pid=271449)
[A:thread] Worker pinned host=1 client=33 -> cpu=33 (pid=271450)
[A:thread] Worker pinned host=1 client=34 -> cpu=34 (pid=271451)
[A:thread] Worker pinned host=1 client=35 -> cpu=35 (pid=271452)
[A:thread] Worker pinned host=1 client=36 -> cpu=36 (pid=271453)
[A:thread] Worker pinned host=1 client=37 -> cpu=37 (pid=271454)
[A:thread] Worker pinned host=1 client=38 -> cpu=38 (pid=271455)
[A:thread] Worker pinned host=1 client=39 -> cpu=39 (pid=271456)
[A:thread] Worker pinned host=1 client=40 -> cpu=40 (pid=271457)
[A:thread] Worker pinned host=1 client=41 -> cpu=41 (pid=271458)
[A:thread] Worker pinned host=1 client=42 -> cpu=42 (pid=271459)
[A:thread] Worker pinned host=1 client=43 -> cpu=43 (pid=271460)
[A:thread] Worker pinned host=1 client=44 -> cpu=44 (pid=271461)
[A:thread] Worker pinned host=1 client=45 -> cpu=45 (pid=271462)
[A:thread] Worker pinned host=1 client=46 -> cpu=46 (pid=271463)
[A:thread] Worker pinned host=1 client=47 -> cpu=47 (pid=271464)
[A:thread] Worker pinned host=1 client=48 -> cpu=48 (pid=271465)
[A:thread] Worker pinned host=1 client=49 -> cpu=49 (pid=271466)
[A:thread] Worker pinned host=1 client=50 -> cpu=50 (pid=271467)
[A:thread] Worker pinned host=1 client=51 -> cpu=51 (pid=271468)
[A:thread] Worker pinned host=1 client=52 -> cpu=52 (pid=271469)
[A:thread] Worker pinned host=1 client=53 -> cpu=53 (pid=271470)
[A:thread] Worker pinned host=1 client=54 -> cpu=54 (pid=271471)
[A:thread] Worker pinned host=1 client=55 -> cpu=55 (pid=271472)
[A:thread] Worker pinned host=1 client=56 -> cpu=56 (pid=271473)
[A:thread] Worker pinned host=1 client=57 -> cpu=57 (pid=271474)
[A:thread] Worker pinned host=1 client=58 -> cpu=58 (pid=271475)
[A:thread] Worker pinned host=1 client=59 -> cpu=59 (pid=271476)
[A:thread] Worker pinned host=1 client=60 -> cpu=60 (pid=271477)
[A:thread] Worker pinned host=1 client=61 -> cpu=61 (pid=271478)
[A:thread] Worker pinned host=1 client=62 -> cpu=62 (pid=271479)
[A:thread] Worker pinned host=1 client=0 -> cpu=0 (pid=271393)
[A:thread] Worker pinned host=1 client=63 -> cpu=63 (pid=271480)
[A:thread] WriteRecv0 pid=271393 tid=139930432067264 cpu=64 host=1 rings=[0]
[A:thread] ReadRecv0 pid=271393 tid=139930423674560 cpu=65 host=1 rings=[0]
[A:thread] InvalRecv0 pid=271393 tid=139930415281856 cpu=66 host=1 rings=[0]
[A:thread] ReservHandler pid=271393 tid=139930406889152 pinned cpu=85 (host_id=1)
[A:tls] worker host=1 client=59 entries=1024 (~1088 KiB)
[A:tls] worker host=1 client=55 entries=1024 (~1088 KiB)
[A:tls] worker host=1 client=50 entries=1024 (~1088 KiB)
[A:tls] worker host=1 client=51 entries=1024 (~1088 KiB)
[A:tls] worker host=1 client=45 entries=1024 (~1088 KiB)
[A:tls] worker host=1 client=52 entries=1024 (~1088 KiB)
[A:tls] worker host=1 client=44 entries=1024 (~1088 KiB)
[A:tls] worker host=1 client=54 entries=1024 (~1088 KiB)
[A:tls] worker host=1 client=53 entries=1024 (~1088 KiB)
[A:tls] worker host=1 client=58 entries=1024 (~1088 KiB)
[A:tls] worker host=1 client=46 entries=1024 (~1088 KiB)
[A:tls] worker host=1 client=43 entries=1024 (~1088 KiB)
[A:tls] worker host=1 client=61 entries=1024 (~1088 KiB)
[A:tls] worker host=1 client=60 entries=1024 (~1088 KiB)
[A:tls] worker host=1 client=47 entries=1024 (~1088 KiB)
[A:tls] worker host=1 client=56 entries=1024 (~1088 KiB)
[A:tls] worker host=1 client=57 entries=1024 (~1088 KiB)
[A:tls] worker host=1 client=63 entries=1024 (~1088 KiB)
[A:tls] worker host=1 client=28 entries=1024 (~1088 KiB)
[A:tls] worker host=1 client=26 entries=1024 (~1088 KiB)
[A:tls] worker host=1 client=34 entries=1024 (~1088 KiB)
[A:tls] worker host=1 client=0 entries=1024 (~1088 KiB)
[A:tls] worker host=1 client=36 entries=1024 (~1088 KiB)
[A:tls] worker host=1 client=31 entries=1024 (~1088 KiB)
[A:tls] worker host=1 client=32 entries=1024 (~1088 KiB)
[A:tls] worker host=1 client=29 entries=1024 (~1088 KiB)
[A:tls] worker host=1 client=62 entries=1024 (~1088 KiB)
[A:tls] worker host=1 client=27 entries=1024 (~1088 KiB)
[A:tls] worker host=1 client=41 entries=1024 (~1088 KiB)
[A:tls] worker host=1 client=37 entries=1024 (~1088 KiB)
[A:tls] worker host=1 client=14 entries=1024 (~1088 KiB)
[A:tls] worker host=1 client=20 entries=1024 (~1088 KiB)
[A:tls] worker host=1 client=8 entries=1024 (~1088 KiB)
[A:tls] worker host=1 client=13 entries=1024 (~1088 KiB)
[A:tls] worker host=1 client=3 entries=1024 (~1088 KiB)
[A:tls] worker host=1 client=22 entries=1024 (~1088 KiB)
[A:tls] worker host=1 client=17 entries=1024 (~1088 KiB)
[A:tls] worker host=1 client=9 entries=1024 (~1088 KiB)
[A:tls] worker host=1 client=49 entries=1024 (~1088 KiB)
[A:tls] worker host=1 client=21 entries=1024 (~1088 KiB)
[A:tls] worker host=1 client=23 entries=1024 (~1088 KiB)
[A:tls] worker host=1 client=16 entries=1024 (~1088 KiB)
[A:tls] worker host=1 client=1 entries=1024 (~1088 KiB)
[A:tls] worker host=1 client=12 entries=1024 (~1088 KiB)
[A:tls] worker host=1 client=48 entries=1024 (~1088 KiB)
[A:tls] worker host=1 client=7 entries=1024 (~1088 KiB)
[A:tls] worker host=1 client=4 entries=1024 (~1088 KiB)
[A:tls] worker host=1 client=19 entries=1024 (~1088 KiB)
[A:tls] worker host=1 client=24 entries=1024 (~1088 KiB)
[A:tls] worker host=1 client=11 entries=1024 (~1088 KiB)
[A:tls] worker host=1 client=18 entries=1024 (~1088 KiB)
[A:tls] worker host=1 client=35 entries=1024 (~1088 KiB)
[A:tls] worker host=1 client=2 entries=1024 (~1088 KiB)
[A:tls] worker host=1 client=40 entries=1024 (~1088 KiB)
[A:tls] worker host=1 client=10 entries=1024 (~1088 KiB)
[A:tls] worker host=1 client=5 entries=1024 (~1088 KiB)
[A:tls] worker host=1 client=33 entries=1024 (~1088 KiB)
[A:tls] worker host=1 client=42 entries=1024 (~1088 KiB)
[A:tls] worker host=1 client=25 entries=1024 (~1088 KiB)
[A:tls] worker host=1 client=15 entries=1024 (~1088 KiB)
[A:tls] worker host=1 client=38 entries=1024 (~1088 KiB)
[A:tls] worker host=1 client=30 entries=1024 (~1088 KiB)
[A:tls] worker host=1 client=39 entries=1024 (~1088 KiB)
[A:tls] worker host=1 client=6 entries=1024 (~1088 KiB)
# PATH host=1 label=after_LOAD tid=139930432280704 r0_tls=0 r2hit=0 r2miss_local=0 r3=0 cpool_ins_r=0 local_w=2499578 fwd_w=0 local_w_blk_fwd=0 local_w_stg_fwd=0 cpool_ins_w=2499528 cp_evict=0 cp_set_stale=0 cp_lru_evict=1975242 rh_served=0 lrs2r=0 lrs4r=0
# PATH host=1 label=after_LOAD AGG r0_tls=0 r2hit=0 r2miss_local=0 r3=0 cpool_ins_r=0 local_w=2499578 fwd_w=0 local_w_blk_fwd=0 local_w_stg_fwd=0 cpool_ins_w=2499528 cp_evict=0 cp_set_stale=0 cp_lru_evict=1975242 rh_served=0 lrs2r=0 lrs4r=0
# PATH host=1 label=after_TRANS tid=139930432280704 r0_tls=0 r2hit=16258 r2miss_local=22804 r3=0 cpool_ins_r=0 local_w=2499578 fwd_w=0 local_w_blk_fwd=0 local_w_stg_fwd=0 cpool_ins_w=2499528 cp_evict=0 cp_set_stale=0 cp_lru_evict=1976489 rh_served=0 lrs2r=0 lrs4r=0
# PATH host=1 label=after_TRANS AGG r0_tls=0 r2hit=16258 r2miss_local=22804 r3=0 cpool_ins_r=0 local_w=2499578 fwd_w=0 local_w_blk_fwd=0 local_w_stg_fwd=0 cpool_ins_w=2499528 cp_evict=0 cp_set_stale=0 cp_lru_evict=1976489 rh_served=0 lrs2r=0 lrs4r=0
