[A:cfg] ring_sharding T=64 N=0 (disabled) -> shards=1 block=64 routing=worker_id
[A:thread] Worker pinned host=0 client=1 -> cpu=1 (pid=122887)
[A:thread] Worker pinned host=0 client=2 -> cpu=2 (pid=122888)
[A:thread] Worker pinned host=0 client=3 -> cpu=3 (pid=122889)
[A:thread] Worker pinned host=0 client=4 -> cpu=4 (pid=122890)
[A:thread] Worker pinned host=0 client=5 -> cpu=5 (pid=122891)
[A:thread] Worker pinned host=0 client=6 -> cpu=6 (pid=122892)
[A:thread] Worker pinned host=0 client=7 -> cpu=7 (pid=122893)
[A:thread] Worker pinned host=0 client=8 -> cpu=8 (pid=122894)
[A:thread] Worker pinned host=0 client=9 -> cpu=9 (pid=122895)
[A:thread] Worker pinned host=0 client=10 -> cpu=10 (pid=122896)
[A:thread] Worker pinned host=0 client=11 -> cpu=11 (pid=122897)
[A:thread] Worker pinned host=0 client=12 -> cpu=12 (pid=122898)
[A:thread] Worker pinned host=0 client=13 -> cpu=13 (pid=122899)
[A:thread] Worker pinned host=0 client=14 -> cpu=14 (pid=122900)
[A:thread] Worker pinned host=0 client=15 -> cpu=15 (pid=122901)
[A:thread] Worker pinned host=0 client=16 -> cpu=16 (pid=122902)
[A:thread] Worker pinned host=0 client=17 -> cpu=17 (pid=122903)
[A:thread] Worker pinned host=0 client=18 -> cpu=18 (pid=122904)
[A:thread] Worker pinned host=0 client=19 -> cpu=19 (pid=122905)
[A:thread] Worker pinned host=0 client=20 -> cpu=20 (pid=122906)
[A:thread] Worker pinned host=0 client=21 -> cpu=21 (pid=122907)
[A:thread] Worker pinned host=0 client=22 -> cpu=22 (pid=122908)
[A:thread] Worker pinned host=0 client=23 -> cpu=23 (pid=122909)
[A:thread] Worker pinned host=0 client=24 -> cpu=24 (pid=122910)
[A:thread] Worker pinned host=0 client=25 -> cpu=25 (pid=122911)
[A:thread] Worker pinned host=0 client=26 -> cpu=26 (pid=122912)
[A:thread] Worker pinned host=0 client=27 -> cpu=27 (pid=122913)
[A:thread] Worker pinned host=0 client=28 -> cpu=28 (pid=122914)
[A:thread] Worker pinned host=0 client=29 -> cpu=29 (pid=122915)
[A:thread] Worker pinned host=0 client=30 -> cpu=30 (pid=122916)
[A:thread] Worker pinned host=0 client=31 -> cpu=31 (pid=122917)
[A:thread] Worker pinned host=0 client=32 -> cpu=32 (pid=122918)
[A:thread] Worker pinned host=0 client=33 -> cpu=33 (pid=122919)
[A:thread] Worker pinned host=0 client=34 -> cpu=34 (pid=122920)
[A:thread] Worker pinned host=0 client=35 -> cpu=35 (pid=122921)
[A:thread] Worker pinned host=0 client=36 -> cpu=36 (pid=122922)
[A:thread] Worker pinned host=0 client=37 -> cpu=37 (pid=122923)
[A:thread] Worker pinned host=0 client=38 -> cpu=38 (pid=122924)
[A:thread] Worker pinned host=0 client=39 -> cpu=39 (pid=122925)
[A:thread] Worker pinned host=0 client=40 -> cpu=40 (pid=122926)
[A:thread] Worker pinned host=0 client=41 -> cpu=41 (pid=122927)
[A:thread] Worker pinned host=0 client=42 -> cpu=42 (pid=122928)
[A:thread] Worker pinned host=0 client=43 -> cpu=43 (pid=122929)
[A:thread] Worker pinned host=0 client=44 -> cpu=44 (pid=122930)
[A:thread] Worker pinned host=0 client=45 -> cpu=45 (pid=122931)
[A:thread] Worker pinned host=0 client=46 -> cpu=46 (pid=122932)
[A:thread] Worker pinned host=0 client=47 -> cpu=47 (pid=122933)
[A:thread] Worker pinned host=0 client=48 -> cpu=48 (pid=122934)
[A:thread] Worker pinned host=0 client=49 -> cpu=49 (pid=122935)
[A:thread] Worker pinned host=0 client=50 -> cpu=50 (pid=122936)
[A:thread] Worker pinned host=0 client=51 -> cpu=51 (pid=122937)
[A:thread] Worker pinned host=0 client=52 -> cpu=52 (pid=122938)
[A:thread] Worker pinned host=0 client=53 -> cpu=53 (pid=122939)
[A:thread] Worker pinned host=0 client=54 -> cpu=54 (pid=122940)
[A:thread] Worker pinned host=0 client=55 -> cpu=55 (pid=122941)
[A:thread] Worker pinned host=0 client=56 -> cpu=56 (pid=122942)
[A:thread] Worker pinned host=0 client=57 -> cpu=57 (pid=122943)
[A:thread] Worker pinned host=0 client=58 -> cpu=58 (pid=122944)
[A:thread] Worker pinned host=0 client=59 -> cpu=59 (pid=122945)
[A:thread] Worker pinned host=0 client=60 -> cpu=60 (pid=122946)
[A:thread] Worker pinned host=0 client=61 -> cpu=61 (pid=122947)
[A:thread] Worker pinned host=0 client=62 -> cpu=62 (pid=122948)
[A:thread] Worker pinned host=0 client=0 -> cpu=0 (pid=122886)
[A:thread] Worker pinned host=0 client=63 -> cpu=63 (pid=122949)
[A:thread] WriteRecv0 pid=122886 tid=139738423359168 cpu=64 host=0 rings=[0]
[A:thread] ReadRecv0 pid=122886 tid=139738414966464 cpu=65 host=0 rings=[0]
[A:thread] InvalRecv0 pid=122886 tid=139738406573760 cpu=66 host=0 rings=[0]
[A:thread] ReservHandler pid=122886 tid=139738398181056 pinned cpu=85 (host_id=0)
[A:tls] worker host=0 client=53 entries=1024 (~1088 KiB)
[A:tls] worker host=0 client=55 entries=1024 (~1088 KiB)
[A:tls] worker host=0 client=24 entries=1024 (~1088 KiB)
[A:tls] worker host=0 client=59 entries=1024 (~1088 KiB)
[A:tls] worker host=0 client=15 entries=1024 (~1088 KiB)
[A:tls] worker host=0 client=5 entries=1024 (~1088 KiB)
[A:tls] worker host=0 client=2 entries=1024 (~1088 KiB)
[A:tls] worker host=0 client=46 entries=1024 (~1088 KiB)
[A:tls] worker host=0 client=28 entries=1024 (~1088 KiB)
[A:tls] worker host=0 client=3 entries=1024 (~1088 KiB)
[A:tls] worker host=0 client=50 entries=1024 (~1088 KiB)
[A:tls] worker host=0 client=47 entries=1024 (~1088 KiB)
[A:tls] worker host=0 client=57 entries=1024 (~1088 KiB)
[A:tls] worker host=0 client=9 entries=1024 (~1088 KiB)
[A:tls] worker host=0 client=7 entries=1024 (~1088 KiB)
[A:tls] worker host=0 client=63 entries=1024 (~1088 KiB)
[A:tls] worker host=0 client=34 entries=1024 (~1088 KiB)
[A:tls] worker host=0 client=8 entries=1024 (~1088 KiB)
[A:tls] worker host=0 client=48 entries=1024 (~1088 KiB)
[A:tls] worker host=0 client=26 entries=1024 (~1088 KiB)
[A:tls] worker host=0 client=30 entries=1024 (~1088 KiB)
[A:tls] worker host=0 client=43 entries=1024 (~1088 KiB)
[A:tls] worker host=0 client=16 entries=1024 (~1088 KiB)
[A:tls] worker host=0 client=61 entries=1024 (~1088 KiB)
[A:tls] worker host=0 client=10 entries=1024 (~1088 KiB)
[A:tls] worker host=0 client=1 entries=1024 (~1088 KiB)
[A:tls] worker host=0 client=14 entries=1024 (~1088 KiB)
[A:tls] worker host=0 client=4 entries=1024 (~1088 KiB)
[A:tls] worker host=0 client=17 entries=1024 (~1088 KiB)
[A:tls] worker host=0 client=19 entries=1024 (~1088 KiB)
[A:tls] worker host=0 client=39 entries=1024 (~1088 KiB)
[A:tls] worker host=0 client=22 entries=1024 (~1088 KiB)
[A:tls] worker host=0 client=0 entries=1024 (~1088 KiB)
[A:tls] worker host=0 client=11 entries=1024 (~1088 KiB)
[A:tls] worker host=0 client=40 entries=1024 (~1088 KiB)
[A:tls] worker host=0 client=25 entries=1024 (~1088 KiB)
[A:tls] worker host=0 client=60 entries=1024 (~1088 KiB)
[A:tls] worker host=0 client=49 entries=1024 (~1088 KiB)
[A:tls] worker host=0 client=44 entries=1024 (~1088 KiB)
[A:tls] worker host=0 client=58 entries=1024 (~1088 KiB)
[A:tls] worker host=0 client=62 entries=1024 (~1088 KiB)
[A:tls] worker host=0 client=56 entries=1024 (~1088 KiB)
[A:tls] worker host=0 client=54 entries=1024 (~1088 KiB)
[A:tls] worker host=0 client=23 entries=1024 (~1088 KiB)
[A:tls] worker host=0 client=21 entries=1024 (~1088 KiB)
[A:tls] worker host=0 client=41 entries=1024 (~1088 KiB)
[A:tls] worker host=0 client=27 entries=1024 (~1088 KiB)
[A:tls] worker host=0 client=18 entries=1024 (~1088 KiB)
[A:tls] worker host=0 client=51 entries=1024 (~1088 KiB)
[A:tls] worker host=0 client=31 entries=1024 (~1088 KiB)
[A:tls] worker host=0 client=45 entries=1024 (~1088 KiB)
[A:tls] worker host=0 client=52 entries=1024 (~1088 KiB)
[A:tls] worker host=0 client=29 entries=1024 (~1088 KiB)
[A:tls] worker host=0 client=12 entries=1024 (~1088 KiB)
[A:tls] worker host=0 client=37 entries=1024 (~1088 KiB)
[A:tls] worker host=0 client=32 entries=1024 (~1088 KiB)
[A:tls] worker host=0 client=35 entries=1024 (~1088 KiB)
[A:tls] worker host=0 client=20 entries=1024 (~1088 KiB)
[A:tls] worker host=0 client=36 entries=1024 (~1088 KiB)
[A:tls] worker host=0 client=33 entries=1024 (~1088 KiB)
[A:tls] worker host=0 client=6 entries=1024 (~1088 KiB)
[A:tls] worker host=0 client=42 entries=1024 (~1088 KiB)
[A:tls] worker host=0 client=38 entries=1024 (~1088 KiB)
[A:tls] worker host=0 client=13 entries=1024 (~1088 KiB)
# PATH host=0 label=after_LOAD tid=139738423572608 r0_tls=0 r2hit=0 r2miss_local=0 r3=0 cpool_ins_r=0 local_w=2499230 fwd_w=0 local_w_blk_fwd=0 local_w_stg_fwd=0 cpool_ins_w=2499228 cp_evict=0 cp_set_stale=0 cp_lru_evict=1974943 rh_served=0 lrs2r=0 lrs4r=0
# PATH host=0 label=after_LOAD AGG r0_tls=0 r2hit=0 r2miss_local=0 r3=0 cpool_ins_r=0 local_w=2499230 fwd_w=0 local_w_blk_fwd=0 local_w_stg_fwd=0 cpool_ins_w=2499228 cp_evict=0 cp_set_stale=0 cp_lru_evict=1974943 rh_served=0 lrs2r=0 lrs4r=0
YCSB opt=A cache=1 num_hosts=2 threads=64 threads_eff=64 rep=1 load_ops=5000000 load_thpt=161437 trans_ops=5000000 trans_wall_max=0.044375 trans_agg_thpt=112673517 w_avg_ns=0 w_p50_ns=0 w_p99_ns=0 r_avg_ns=1412 r_p50_ns=361 r_p99_ns=16963 first_op_ns_max=747831 first_op_ns_avg=53845 ops_to_first_ns_max=808062 ops_to_first_ns_avg=138634 # local_read_optA_t64_cacheon_rep1
# PATH host=0 label=after_TRANS tid=139738423572608 r0_tls=0 r2hit=6158 r2miss_local=32905 r3=0 cpool_ins_r=0 local_w=2499230 fwd_w=0 local_w_blk_fwd=0 local_w_stg_fwd=0 cpool_ins_w=2499228 cp_evict=0 cp_set_stale=0 cp_lru_evict=1975204 rh_served=0 lrs2r=0 lrs4r=0
# PATH host=0 label=after_TRANS AGG r0_tls=0 r2hit=6158 r2miss_local=32905 r3=0 cpool_ins_r=0 local_w=2499230 fwd_w=0 local_w_blk_fwd=0 local_w_stg_fwd=0 cpool_ins_w=2499228 cp_evict=0 cp_set_stale=0 cp_lru_evict=1975204 rh_served=0 lrs2r=0 lrs4r=0
# CACHE_FILL host=0 cache_buckets=131072 capacity=524288 filled=524285 stale=0 tomb=0 fill_pct=99.999
