[A:cfg] ring_sharding T=64 N=0 (disabled) -> shards=1 block=64 routing=worker_id
[A:thread] Worker pinned host=1 client=1 -> cpu=1 (pid=279466)
[A:thread] Worker pinned host=1 client=2 -> cpu=2 (pid=279467)
[A:thread] Worker pinned host=1 client=3 -> cpu=3 (pid=279468)
[A:thread] Worker pinned host=1 client=4 -> cpu=4 (pid=279469)
[A:thread] Worker pinned host=1 client=5 -> cpu=5 (pid=279470)
[A:thread] Worker pinned host=1 client=6 -> cpu=6 (pid=279471)
[A:thread] Worker pinned host=1 client=7 -> cpu=7 (pid=279472)
[A:thread] Worker pinned host=1 client=8 -> cpu=8 (pid=279473)
[A:thread] Worker pinned host=1 client=9 -> cpu=9 (pid=279474)
[A:thread] Worker pinned host=1 client=10 -> cpu=10 (pid=279475)
[A:thread] Worker pinned host=1 client=11 -> cpu=11 (pid=279476)
[A:thread] Worker pinned host=1 client=12 -> cpu=12 (pid=279477)
[A:thread] Worker pinned host=1 client=13 -> cpu=13 (pid=279478)
[A:thread] Worker pinned host=1 client=14 -> cpu=14 (pid=279479)
[A:thread] Worker pinned host=1 client=15 -> cpu=15 (pid=279480)
[A:thread] Worker pinned host=1 client=16 -> cpu=16 (pid=279481)
[A:thread] Worker pinned host=1 client=17 -> cpu=17 (pid=279482)
[A:thread] Worker pinned host=1 client=18 -> cpu=18 (pid=279483)
[A:thread] Worker pinned host=1 client=19 -> cpu=19 (pid=279484)
[A:thread] Worker pinned host=1 client=20 -> cpu=20 (pid=279485)
[A:thread] Worker pinned host=1 client=21 -> cpu=21 (pid=279486)
[A:thread] Worker pinned host=1 client=22 -> cpu=22 (pid=279487)
[A:thread] Worker pinned host=1 client=23 -> cpu=23 (pid=279488)
[A:thread] Worker pinned host=1 client=24 -> cpu=24 (pid=279489)
[A:thread] Worker pinned host=1 client=25 -> cpu=25 (pid=279490)
[A:thread] Worker pinned host=1 client=26 -> cpu=26 (pid=279491)
[A:thread] Worker pinned host=1 client=27 -> cpu=27 (pid=279492)
[A:thread] Worker pinned host=1 client=28 -> cpu=28 (pid=279493)
[A:thread] Worker pinned host=1 client=29 -> cpu=29 (pid=279494)
[A:thread] Worker pinned host=1 client=30 -> cpu=30 (pid=279495)
[A:thread] Worker pinned host=1 client=31 -> cpu=31 (pid=279496)
[A:thread] Worker pinned host=1 client=32 -> cpu=32 (pid=279497)
[A:thread] Worker pinned host=1 client=33 -> cpu=33 (pid=279498)
[A:thread] Worker pinned host=1 client=34 -> cpu=34 (pid=279499)
[A:thread] Worker pinned host=1 client=35 -> cpu=35 (pid=279500)
[A:thread] Worker pinned host=1 client=36 -> cpu=36 (pid=279501)
[A:thread] Worker pinned host=1 client=37 -> cpu=37 (pid=279502)
[A:thread] Worker pinned host=1 client=38 -> cpu=38 (pid=279503)
[A:thread] Worker pinned host=1 client=39 -> cpu=39 (pid=279504)
[A:thread] Worker pinned host=1 client=40 -> cpu=40 (pid=279505)
[A:thread] Worker pinned host=1 client=41 -> cpu=41 (pid=279506)
[A:thread] Worker pinned host=1 client=42 -> cpu=42 (pid=279507)
[A:thread] Worker pinned host=1 client=43 -> cpu=43 (pid=279508)
[A:thread] Worker pinned host=1 client=44 -> cpu=44 (pid=279509)
[A:thread] Worker pinned host=1 client=45 -> cpu=45 (pid=279510)
[A:thread] Worker pinned host=1 client=46 -> cpu=46 (pid=279511)
[A:thread] Worker pinned host=1 client=47 -> cpu=47 (pid=279512)
[A:thread] Worker pinned host=1 client=48 -> cpu=48 (pid=279513)
[A:thread] Worker pinned host=1 client=49 -> cpu=49 (pid=279514)
[A:thread] Worker pinned host=1 client=50 -> cpu=50 (pid=279515)
[A:thread] Worker pinned host=1 client=51 -> cpu=51 (pid=279516)
[A:thread] Worker pinned host=1 client=52 -> cpu=52 (pid=279517)
[A:thread] Worker pinned host=1 client=53 -> cpu=53 (pid=279518)
[A:thread] Worker pinned host=1 client=54 -> cpu=54 (pid=279519)
[A:thread] Worker pinned host=1 client=55 -> cpu=55 (pid=279520)
[A:thread] Worker pinned host=1 client=56 -> cpu=56 (pid=279521)
[A:thread] Worker pinned host=1 client=57 -> cpu=57 (pid=279522)
[A:thread] Worker pinned host=1 client=58 -> cpu=58 (pid=279523)
[A:thread] Worker pinned host=1 client=59 -> cpu=59 (pid=279524)
[A:thread] Worker pinned host=1 client=60 -> cpu=60 (pid=279525)
[A:thread] Worker pinned host=1 client=61 -> cpu=61 (pid=279526)
[A:thread] Worker pinned host=1 client=62 -> cpu=62 (pid=279527)
[A:thread] Worker pinned host=1 client=0 -> cpu=0 (pid=279465)
[A:thread] Worker pinned host=1 client=63 -> cpu=63 (pid=279528)
[A:thread] WriteRecv0 pid=279465 tid=140680209041088 cpu=64 host=1 rings=[0]
[A:thread] ReadRecv0 pid=279465 tid=140680200648384 cpu=65 host=1 rings=[0]
[A:thread] InvalRecv0 pid=279465 tid=140680192255680 cpu=66 host=1 rings=[0]
[A:thread] ReservHandler pid=279465 tid=140680183862976 pinned cpu=85 (host_id=1)
[A:tls] worker host=1 client=44 entries=1024 (~1088 KiB)
[A:tls] worker host=1 client=47 entries=1024 (~1088 KiB)
[A:tls] worker host=1 client=50 entries=1024 (~1088 KiB)
[A:tls] worker host=1 client=52 entries=1024 (~1088 KiB)
[A:tls] worker host=1 client=51 entries=1024 (~1088 KiB)
[A:tls] worker host=1 client=46 entries=1024 (~1088 KiB)
[A:tls] worker host=1 client=49 entries=1024 (~1088 KiB)
[A:tls] worker host=1 client=37 entries=1024 (~1088 KiB)
[A:tls] worker host=1 client=48 entries=1024 (~1088 KiB)
[A:tls] worker host=1 client=31 entries=1024 (~1088 KiB)
[A:tls] worker host=1 client=41 entries=1024 (~1088 KiB)
[A:tls] worker host=1 client=24 entries=1024 (~1088 KiB)
[A:tls] worker host=1 client=56 entries=1024 (~1088 KiB)
[A:tls] worker host=1 client=61 entries=1024 (~1088 KiB)
[A:tls] worker host=1 client=33 entries=1024 (~1088 KiB)
[A:tls] worker host=1 client=55 entries=1024 (~1088 KiB)
[A:tls] worker host=1 client=57 entries=1024 (~1088 KiB)
[A:tls] worker host=1 client=29 entries=1024 (~1088 KiB)
[A:tls] worker host=1 client=0 entries=1024 (~1088 KiB)
[A:tls] worker host=1 client=54 entries=1024 (~1088 KiB)
[A:tls] worker host=1 client=40 entries=1024 (~1088 KiB)
[A:tls] worker host=1 client=60 entries=1024 (~1088 KiB)
[A:tls] worker host=1 client=22 entries=1024 (~1088 KiB)
[A:tls] worker host=1 client=62 entries=1024 (~1088 KiB)
[A:tls] worker host=1 client=11 entries=1024 (~1088 KiB)
[A:tls] worker host=1 client=14 entries=1024 (~1088 KiB)
[A:tls] worker host=1 client=58 entries=1024 (~1088 KiB)
[A:tls] worker host=1 client=59 entries=1024 (~1088 KiB)
[A:tls] worker host=1 client=3 entries=1024 (~1088 KiB)
[A:tls] worker host=1 client=8 entries=1024 (~1088 KiB)
[A:tls] worker host=1 client=21 entries=1024 (~1088 KiB)
[A:tls] worker host=1 client=63 entries=1024 (~1088 KiB)
[A:tls] worker host=1 client=16 entries=1024 (~1088 KiB)
[A:tls] worker host=1 client=7 entries=1024 (~1088 KiB)
[A:tls] worker host=1 client=4 entries=1024 (~1088 KiB)
[A:tls] worker host=1 client=45 entries=1024 (~1088 KiB)
[A:tls] worker host=1 client=2 entries=1024 (~1088 KiB)
[A:tls] worker host=1 client=27 entries=1024 (~1088 KiB)
[A:tls] worker host=1 client=43 entries=1024 (~1088 KiB)
[A:tls] worker host=1 client=10 entries=1024 (~1088 KiB)
[A:tls] worker host=1 client=5 entries=1024 (~1088 KiB)
[A:tls] worker host=1 client=12 entries=1024 (~1088 KiB)
[A:tls] worker host=1 client=39 entries=1024 (~1088 KiB)
[A:tls] worker host=1 client=38 entries=1024 (~1088 KiB)
[A:tls] worker host=1 client=42 entries=1024 (~1088 KiB)
[A:tls] worker host=1 client=13 entries=1024 (~1088 KiB)
[A:tls] worker host=1 client=36 entries=1024 (~1088 KiB)
[A:tls] worker host=1 client=35 entries=1024 (~1088 KiB)
[A:tls] worker host=1 client=28 entries=1024 (~1088 KiB)
[A:tls] worker host=1 client=30 entries=1024 (~1088 KiB)
[A:tls] worker host=1 client=26 entries=1024 (~1088 KiB)
[A:tls] worker host=1 client=32 entries=1024 (~1088 KiB)
[A:tls] worker host=1 client=20 entries=1024 (~1088 KiB)
[A:tls] worker host=1 client=6 entries=1024 (~1088 KiB)
[A:tls] worker host=1 client=15 entries=1024 (~1088 KiB)
[A:tls] worker host=1 client=23 entries=1024 (~1088 KiB)
[A:tls] worker host=1 client=17 entries=1024 (~1088 KiB)
[A:tls] worker host=1 client=18 entries=1024 (~1088 KiB)
[A:tls] worker host=1 client=25 entries=1024 (~1088 KiB)
[A:tls] worker host=1 client=34 entries=1024 (~1088 KiB)
[A:tls] worker host=1 client=9 entries=1024 (~1088 KiB)
[A:tls] worker host=1 client=19 entries=1024 (~1088 KiB)
[A:tls] worker host=1 client=53 entries=1024 (~1088 KiB)
[A:tls] worker host=1 client=1 entries=1024 (~1088 KiB)
# PATH host=1 label=after_LOAD tid=140680209254528 r0_tls=0 r2hit=0 r2miss_local=0 r3=0 cpool_ins_r=0 local_w=2499031 fwd_w=0 local_w_blk_fwd=0 local_w_stg_fwd=0 cpool_ins_w=2499009 cp_evict=0 cp_set_stale=0 cp_lru_evict=1974722 rh_served=0 lrs2r=0 lrs4r=0
# PATH host=1 label=after_LOAD AGG r0_tls=0 r2hit=0 r2miss_local=0 r3=0 cpool_ins_r=0 local_w=2499031 fwd_w=0 local_w_blk_fwd=0 local_w_stg_fwd=0 cpool_ins_w=2499009 cp_evict=0 cp_set_stale=0 cp_lru_evict=1974722 rh_served=0 lrs2r=0 lrs4r=0
# PATH host=1 label=after_TRANS tid=140680209254528 r0_tls=0 r2hit=11029 r2miss_local=28033 r3=0 cpool_ins_r=0 local_w=2499031 fwd_w=0 local_w_blk_fwd=0 local_w_stg_fwd=0 cpool_ins_w=2499009 cp_evict=0 cp_set_stale=0 cp_lru_evict=1974813 rh_served=0 lrs2r=0 lrs4r=0
# PATH host=1 label=after_TRANS AGG r0_tls=0 r2hit=11029 r2miss_local=28033 r3=0 cpool_ins_r=0 local_w=2499031 fwd_w=0 local_w_blk_fwd=0 local_w_stg_fwd=0 cpool_ins_w=2499009 cp_evict=0 cp_set_stale=0 cp_lru_evict=1974813 rh_served=0 lrs2r=0 lrs4r=0
