[A:cfg] ring_sharding T=64 N=4 -> shards=16 block=4 routing=worker_id
[A:thread] Worker pinned host=1 client=1 -> cpu=1 (pid=103162)
[A:thread] Worker pinned host=1 client=2 -> cpu=2 (pid=103163)
[A:thread] Worker pinned host=1 client=3 -> cpu=3 (pid=103164)
[A:thread] Worker pinned host=1 client=4 -> cpu=4 (pid=103165)
[A:thread] Worker pinned host=1 client=5 -> cpu=5 (pid=103166)
[A:thread] Worker pinned host=1 client=6 -> cpu=6 (pid=103167)
[A:thread] Worker pinned host=1 client=7 -> cpu=7 (pid=103168)
[A:thread] Worker pinned host=1 client=8 -> cpu=8 (pid=103169)
[A:thread] Worker pinned host=1 client=9 -> cpu=9 (pid=103170)
[A:thread] Worker pinned host=1 client=10 -> cpu=10 (pid=103171)
[A:thread] Worker pinned host=1 client=11 -> cpu=11 (pid=103172)
[A:thread] Worker pinned host=1 client=12 -> cpu=12 (pid=103173)
[A:thread] Worker pinned host=1 client=13 -> cpu=13 (pid=103174)
[A:thread] Worker pinned host=1 client=14 -> cpu=14 (pid=103175)
[A:thread] Worker pinned host=1 client=15 -> cpu=15 (pid=103176)
[A:thread] Worker pinned host=1 client=16 -> cpu=16 (pid=103177)
[A:thread] Worker pinned host=1 client=17 -> cpu=17 (pid=103178)
[A:thread] Worker pinned host=1 client=18 -> cpu=18 (pid=103179)
[A:thread] Worker pinned host=1 client=19 -> cpu=19 (pid=103180)
[A:thread] Worker pinned host=1 client=20 -> cpu=20 (pid=103181)
[A:thread] Worker pinned host=1 client=21 -> cpu=21 (pid=103182)
[A:thread] Worker pinned host=1 client=22 -> cpu=22 (pid=103183)
[A:thread] Worker pinned host=1 client=23 -> cpu=23 (pid=103184)
[A:thread] Worker pinned host=1 client=24 -> cpu=24 (pid=103185)
[A:thread] Worker pinned host=1 client=25 -> cpu=25 (pid=103186)
[A:thread] Worker pinned host=1 client=26 -> cpu=26 (pid=103187)
[A:thread] Worker pinned host=1 client=27 -> cpu=27 (pid=103188)
[A:thread] Worker pinned host=1 client=28 -> cpu=28 (pid=103189)
[A:thread] Worker pinned host=1 client=29 -> cpu=29 (pid=103190)
[A:thread] Worker pinned host=1 client=30 -> cpu=30 (pid=103191)
[A:thread] Worker pinned host=1 client=31 -> cpu=31 (pid=103192)
[A:thread] Worker pinned host=1 client=32 -> cpu=32 (pid=103193)
[A:thread] Worker pinned host=1 client=33 -> cpu=33 (pid=103194)
[A:thread] Worker pinned host=1 client=34 -> cpu=34 (pid=103195)
[A:thread] Worker pinned host=1 client=35 -> cpu=35 (pid=103196)
[A:thread] Worker pinned host=1 client=36 -> cpu=36 (pid=103197)
[A:thread] Worker pinned host=1 client=37 -> cpu=37 (pid=103198)
[A:thread] Worker pinned host=1 client=38 -> cpu=38 (pid=103199)
[A:thread] Worker pinned host=1 client=39 -> cpu=39 (pid=103200)
[A:thread] Worker pinned host=1 client=40 -> cpu=40 (pid=103201)
[A:thread] Worker pinned host=1 client=41 -> cpu=41 (pid=103202)
[A:thread] Worker pinned host=1 client=42 -> cpu=42 (pid=103203)
[A:thread] Worker pinned host=1 client=43 -> cpu=43 (pid=103204)
[A:thread] Worker pinned host=1 client=44 -> cpu=44 (pid=103205)
[A:thread] Worker pinned host=1 client=45 -> cpu=45 (pid=103206)
[A:thread] Worker pinned host=1 client=46 -> cpu=46 (pid=103207)
[A:thread] Worker pinned host=1 client=47 -> cpu=47 (pid=103208)
[A:thread] Worker pinned host=1 client=48 -> cpu=48 (pid=103209)
[A:thread] Worker pinned host=1 client=49 -> cpu=49 (pid=103210)
[A:thread] Worker pinned host=1 client=50 -> cpu=50 (pid=103211)
[A:thread] Worker pinned host=1 client=51 -> cpu=51 (pid=103212)
[A:thread] Worker pinned host=1 client=52 -> cpu=52 (pid=103213)
[A:thread] Worker pinned host=1 client=53 -> cpu=53 (pid=103214)
[A:thread] Worker pinned host=1 client=54 -> cpu=54 (pid=103215)
[A:thread] Worker pinned host=1 client=55 -> cpu=55 (pid=103216)
[A:thread] Worker pinned host=1 client=56 -> cpu=56 (pid=103217)
[A:thread] Worker pinned host=1 client=57 -> cpu=57 (pid=103218)
[A:thread] Worker pinned host=1 client=58 -> cpu=58 (pid=103219)
[A:thread] Worker pinned host=1 client=59 -> cpu=59 (pid=103220)
[A:thread] Worker pinned host=1 client=60 -> cpu=60 (pid=103221)
[A:thread] Worker pinned host=1 client=61 -> cpu=61 (pid=103222)
[A:thread] Worker pinned host=1 client=62 -> cpu=62 (pid=103223)
[A:thread] Worker pinned host=1 client=0 -> cpu=0 (pid=103161)
[A:thread] Worker pinned host=1 client=63 -> cpu=63 (pid=103224)
[A:thread] WriteRecv0 pid=103161 tid=139820332484288 cpu=64 host=1 rings=[0,1]
[A:thread] WriteRecv6 pid=103161 tid=139820282128064 cpu=70 host=1 rings=[12,13]
[A:thread] WriteRecv1 pid=103161 tid=139820324091584 cpu=65 host=1 rings=[2[A:thread] WriteRecv7 pid=103161 tid=139820273735360 cpu=71 host=1 rings=[14,15]
[A:thread] WriteRecv4 pid=103161 tid=139820298913472 cpu=68 host=1 rings=[8,9]
[A:thread] WriteRecv2 pid=103161 tid=139820315698880 cpu=66 host=1 rings=[[A:thread] WriteRecv3 pid=103161 tid=139820307306176 cpu=67 host=1 rings=[,3]
4,5[A:thread] WriteRecv5 pid=103161 tid=139820290520768 cpu=69 host=1 rings=[10,11]
]
6,7]
[A:thread] ReadRecv0 pid=103161 tid=139820265342656 cpu=72 host=1 rings=[0,1]
[A:thread] ReadRecv2 pid=103161 tid=139820248557248 cpu=74 host=1 rings=[4,5]
[A:thread] ReadRecv3 pid=103161 tid=139820097799872 cpu=75 host=1 rings=[[A:thread] ReadRecv5 pid=103161 tid=139820081014464 cpu=77 host=1 rings=[[A:thread] ReadRecv6 pid=103161 tid=139799887345344 cpu=78 host=1 rings=[13,14,15]
[A:thread] ReadRecv4 pid=103161 tid=139820089407168 cpu=76 host=1 rings=[9,10]
[A:thread] ReadRecv1 pid=103161 tid=139820256949952 cpu=73 host=1 rings=[2,3]
11,12]
6,7,8]
[A:thread] InvalRecv0 pid=103161 tid=139799878952640 cpu=79 host=1 rings=[0,1]
[A:thread] InvalRecv1 pid=103161 tid=139799870559936 cpu=80 host=1 rings=[2,3]
[A:thread] InvalRecv2 pid=103161 tid=139799862167232 cpu=81 host=1 rings=[4,5]
[A:thread] InvalRecv3 pid=103161 tid=139799853774528 cpu=82 host=1 rings=[6,7,8]
[A:thread] InvalRecv4 pid=103161 tid=139799574869696 cpu=83 host=1 rings=[9,10[A:thread] InvalRecv5 pid=103161 tid=139799566476992 cpu=84 host=1 rings=[11,12]
]
[A:thread] InvalRecv6 pid=103161 tid=139799558084288 cpu=85 host=1 rings=[13,14,15]
[A:thread] ReservHandler pid=103161 tid=139799549691584 pinned cpu=85 (host_id=1)
[A:tls] worker host=1 client=38 entries=1024 (~1088 KiB)
[A:tls] worker host=1 client=37 entries=1024 (~1088 KiB)
[A:tls] worker host=1 client=14 entries=1024 (~1088 KiB)
[A:tls] worker host=1 client=12 entries=1024 (~1088 KiB)
[A:tls] worker host=1 client=13 entries=1024 (~1088 KiB)
[A:tls] worker host=1 client=23 entries=1024 (~1088 KiB)
[A:tls] worker host=1 client=3 entries=1024 (~1088 KiB)
[A:tls] worker host=1 client=4 entries=1024 (~1088 KiB)
[A:tls] worker host=1 client=42 entries=1024 (~1088 KiB)
[A:tls] worker host=1 client=19 entries=1024 (~1088 KiB)
[A:tls] worker host=1 client=9 entries=1024 (~1088 KiB)
[A:tls] worker host=1 client=30 entries=1024 (~1088 KiB)
[A:tls] worker host=1 client=21 entries=1024 (~1088 KiB)
[A:tls] worker host=1 client=35 entries=1024 (~1088 KiB)
[A:tls] worker host=1 client=8 entries=1024 (~1088 KiB)
[A:tls] worker host=1 client=15 entries=1024 (~1088 KiB)
[A:tls] worker host=1 client=31 entries=1024 (~1088 KiB)
[A:tls] worker host=1 client=34 entries=1024 (~1088 KiB)
[A:tls] worker host=1 client=48 entries=1024 (~1088 KiB)
[A:tls] worker host=1 client=0 entries=1024 (~1088 KiB)
[A:tls] worker host=1 client=26 entries=1024 (~1088 KiB)
[A:tls] worker host=1 client=63 entries=1024 (~1088 KiB)
[A:tls] worker host=1 client=45 entries=1024 (~1088 KiB)
[A:tls] worker host=1 client=41 entries=1024 (~1088 KiB)
[A:tls] worker host=1 client=20 entries=1024 (~1088 KiB)
[A:tls] worker host=1 client=11 entries=1024 (~1088 KiB)
[A:tls] worker host=1 client=39 entries=1024 (~1088 KiB)
[A:tls] worker host=1 client=62 entries=1024 (~1088 KiB)
[A:tls] worker host=1 client=2 entries=1024 (~1088 KiB)
[A:tls] worker host=1 client=59 entries=1024 (~1088 KiB)
[A:tls] worker host=1 client=18 entries=1024 (~1088 KiB)
[A:tls] worker host=1 client=28 entries=1024 (~1088 KiB)
[A:tls] worker host=1 client=40 entries=1024 (~1088 KiB)
[A:tls] worker host=1 client=29 entries=1024 (~1088 KiB)
[A:tls] worker host=1 client=49 entries=1024 (~1088 KiB)
[A:tls] worker host=1 client=22 entries=1024 (~1088 KiB)
[A:tls] worker host=1 client=43 entries=1024 (~1088 KiB)
[A:tls] worker host=1 client=47 entries=1024 (~1088 KiB)
[A:tls] worker host=1 client=44 entries=1024 (~1088 KiB)
[A:tls] worker host=1 client=46 entries=1024 (~1088 KiB)
[A:tls] worker host=1 client=17 entries=1024 (~1088 KiB)
[A:tls] worker host=1 client=55 entries=1024 (~1088 KiB)
[A:tls] worker host=1 client=33 entries=1024 (~1088 KiB)
[A:tls] worker host=1 client=50 entries=1024 (~1088 KiB)
[A:tls] worker host=1 client=51 entries=1024 (~1088 KiB)
[A:tls] worker host=1 client=32 entries=1024 (~1088 KiB)
[A:tls] worker host=1 client=52 entries=1024 (~1088 KiB)
[A:tls] worker host=1 client=36 entries=1024 (~1088 KiB)
[A:tls] worker host=1 client=24 entries=1024 (~1088 KiB)
[A:tls] worker host=1 client=54 entries=1024 (~1088 KiB)
[A:tls] worker host=1 client=6 entries=1024 (~1088 KiB)
[A:tls] worker host=1 client=1 entries=1024 (~1088 KiB)
[A:tls] worker host=1 client=58 entries=1024 (~1088 KiB)
[A:tls] worker host=1 client=27 entries=1024 (~1088 KiB)
[A:tls] worker host=1 client=10 entries=1024 (~1088 KiB)
[A:tls] worker host=1 client=5 entries=1024 (~1088 KiB)
[A:tls] worker host=1 client=25 entries=1024 (~1088 KiB)
[A:tls] worker host=1 client=61 entries=1024 (~1088 KiB)
[A:tls] worker host=1 client=56 entries=1024 (~1088 KiB)
[A:tls] worker host=1 client=60 entries=1024 (~1088 KiB)
[A:tls] worker host=1 client=57 entries=1024 (~1088 KiB)
[A:tls] worker host=1 client=7 entries=1024 (~1088 KiB)
[A:tls] worker host=1 client=53 entries=1024 (~1088 KiB)
[A:tls] worker host=1 client=16 entries=1024 (~1088 KiB)
# PATH host=1 label=after_LOAD tid=139820332697728 r0_tls=0 r2hit=0 r2miss_local=0 r3=0 cpool_ins_r=0 local_w=2500802 fwd_w=0 local_w_blk_fwd=0 local_w_stg_fwd=0 cpool_ins_w=2500790 cp_evict=0 cp_set_stale=0 cp_lru_evict=1976502 rh_served=0
# PATH host=1 label=after_LOAD tid=139820089407168 r0_tls=0 r2hit=0 r2miss_local=0 r3=0 cpool_ins_r=0 local_w=0 fwd_w=0 local_w_blk_fwd=0 local_w_stg_fwd=0 cpool_ins_w=0 cp_evict=0 cp_set_stale=0 cp_lru_evict=0 rh_served=64103
# PATH host=1 label=after_LOAD tid=139820248557248 r0_tls=0 r2hit=0 r2miss_local=0 r3=0 cpool_ins_r=0 local_w=0 fwd_w=0 local_w_blk_fwd=0 local_w_stg_fwd=0 cpool_ins_w=0 cp_evict=0 cp_set_stale=0 cp_lru_evict=0 rh_served=63145
# PATH host=1 label=after_LOAD tid=139820256949952 r0_tls=0 r2hit=0 r2miss_local=0 r3=0 cpool_ins_r=0 local_w=0 fwd_w=0 local_w_blk_fwd=0 local_w_stg_fwd=0 cpool_ins_w=0 cp_evict=0 cp_set_stale=0 cp_lru_evict=0 rh_served=64122
# PATH host=1 label=after_LOAD tid=139820081014464 r0_tls=0 r2hit=0 r2miss_local=0 r3=0 cpool_ins_r=0 local_w=0 fwd_w=0 local_w_blk_fwd=0 local_w_stg_fwd=0 cpool_ins_w=0 cp_evict=0 cp_set_stale=0 cp_lru_evict=0 rh_served=66123
# PATH host=1 label=after_LOAD tid=139820097799872 r0_tls=0 r2hit=0 r2miss_local=0 r3=0 cpool_ins_r=0 local_w=0 fwd_w=0 local_w_blk_fwd=0 local_w_stg_fwd=0 cpool_ins_w=0 cp_evict=0 cp_set_stale=0 cp_lru_evict=0 rh_served=65224
# PATH host=1 label=after_LOAD tid=139799887345344 r0_tls=0 r2hit=0 r2miss_local=0 r3=0 cpool_ins_r=0 local_w=0 fwd_w=0 local_w_blk_fwd=0 local_w_stg_fwd=0 cpool_ins_w=0 cp_evict=0 cp_set_stale=0 cp_lru_evict=0 rh_served=62813
# PATH host=1 label=after_LOAD tid=139820265342656 r0_tls=0 r2hit=0 r2miss_local=0 r3=0 cpool_ins_r=0 local_w=0 fwd_w=0 local_w_blk_fwd=0 local_w_stg_fwd=0 cpool_ins_w=0 cp_evict=0 cp_set_stale=0 cp_lru_evict=0 rh_served=67100
# PATH host=1 label=after_LOAD AGG r0_tls=0 r2hit=0 r2miss_local=0 r3=0 cpool_ins_r=0 local_w=2500802 fwd_w=0 local_w_blk_fwd=0 local_w_stg_fwd=0 cpool_ins_w=2500790 cp_evict=0 cp_set_stale=0 cp_lru_evict=1976502 rh_served=452631
bash: line 1: 103161 Segmentation fault      FUSEE_NUM_HOSTS=2 FUSEE_HOST_ID=1 FUSEE_NUM_THREADS=64 FUSEE_RUN_COOKIE=882228884 FUSEE_REP=2 FUSEE_CACHE=0 FUSEE_WORKLOAD_NAME=xhost_read FUSEE_KV_SIZE=1024 FUSEE_CACHE_BUCKETS=131072 FUSEE_RING_SHARDS_FACTOR=4 FUSEE_RING_ROUTING=worker_id ./tests/protocol_a_ycsb /dev/dax0.0 /tmp/microbench_traces/bench_xhost_read_uniform_h1.spec_load /tmp/microbench_traces/bench_xhost_read_uniform_h1.spec_trans 8388608 5000000 2>&1
