[A:cfg] ring_sharding T=32 N=0 (disabled) -> shards=1 block=32 routing=worker_id
[A:thread] Worker pinned host=0 client=1 -> cpu=1 (pid=100926)
[A:thread] Worker pinned host=0 client=2 -> cpu=2 (pid=100927)
[A:thread] Worker pinned host=0 client=3 -> cpu=3 (pid=100928)
[A:thread] Worker pinned host=0 client=4 -> cpu=4 (pid=100929)
[A:thread] Worker pinned host=0 client=5 -> cpu=5 (pid=100930)
[A:thread] Worker pinned host=0 client=6 -> cpu=6 (pid=100931)
[A:thread] Worker pinned host=0 client=7 -> cpu=7 (pid=100932)
[A:thread] Worker pinned host=0 client=8 -> cpu=8 (pid=100933)
[A:thread] Worker pinned host=0 client=9 -> cpu=9 (pid=100934)
[A:thread] Worker pinned host=0 client=10 -> cpu=10 (pid=100935)
[A:thread] Worker pinned host=0 client=11 -> cpu=11 (pid=100936)
[A:thread] Worker pinned host=0 client=12 -> cpu=12 (pid=100937)
[A:thread] Worker pinned host=0 client=13 -> cpu=13 (pid=100938)
[A:thread] Worker pinned host=0 client=14 -> cpu=14 (pid=100939)
[A:thread] Worker pinned host=0 client=15 -> cpu=15 (pid=100940)
[A:thread] Worker pinned host=0 client=16 -> cpu=16 (pid=100941)
[A:thread] Worker pinned host=0 client=17 -> cpu=17 (pid=100942)
[A:thread] Worker pinned host=0 client=18 -> cpu=18 (pid=100943)
[A:thread] Worker pinned host=0 client=19 -> cpu=19 (pid=100944)
[A:thread] Worker pinned host=0 client=20 -> cpu=20 (pid=100945)
[A:thread] Worker pinned host=0 client=21 -> cpu=21 (pid=100946)
[A:thread] Worker pinned host=0 client=22 -> cpu=22 (pid=100947)
[A:thread] Worker pinned host=0 client=23 -> cpu=23 (pid=100948)
[A:thread] Worker pinned host=0 client=24 -> cpu=24 (pid=100949)
[A:thread] Worker pinned host=0 client=25 -> cpu=25 (pid=100950)
[A:thread] Worker pinned host=0 client=26 -> cpu=26 (pid=100951)
[A:thread] Worker pinned host=0 client=27 -> cpu=27 (pid=100952)
[A:thread] Worker pinned host=0 client=28 -> cpu=28 (pid=100953)
[A:thread] Worker pinned host=0 client=0 -> cpu=0 (pid=100925)
[A:thread] Worker pinned host=0 client=29 -> cpu=29 (pid=100954)
[A:thread] Worker pinned host=0 client=30 -> cpu=30 (pid=100955)
[A:thread] Worker pinned host=0 client=31 -> cpu=31 (pid=100956)
[A:thread] WriteRecv0 pid=100925 tid=139661496506048 cpu=64 host=0 rings=[0]
[A:thread] ReadRecv0 pid=100925 tid=139661488113344 cpu=65 host=0 rings=[0]
[A:thread] InvalRecv0 pid=100925 tid=139661479720640 cpu=66 host=0 rings=[0]
[A:thread] ReservHandler pid=100925 tid=139661471327936 pinned cpu=85 (host_id=0)
[A:tls] worker host=0 client=18 entries=1024 (~1088 KiB)
[A:tls] worker host=0 client=19 entries=1024 (~1088 KiB)
[A:tls] worker host=0 client=2 entries=1024 (~1088 KiB)
[A:tls] worker host=0 client=27 entries=1024 (~1088 KiB)
[A:tls] worker host=0 client=23 entries=1024 (~1088 KiB)
[A:tls] worker host=0 client=30 entries=1024 (~1088 KiB)
[A:tls] worker host=0 client=31 entries=1024 (~1088 KiB)
[A:tls] worker host=0 client=21 entries=1024 (~1088 KiB)
[A:tls] worker host=0 client=7 entries=1024 (~1088 KiB)
[A:tls] worker host=0 client=14 entries=1024 (~1088 KiB)
[A:tls] worker host=0 client=25 entries=1024 (~1088 KiB)
[A:tls] worker host=0 client=1 entries=1024 (~1088 KiB)
[A:tls] worker host=0 client=28 entries=1024 (~1088 KiB)
[A:tls] worker host=0 client=16 entries=1024 (~1088 KiB)
[A:tls] worker host=0 client=12 entries=1024 (~1088 KiB)
[A:tls] worker host=0 client=4 entries=1024 (~1088 KiB)
[A:tls] worker host=0 client=0 entries=1024 (~1088 KiB)
[A:tls] worker host=0 client=3 entries=1024 (~1088 KiB)
[A:tls] worker host=0 client=10 entries=1024 (~1088 KiB)
[A:tls] worker host=0 client=6 entries=1024 (~1088 KiB)
[A:tls] worker host=0 client=5 entries=1024 (~1088 KiB)
[A:tls] worker host=0 client=9 entries=1024 (~1088 KiB)
[A:tls] worker host=0 client=15 entries=1024 (~1088 KiB)
[A:tls] worker host=0 client=11 entries=1024 (~1088 KiB)
[A:tls] worker host=0 client=22 entries=1024 (~1088 KiB)
[A:tls] worker host=0 client=17 entries=1024 (~1088 KiB)
[A:tls] worker host=0 client=24 entries=1024 (~1088 KiB)
[A:tls] worker host=0 client=20 entries=1024 (~1088 KiB)
[A:tls] worker host=0 client=26 entries=1024 (~1088 KiB)
[A:tls] worker host=0 client=29 entries=1024 (~1088 KiB)
[A:tls] worker host=0 client=13 entries=1024 (~1088 KiB)
[A:tls] worker host=0 client=8 entries=1024 (~1088 KiB)
# PATH host=0 label=after_LOAD tid=139661496719488 r0_tls=0 r2hit=0 r2miss_local=0 r3=0 cpool_ins_r=0 local_w=2500535 fwd_w=0 local_w_blk_fwd=0 local_w_stg_fwd=0 cpool_ins_w=2500534 cp_evict=0 cp_set_stale=0 cp_lru_evict=1976246 rh_served=0
# PATH host=0 label=after_LOAD AGG r0_tls=0 r2hit=0 r2miss_local=0 r3=0 cpool_ins_r=0 local_w=2500535 fwd_w=0 local_w_blk_fwd=0 local_w_stg_fwd=0 cpool_ins_w=2500534 cp_evict=0 cp_set_stale=0 cp_lru_evict=1976246 rh_served=0
YCSB opt=A cache=0 num_hosts=2 threads=32 threads_eff=32 rep=2 load_ops=5000000 load_thpt=328775 trans_ops=5000000 trans_wall_max=9.855986 trans_agg_thpt=507305 w_avg_ns=0 w_p50_ns=0 w_p99_ns=0 r_avg_ns=123460 r_p50_ns=131078 r_p99_ns=140584 first_op_ns_max=207506 first_op_ns_avg=122843 ops_to_first_ns_max=1113650 ops_to_first_ns_avg=329472 # xhost_read_optA_t32_cacheoff_rep2
# PATH host=0 label=after_TRANS tid=139661496719488 r0_tls=0 r2hit=1586 r2miss_local=0 r3=76539 cpool_ins_r=23819 local_w=2500535 fwd_w=0 local_w_blk_fwd=0 local_w_stg_fwd=0 cpool_ins_w=2500534 cp_evict=0 cp_set_stale=0 cp_lru_evict=2000065 rh_served=0
# PATH host=0 label=after_TRANS tid=139661488113344 r0_tls=0 r2hit=0 r2miss_local=0 r3=0 cpool_ins_r=0 local_w=0 fwd_w=0 local_w_blk_fwd=0 local_w_stg_fwd=0 cpool_ins_w=0 cp_evict=0 cp_set_stale=0 cp_lru_evict=0 rh_served=2450578
# PATH host=0 label=after_TRANS AGG r0_tls=0 r2hit=1586 r2miss_local=0 r3=76539 cpool_ins_r=23819 local_w=2500535 fwd_w=0 local_w_blk_fwd=0 local_w_stg_fwd=0 cpool_ins_w=2500534 cp_evict=0 cp_set_stale=0 cp_lru_evict=2000065 rh_served=2450578
# CACHE_FILL host=0 cache_buckets=131072 capacity=524288 filled=524288 stale=0 tomb=0 fill_pct=100.000
