[A:cfg] ring_sharding T=4 N=4 -> shards=1 block=4 routing=worker_id
[A:thread] Worker pinned host=0 client=1 -> cpu=1 (pid=96466)
[A:thread] Worker pinned host=0 client=0 -> cpu=0 (pid=96465)
[A:thread] Worker pinned host=0 client=2 -> cpu=2 (pid=96467)
[A:thread] Worker pinned host=0 client=3 -> cpu=3 (pid=96468)
[A:thread] WriteRecv0 pid=96465 tid=140587795068608 cpu=64 host=0 rings=[0]
[A:thread] ReadRecv0 pid=96465 tid=140587786675904 cpu=65 host=0 rings=[0]
[A:thread] InvalRecv0 pid=96465 tid=140587778283200 cpu=66 host=0 rings=[0]
[A:tls] worker host=0 client=2 entries=1024 (~1088 KiB)
[A:tls] worker host=0 client=1 entries=1024 (~1088 KiB)
[A:tls] worker host=0 client=3 entries=1024 (~1088 KiB)
[A:tls] worker host=0 client=0 entries=1024 (~1088 KiB)
[A:thread] ReservHandler pid=96465 tid=140587769890496 pinned cpu=85 (host_id=0)
# PATH host=0 label=after_LOAD tid=140587795282048 r0_tls=0 r2hit=0 r2miss_local=0 r3=0 cpool_ins_r=0 local_w=2500535 fwd_w=0 local_w_blk_fwd=0 local_w_stg_fwd=0 cpool_ins_w=2500534 cp_evict=0 cp_set_stale=0 cp_lru_evict=1976246 rh_served=0
# PATH host=0 label=after_LOAD AGG r0_tls=0 r2hit=0 r2miss_local=0 r3=0 cpool_ins_r=0 local_w=2500535 fwd_w=0 local_w_blk_fwd=0 local_w_stg_fwd=0 cpool_ins_w=2500534 cp_evict=0 cp_set_stale=0 cp_lru_evict=1976246 rh_served=0
YCSB opt=A cache=0 num_hosts=2 threads=4 threads_eff=4 rep=3 load_ops=5000000 load_thpt=338881 trans_ops=5000000 trans_wall_max=11.113123 trans_agg_thpt=449918 w_avg_ns=0 w_p50_ns=0 w_p99_ns=0 r_avg_ns=19276 r_p50_ns=21566 r_p99_ns=25149 first_op_ns_max=137903 first_op_ns_avg=40796 ops_to_first_ns_max=216763 ops_to_first_ns_avg=94427 # xhost_read_optA_t4_cacheoff_rep3
# PATH host=0 label=after_TRANS tid=140587795282048 r0_tls=0 r2hit=19419 r2miss_local=0 r3=605581 cpool_ins_r=186334 local_w=2500535 fwd_w=0 local_w_blk_fwd=0 local_w_stg_fwd=0 cpool_ins_w=2500534 cp_evict=0 cp_set_stale=0 cp_lru_evict=2162580 rh_served=0
# PATH host=0 label=after_TRANS tid=140587786675904 r0_tls=0 r2hit=0 r2miss_local=0 r3=0 cpool_ins_r=0 local_w=0 fwd_w=0 local_w_blk_fwd=0 local_w_stg_fwd=0 cpool_ins_w=0 cp_evict=0 cp_set_stale=0 cp_lru_evict=0 rh_served=2421406
# PATH host=0 label=after_TRANS AGG r0_tls=0 r2hit=19419 r2miss_local=0 r3=605581 cpool_ins_r=186334 local_w=2500535 fwd_w=0 local_w_blk_fwd=0 local_w_stg_fwd=0 cpool_ins_w=2500534 cp_evict=0 cp_set_stale=0 cp_lru_evict=2162580 rh_served=2421406
# CACHE_FILL host=0 cache_buckets=131072 capacity=524288 filled=524288 stale=0 tomb=0 fill_pct=100.000
