[A:cfg] ring_sharding T=64 N=8 -> shards=8 block=8 routing=key_hash
[A:thread] Worker pinned host=1 client=1 -> cpu=1 (pid=104937)
[A:thread] Worker pinned host=1 client=2 -> cpu=2 (pid=104938)
[A:thread] Worker pinned host=1 client=3 -> cpu=3 (pid=104939)
[A:thread] Worker pinned host=1 client=4 -> cpu=4 (pid=104940)
[A:thread] Worker pinned host=1 client=5 -> cpu=5 (pid=104941)
[A:thread] Worker pinned host=1 client=6 -> cpu=6 (pid=104942)
[A:thread] Worker pinned host=1 client=7 -> cpu=7 (pid=104943)
[A:thread] Worker pinned host=1 client=8 -> cpu=8 (pid=104944)
[A:thread] Worker pinned host=1 client=9 -> cpu=9 (pid=104945)
[A:thread] Worker pinned host=1 client=10 -> cpu=10 (pid=104946)
[A:thread] Worker pinned host=1 client=11 -> cpu=11 (pid=104947)
[A:thread] Worker pinned host=1 client=12 -> cpu=12 (pid=104948)
[A:thread] Worker pinned host=1 client=13 -> cpu=13 (pid=104949)
[A:thread] Worker pinned host=1 client=14 -> cpu=14 (pid=104950)
[A:thread] Worker pinned host=1 client=15 -> cpu=15 (pid=104951)
[A:thread] Worker pinned host=1 client=16 -> cpu=16 (pid=104952)
[A:thread] Worker pinned host=1 client=17 -> cpu=17 (pid=104953)
[A:thread] Worker pinned host=1 client=18 -> cpu=18 (pid=104954)
[A:thread] Worker pinned host=1 client=19 -> cpu=19 (pid=104955)
[A:thread] Worker pinned host=1 client=20 -> cpu=20 (pid=104956)
[A:thread] Worker pinned host=1 client=21 -> cpu=21 (pid=104957)
[A:thread] Worker pinned host=1 client=22 -> cpu=22 (pid=104958)
[A:thread] Worker pinned host=1 client=23 -> cpu=23 (pid=104959)
[A:thread] Worker pinned host=1 client=24 -> cpu=24 (pid=104960)
[A:thread] Worker pinned host=1 client=25 -> cpu=25 (pid=104961)
[A:thread] Worker pinned host=1 client=26 -> cpu=26 (pid=104962)
[A:thread] Worker pinned host=1 client=27 -> cpu=27 (pid=104963)
[A:thread] Worker pinned host=1 client=28 -> cpu=28 (pid=104964)
[A:thread] Worker pinned host=1 client=29 -> cpu=29 (pid=104965)
[A:thread] Worker pinned host=1 client=30 -> cpu=30 (pid=104966)
[A:thread] Worker pinned host=1 client=31 -> cpu=31 (pid=104967)
[A:thread] Worker pinned host=1 client=32 -> cpu=32 (pid=104968)
[A:thread] Worker pinned host=1 client=33 -> cpu=33 (pid=104969)
[A:thread] Worker pinned host=1 client=34 -> cpu=34 (pid=104970)
[A:thread] Worker pinned host=1 client=35 -> cpu=35 (pid=104971)
[A:thread] Worker pinned host=1 client=36 -> cpu=36 (pid=104972)
[A:thread] Worker pinned host=1 client=37 -> cpu=37 (pid=104973)
[A:thread] Worker pinned host=1 client=38 -> cpu=38 (pid=104974)
[A:thread] Worker pinned host=1 client=39 -> cpu=39 (pid=104975)
[A:thread] Worker pinned host=1 client=40 -> cpu=40 (pid=104976)
[A:thread] Worker pinned host=1 client=41 -> cpu=41 (pid=104977)
[A:thread] Worker pinned host=1 client=42 -> cpu=42 (pid=104978)
[A:thread] Worker pinned host=1 client=43 -> cpu=43 (pid=104979)
[A:thread] Worker pinned host=1 client=44 -> cpu=44 (pid=104980)
[A:thread] Worker pinned host=1 client=45 -> cpu=45 (pid=104981)
[A:thread] Worker pinned host=1 client=46 -> cpu=46 (pid=104982)
[A:thread] Worker pinned host=1 client=47 -> cpu=47 (pid=104983)
[A:thread] Worker pinned host=1 client=48 -> cpu=48 (pid=104984)
[A:thread] Worker pinned host=1 client=49 -> cpu=49 (pid=104985)
[A:thread] Worker pinned host=1 client=50 -> cpu=50 (pid=104986)
[A:thread] Worker pinned host=1 client=51 -> cpu=51 (pid=104987)
[A:thread] Worker pinned host=1 client=52 -> cpu=52 (pid=104988)
[A:thread] Worker pinned host=1 client=53 -> cpu=53 (pid=104989)
[A:thread] Worker pinned host=1 client=54 -> cpu=54 (pid=104990)
[A:thread] Worker pinned host=1 client=55 -> cpu=55 (pid=104991)
[A:thread] Worker pinned host=1 client=56 -> cpu=56 (pid=104992)
[A:thread] Worker pinned host=1 client=57 -> cpu=57 (pid=104993)
[A:thread] Worker pinned host=1 client=58 -> cpu=58 (pid=104994)
[A:thread] Worker pinned host=1 client=59 -> cpu=59 (pid=104995)
[A:thread] Worker pinned host=1 client=60 -> cpu=60 (pid=104996)
[A:thread] Worker pinned host=1 client=61 -> cpu=61 (pid=104997)
[A:thread] Worker pinned host=1 client=62 -> cpu=62 (pid=104998)
[A:thread] Worker pinned host=1 client=0 -> cpu=0 (pid=104913)
[A:thread] Worker pinned host=1 client=63 -> cpu=63 (pid=104999)
[A:thread] WriteRecv0 pid=104913 tid=139857785325248 cpu=64 host=1 rings=[0]
[A:thread] WriteRecv1 pid=104913 tid=139857776932544 cpu=65 host=1 rings=[1]
[A:thread] WriteRecv2 pid=104913 tid=139857768539840 cpu=66 host=1 rings=[2]
[A:thread] WriteRecv3 pid=104913 tid=139857760147136 cpu=67 host=1 rings=[3]
[A:thread] WriteRecv4 pid=104913 tid=139857751754432 cpu=68 host=1 rings=[4]
[A:thread] WriteRecv5 pid=104913 tid=139857743361728 cpu=69 host=1 rings=[5]
[A:thread] WriteRecv6 pid=104913 tid=139857734969024 cpu=70 host=1 rings=[6]
[A:thread] WriteRecv7 pid=104913 tid=139857726576320 cpu=71 host=1 rings=[7]
[A:thread] ReadRecv0 pid=104913 tid=139857718183616 cpu=72 host=1 rings=[0]
[A:thread] ReadRecv1 pid=104913 tid=139857709790912 cpu=73 host=1 rings=[1]
[A:thread] ReadRecv2 pid=104913 tid=139857701398208 cpu=74 host=1 rings=[2]
[A:thread] ReadRecv3 pid=104913 tid=139857550640832 cpu=75 host=1 rings=[3]
[A:thread] ReadRecv4 pid=104913 tid=139857542248128 cpu=76 host=1 rings=[4]
[A:thread] ReadRecv5 pid=104913 tid=139857533855424 cpu=77 host=1 rings=[5]
[A:thread] ReadRecv6 pid=104913 tid=139837340382912 cpu=78 host=1 rings=[6,7]
[A:thread] InvalRecv0 pid=104913 tid=139837331990208 cpu=79 host=1 rings=[0]
[A:thread] InvalRecv1 pid=104913 tid=139837323597504 cpu=80 host=1 rings=[1]
[A:thread] InvalRecv2 pid=104913 tid=139837315204800 cpu=81 host=1 rings=[2]
[A:thread] InvalRecv3 pid=104913 tid=139837306812096 cpu=82 host=1 rings=[3]
[A:thread] InvalRecv4 pid=104913 tid=139837088724672 cpu=83 host=1 rings=[4]
[A:thread] InvalRecv5 pid=104913 tid=139837080331968 cpu=84 host=1 rings=[5]
[A:thread] InvalRecv6 pid=104913 tid=139837071939264 cpu=85 host=1 rings=[6,7]
[A:thread] ReservHandler pid=104913 tid=139837063546560 pinned cpu=85 (host_id=1)
[A:tls] worker host=1 client=17 entries=1024 (~1088 KiB)
[A:tls] worker host=1 client=40 entries=1024 (~1088 KiB)
[A:tls] worker host=1 client=33 entries=1024 (~1088 KiB)
[A:tls] worker host=1 client=10 entries=1024 (~1088 KiB)
[A:tls] worker host=1 client=21 entries=1024 (~1088 KiB)
[A:tls] worker host=1 client=46 entries=1024 (~1088 KiB)
[A:tls] worker host=1 client=11 entries=1024 (~1088 KiB)
[A:tls] worker host=1 client=51 entries=1024 (~1088 KiB)
[A:tls] worker host=1 client=36 entries=1024 (~1088 KiB)
[A:tls] worker host=1 client=15 entries=1024 (~1088 KiB)
[A:tls] worker host=1 client=34 entries=1024 (~1088 KiB)
[A:tls] worker host=1 client=48 entries=1024 (~1088 KiB)
[A:tls] worker host=1 client=20 entries=1024 (~1088 KiB)
[A:tls] worker host=1 client=32 entries=1024 (~1088 KiB)
[A:tls] worker host=1 client=4 entries=1024 (~1088 KiB)
[A:tls] worker host=1 client=7 entries=1024 (~1088 KiB)
[A:tls] worker host=1 client=41 entries=1024 (~1088 KiB)
[A:tls] worker host=1 client=60 entries=1024 (~1088 KiB)
[A:tls] worker host=1 client=31 entries=1024 (~1088 KiB)
[A:tls] worker host=1 client=2 entries=1024 (~1088 KiB)
[A:tls] worker host=1 client=25 entries=1024 (~1088 KiB)
[A:tls] worker host=1 client=39 entries=1024 (~1088 KiB)
[A:tls] worker host=1 client=55 entries=1024 (~1088 KiB)
[A:tls] worker host=1 client=49 entries=1024 (~1088 KiB)
[A:tls] worker host=1 client=5 entries=1024 (~1088 KiB)
[A:tls] worker host=1 client=58 entries=1024 (~1088 KiB)
[A:tls] worker host=1 client=28 entries=1024 (~1088 KiB)
[A:tls] worker host=1 client=52 entries=1024 (~1088 KiB)
[A:tls] worker host=1 client=50 entries=1024 (~1088 KiB)
[A:tls] worker host=1 client=0 entries=1024 (~1088 KiB)
[A:tls] worker host=1 client=53 entries=1024 (~1088 KiB)
[A:tls] worker host=1 client=63 entries=1024 (~1088 KiB)
[A:tls] worker host=1 client=29 entries=1024 (~1088 KiB)
[A:tls] worker host=1 client=43 entries=1024 (~1088 KiB)
[A:tls] worker host=1 client=12 entries=1024 (~1088 KiB)
[A:tls] worker host=1 client=35 entries=1024 (~1088 KiB)
[A:tls] worker host=1 client=24 entries=1024 (~1088 KiB)
[A:tls] worker host=1 client=44 entries=1024 (~1088 KiB)
[A:tls] worker host=1 client=1 entries=1024 (~1088 KiB)
[A:tls] worker host=1 client=37 entries=1024 (~1088 KiB)
[A:tls] worker host=1 client=38 entries=1024 (~1088 KiB)
[A:tls] worker host=1 client=18 entries=1024 (~1088 KiB)
[A:tls] worker host=1 client=57 entries=1024 (~1088 KiB)
[A:tls] worker host=1 client=42 entries=1024 (~1088 KiB)
[A:tls] worker host=1 client=45 entries=1024 (~1088 KiB)
[A:tls] worker host=1 client=14 entries=1024 (~1088 KiB)
[A:tls] worker host=1 client=3 entries=1024 (~1088 KiB)
[A:tls] worker host=1 client=27 entries=1024 (~1088 KiB)
[A:tls] worker host=1 client=61 entries=1024 (~1088 KiB)
[A:tls] worker host=1 client=19 entries=1024 (~1088 KiB)
[A:tls] worker host=1 client=59 entries=1024 (~1088 KiB)
[A:tls] worker host=1 client=56 entries=1024 (~1088 KiB)
[A:tls] worker host=1 client=47 entries=1024 (~1088 KiB)
[A:tls] worker host=1 client=62 entries=1024 (~1088 KiB)
[A:tls] worker host=1 client=30 entries=1024 (~1088 KiB)
[A:tls] worker host=1 client=54 entries=1024 (~1088 KiB)
[A:tls] worker host=1 client=8 entries=1024 (~1088 KiB)
[A:tls] worker host=1 client=13 entries=1024 (~1088 KiB)
[A:tls] worker host=1 client=6 entries=1024 (~1088 KiB)
[A:tls] worker host=1 client=22 entries=1024 (~1088 KiB)
[A:tls] worker host=1 client=9 entries=1024 (~1088 KiB)
[A:tls] worker host=1 client=16 entries=1024 (~1088 KiB)
[A:tls] worker host=1 client=26 entries=1024 (~1088 KiB)
[A:tls] worker host=1 client=23 entries=1024 (~1088 KiB)
# PATH host=1 label=after_LOAD tid=139857785538688 r0_tls=0 r2hit=0 r2miss_local=0 r3=0 cpool_ins_r=0 local_w=2500802 fwd_w=0 local_w_blk_fwd=0 local_w_stg_fwd=0 cpool_ins_w=2500793 cp_evict=0 cp_set_stale=0 cp_lru_evict=1976505 rh_served=0
# PATH host=1 label=after_LOAD tid=139837340382912 r0_tls=0 r2hit=0 r2miss_local=0 r3=0 cpool_ins_r=0 local_w=0 fwd_w=0 local_w_blk_fwd=0 local_w_stg_fwd=0 cpool_ins_w=0 cp_evict=0 cp_set_stale=0 cp_lru_evict=0 rh_served=95711
# PATH host=1 label=after_LOAD tid=139857550640832 r0_tls=0 r2hit=0 r2miss_local=0 r3=0 cpool_ins_r=0 local_w=0 fwd_w=0 local_w_blk_fwd=0 local_w_stg_fwd=0 cpool_ins_w=0 cp_evict=0 cp_set_stale=0 cp_lru_evict=0 rh_served=47830
# PATH host=1 label=after_LOAD tid=139857701398208 r0_tls=0 r2hit=0 r2miss_local=0 r3=0 cpool_ins_r=0 local_w=0 fwd_w=0 local_w_blk_fwd=0 local_w_stg_fwd=0 cpool_ins_w=0 cp_evict=0 cp_set_stale=0 cp_lru_evict=0 rh_served=47676
# PATH host=1 label=after_LOAD tid=139857542248128 r0_tls=0 r2hit=0 r2miss_local=0 r3=0 cpool_ins_r=0 local_w=0 fwd_w=0 local_w_blk_fwd=0 local_w_stg_fwd=0 cpool_ins_w=0 cp_evict=0 cp_set_stale=0 cp_lru_evict=0 rh_served=47478
# PATH host=1 label=after_LOAD tid=139857709790912 r0_tls=0 r2hit=0 r2miss_local=0 r3=0 cpool_ins_r=0 local_w=0 fwd_w=0 local_w_blk_fwd=0 local_w_stg_fwd=0 cpool_ins_w=0 cp_evict=0 cp_set_stale=0 cp_lru_evict=0 rh_served=47766
# PATH host=1 label=after_LOAD tid=139857533855424 r0_tls=0 r2hit=0 r2miss_local=0 r3=0 cpool_ins_r=0 local_w=0 fwd_w=0 local_w_blk_fwd=0 local_w_stg_fwd=0 cpool_ins_w=0 cp_evict=0 cp_set_stale=0 cp_lru_evict=0 rh_served=48204
# PATH host=1 label=after_LOAD tid=139857718183616 r0_tls=0 r2hit=0 r2miss_local=0 r3=0 cpool_ins_r=0 local_w=0 fwd_w=0 local_w_blk_fwd=0 local_w_stg_fwd=0 cpool_ins_w=0 cp_evict=0 cp_set_stale=0 cp_lru_evict=0 rh_served=47460
# PATH host=1 label=after_LOAD AGG r0_tls=0 r2hit=0 r2miss_local=0 r3=0 cpool_ins_r=0 local_w=2500802 fwd_w=0 local_w_blk_fwd=0 local_w_stg_fwd=0 cpool_ins_w=2500793 cp_evict=0 cp_set_stale=0 cp_lru_evict=1976505 rh_served=382125
bash: line 1: 104913 Segmentation fault      FUSEE_NUM_HOSTS=2 FUSEE_HOST_ID=1 FUSEE_NUM_THREADS=64 FUSEE_RUN_COOKIE=597425902 FUSEE_REP=2 FUSEE_CACHE=0 FUSEE_WORKLOAD_NAME=xhost_read FUSEE_KV_SIZE=1024 FUSEE_CACHE_BUCKETS=131072 FUSEE_RING_SHARDS_FACTOR=8 FUSEE_RING_ROUTING=key_hash ./tests/protocol_a_ycsb /dev/dax0.0 /tmp/microbench_traces/bench_xhost_read_uniform_h1.spec_load /tmp/microbench_traces/bench_xhost_read_uniform_h1.spec_trans 8388608 5000000 2>&1
