[A:cfg] ring_sharding T=64 N=0 (disabled) -> shards=1 block=64 routing=worker_id
[A:thread] Worker pinned host=0 client=1 -> cpu=1 (pid=103062)
[A:thread] Worker pinned host=0 client=2 -> cpu=2 (pid=103063)
[A:thread] Worker pinned host=0 client=3 -> cpu=3 (pid=103064)
[A:thread] Worker pinned host=0 client=4 -> cpu=4 (pid=103065)
[A:thread] Worker pinned host=0 client=5 -> cpu=5 (pid=103066)
[A:thread] Worker pinned host=0 client=6 -> cpu=6 (pid=103067)
[A:thread] Worker pinned host=0 client=7 -> cpu=7 (pid=103068)
[A:thread] Worker pinned host=0 client=8 -> cpu=8 (pid=103069)
[A:thread] Worker pinned host=0 client=9 -> cpu=9 (pid=103070)
[A:thread] Worker pinned host=0 client=10 -> cpu=10 (pid=103071)
[A:thread] Worker pinned host=0 client=11 -> cpu=11 (pid=103072)
[A:thread] Worker pinned host=0 client=12 -> cpu=12 (pid=103073)
[A:thread] Worker pinned host=0 client=13 -> cpu=13 (pid=103074)
[A:thread] Worker pinned host=0 client=14 -> cpu=14 (pid=103075)
[A:thread] Worker pinned host=0 client=15 -> cpu=15 (pid=103076)
[A:thread] Worker pinned host=0 client=16 -> cpu=16 (pid=103077)
[A:thread] Worker pinned host=0 client=17 -> cpu=17 (pid=103078)
[A:thread] Worker pinned host=0 client=18 -> cpu=18 (pid=103079)
[A:thread] Worker pinned host=0 client=19 -> cpu=19 (pid=103080)
[A:thread] Worker pinned host=0 client=20 -> cpu=20 (pid=103081)
[A:thread] Worker pinned host=0 client=21 -> cpu=21 (pid=103082)
[A:thread] Worker pinned host=0 client=22 -> cpu=22 (pid=103083)
[A:thread] Worker pinned host=0 client=23 -> cpu=23 (pid=103084)
[A:thread] Worker pinned host=0 client=24 -> cpu=24 (pid=103085)
[A:thread] Worker pinned host=0 client=25 -> cpu=25 (pid=103086)
[A:thread] Worker pinned host=0 client=26 -> cpu=26 (pid=103087)
[A:thread] Worker pinned host=0 client=27 -> cpu=27 (pid=103088)
[A:thread] Worker pinned host=0 client=28 -> cpu=28 (pid=103089)
[A:thread] Worker pinned host=0 client=29 -> cpu=29 (pid=103090)
[A:thread] Worker pinned host=0 client=30 -> cpu=30 (pid=103091)
[A:thread] Worker pinned host=0 client=31 -> cpu=31 (pid=103092)
[A:thread] Worker pinned host=0 client=32 -> cpu=32 (pid=103093)
[A:thread] Worker pinned host=0 client=33 -> cpu=33 (pid=103094)
[A:thread] Worker pinned host=0 client=34 -> cpu=34 (pid=103095)
[A:thread] Worker pinned host=0 client=35 -> cpu=35 (pid=103096)
[A:thread] Worker pinned host=0 client=36 -> cpu=36 (pid=103097)
[A:thread] Worker pinned host=0 client=37 -> cpu=37 (pid=103098)
[A:thread] Worker pinned host=0 client=38 -> cpu=38 (pid=103099)
[A:thread] Worker pinned host=0 client=39 -> cpu=39 (pid=103100)
[A:thread] Worker pinned host=0 client=40 -> cpu=40 (pid=103101)
[A:thread] Worker pinned host=0 client=41 -> cpu=41 (pid=103102)
[A:thread] Worker pinned host=0 client=42 -> cpu=42 (pid=103103)
[A:thread] Worker pinned host=0 client=43 -> cpu=43 (pid=103104)
[A:thread] Worker pinned host=0 client=44 -> cpu=44 (pid=103105)
[A:thread] Worker pinned host=0 client=45 -> cpu=45 (pid=103106)
[A:thread] Worker pinned host=0 client=46 -> cpu=46 (pid=103107)
[A:thread] Worker pinned host=0 client=47 -> cpu=47 (pid=103108)
[A:thread] Worker pinned host=0 client=48 -> cpu=48 (pid=103109)
[A:thread] Worker pinned host=0 client=49 -> cpu=49 (pid=103110)
[A:thread] Worker pinned host=0 client=50 -> cpu=50 (pid=103111)
[A:thread] Worker pinned host=0 client=51 -> cpu=51 (pid=103112)
[A:thread] Worker pinned host=0 client=52 -> cpu=52 (pid=103113)
[A:thread] Worker pinned host=0 client=53 -> cpu=53 (pid=103114)
[A:thread] Worker pinned host=0 client=54 -> cpu=54 (pid=103115)
[A:thread] Worker pinned host=0 client=55 -> cpu=55 (pid=103116)
[A:thread] Worker pinned host=0 client=56 -> cpu=56 (pid=103117)
[A:thread] Worker pinned host=0 client=57 -> cpu=57 (pid=103118)
[A:thread] Worker pinned host=0 client=58 -> cpu=58 (pid=103119)
[A:thread] Worker pinned host=0 client=59 -> cpu=59 (pid=103120)
[A:thread] Worker pinned host=0 client=60 -> cpu=60 (pid=103121)
[A:thread] Worker pinned host=0 client=61 -> cpu=61 (pid=103122)
[A:thread] Worker pinned host=0 client=62 -> cpu=62 (pid=103123)
[A:thread] Worker pinned host=0 client=0 -> cpu=0 (pid=103055)
[A:thread] Worker pinned host=0 client=63 -> cpu=63 (pid=103124)
[A:thread] WriteRecv0 pid=103055 tid=140309161535168 cpu=64 host=0 rings=[0]
[A:thread] ReadRecv0 pid=103055 tid=140309153142464 cpu=65 host=0 rings=[0]
[A:thread] InvalRecv0 pid=103055 tid=140309144749760 cpu=66 host=0 rings=[0]
[A:thread] ReservHandler pid=103055 tid=140309136357056 pinned cpu=85 (host_id=0)
[A:tls] worker host=0 client=60 entries=1024 (~1088 KiB)
[A:tls] worker host=0 client=56 entries=1024 (~1088 KiB)
[A:tls] worker host=0 client=52 entries=1024 (~1088 KiB)
[A:tls] worker host=0 client=51 entries=1024 (~1088 KiB)
[A:tls] worker host=0 client=28 entries=1024 (~1088 KiB)
[A:tls] worker host=0 client=17 entries=1024 (~1088 KiB)
[A:tls] worker host=0 client=39 entries=1024 (~1088 KiB)
[A:tls] worker host=0 client=15 entries=1024 (~1088 KiB)
[A:tls] worker host=0 client=27 entries=1024 (~1088 KiB)
[A:tls] worker host=0 client=26 entries=1024 (~1088 KiB)
[A:tls] worker host=0 client=49 entries=1024 (~1088 KiB)
[A:tls] worker host=0 client=31 entries=1024 (~1088 KiB)
[A:tls] worker host=0 client=1 entries=1024 (~1088 KiB)
[A:tls] worker host=0 client=19 entries=1024 (~1088 KiB)
[A:tls] worker host=0 client=33 entries=1024 (~1088 KiB)
[A:tls] worker host=0 client=14 entries=1024 (~1088 KiB)
[A:tls] worker host=0 client=13 entries=1024 (~1088 KiB)
[A:tls] worker host=0 client=23 entries=1024 (~1088 KiB)
[A:tls] worker host=0 client=44 entries=1024 (~1088 KiB)
[A:tls] worker host=0 client=57 entries=1024 (~1088 KiB)
[A:tls] worker host=0 client=0 entries=1024 (~1088 KiB)
[A:tls] worker host=0 client=25 entries=1024 (~1088 KiB)
[A:tls] worker host=0 client=10 entries=1024 (~1088 KiB)
[A:tls] worker host=0 client=20 entries=1024 (~1088 KiB)
[A:tls] worker host=0 client=36 entries=1024 (~1088 KiB)
[A:tls] worker host=0 client=7 entries=1024 (~1088 KiB)
[A:tls] worker host=0 client=63 entries=1024 (~1088 KiB)
[A:tls] worker host=0 client=38 entries=1024 (~1088 KiB)
[A:tls] worker host=0 client=6 entries=1024 (~1088 KiB)
[A:tls] worker host=0 client=55 entries=1024 (~1088 KiB)
[A:tls] worker host=0 client=35 entries=1024 (~1088 KiB)
[A:tls] worker host=0 client=62 entries=1024 (~1088 KiB)
[A:tls] worker host=0 client=24 entries=1024 (~1088 KiB)
[A:tls] worker host=0 client=61 entries=1024 (~1088 KiB)
[A:tls] worker host=0 client=12 entries=1024 (~1088 KiB)
[A:tls] worker host=0 client=5 entries=1024 (~1088 KiB)
[A:tls] worker host=0 client=34 entries=1024 (~1088 KiB)
[A:tls] worker host=0 client=37 entries=1024 (~1088 KiB)
[A:tls] worker host=0 client=59 entries=1024 (~1088 KiB)
[A:tls] worker host=0 client=45 entries=1024 (~1088 KiB)
[A:tls] worker host=0 client=58 entries=1024 (~1088 KiB)
[A:tls] worker host=0 client=32 entries=1024 (~1088 KiB)
[A:tls] worker host=0 client=50 entries=1024 (~1088 KiB)
[A:tls] worker host=0 client=47 entries=1024 (~1088 KiB)
[A:tls] worker host=0 client=53 entries=1024 (~1088 KiB)
[A:tls] worker host=0 client=2 entries=1024 (~1088 KiB)
[A:tls] worker host=0 client=18 entries=1024 (~1088 KiB)
[A:tls] worker host=0 client=8 entries=1024 (~1088 KiB)
[A:tls] worker host=0 client=43 entries=1024 (~1088 KiB)
[A:tls] worker host=0 client=3 entries=1024 (~1088 KiB)
[A:tls] worker host=0 client=22 entries=1024 (~1088 KiB)
[A:tls] worker host=0 client=41 entries=1024 (~1088 KiB)
[A:tls] worker host=0 client=46 entries=1024 (~1088 KiB)
[A:tls] worker host=0 client=4 entries=1024 (~1088 KiB)
[A:tls] worker host=0 client=48 entries=1024 (~1088 KiB)
[A:tls] worker host=0 client=11 entries=1024 (~1088 KiB)
[A:tls] worker host=0 client=54 entries=1024 (~1088 KiB)
[A:tls] worker host=0 client=30 entries=1024 (~1088 KiB)
[A:tls] worker host=0 client=21 entries=1024 (~1088 KiB)
[A:tls] worker host=0 client=40 entries=1024 (~1088 KiB)
[A:tls] worker host=0 client=42 entries=1024 (~1088 KiB)
[A:tls] worker host=0 client=9 entries=1024 (~1088 KiB)
[A:tls] worker host=0 client=29 entries=1024 (~1088 KiB)
[A:tls] worker host=0 client=16 entries=1024 (~1088 KiB)
# PATH host=0 label=after_LOAD tid=140309161748608 r0_tls=0 r2hit=0 r2miss_local=0 r3=0 cpool_ins_r=0 local_w=2500535 fwd_w=0 local_w_blk_fwd=0 local_w_stg_fwd=0 cpool_ins_w=2500534 cp_evict=0 cp_set_stale=0 cp_lru_evict=1976246 rh_served=0
# PATH host=0 label=after_LOAD AGG r0_tls=0 r2hit=0 r2miss_local=0 r3=0 cpool_ins_r=0 local_w=2500535 fwd_w=0 local_w_blk_fwd=0 local_w_stg_fwd=0 cpool_ins_w=2500534 cp_evict=0 cp_set_stale=0 cp_lru_evict=1976246 rh_served=0
YCSB opt=A cache=0 num_hosts=2 threads=64 threads_eff=64 rep=2 load_ops=5000000 load_thpt=167227 trans_ops=5000000 trans_wall_max=10.082063 trans_agg_thpt=495930 w_avg_ns=0 w_p50_ns=0 w_p99_ns=0 r_avg_ns=249613 r_p50_ns=262322 r_p99_ns=331997 first_op_ns_max=680856 first_op_ns_avg=264818 ops_to_first_ns_max=3886179 ops_to_first_ns_avg=874790 # xhost_read_optA_t64_cacheoff_rep2
# PATH host=0 label=after_TRANS tid=140309161748608 r0_tls=0 r2hit=784 r2miss_local=0 r3=38279 cpool_ins_r=11729 local_w=2500535 fwd_w=0 local_w_blk_fwd=0 local_w_stg_fwd=0 cpool_ins_w=2500534 cp_evict=0 cp_set_stale=0 cp_lru_evict=1987975 rh_served=0
# PATH host=0 label=after_TRANS tid=140309153142464 r0_tls=0 r2hit=0 r2miss_local=0 r3=0 cpool_ins_r=0 local_w=0 fwd_w=0 local_w_blk_fwd=0 local_w_stg_fwd=0 cpool_ins_w=0 cp_evict=0 cp_set_stale=0 cp_lru_evict=0 rh_served=2451211
# PATH host=0 label=after_TRANS AGG r0_tls=0 r2hit=784 r2miss_local=0 r3=38279 cpool_ins_r=11729 local_w=2500535 fwd_w=0 local_w_blk_fwd=0 local_w_stg_fwd=0 cpool_ins_w=2500534 cp_evict=0 cp_set_stale=0 cp_lru_evict=1987975 rh_served=2451211
# CACHE_FILL host=0 cache_buckets=131072 capacity=524288 filled=524288 stale=0 tomb=0 fill_pct=100.000
