[A:cfg] ring_sharding T=64 N=0 (disabled) -> shards=1 block=64 routing=worker_id
[A:thread] Worker pinned host=1 client=1 -> cpu=1 (pid=102120)
[A:thread] Worker pinned host=1 client=2 -> cpu=2 (pid=102121)
[A:thread] Worker pinned host=1 client=3 -> cpu=3 (pid=102122)
[A:thread] Worker pinned host=1 client=4 -> cpu=4 (pid=102123)
[A:thread] Worker pinned host=1 client=5 -> cpu=5 (pid=102124)
[A:thread] Worker pinned host=1 client=6 -> cpu=6 (pid=102126)
[A:thread] Worker pinned host=1 client=7 -> cpu=7 (pid=102127)
[A:thread] Worker pinned host=1 client=8 -> cpu=8 (pid=102128)
[A:thread] Worker pinned host=1 client=9 -> cpu=9 (pid=102129)
[A:thread] Worker pinned host=1 client=10 -> cpu=10 (pid=102130)
[A:thread] Worker pinned host=1 client=11 -> cpu=11 (pid=102131)
[A:thread] Worker pinned host=1 client=12 -> cpu=12 (pid=102132)
[A:thread] Worker pinned host=1 client=13 -> cpu=13 (pid=102133)
[A:thread] Worker pinned host=1 client=14 -> cpu=14 (pid=102134)
[A:thread] Worker pinned host=1 client=15 -> cpu=15 (pid=102135)
[A:thread] Worker pinned host=1 client=16 -> cpu=16 (pid=102136)
[A:thread] Worker pinned host=1 client=17 -> cpu=17 (pid=102137)
[A:thread] Worker pinned host=1 client=18 -> cpu=18 (pid=102138)
[A:thread] Worker pinned host=1 client=19 -> cpu=19 (pid=102139)
[A:thread] Worker pinned host=1 client=20 -> cpu=20 (pid=102140)
[A:thread] Worker pinned host=1 client=21 -> cpu=21 (pid=102141)
[A:thread] Worker pinned host=1 client=22 -> cpu=22 (pid=102142)
[A:thread] Worker pinned host=1 client=23 -> cpu=23 (pid=102143)
[A:thread] Worker pinned host=1 client=24 -> cpu=24 (pid=102144)
[A:thread] Worker pinned host=1 client=25 -> cpu=25 (pid=102145)
[A:thread] Worker pinned host=1 client=26 -> cpu=26 (pid=102146)
[A:thread] Worker pinned host=1 client=27 -> cpu=27 (pid=102147)
[A:thread] Worker pinned host=1 client=28 -> cpu=28 (pid=102148)
[A:thread] Worker pinned host=1 client=29 -> cpu=29 (pid=102149)
[A:thread] Worker pinned host=1 client=30 -> cpu=30 (pid=102150)
[A:thread] Worker pinned host=1 client=31 -> cpu=31 (pid=102151)
[A:thread] Worker pinned host=1 client=32 -> cpu=32 (pid=102152)
[A:thread] Worker pinned host=1 client=33 -> cpu=33 (pid=102153)
[A:thread] Worker pinned host=1 client=34 -> cpu=34 (pid=102154)
[A:thread] Worker pinned host=1 client=35 -> cpu=35 (pid=102155)
[A:thread] Worker pinned host=1 client=36 -> cpu=36 (pid=102156)
[A:thread] Worker pinned host=1 client=37 -> cpu=37 (pid=102157)
[A:thread] Worker pinned host=1 client=38 -> cpu=38 (pid=102158)
[A:thread] Worker pinned host=1 client=39 -> cpu=39 (pid=102159)
[A:thread] Worker pinned host=1 client=40 -> cpu=40 (pid=102160)
[A:thread] Worker pinned host=1 client=41 -> cpu=41 (pid=102161)
[A:thread] Worker pinned host=1 client=42 -> cpu=42 (pid=102162)
[A:thread] Worker pinned host=1 client=43 -> cpu=43 (pid=102163)
[A:thread] Worker pinned host=1 client=44 -> cpu=44 (pid=102164)
[A:thread] Worker pinned host=1 client=45 -> cpu=45 (pid=102165)
[A:thread] Worker pinned host=1 client=46 -> cpu=46 (pid=102166)
[A:thread] Worker pinned host=1 client=47 -> cpu=47 (pid=102167)
[A:thread] Worker pinned host=1 client=48 -> cpu=48 (pid=102168)
[A:thread] Worker pinned host=1 client=49 -> cpu=49 (pid=102169)
[A:thread] Worker pinned host=1 client=50 -> cpu=50 (pid=102170)
[A:thread] Worker pinned host=1 client=51 -> cpu=51 (pid=102171)
[A:thread] Worker pinned host=1 client=52 -> cpu=52 (pid=102172)
[A:thread] Worker pinned host=1 client=53 -> cpu=53 (pid=102173)
[A:thread] Worker pinned host=1 client=54 -> cpu=54 (pid=102174)
[A:thread] Worker pinned host=1 client=55 -> cpu=55 (pid=102175)
[A:thread] Worker pinned host=1 client=56 -> cpu=56 (pid=102176)
[A:thread] Worker pinned host=1 client=57 -> cpu=57 (pid=102177)
[A:thread] Worker pinned host=1 client=58 -> cpu=58 (pid=102178)
[A:thread] Worker pinned host=1 client=59 -> cpu=59 (pid=102179)
[A:thread] Worker pinned host=1 client=60 -> cpu=60 (pid=102180)
[A:thread] Worker pinned host=1 client=61 -> cpu=61 (pid=102181)
[A:thread] Worker pinned host=1 client=0 -> cpu=0 (pid=102114)
[A:thread] Worker pinned host=1 client=63 -> cpu=63 (pid=102183)
[A:thread] Worker pinned host=1 client=62 -> cpu=62 (pid=102182)
[A:thread] WriteRecv0 pid=102114 tid=140677392807616 cpu=64 host=1 rings=[0]
[A:thread] ReadRecv0 pid=102114 tid=140677384414912 cpu=65 host=1 rings=[0]
[A:thread] InvalRecv0 pid=102114 tid=140677376022208 cpu=66 host=1 rings=[0]
[A:thread] ReservHandler pid=102114 tid=140677367629504 pinned cpu=85 (host_id=1)
[A:tls] worker host=1 client=62 entries=1024 (~1088 KiB)
[A:tls] worker host=1 client=0 entries=1024 (~1088 KiB)
[A:tls] worker host=1 client=44 entries=1024 (~1088 KiB)
[A:tls] worker host=1 client=50 entries=1024 (~1088 KiB)
[A:tls] worker host=1 client=7 entries=1024 (~1088 KiB)
[A:tls] worker host=1 client=54 entries=1024 (~1088 KiB)
[A:tls] worker host=1 client=14 entries=1024 (~1088 KiB)
[A:tls] worker host=1 client=58 entries=1024 (~1088 KiB)
[A:tls] worker host=1 client=1 entries=1024 (~1088 KiB)
[A:tls] worker host=1 client=4 entries=1024 (~1088 KiB)
[A:tls] worker host=1 client=5 entries=1024 (~1088 KiB)
[A:tls] worker host=1 client=20 entries=1024 (~1088 KiB)
[A:tls] worker host=1 client=43 entries=1024 (~1088 KiB)
[A:tls] worker host=1 client=9 entries=1024 (~1088 KiB)
[A:tls] worker host=1 client=53 entries=1024 (~1088 KiB)
[A:tls] worker host=1 client=42 entries=1024 (~1088 KiB)
[A:tls] worker host=1 client=63 entries=1024 (~1088 KiB)
[A:tls] worker host=1 client=37 entries=1024 (~1088 KiB)
[A:tls] worker host=1 client=45 entries=1024 (~1088 KiB)
[A:tls] worker host=1 client=13 entries=1024 (~1088 KiB)
[A:tls] worker host=1 client=61 entries=1024 (~1088 KiB)
[A:tls] worker host=1 client=35 entries=1024 (~1088 KiB)
[A:tls] worker host=1 client=25 entries=1024 (~1088 KiB)
[A:tls] worker host=1 client=18 entries=1024 (~1088 KiB)
[A:tls] worker host=1 client=31 entries=1024 (~1088 KiB)
[A:tls] worker host=1 client=21 entries=1024 (~1088 KiB)
[A:tls] worker host=1 client=2 entries=1024 (~1088 KiB)
[A:tls] worker host=1 client=3 entries=1024 (~1088 KiB)
[A:tls] worker host=1 client=46 entries=1024 (~1088 KiB)
[A:tls] worker host=1 client=40 entries=1024 (~1088 KiB)
[A:tls] worker host=1 client=16 entries=1024 (~1088 KiB)
[A:tls] worker host=1 client=59 entries=1024 (~1088 KiB)
[A:tls] worker host=1 client=39 entries=1024 (~1088 KiB)
[A:tls] worker host=1 client=17 entries=1024 (~1088 KiB)
[A:tls] worker host=1 client=47 entries=1024 (~1088 KiB)
[A:tls] worker host=1 client=10 entries=1024 (~1088 KiB)
[A:tls] worker host=1 client=29 entries=1024 (~1088 KiB)
[A:tls] worker host=1 client=52 entries=1024 (~1088 KiB)
[A:tls] worker host=1 client=33 entries=1024 (~1088 KiB)
[A:tls] worker host=1 client=48 entries=1024 (~1088 KiB)
[A:tls] worker host=1 client=23 entries=1024 (~1088 KiB)
[A:tls] worker host=1 client=6 entries=1024 (~1088 KiB)
[A:tls] worker host=1 client=12 entries=1024 (~1088 KiB)
[A:tls] worker host=1 client=15 entries=1024 (~1088 KiB)
[A:tls] worker host=1 client=41 entries=1024 (~1088 KiB)
[A:tls] worker host=1 client=60 entries=1024 (~1088 KiB)
[A:tls] worker host=1 client=27 entries=1024 (~1088 KiB)
[A:tls] worker host=1 client=30 entries=1024 (~1088 KiB)
[A:tls] worker host=1 client=19 entries=1024 (~1088 KiB)
[A:tls] worker host=1 client=51 entries=1024 (~1088 KiB)
[A:tls] worker host=1 client=56 entries=1024 (~1088 KiB)
[A:tls] worker host=1 client=22 entries=1024 (~1088 KiB)
[A:tls] worker host=1 client=38 entries=1024 (~1088 KiB)
[A:tls] worker host=1 client=49 entries=1024 (~1088 KiB)
[A:tls] worker host=1 client=8 entries=1024 (~1088 KiB)
[A:tls] worker host=1 client=32 entries=1024 (~1088 KiB)
[A:tls] worker host=1 client=34 entries=1024 (~1088 KiB)
[A:tls] worker host=1 client=36 entries=1024 (~1088 KiB)
[A:tls] worker host=1 client=11 entries=1024 (~1088 KiB)
[A:tls] worker host=1 client=26 entries=1024 (~1088 KiB)
[A:tls] worker host=1 client=28 entries=1024 (~1088 KiB)
[A:tls] worker host=1 client=24 entries=1024 (~1088 KiB)
[A:tls] worker host=1 client=57 entries=1024 (~1088 KiB)
[A:tls] worker host=1 client=55 entries=1024 (~1088 KiB)
# PATH host=1 label=after_LOAD tid=140677393021056 r0_tls=0 r2hit=0 r2miss_local=0 r3=0 cpool_ins_r=0 local_w=2500802 fwd_w=0 local_w_blk_fwd=0 local_w_stg_fwd=0 cpool_ins_w=2500789 cp_evict=0 cp_set_stale=0 cp_lru_evict=1976501 rh_served=0
# PATH host=1 label=after_LOAD tid=140677384414912 r0_tls=0 r2hit=0 r2miss_local=0 r3=0 cpool_ins_r=0 local_w=0 fwd_w=0 local_w_blk_fwd=0 local_w_stg_fwd=0 cpool_ins_w=0 cp_evict=0 cp_set_stale=0 cp_lru_evict=0 rh_served=182528
# PATH host=1 label=after_LOAD AGG r0_tls=0 r2hit=0 r2miss_local=0 r3=0 cpool_ins_r=0 local_w=2500802 fwd_w=0 local_w_blk_fwd=0 local_w_stg_fwd=0 cpool_ins_w=2500789 cp_evict=0 cp_set_stale=0 cp_lru_evict=1976501 rh_served=182528
# PATH host=1 label=after_TRANS tid=140677393021056 r0_tls=0 r2hit=791 r2miss_local=0 r3=38271 cpool_ins_r=12257 local_w=2500802 fwd_w=0 local_w_blk_fwd=0 local_w_stg_fwd=0 cpool_ins_w=2500789 cp_evict=0 cp_set_stale=0 cp_lru_evict=1988758 rh_served=0
# PATH host=1 label=after_TRANS tid=140677384414912 r0_tls=0 r2hit=0 r2miss_local=0 r3=0 cpool_ins_r=0 local_w=0 fwd_w=0 local_w_blk_fwd=0 local_w_stg_fwd=0 cpool_ins_w=0 cp_evict=0 cp_set_stale=0 cp_lru_evict=0 rh_served=2455489
# PATH host=1 label=after_TRANS AGG r0_tls=0 r2hit=791 r2miss_local=0 r3=38271 cpool_ins_r=12257 local_w=2500802 fwd_w=0 local_w_blk_fwd=0 local_w_stg_fwd=0 cpool_ins_w=2500789 cp_evict=0 cp_set_stale=0 cp_lru_evict=1988758 rh_served=2455489
