[A:cfg] ring_sharding T=32 N=4 -> shards=8 block=4 routing=key_hash
[A:thread] Worker pinned host=0 client=1 -> cpu=1 (pid=102113)
[A:thread] Worker pinned host=0 client=2 -> cpu=2 (pid=102114)
[A:thread] Worker pinned host=0 client=3 -> cpu=3 (pid=102115)
[A:thread] Worker pinned host=0 client=4 -> cpu=4 (pid=102116)
[A:thread] Worker pinned host=0 client=5 -> cpu=5 (pid=102117)
[A:thread] Worker pinned host=0 client=6 -> cpu=6 (pid=102118)
[A:thread] Worker pinned host=0 client=7 -> cpu=7 (pid=102119)
[A:thread] Worker pinned host=0 client=8 -> cpu=8 (pid=102120)
[A:thread] Worker pinned host=0 client=9 -> cpu=9 (pid=102121)
[A:thread] Worker pinned host=0 client=10 -> cpu=10 (pid=102122)
[A:thread] Worker pinned host=0 client=11 -> cpu=11 (pid=102123)
[A:thread] Worker pinned host=0 client=12 -> cpu=12 (pid=102124)
[A:thread] Worker pinned host=0 client=13 -> cpu=13 (pid=102125)
[A:thread] Worker pinned host=0 client=14 -> cpu=14 (pid=102126)
[A:thread] Worker pinned host=0 client=15 -> cpu=15 (pid=102127)
[A:thread] Worker pinned host=0 client=16 -> cpu=16 (pid=102128)
[A:thread] Worker pinned host=0 client=17 -> cpu=17 (pid=102129)
[A:thread] Worker pinned host=0 client=18 -> cpu=18 (pid=102130)
[A:thread] Worker pinned host=0 client=19 -> cpu=19 (pid=102131)
[A:thread] Worker pinned host=0 client=20 -> cpu=20 (pid=102132)
[A:thread] Worker pinned host=0 client=21 -> cpu=21 (pid=102133)
[A:thread] Worker pinned host=0 client=22 -> cpu=22 (pid=102134)
[A:thread] Worker pinned host=0 client=23 -> cpu=23 (pid=102135)
[A:thread] Worker pinned host=0 client=24 -> cpu=24 (pid=102136)
[A:thread] Worker pinned host=0 client=25 -> cpu=25 (pid=102137)
[A:thread] Worker pinned host=0 client=26 -> cpu=26 (pid=102138)
[A:thread] Worker pinned host=0 client=27 -> cpu=27 (pid=102139)
[A:thread] Worker pinned host=0 client=28 -> cpu=28 (pid=102140)
[A:thread] Worker pinned host=0 client=29 -> cpu=29 (pid=102141)
[A:thread] Worker pinned host=0 client=0 -> cpu=0 (pid=102090)
[A:thread] Worker pinned host=0 client=30 -> cpu=30 (pid=102142)
[A:thread] Worker pinned host=0 client=31 -> cpu=31 (pid=102143)
[A:thread] WriteRecv0 pid=102090 tid=140150278743744 cpu=64 host=0 rings=[0]
[A:thread] WriteRecv1 pid=102090 tid=140150270351040 cpu=65 host=0 rings=[1]
[A:thread] WriteRecv2 pid=102090 tid=140150261958336 cpu=66 host=0 rings=[2]
[A:thread] WriteRecv3 pid=102090 tid=140150253565632 cpu=67 host=0 rings=[3]
[A:thread] WriteRecv5 pid=102090 tid=140150236780224 cpu=69 host=0 rings=[5]
[A:thread] WriteRecv6 pid=102090 tid=140150228387520 cpu=70 host=0 rings=[6]
[A:thread] WriteRecv7 pid=102090 tid=140150219994816 cpu=71 host=0 rings=[7]
[A:thread] WriteRecv4 pid=102090 tid=140150245172928 cpu=68 host=0 rings=[4]
[A:thread] ReadRecv0 pid=102090 tid=140150211602112 cpu=72 host=0 rings=[0]
[A:thread] ReadRecv1 pid=102090 tid=140150203209408 cpu=73 host=0 rings=[1]
[A:thread] ReadRecv2 pid=102090 tid=140150194816704 cpu=74 host=0 rings=[2]
[A:thread] ReadRecv3 pid=102090 tid=140150044059328 cpu=75 host=0 rings=[3]
[A:thread] InvalRecv1 pid=102090 tid=140129339434688 cpu=80 host=0 rings=[[A:thread] ReadRecv4 pid=102090 tid=140150035666624 cpu=76 host=0 rings=[4]
[A:thread] InvalRecv2 pid=102090 tid=140129331041984 cpu=81 host=0 rings=[2]
[A:thread] InvalRecv0 pid=102090 tid=140129347827392 cpu=79 host=0 rings=[[A:thread] ReadRecv5 pid=102090 tid=140150027273920 cpu=77 host=0 rings=[5]
10]
[A:thread] ReadRecv6 pid=102090 tid=140129832269504 cpu=78 host=0 rings=[6,7]
]
[A:thread] InvalRecv3 pid=102090 tid=140129322649280 cpu=82 host=0 rings=[3]
[A:thread] InvalRecv4 pid=102090 tid=140129314256576 cpu=83 host=0 rings=[4]
[A:thread] InvalRecv5 pid=102090 tid=140129305863872 cpu=84 host=0 rings=[5]
[A:thread] InvalRecv6 pid=102090 tid=140129297471168 cpu=85 host=0 rings=[6,7]
[A:thread] ReservHandler pid=102090 tid=140128743847616 pinned cpu=85 (host_id=0)
[A:tls] worker host=0 client=16 entries=1024 (~1088 KiB)
[A:tls] worker host=0 client=17 entries=1024 (~1088 KiB)
[A:tls] worker host=0 client=25 entries=1024 (~1088 KiB)
[A:tls] worker host=0 client=28 entries=1024 (~1088 KiB)
[A:tls] worker host=0 client=22 entries=1024 (~1088 KiB)
[A:tls] worker host=0 client=7 entries=1024 (~1088 KiB)
[A:tls] worker host=0 client=14 entries=1024 (~1088 KiB)
[A:tls] worker host=0 client=4 entries=1024 (~1088 KiB)
[A:tls] worker host=0 client=31 entries=1024 (~1088 KiB)
[A:tls] worker host=0 client=23 entries=1024 (~1088 KiB)
[A:tls] worker host=0 client=19 entries=1024 (~1088 KiB)
[A:tls] worker host=0 client=10 entries=1024 (~1088 KiB)
[A:tls] worker host=0 client=15 entries=1024 (~1088 KiB)
[A:tls] worker host=0 client=13 entries=1024 (~1088 KiB)
[A:tls] worker host=0 client=1 entries=1024 (~1088 KiB)
[A:tls] worker host=0 client=24 entries=1024 (~1088 KiB)
[A:tls] worker host=0 client=3 entries=1024 (~1088 KiB)
[A:tls] worker host=0 client=2 entries=1024 (~1088 KiB)
[A:tls] worker host=0 client=29 entries=1024 (~1088 KiB)
[A:tls] worker host=0 client=11 entries=1024 (~1088 KiB)
[A:tls] worker host=0 client=5 entries=1024 (~1088 KiB)
[A:tls] worker host=0 client=12 entries=1024 (~1088 KiB)
[A:tls] worker host=0 client=6 entries=1024 (~1088 KiB)
[A:tls] worker host=0 client=0 entries=1024 (~1088 KiB)
[A:tls] worker host=0 client=8 entries=1024 (~1088 KiB)
[A:tls] worker host=0 client=20 entries=1024 (~1088 KiB)
[A:tls] worker host=0 client=18 entries=1024 (~1088 KiB)
[A:tls] worker host=0 client=9 entries=1024 (~1088 KiB)
[A:tls] worker host=0 client=21 entries=1024 (~1088 KiB)
[A:tls] worker host=0 client=27 entries=1024 (~1088 KiB)
[A:tls] worker host=0 client=26 entries=1024 (~1088 KiB)
[A:tls] worker host=0 client=30 entries=1024 (~1088 KiB)
# PATH host=0 label=after_LOAD tid=140150278957184 r0_tls=0 r2hit=0 r2miss_local=0 r3=0 cpool_ins_r=0 local_w=2500535 fwd_w=0 local_w_blk_fwd=0 local_w_stg_fwd=0 cpool_ins_w=2500534 cp_evict=0 cp_set_stale=0 cp_lru_evict=1976246 rh_served=0
# PATH host=0 label=after_LOAD AGG r0_tls=0 r2hit=0 r2miss_local=0 r3=0 cpool_ins_r=0 local_w=2500535 fwd_w=0 local_w_blk_fwd=0 local_w_stg_fwd=0 cpool_ins_w=2500534 cp_evict=0 cp_set_stale=0 cp_lru_evict=1976246 rh_served=0
YCSB opt=A cache=0 num_hosts=2 threads=32 threads_eff=32 rep=3 load_ops=5000000 load_thpt=354841 trans_ops=5000000 trans_wall_max=2.535378 trans_agg_thpt=1972091 w_avg_ns=0 w_p50_ns=0 w_p99_ns=0 r_avg_ns=33800 r_p50_ns=14544 r_p99_ns=139676 first_op_ns_max=620267 first_op_ns_avg=70831 ops_to_first_ns_max=794826 ops_to_first_ns_avg=162067 # xhost_read_optA_t32_cacheoff_rep3
bash: line 1: 102090 Segmentation fault      FUSEE_NUM_HOSTS=2 FUSEE_HOST_ID=0 FUSEE_NUM_THREADS=32 FUSEE_RUN_COOKIE=146279193 FUSEE_REP=3 FUSEE_CACHE=0 FUSEE_WORKLOAD_NAME=xhost_read FUSEE_KV_SIZE=1024 FUSEE_CACHE_BUCKETS=131072 FUSEE_RING_SHARDS_FACTOR=4 FUSEE_RING_ROUTING=key_hash ./tests/protocol_a_ycsb /dev/dax0.0 /tmp/microbench_traces/bench_xhost_read_uniform_h0.spec_load /tmp/microbench_traces/bench_xhost_read_uniform_h0.spec_trans 8388608 5000000 2>&1
