[A:cfg] ring_sharding T=16 N=4 -> shards=4 block=4 routing=worker_id
[A:thread] Worker pinned host=0 client=1 -> cpu=1 (pid=99782)
[A:thread] Worker pinned host=0 client=3 -> cpu=3 (pid=99784)
[A:thread] Worker pinned host=0 client=4 -> cpu=4 (pid=99785)
[A:thread] Worker pinned host=0 client=2 -> cpu=2 (pid=99783)
[A:thread] Worker pinned host=0 client=5 -> cpu=5 (pid=99786)
[A:thread] Worker pinned host=0 client=6 -> cpu=6 (pid=99787)
[A:thread] Worker pinned host=0 client=7 -> cpu=7 (pid=99788)
[A:thread] Worker pinned host=0 client=8 -> cpu=8 (pid=99789)
[A:thread] Worker pinned host=0 client=9 -> cpu=9 (pid=99790)
[A:thread] Worker pinned host=0 client=10 -> cpu=10 (pid=99791)
[A:thread] Worker pinned host=0 client=11 -> cpu=11 (pid=99792)
[A:thread] Worker pinned host=0 client=12 -> cpu=12 (pid=99793)
[A:thread] Worker pinned host=0 client=13 -> cpu=13 (pid=99794)
[A:thread] Worker pinned host=0 client=14 -> cpu=14 (pid=99795)
[A:thread] Worker pinned host=0 client=0 -> cpu=0 (pid=99758)
[A:thread] Worker pinned host=0 client=15 -> cpu=15 (pid=99796)
[A:thread] WriteRecv0 pid=99758 tid=139984844064448 cpu=64 host=0 rings=[0[A:thread] WriteRecv1 pid=99758 tid=139984835671744 cpu=65 host=0 rings=[1]
]
[A:thread] WriteRecv2 pid=99758 tid=139984827279040 cpu=66 host=0 rings=[2]
[A:thread] WriteRecv3 pid=99758 tid=139984818886336 cpu=67 host=0 rings=[3]
[A:thread] ReadRecv0 pid=99758 tid=139984810493632 cpu=68 host=0 rings=[0]
[A:thread] ReadRecv1 pid=99758 tid=139984802100928 cpu=69 host=0 rings=[1]
[A:thread] ReadRecv2 pid=99758 tid=139984793708224 cpu=70 host=0 rings=[2]
[A:thread] ReadRecv3 pid=99758 tid=139984785315520 cpu=71 host=0 rings=[3]
[A:thread] InvalRecv0 pid=99758 tid=139984776922816 cpu=72 host=0 rings=[0]
[A:thread] InvalRecv1 pid=99758 tid=139984768530112 cpu=73 host=0 rings=[1]
[A:thread] InvalRecv3 pid=99758 tid=139984609380032 cpu=75 host=0 rings=[[A:thread] InvalRecv2 pid=99758 tid=139984760137408 cpu=74 host=0 rings=[2]
3]
[A:thread] ReservHandler pid=99758 tid=139984600987328 pinned cpu=85 (host_id=0)
[A:tls] worker host=0 client=13 entries=1024 (~1088 KiB)
[A:tls] worker host=0 client=3 entries=1024 (~1088 KiB)
[A:tls] worker host=0 client=14 entries=1024 (~1088 KiB)
[A:tls] worker host=0 client=7 entries=1024 (~1088 KiB)
[A:tls] worker host=0 client=6 entries=1024 (~1088 KiB)
[A:tls] worker host=0 client=15 entries=1024 (~1088 KiB)
[A:tls] worker host=0 client=8 entries=1024 (~1088 KiB)
[A:tls] worker host=0 client=2 entries=1024 (~1088 KiB)
[A:tls] worker host=0 client=10 entries=1024 (~1088 KiB)
[A:tls] worker host=0 client=9 entries=1024 (~1088 KiB)
[A:tls] worker host=0 client=11 entries=1024 (~1088 KiB)
[A:tls] worker host=0 client=12 entries=1024 (~1088 KiB)
[A:tls] worker host=0 client=1 entries=1024 (~1088 KiB)
[A:tls] worker host=0 client=4 entries=1024 (~1088 KiB)
[A:tls] worker host=0 client=0 entries=1024 (~1088 KiB)
[A:tls] worker host=0 client=5 entries=1024 (~1088 KiB)
# PATH host=0 label=after_LOAD tid=139984844277888 r0_tls=0 r2hit=0 r2miss_local=0 r3=0 cpool_ins_r=0 local_w=2500535 fwd_w=0 local_w_blk_fwd=0 local_w_stg_fwd=0 cpool_ins_w=2500534 cp_evict=0 cp_set_stale=0 cp_lru_evict=1976246 rh_served=0
# PATH host=0 label=after_LOAD tid=139984802100928 r0_tls=0 r2hit=0 r2miss_local=0 r3=0 cpool_ins_r=0 local_w=0 fwd_w=0 local_w_blk_fwd=0 local_w_stg_fwd=0 cpool_ins_w=0 cp_evict=0 cp_set_stale=0 cp_lru_evict=0 rh_served=124135
# PATH host=0 label=after_LOAD tid=139984785315520 r0_tls=0 r2hit=0 r2miss_local=0 r3=0 cpool_ins_r=0 local_w=0 fwd_w=0 local_w_blk_fwd=0 local_w_stg_fwd=0 cpool_ins_w=0 cp_evict=0 cp_set_stale=0 cp_lru_evict=0 rh_served=124119
# PATH host=0 label=after_LOAD tid=139984793708224 r0_tls=0 r2hit=0 r2miss_local=0 r3=0 cpool_ins_r=0 local_w=0 fwd_w=0 local_w_blk_fwd=0 local_w_stg_fwd=0 cpool_ins_w=0 cp_evict=0 cp_set_stale=0 cp_lru_evict=0 rh_served=120312
# PATH host=0 label=after_LOAD tid=139984810493632 r0_tls=0 r2hit=0 r2miss_local=0 r3=0 cpool_ins_r=0 local_w=0 fwd_w=0 local_w_blk_fwd=0 local_w_stg_fwd=0 cpool_ins_w=0 cp_evict=0 cp_set_stale=0 cp_lru_evict=0 rh_served=113435
# PATH host=0 label=after_LOAD AGG r0_tls=0 r2hit=0 r2miss_local=0 r3=0 cpool_ins_r=0 local_w=2500535 fwd_w=0 local_w_blk_fwd=0 local_w_stg_fwd=0 cpool_ins_w=2500534 cp_evict=0 cp_set_stale=0 cp_lru_evict=1976246 rh_served=482002
YCSB opt=A cache=0 num_hosts=2 threads=16 threads_eff=16 rep=2 load_ops=5000000 load_thpt=340321 trans_ops=5000000 trans_wall_max=2.704026 trans_agg_thpt=1849094 w_avg_ns=0 w_p50_ns=0 w_p99_ns=0 r_avg_ns=18761 r_p50_ns=20281 r_p99_ns=27648 first_op_ns_max=90322 first_op_ns_avg=35642 ops_to_first_ns_max=254037 ops_to_first_ns_avg=111399 # xhost_read_optA_t16_cacheoff_rep2
bash: line 1: 99758 Segmentation fault      FUSEE_NUM_HOSTS=2 FUSEE_HOST_ID=0 FUSEE_NUM_THREADS=16 FUSEE_RUN_COOKIE=2835420099 FUSEE_REP=2 FUSEE_CACHE=0 FUSEE_WORKLOAD_NAME=xhost_read FUSEE_KV_SIZE=1024 FUSEE_CACHE_BUCKETS=131072 FUSEE_RING_SHARDS_FACTOR=4 FUSEE_RING_ROUTING=worker_id ./tests/protocol_a_ycsb /dev/dax0.0 /tmp/microbench_traces/bench_xhost_read_uniform_h0.spec_load /tmp/microbench_traces/bench_xhost_read_uniform_h0.spec_trans 8388608 5000000 2>&1
