[A:cfg] ring_sharding T=8 N=4 -> shards=2 block=4 routing=worker_id
[A:thread] Worker pinned host=0 client=1 -> cpu=1 (pid=110482)
[A:thread] Worker pinned host=0 client=2 -> cpu=2 (pid=110483)
[A:thread] Worker pinned host=0 client=3 -> cpu=3 (pid=110484)
[A:thread] Worker pinned host=0 client=4 -> cpu=4 (pid=110485)
[A:thread] Worker pinned host=0 client=0 -> cpu=0 (pid=110458)
[A:thread] Worker pinned host=0 client=5 -> cpu=5 (pid=110486)
[A:thread] Worker pinned host=0 client=6 -> cpu=6 (pid=110487)
[A:thread] Worker pinned host=0 client=7 -> cpu=7 (pid=110488)
[A:thread] WriteRecv0 pid=110458 tid=140295786825408 cpu=64 host=0 rings=[0]
[A:thread] WriteRecv1 pid=110458 tid=140295778432704 cpu=65 host=0 rings=[1]
[A:thread] ReadRecv0 pid=110458 tid=140295770040000 cpu=66 host=0 rings=[0]
[A:thread] ReadRecv1 pid=110458 tid=140295720019648 cpu=67 host=0 rings=[1]
[A:thread] InvalRecv0 pid=110458 tid=140295509374656 cpu=68 host=0 rings=[0]
[A:thread] InvalRecv1 pid=110458 tid=140295500981952 cpu=69 host=0 rings=[1]
[A:thread] ReservHandler pid=110458 tid=140295492589248 pinned cpu=85 (host_id=0)
[A:tls] worker host=0 client=1 entries=1024 (~1088 KiB)
[A:tls] worker host=0 client=3 entries=1024 (~1088 KiB)
[A:tls] worker host=0 client=2 entries=1024 (~1088 KiB)
[A:tls] worker host=0 client=5 entries=1024 (~1088 KiB)
[A:tls] worker host=0 client=4 entries=1024 (~1088 KiB)
[A:tls] worker host=0 client=6 entries=1024 (~1088 KiB)
[A:tls] worker host=0 client=0 entries=1024 (~1088 KiB)
[A:tls] worker host=0 client=7 entries=1024 (~1088 KiB)
# PATH host=0 label=after_LOAD tid=140295787038848 r0_tls=0 r2hit=0 r2miss_local=0 r3=0 cpool_ins_r=0 local_w=1000929 fwd_w=0 local_w_blk_fwd=0 local_w_stg_fwd=0 cpool_ins_w=1000929 cp_evict=0 cp_set_stale=0 cp_lru_evict=486677 rh_served=0
# PATH host=0 label=after_LOAD tid=140295720019648 r0_tls=0 r2hit=0 r2miss_local=0 r3=0 cpool_ins_r=0 local_w=0 fwd_w=0 local_w_blk_fwd=0 local_w_stg_fwd=0 cpool_ins_w=0 cp_evict=0 cp_set_stale=0 cp_lru_evict=0 rh_served=6722
# PATH host=0 label=after_LOAD tid=140295770040000 r0_tls=0 r2hit=0 r2miss_local=0 r3=0 cpool_ins_r=0 local_w=0 fwd_w=0 local_w_blk_fwd=0 local_w_stg_fwd=0 cpool_ins_w=0 cp_evict=0 cp_set_stale=0 cp_lru_evict=0 rh_served=5917
# PATH host=0 label=after_LOAD AGG r0_tls=0 r2hit=0 r2miss_local=0 r3=0 cpool_ins_r=0 local_w=1000929 fwd_w=0 local_w_blk_fwd=0 local_w_stg_fwd=0 cpool_ins_w=1000929 cp_evict=0 cp_set_stale=0 cp_lru_evict=486677 rh_served=12640
YCSB opt=A cache=0 num_hosts=2 threads=8 threads_eff=8 rep=3 load_ops=2000000 load_thpt=341070 trans_ops=5000000 trans_wall_max=2.438052 trans_agg_thpt=2050817 w_avg_ns=0 w_p50_ns=0 w_p99_ns=0 r_avg_ns=2745 r_p50_ns=319 r_p99_ns=25088 first_op_ns_max=92917 first_op_ns_avg=41945 ops_to_first_ns_max=163023 ops_to_first_ns_avg=68202 # xhost_read_optA_t8_cacheoff_rep3
bash: line 1: 110458 Segmentation fault      FUSEE_NUM_HOSTS=2 FUSEE_HOST_ID=0 FUSEE_NUM_THREADS=8 FUSEE_RUN_COOKIE=1514921656 FUSEE_REP=3 FUSEE_CACHE=0 FUSEE_WORKLOAD_NAME=xhost_read FUSEE_KV_SIZE=1024 FUSEE_CACHE_BUCKETS=131072 FUSEE_RING_SHARDS_FACTOR=4 FUSEE_RING_ROUTING=worker_id ./tests/protocol_a_ycsb /dev/dax0.0 /tmp/microbench_traces/bench_xhost_read_zipf-0.99_h0.spec_load /tmp/microbench_traces/bench_xhost_read_zipf-0.99_h0.spec_trans 8388608 5000000 2>&1
