[A:cfg] ring_sharding T=4 N=0 (disabled) -> shards=1 block=4 routing=key_hash
[A:thread] Worker pinned host=0 client=1 -> cpu=1 (pid=109032)
[A:thread] Worker pinned host=0 client=0 -> cpu=0 (pid=109007)
[A:thread] Worker pinned host=0 client=2 -> cpu=2 (pid=109033)
[A:thread] Worker pinned host=0 client=3 -> cpu=3 (pid=109034)
[A:thread] WriteRecv0 pid=109007 tid=139825134925504 cpu=64 host=0 rings=[0]
[A:thread] ReadRecv0 pid=109007 tid=139825126532800 cpu=65 host=0 rings=[0]
[A:thread] InvalRecv0 pid=109007 tid=139825118140096 cpu=66 host=0 rings=[0]
[A:tls] worker host=0 client=3 entries=1024 (~1088 KiB)
[A:tls] worker host=0 client=1 entries=1024 (~1088 KiB)
[A:tls] worker host=0 client=2 entries=1024 (~1088 KiB)
[A:tls] worker host=0 client=0 entries=1024 (~1088 KiB)
[A:thread] ReservHandler pid=109007 tid=139825068119744 pinned cpu=85 (host_id=0)
# PATH host=0 label=after_LOAD tid=139825135138944 r0_tls=0 r2hit=0 r2miss_local=0 r3=0 cpool_ins_r=0 local_w=1000929 fwd_w=0 local_w_blk_fwd=0 local_w_stg_fwd=0 cpool_ins_w=1000929 cp_evict=0 cp_set_stale=0 cp_lru_evict=486677 rh_served=0
# PATH host=0 label=after_LOAD AGG r0_tls=0 r2hit=0 r2miss_local=0 r3=0 cpool_ins_r=0 local_w=1000929 fwd_w=0 local_w_blk_fwd=0 local_w_stg_fwd=0 cpool_ins_w=1000929 cp_evict=0 cp_set_stale=0 cp_lru_evict=486677 rh_served=0
YCSB opt=A cache=0 num_hosts=2 threads=4 threads_eff=4 rep=3 load_ops=2000000 load_thpt=341456 trans_ops=5000000 trans_wall_max=4.829266 trans_agg_thpt=1035354 w_avg_ns=0 w_p50_ns=0 w_p99_ns=0 r_avg_ns=2512 r_p50_ns=310 r_p99_ns=23868 first_op_ns_max=58546 first_op_ns_avg=35024 ops_to_first_ns_max=124027 ops_to_first_ns_avg=58524 # xhost_read_optA_t4_cacheoff_rep3
# PATH host=0 label=after_TRANS tid=139825135138944 r0_tls=0 r2hit=373107 r2miss_local=0 r3=251893 cpool_ins_r=41600 local_w=1000929 fwd_w=0 local_w_blk_fwd=0 local_w_stg_fwd=0 cpool_ins_w=1000929 cp_evict=0 cp_set_stale=0 cp_lru_evict=526720 rh_served=0
# PATH host=0 label=after_TRANS tid=139825126532800 r0_tls=0 r2hit=0 r2miss_local=0 r3=0 cpool_ins_r=0 local_w=0 fwd_w=0 local_w_blk_fwd=0 local_w_stg_fwd=0 cpool_ins_w=0 cp_evict=0 cp_set_stale=0 cp_lru_evict=0 rh_served=908542
# PATH host=0 label=after_TRANS AGG r0_tls=0 r2hit=373107 r2miss_local=0 r3=251893 cpool_ins_r=41600 local_w=1000929 fwd_w=0 local_w_blk_fwd=0 local_w_stg_fwd=0 cpool_ins_w=1000929 cp_evict=0 cp_set_stale=0 cp_lru_evict=526720 rh_served=908542
# CACHE_FILL host=0 cache_buckets=131072 capacity=524288 filled=520254 stale=0 tomb=0 fill_pct=99.231
