[A:cfg] ring_sharding T=32 N=8 -> shards=4 block=8 routing=key_hash
[A:thread] Worker pinned host=0 client=1 -> cpu=1 (pid=114249)
[A:thread] Worker pinned host=0 client=2 -> cpu=2 (pid=114250)
[A:thread] Worker pinned host=0 client=3 -> cpu=3 (pid=114251)
[A:thread] Worker pinned host=0 client=4 -> cpu=4 (pid=114252)
[A:thread] Worker pinned host=0 client=5 -> cpu=5 (pid=114253)
[A:thread] Worker pinned host=0 client=6 -> cpu=6 (pid=114254)
[A:thread] Worker pinned host=0 client=7 -> cpu=7 (pid=114255)
[A:thread] Worker pinned host=0 client=8 -> cpu=8 (pid=114256)
[A:thread] Worker pinned host=0 client=9 -> cpu=9 (pid=114257)
[A:thread] Worker pinned host=0 client=10 -> cpu=10 (pid=114258)
[A:thread] Worker pinned host=0 client=11 -> cpu=11 (pid=114259)
[A:thread] Worker pinned host=0 client=12 -> cpu=12 (pid=114260)
[A:thread] Worker pinned host=0 client=13 -> cpu=13 (pid=114261)
[A:thread] Worker pinned host=0 client=14 -> cpu=14 (pid=114262)
[A:thread] Worker pinned host=0 client=15 -> cpu=15 (pid=114263)
[A:thread] Worker pinned host=0 client=16 -> cpu=16 (pid=114264)
[A:thread] Worker pinned host=0 client=17 -> cpu=17 (pid=114265)
[A:thread] Worker pinned host=0 client=18 -> cpu=18 (pid=114266)
[A:thread] Worker pinned host=0 client=19 -> cpu=19 (pid=114267)
[A:thread] Worker pinned host=0 client=20 -> cpu=20 (pid=114268)
[A:thread] Worker pinned host=0 client=21 -> cpu=21 (pid=114269)
[A:thread] Worker pinned host=0 client=22 -> cpu=22 (pid=114270)
[A:thread] Worker pinned host=0 client=23 -> cpu=23 (pid=114271)
[A:thread] Worker pinned host=0 client=24 -> cpu=24 (pid=114272)
[A:thread] Worker pinned host=0 client=25 -> cpu=25 (pid=114273)
[A:thread] Worker pinned host=0 client=26 -> cpu=26 (pid=114274)
[A:thread] Worker pinned host=0 client=27 -> cpu=27 (pid=114275)
[A:thread] Worker pinned host=0 client=28 -> cpu=28 (pid=114276)
[A:thread] Worker pinned host=0 client=29 -> cpu=29 (pid=114277)
[A:thread] Worker pinned host=0 client=30 -> cpu=30 (pid=114278)
[A:thread] Worker pinned host=0 client=0 -> cpu=0 (pid=114224)
[A:thread] Worker pinned host=0 client=31 -> cpu=31 (pid=114279)
[A:thread] WriteRecv1 pid=114224 tid=140535168939712 cpu=65 host=0 rings=[1[A:thread] WriteRecv0 pid=114224 tid=140535177332416 cpu=64 host=0 rings=[0]
]
[A:thread] WriteRecv2 pid=114224 tid=140535160547008 cpu=66 host=0 rings=[2]
[A:thread] WriteRecv3 pid=114224 tid=140535110526656 cpu=67 host=0 rings=[3]
[A:thread] ReadRecv0 pid=114224 tid=140535102133952 cpu=68 host=0 rings=[0]
[A:thread] ReadRecv1 pid=114224 tid=140534886692544 cpu=69 host=0 rings=[1]
[A:thread] ReadRecv2 pid=114224 tid=140534878299840 cpu=70 host=0 rings=[2]
[A:thread] ReadRecv3 pid=114224 tid=140534869907136 cpu=71 host=0 rings=[[A:thread] InvalRecv0 pid=114224 tid=140534861514432 cpu=72 host=0 rings=[0]
3]
[A:thread] InvalRecv1 pid=114224 tid=140534853121728 cpu=73 host=0 rings=[[A:thread] InvalRecv3 pid=114224 tid=140534836336320 cpu=75 host=0 rings=[3]
[A:thread] InvalRecv2 pid=114224 tid=140534844729024 cpu=74 host=0 rings=[2]
1]
[A:thread] ReservHandler pid=114224 tid=140534618257088 pinned cpu=85 (host_id=0)
[A:tls] worker host=0 client=19 entries=1024 (~1088 KiB)
[A:tls] worker host=0 client=10 entries=1024 (~1088 KiB)
[A:tls] worker host=0 client=11 entries=1024 (~1088 KiB)
[A:tls] worker host=0 client=7 entries=1024 (~1088 KiB)
[A:tls] worker host=0 client=13 entries=1024 (~1088 KiB)
[A:tls] worker host=0 client=0 entries=1024 (~1088 KiB)
[A:tls] worker host=0 client=18 entries=1024 (~1088 KiB)
[A:tls] worker host=0 client=1 entries=1024 (~1088 KiB)
[A:tls] worker host=0 client=20 entries=1024 (~1088 KiB)
[A:tls] worker host=0 client=14 entries=1024 (~1088 KiB)
[A:tls] worker host=0 client=30 entries=1024 (~1088 KiB)
[A:tls] worker host=0 client=25 entries=1024 (~1088 KiB)
[A:tls] worker host=0 client=23 entries=1024 (~1088 KiB)
[A:tls] worker host=0 client=29 entries=1024 (~1088 KiB)
[A:tls] worker host=0 client=31 entries=1024 (~1088 KiB)
[A:tls] worker host=0 client=15 entries=1024 (~1088 KiB)
[A:tls] worker host=0 client=27 entries=1024 (~1088 KiB)
[A:tls] worker host=0 client=8 entries=1024 (~1088 KiB)
[A:tls] worker host=0 client=16 entries=1024 (~1088 KiB)
[A:tls] worker host=0 client=28 entries=1024 (~1088 KiB)
[A:tls] worker host=0 client=6 entries=1024 (~1088 KiB)
[A:tls] worker host=0 client=21 entries=1024 (~1088 KiB)
[A:tls] worker host=0 client=4 entries=1024 (~1088 KiB)
[A:tls] worker host=0 client=26 entries=1024 (~1088 KiB)
[A:tls] worker host=0 client=12 entries=1024 (~1088 KiB)
[A:tls] worker host=0 client=2 entries=1024 (~1088 KiB)
[A:tls] worker host=0 client=22 entries=1024 (~1088 KiB)
[A:tls] worker host=0 client=17 entries=1024 (~1088 KiB)
[A:tls] worker host=0 client=9 entries=1024 (~1088 KiB)
[A:tls] worker host=0 client=3 entries=1024 (~1088 KiB)
[A:tls] worker host=0 client=5 entries=1024 (~1088 KiB)
[A:tls] worker host=0 client=24 entries=1024 (~1088 KiB)
# PATH host=0 label=after_LOAD tid=140535177545856 r0_tls=0 r2hit=0 r2miss_local=0 r3=0 cpool_ins_r=0 local_w=1000929 fwd_w=0 local_w_blk_fwd=0 local_w_stg_fwd=0 cpool_ins_w=1000929 cp_evict=0 cp_set_stale=0 cp_lru_evict=486677 rh_served=0
# PATH host=0 label=after_LOAD tid=140534878299840 r0_tls=0 r2hit=0 r2miss_local=0 r3=0 cpool_ins_r=0 local_w=0 fwd_w=0 local_w_blk_fwd=0 local_w_stg_fwd=0 cpool_ins_w=0 cp_evict=0 cp_set_stale=0 cp_lru_evict=0 rh_served=24105
# PATH host=0 label=after_LOAD tid=140535102133952 r0_tls=0 r2hit=0 r2miss_local=0 r3=0 cpool_ins_r=0 local_w=0 fwd_w=0 local_w_blk_fwd=0 local_w_stg_fwd=0 cpool_ins_w=0 cp_evict=0 cp_set_stale=0 cp_lru_evict=0 rh_served=25203
# PATH host=0 label=after_LOAD tid=140534886692544 r0_tls=0 r2hit=0 r2miss_local=0 r3=0 cpool_ins_r=0 local_w=0 fwd_w=0 local_w_blk_fwd=0 local_w_stg_fwd=0 cpool_ins_w=0 cp_evict=0 cp_set_stale=0 cp_lru_evict=0 rh_served=20295
# PATH host=0 label=after_LOAD tid=140534869907136 r0_tls=0 r2hit=0 r2miss_local=0 r3=0 cpool_ins_r=0 local_w=0 fwd_w=0 local_w_blk_fwd=0 local_w_stg_fwd=0 cpool_ins_w=0 cp_evict=0 cp_set_stale=0 cp_lru_evict=0 rh_served=35469
# PATH host=0 label=after_LOAD AGG r0_tls=0 r2hit=0 r2miss_local=0 r3=0 cpool_ins_r=0 local_w=1000929 fwd_w=0 local_w_blk_fwd=0 local_w_stg_fwd=0 cpool_ins_w=1000929 cp_evict=0 cp_set_stale=0 cp_lru_evict=486677 rh_served=105072
YCSB opt=A cache=0 num_hosts=2 threads=32 threads_eff=32 rep=2 load_ops=2000000 load_thpt=327723 trans_ops=5000000 trans_wall_max=1.470237 trans_agg_thpt=3400812 w_avg_ns=0 w_p50_ns=0 w_p99_ns=0 r_avg_ns=5254 r_p50_ns=482 r_p99_ns=114936 first_op_ns_max=504323 first_op_ns_avg=110979 ops_to_first_ns_max=543445 ops_to_first_ns_avg=154871 # xhost_read_optA_t32_cacheoff_rep2
bash: line 1: 114224 Segmentation fault      FUSEE_NUM_HOSTS=2 FUSEE_HOST_ID=0 FUSEE_NUM_THREADS=32 FUSEE_RUN_COOKIE=148001048 FUSEE_REP=2 FUSEE_CACHE=0 FUSEE_WORKLOAD_NAME=xhost_read FUSEE_KV_SIZE=1024 FUSEE_CACHE_BUCKETS=131072 FUSEE_RING_SHARDS_FACTOR=8 FUSEE_RING_ROUTING=key_hash ./tests/protocol_a_ycsb /dev/dax0.0 /tmp/microbench_traces/bench_xhost_read_zipf-0.99_h0.spec_load /tmp/microbench_traces/bench_xhost_read_zipf-0.99_h0.spec_trans 8388608 5000000 2>&1
