[A:cfg] ring_sharding T=8 N=4 -> shards=2 block=4 routing=key_hash
[A:thread] Worker pinned host=1 client=1 -> cpu=1 (pid=109592)
[A:thread] Worker pinned host=1 client=2 -> cpu=2 (pid=109593)
[A:thread] Worker pinned host=1 client=3 -> cpu=3 (pid=109594)
[A:thread] Worker pinned host=1 client=4 -> cpu=4 (pid=109595)
[A:thread] Worker pinned host=1 client=5 -> cpu=5 (pid=109596)
[A:thread] Worker pinned host=1 client=0 -> cpu=0 (pid=109568)
[A:thread] Worker pinned host=1 client=6 -> cpu=6 (pid=109597)
[A:thread] Worker pinned host=1 client=7 -> cpu=7 (pid=109598)
[A:thread] WriteRecv0 pid=109568 tid=140271669188288 cpu=64 host=1 rings=[0]
[A:thread] WriteRecv1 pid=109568 tid=140271660795584 cpu=65 host=1 rings=[1]
[A:thread] ReadRecv0 pid=109568 tid=140271652402880 cpu=66 host=1 rings=[0]
[A:thread] ReadRecv1 pid=109568 tid=140271602382528 cpu=67 host=1 rings=[1]
[A:thread] InvalRecv0 pid=109568 tid=140271593989824 cpu=68 host=1 rings=[0]
[A:thread] InvalRecv1 pid=109568 tid=140271585597120 cpu=69 host=1 rings=[1]
[A:thread] ReservHandler pid=109568 tid=140271577204416 pinned cpu=85 (host_id=1)
[A:tls] worker host=1 client=0 entries=1024 (~1088 KiB)
[A:tls] worker host=1 client=5 entries=1024 (~1088 KiB)
[A:tls] worker host=1 client=7 entries=1024 (~1088 KiB)
[A:tls] worker host=1 client=1 entries=1024 (~1088 KiB)
[A:tls] worker host=1 client=3 entries=1024 (~1088 KiB)
[A:tls] worker host=1 client=6 entries=1024 (~1088 KiB)
[A:tls] worker host=1 client=4 entries=1024 (~1088 KiB)
[A:tls] worker host=1 client=2 entries=1024 (~1088 KiB)
# PATH host=1 label=after_LOAD tid=140271669401728 r0_tls=0 r2hit=0 r2miss_local=0 r3=0 cpool_ins_r=0 local_w=999071 fwd_w=0 local_w_blk_fwd=0 local_w_stg_fwd=0 cpool_ins_w=999070 cp_evict=0 cp_set_stale=0 cp_lru_evict=485114 rh_served=0
# PATH host=1 label=after_LOAD tid=140271652402880 r0_tls=0 r2hit=0 r2miss_local=0 r3=0 cpool_ins_r=0 local_w=0 fwd_w=0 local_w_blk_fwd=0 local_w_stg_fwd=0 cpool_ins_w=0 cp_evict=0 cp_set_stale=0 cp_lru_evict=0 rh_served=5587
# PATH host=1 label=after_LOAD tid=140271602382528 r0_tls=0 r2hit=0 r2miss_local=0 r3=0 cpool_ins_r=0 local_w=0 fwd_w=0 local_w_blk_fwd=0 local_w_stg_fwd=0 cpool_ins_w=0 cp_evict=0 cp_set_stale=0 cp_lru_evict=0 rh_served=4564
# PATH host=1 label=after_LOAD AGG r0_tls=0 r2hit=0 r2miss_local=0 r3=0 cpool_ins_r=0 local_w=999071 fwd_w=0 local_w_blk_fwd=0 local_w_stg_fwd=0 cpool_ins_w=999070 cp_evict=0 cp_set_stale=0 cp_lru_evict=485114 rh_served=10151
bash: line 1: 109568 Segmentation fault      FUSEE_NUM_HOSTS=2 FUSEE_HOST_ID=1 FUSEE_NUM_THREADS=8 FUSEE_RUN_COOKIE=946624179 FUSEE_REP=1 FUSEE_CACHE=0 FUSEE_WORKLOAD_NAME=xhost_read FUSEE_KV_SIZE=1024 FUSEE_CACHE_BUCKETS=131072 FUSEE_RING_SHARDS_FACTOR=4 FUSEE_RING_ROUTING=key_hash ./tests/protocol_a_ycsb /dev/dax0.0 /tmp/microbench_traces/bench_xhost_read_zipf-0.99_h1.spec_load /tmp/microbench_traces/bench_xhost_read_zipf-0.99_h1.spec_trans 8388608 5000000 2>&1
