[A:cfg] ring_sharding T=32 N=4 -> shards=8 block=4 routing=key_hash
[A:thread] Worker pinned host=1 client=1 -> cpu=1 (pid=112781)
[A:thread] Worker pinned host=1 client=2 -> cpu=2 (pid=112782)
[A:thread] Worker pinned host=1 client=3 -> cpu=3 (pid=112783)
[A:thread] Worker pinned host=1 client=4 -> cpu=4 (pid=112784)
[A:thread] Worker pinned host=1 client=5 -> cpu=5 (pid=112785)
[A:thread] Worker pinned host=1 client=6 -> cpu=6 (pid=112786)
[A:thread] Worker pinned host=1 client=7 -> cpu=7 (pid=112787)
[A:thread] Worker pinned host=1 client=8 -> cpu=8 (pid=112788)
[A:thread] Worker pinned host=1 client=9 -> cpu=9 (pid=112789)
[A:thread] Worker pinned host=1 client=10 -> cpu=10 (pid=112790)
[A:thread] Worker pinned host=1 client=11 -> cpu=11 (pid=112791)
[A:thread] Worker pinned host=1 client=12 -> cpu=12 (pid=112792)
[A:thread] Worker pinned host=1 client=13 -> cpu=13 (pid=112793)
[A:thread] Worker pinned host=1 client=14 -> cpu=14 (pid=112794)
[A:thread] Worker pinned host=1 client=15 -> cpu=15 (pid=112795)
[A:thread] Worker pinned host=1 client=16 -> cpu=16 (pid=112796)
[A:thread] Worker pinned host=1 client=17 -> cpu=17 (pid=112797)
[A:thread] Worker pinned host=1 client=18 -> cpu=18 (pid=112798)
[A:thread] Worker pinned host=1 client=19 -> cpu=19 (pid=112799)
[A:thread] Worker pinned host=1 client=20 -> cpu=20 (pid=112800)
[A:thread] Worker pinned host=1 client=21 -> cpu=21 (pid=112801)
[A:thread] Worker pinned host=1 client=22 -> cpu=22 (pid=112802)
[A:thread] Worker pinned host=1 client=23 -> cpu=23 (pid=112803)
[A:thread] Worker pinned host=1 client=24 -> cpu=24 (pid=112804)
[A:thread] Worker pinned host=1 client=25 -> cpu=25 (pid=112805)
[A:thread] Worker pinned host=1 client=26 -> cpu=26 (pid=112806)
[A:thread] Worker pinned host=1 client=27 -> cpu=27 (pid=112807)
[A:thread] Worker pinned host=1 client=28 -> cpu=28 (pid=112808)
[A:thread] Worker pinned host=1 client=29 -> cpu=29 (pid=112809)
[A:thread] Worker pinned host=1 client=30 -> cpu=30 (pid=112810)
[A:thread] Worker pinned host=1 client=0 -> cpu=0 (pid=112772)
[A:thread] Worker pinned host=1 client=31 -> cpu=31 (pid=112811)
[A:thread] WriteRecv0 pid=112772 tid=139699402475200 cpu=64 host=1 rings=[0]
[A:thread] WriteRecv1 pid=112772 tid=139699394082496 cpu=65 host=1 rings=[1]
[A:thread] WriteRecv2 pid=112772 tid=139699385689792 cpu=66 host=1 rings=[2]
[A:thread] WriteRecv3 pid=112772 tid=139699335669440 cpu=67 host=1 rings=[3]
[A:thread] WriteRecv4 pid=112772 tid=139699327276736 cpu=68 host=1 rings=[[A:thread] WriteRecv6 pid=112772 tid=139699310491328 cpu=70 host=1 rings=[6]
4]
[A:thread] WriteRecv5 pid=112772 tid=139699318884032 cpu=69 host=1 rings=[5]
[A:thread] WriteRecv7 pid=112772 tid=139699167426240 cpu=71 host=1 rings=[7]
[A:thread] ReadRecv0 pid=112772 tid=139699302098624 cpu=72 host=1 rings=[0]
[A:thread] ReadRecv3 pid=112772 tid=139699276920512 cpu=75 host=1 rings=[3]
[A:thread] InvalRecv0 pid=112772 tid=139699159033536 cpu=79 host=1 rings=[[A:thread] ReadRecv6 pid=112772 tid=139699180009152 cpu=78 host=1 rings=[6,7[A:thread] ReadRecv5 pid=112772 tid=139699260135104 cpu=77 host=1 rings=[[A:thread] ReadRecv2 pid=112772 tid=139699285313216 cpu=74 host=1 rings=[2]
[A:thread] ReadRecv4 pid=112772 tid=139699268527808 cpu=76 host=1 rings=[4]
[A:thread] InvalRecv1 pid=112772 tid=139699150640832 cpu=80 host=1 rings=[1]
[A:thread] ReadRecv1 pid=112772 tid=139699293705920 cpu=73 host=1 rings=[1]
[A:thread] InvalRecv2 pid=112772 tid=139699142248128 cpu=81 host=1 rings=[2]
5]
]
[A:thread] InvalRecv5 pid=112772 tid=139698844464832 cpu=84 host=1 rings=[5]
[A:thread] InvalRecv4 pid=112772 tid=139699125462720 cpu=83 host=1 rings=[4]
0]
[A:thread] InvalRecv3 pid=112772 tid=139699133855424 cpu=82 host=1 rings=[3]
[A:thread] InvalRecv6 pid=112772 tid=139678386747072 cpu=85 host=1 rings=[6,7]
[A:thread] ReservHandler pid=112772 tid=139677436737216 pinned cpu=85 (host_id=1)
[A:tls] worker host=1 client=11 entries=1024 (~1088 KiB)
[A:tls] worker host=1 client=13 entries=1024 (~1088 KiB)
[A:tls] worker host=1 client=31 entries=1024 (~1088 KiB)
[A:tls] worker host=1 client=14 entries=1024 (~1088 KiB)
[A:tls] worker host=1 client=9 entries=1024 (~1088 KiB)
[A:tls] worker host=1 client=27 entries=1024 (~1088 KiB)
[A:tls] worker host=1 client=17 entries=1024 (~1088 KiB)
[A:tls] worker host=1 client=15 entries=1024 (~1088 KiB)
[A:tls] worker host=1 client=22 entries=1024 (~1088 KiB)
[A:tls] worker host=1 client=4 entries=1024 (~1088 KiB)
[A:tls] worker host=1 client=29 entries=1024 (~1088 KiB)
[A:tls] worker host=1 client=2 entries=1024 (~1088 KiB)
[A:tls] worker host=1 client=8 entries=1024 (~1088 KiB)
[A:tls] worker host=1 client=18 entries=1024 (~1088 KiB)
[A:tls] worker host=1 client=6 entries=1024 (~1088 KiB)
[A:tls] worker host=1 client=16 entries=1024 (~1088 KiB)
[A:tls] worker host=1 client=30 entries=1024 (~1088 KiB)
[A:tls] worker host=1 client=28 entries=1024 (~1088 KiB)
[A:tls] worker host=1 client=10 entries=1024 (~1088 KiB)
[A:tls] worker host=1 client=20 entries=1024 (~1088 KiB)
[A:tls] worker host=1 client=12 entries=1024 (~1088 KiB)
[A:tls] worker host=1 client=21 entries=1024 (~1088 KiB)
[A:tls] worker host=1 client=24 entries=1024 (~1088 KiB)
[A:tls] worker host=1 client=0 entries=1024 (~1088 KiB)
[A:tls] worker host=1 client=26 entries=1024 (~1088 KiB)
[A:tls] worker host=1 client=3 entries=1024 (~1088 KiB)
[A:tls] worker host=1 client=23 entries=1024 (~1088 KiB)
[A:tls] worker host=1 client=19 entries=1024 (~1088 KiB)
[A:tls] worker host=1 client=1 entries=1024 (~1088 KiB)
[A:tls] worker host=1 client=5 entries=1024 (~1088 KiB)
[A:tls] worker host=1 client=7 entries=1024 (~1088 KiB)
[A:tls] worker host=1 client=25 entries=1024 (~1088 KiB)
# PATH host=1 label=after_LOAD tid=139699402688640 r0_tls=0 r2hit=0 r2miss_local=0 r3=0 cpool_ins_r=0 local_w=999071 fwd_w=0 local_w_blk_fwd=0 local_w_stg_fwd=0 cpool_ins_w=999069 cp_evict=0 cp_set_stale=0 cp_lru_evict=485113 rh_served=0
# PATH host=1 label=after_LOAD tid=139699260135104 r0_tls=0 r2hit=0 r2miss_local=0 r3=0 cpool_ins_r=0 local_w=0 fwd_w=0 local_w_blk_fwd=0 local_w_stg_fwd=0 cpool_ins_w=0 cp_evict=0 cp_set_stale=0 cp_lru_evict=0 rh_served=413
# PATH host=1 label=after_LOAD tid=139699285313216 r0_tls=0 r2hit=0 r2miss_local=0 r3=0 cpool_ins_r=0 local_w=0 fwd_w=0 local_w_blk_fwd=0 local_w_stg_fwd=0 cpool_ins_w=0 cp_evict=0 cp_set_stale=0 cp_lru_evict=0 rh_served=454
# PATH host=1 label=after_LOAD tid=139699180009152 r0_tls=0 r2hit=0 r2miss_local=0 r3=0 cpool_ins_r=0 local_w=0 fwd_w=0 local_w_blk_fwd=0 local_w_stg_fwd=0 cpool_ins_w=0 cp_evict=0 cp_set_stale=0 cp_lru_evict=0 rh_served=1071
# PATH host=1 label=after_LOAD tid=139699276920512 r0_tls=0 r2hit=0 r2miss_local=0 r3=0 cpool_ins_r=0 local_w=0 fwd_w=0 local_w_blk_fwd=0 local_w_stg_fwd=0 cpool_ins_w=0 cp_evict=0 cp_set_stale=0 cp_lru_evict=0 rh_served=433
# PATH host=1 label=after_LOAD tid=139699268527808 r0_tls=0 r2hit=0 r2miss_local=0 r3=0 cpool_ins_r=0 local_w=0 fwd_w=0 local_w_blk_fwd=0 local_w_stg_fwd=0 cpool_ins_w=0 cp_evict=0 cp_set_stale=0 cp_lru_evict=0 rh_served=541
# PATH host=1 label=after_LOAD tid=139699302098624 r0_tls=0 r2hit=0 r2miss_local=0 r3=0 cpool_ins_r=0 local_w=0 fwd_w=0 local_w_blk_fwd=0 local_w_stg_fwd=0 cpool_ins_w=0 cp_evict=0 cp_set_stale=0 cp_lru_evict=0 rh_served=550
# PATH host=1 label=after_LOAD tid=139699293705920 r0_tls=0 r2hit=0 r2miss_local=0 r3=0 cpool_ins_r=0 local_w=0 fwd_w=0 local_w_blk_fwd=0 local_w_stg_fwd=0 cpool_ins_w=0 cp_evict=0 cp_set_stale=0 cp_lru_evict=0 rh_served=493
# PATH host=1 label=after_LOAD AGG r0_tls=0 r2hit=0 r2miss_local=0 r3=0 cpool_ins_r=0 local_w=999071 fwd_w=0 local_w_blk_fwd=0 local_w_stg_fwd=0 cpool_ins_w=999069 cp_evict=0 cp_set_stale=0 cp_lru_evict=485113 rh_served=3955
bash: line 1: 112772 Segmentation fault      FUSEE_NUM_HOSTS=2 FUSEE_HOST_ID=1 FUSEE_NUM_THREADS=32 FUSEE_RUN_COOKIE=1426924351 FUSEE_REP=3 FUSEE_CACHE=0 FUSEE_WORKLOAD_NAME=xhost_read FUSEE_KV_SIZE=1024 FUSEE_CACHE_BUCKETS=131072 FUSEE_RING_SHARDS_FACTOR=4 FUSEE_RING_ROUTING=key_hash ./tests/protocol_a_ycsb /dev/dax0.0 /tmp/microbench_traces/bench_xhost_read_zipf-0.99_h1.spec_load /tmp/microbench_traces/bench_xhost_read_zipf-0.99_h1.spec_trans 8388608 5000000 2>&1
