[A:cfg] ring_sharding T=4 N=4 -> shards=1 block=4 routing=key_hash
[A:thread] Worker pinned host=0 client=1 -> cpu=1 (pid=109426)
[A:thread] Worker pinned host=0 client=0 -> cpu=0 (pid=109417)
[A:thread] Worker pinned host=0 client=2 -> cpu=2 (pid=109427)
[A:thread] Worker pinned host=0 client=3 -> cpu=3 (pid=109428)
[A:thread] WriteRecv0 pid=109417 tid=140127062222528 cpu=64 host=0 rings=[0]
[A:thread] ReadRecv0 pid=109417 tid=140127053829824 cpu=65 host=0 rings=[0]
[A:thread] InvalRecv0 pid=109417 tid=140127045437120 cpu=66 host=0 rings=[0]
[A:thread] ReservHandler pid=109417 tid=140126995416768 pinned cpu=85 (host_id=0)
[A:tls] worker host=0 client=2 entries=1024 (~1088 KiB)
[A:tls] worker host=0 client=0 entries=1024 (~1088 KiB)
[A:tls] worker host=0 client=3 entries=1024 (~1088 KiB)
[A:tls] worker host=0 client=1 entries=1024 (~1088 KiB)
# PATH host=0 label=after_LOAD tid=140127062435968 r0_tls=0 r2hit=0 r2miss_local=0 r3=0 cpool_ins_r=0 local_w=1000929 fwd_w=0 local_w_blk_fwd=0 local_w_stg_fwd=0 cpool_ins_w=1000929 cp_evict=0 cp_set_stale=0 cp_lru_evict=486677 rh_served=0
# PATH host=0 label=after_LOAD AGG r0_tls=0 r2hit=0 r2miss_local=0 r3=0 cpool_ins_r=0 local_w=1000929 fwd_w=0 local_w_blk_fwd=0 local_w_stg_fwd=0 cpool_ins_w=1000929 cp_evict=0 cp_set_stale=0 cp_lru_evict=486677 rh_served=0
YCSB opt=A cache=0 num_hosts=2 threads=4 threads_eff=4 rep=3 load_ops=2000000 load_thpt=340686 trans_ops=5000000 trans_wall_max=4.801814 trans_agg_thpt=1041272 w_avg_ns=0 w_p50_ns=0 w_p99_ns=0 r_avg_ns=2526 r_p50_ns=305 r_p99_ns=23856 first_op_ns_max=177918 first_op_ns_avg=64070 ops_to_first_ns_max=178026 ops_to_first_ns_avg=80771 # xhost_read_optA_t4_cacheoff_rep3
# PATH host=0 label=after_TRANS tid=140127062435968 r0_tls=0 r2hit=374498 r2miss_local=0 r3=250502 cpool_ins_r=41716 local_w=1000929 fwd_w=0 local_w_blk_fwd=0 local_w_stg_fwd=0 cpool_ins_w=1000929 cp_evict=0 cp_set_stale=0 cp_lru_evict=526820 rh_served=0
# PATH host=0 label=after_TRANS tid=140127053829824 r0_tls=0 r2hit=0 r2miss_local=0 r3=0 cpool_ins_r=0 local_w=0 fwd_w=0 local_w_blk_fwd=0 local_w_stg_fwd=0 cpool_ins_w=0 cp_evict=0 cp_set_stale=0 cp_lru_evict=0 rh_served=931461
# PATH host=0 label=after_TRANS AGG r0_tls=0 r2hit=374498 r2miss_local=0 r3=250502 cpool_ins_r=41716 local_w=1000929 fwd_w=0 local_w_blk_fwd=0 local_w_stg_fwd=0 cpool_ins_w=1000929 cp_evict=0 cp_set_stale=0 cp_lru_evict=526820 rh_served=931461
# CACHE_FILL host=0 cache_buckets=131072 capacity=524288 filled=520254 stale=0 tomb=0 fill_pct=99.231
