[A:cfg] ring_sharding T=32 N=4 -> shards=8 block=4 routing=key_hash
[A:thread] Worker pinned host=1 client=1 -> cpu=1 (pid=112572)
[A:thread] Worker pinned host=1 client=2 -> cpu=2 (pid=112573)
[A:thread] Worker pinned host=1 client=3 -> cpu=3 (pid=112574)
[A:thread] Worker pinned host=1 client=4 -> cpu=4 (pid=112575)
[A:thread] Worker pinned host=1 client=5 -> cpu=5 (pid=112576)
[A:thread] Worker pinned host=1 client=6 -> cpu=6 (pid=112577)
[A:thread] Worker pinned host=1 client=7 -> cpu=7 (pid=112578)
[A:thread] Worker pinned host=1 client=8 -> cpu=8 (pid=112579)
[A:thread] Worker pinned host=1 client=9 -> cpu=9 (pid=112580)
[A:thread] Worker pinned host=1 client=10 -> cpu=10 (pid=112581)
[A:thread] Worker pinned host=1 client=11 -> cpu=11 (pid=112582)
[A:thread] Worker pinned host=1 client=12 -> cpu=12 (pid=112583)
[A:thread] Worker pinned host=1 client=13 -> cpu=13 (pid=112584)
[A:thread] Worker pinned host=1 client=14 -> cpu=14 (pid=112585)
[A:thread] Worker pinned host=1 client=15 -> cpu=15 (pid=112586)
[A:thread] Worker pinned host=1 client=16 -> cpu=16 (pid=112587)
[A:thread] Worker pinned host=1 client=17 -> cpu=17 (pid=112588)
[A:thread] Worker pinned host=1 client=18 -> cpu=18 (pid=112589)
[A:thread] Worker pinned host=1 client=19 -> cpu=19 (pid=112590)
[A:thread] Worker pinned host=1 client=20 -> cpu=20 (pid=112591)
[A:thread] Worker pinned host=1 client=21 -> cpu=21 (pid=112592)
[A:thread] Worker pinned host=1 client=22 -> cpu=22 (pid=112593)
[A:thread] Worker pinned host=1 client=23 -> cpu=23 (pid=112594)
[A:thread] Worker pinned host=1 client=24 -> cpu=24 (pid=112595)
[A:thread] Worker pinned host=1 client=25 -> cpu=25 (pid=112596)
[A:thread] Worker pinned host=1 client=26 -> cpu=26 (pid=112597)
[A:thread] Worker pinned host=1 client=27 -> cpu=27 (pid=112598)
[A:thread] Worker pinned host=1 client=28 -> cpu=28 (pid=112599)
[A:thread] Worker pinned host=1 client=29 -> cpu=29 (pid=112600)
[A:thread] Worker pinned host=1 client=30 -> cpu=30 (pid=112601)
[A:thread] Worker pinned host=1 client=0 -> cpu=0 (pid=112552)
[A:thread] Worker pinned host=1 client=31 -> cpu=31 (pid=112602)
[A:thread] WriteRecv0 pid=112552 tid=139640386086592 cpu=64 host=1 rings=[0]
[A:thread] WriteRecv1 pid=112552 tid=139640377693888 cpu=65 host=1 rings=[1]
[A:thread] WriteRecv2 pid=112552 tid=139640369301184 cpu=66 host=1 rings=[[A:thread] WriteRecv4 pid=112552 tid=139640310888128 cpu=68 host=1 rings=[4]
2[A:thread] WriteRecv5 pid=112552 tid=139640302495424 cpu=69 host=1 rings=[5]
[A:thread] WriteRecv3 pid=112552 tid=139640319280832 cpu=67 host=1 rings=[3]
]
[A:thread] WriteRecv6 pid=112552 tid=139640294102720 cpu=70 host=1 rings=[6]
[A:thread] WriteRecv7 pid=112552 tid=139640017254080 cpu=71 host=1 rings=[7]
[A:thread] ReadRecv0 pid=112552 tid=139640285710016 cpu=72 host=1 rings=[0]
[A:thread] ReadRecv1 pid=112552 tid=139640277317312 cpu=73 host=1 rings=[1]
[A:thread] ReadRecv5 pid=112552 tid=139640174532288 cpu=77 host=1 rings=[5]
[A:thread] ReadRecv6 pid=112552 tid=139640166139584 cpu=78 host=1 rings=[[A:thread] InvalRecv0 pid=112552 tid=139640157746880 cpu=79 host=1 rings=[0[A:thread] ReadRecv3 pid=112552 tid=139640191317696 cpu=75 host=1 rings=[3]
6,7]
[A:thread] ReadRecv2 pid=112552 tid=139640268924608 cpu=74 host=1 rings=[]
2]
[A:thread] ReadRecv4 pid=112552 tid=139640182924992 cpu=76 host=1 rings=[4]
[A:thread] InvalRecv2 pid=112552 tid=139640140961472 cpu=81 host=1 rings=[2]
[A:thread] InvalRecv3 pid=112552 tid=139640057099968 cpu=82 host=1 rings=[3[A:thread] InvalRecv5 pid=112552 tid=139640040314560 cpu=84 host=1 rings=[]
[A:thread] InvalRecv4 pid=112552 tid=139640048707264 cpu=83 host=1 rings=[[A:thread] InvalRecv6 pid=112552 tid=139640031921856 cpu=85 host=1 rings=[6,7]
[A:thread] InvalRecv1 pid=112552 tid=139640149354176 cpu=80 host=1 rings=[1]
4]
5]
[A:thread] ReservHandler pid=112552 tid=139640008861376 pinned cpu=85 (host_id=1)
[A:tls] worker host=1 client=2 entries=1024 (~1088 KiB)
[A:tls] worker host=1 client=9 entries=1024 (~1088 KiB)
[A:tls] worker host=1 client=10 entries=1024 (~1088 KiB)
[A:tls] worker host=1 client=0 entries=1024 (~1088 KiB)
[A:tls] worker host=1 client=12 entries=1024 (~1088 KiB)
[A:tls] worker host=1 client=14 entries=1024 (~1088 KiB)
[A:tls] worker host=1 client=17 entries=1024 (~1088 KiB)
[A:tls] worker host=1 client=4 entries=1024 (~1088 KiB)
[A:tls] worker host=1 client=21 entries=1024 (~1088 KiB)
[A:tls] worker host=1 client=31 entries=1024 (~1088 KiB)
[A:tls] worker host=1 client=19 entries=1024 (~1088 KiB)
[A:tls] worker host=1 client=15 entries=1024 (~1088 KiB)
[A:tls] worker host=1 client=28 entries=1024 (~1088 KiB)
[A:tls] worker host=1 client=29 entries=1024 (~1088 KiB)
[A:tls] worker host=1 client=8 entries=1024 (~1088 KiB)
[A:tls] worker host=1 client=5 entries=1024 (~1088 KiB)
[A:tls] worker host=1 client=27 entries=1024 (~1088 KiB)
[A:tls] worker host=1 client=11 entries=1024 (~1088 KiB)
[A:tls] worker host=1 client=7 entries=1024 (~1088 KiB)
[A:tls] worker host=1 client=1 entries=1024 (~1088 KiB)
[A:tls] worker host=1 client=20 entries=1024 (~1088 KiB)
[A:tls] worker host=1 client=3 entries=1024 (~1088 KiB)
[A:tls] worker host=1 client=26 entries=1024 (~1088 KiB)
[A:tls] worker host=1 client=23 entries=1024 (~1088 KiB)
[A:tls] worker host=1 client=22 entries=1024 (~1088 KiB)
[A:tls] worker host=1 client=18 entries=1024 (~1088 KiB)
[A:tls] worker host=1 client=13 entries=1024 (~1088 KiB)
[A:tls] worker host=1 client=25 entries=1024 (~1088 KiB)
[A:tls] worker host=1 client=6 entries=1024 (~1088 KiB)
[A:tls] worker host=1 client=30 entries=1024 (~1088 KiB)
[A:tls] worker host=1 client=16 entries=1024 (~1088 KiB)
[A:tls] worker host=1 client=24 entries=1024 (~1088 KiB)
# PATH host=1 label=after_LOAD tid=139640386300032 r0_tls=0 r2hit=0 r2miss_local=0 r3=0 cpool_ins_r=0 local_w=999071 fwd_w=0 local_w_blk_fwd=0 local_w_stg_fwd=0 cpool_ins_w=999070 cp_evict=0 cp_set_stale=0 cp_lru_evict=485114 rh_served=0
# PATH host=1 label=after_LOAD tid=139640174532288 r0_tls=0 r2hit=0 r2miss_local=0 r3=0 cpool_ins_r=0 local_w=0 fwd_w=0 local_w_blk_fwd=0 local_w_stg_fwd=0 cpool_ins_w=0 cp_evict=0 cp_set_stale=0 cp_lru_evict=0 rh_served=2680
# PATH host=1 label=after_LOAD tid=139640166139584 r0_tls=0 r2hit=0 r2miss_local=0 r3=0 cpool_ins_r=0 local_w=0 fwd_w=0 local_w_blk_fwd=0 local_w_stg_fwd=0 cpool_ins_w=0 cp_evict=0 cp_set_stale=0 cp_lru_evict=0 rh_served=6777
# PATH host=1 label=after_LOAD tid=139640268924608 r0_tls=0 r2hit=0 r2miss_local=0 r3=0 cpool_ins_r=0 local_w=0 fwd_w=0 local_w_blk_fwd=0 local_w_stg_fwd=0 cpool_ins_w=0 cp_evict=0 cp_set_stale=0 cp_lru_evict=0 rh_served=2812
# PATH host=1 label=after_LOAD tid=139640191317696 r0_tls=0 r2hit=0 r2miss_local=0 r3=0 cpool_ins_r=0 local_w=0 fwd_w=0 local_w_blk_fwd=0 local_w_stg_fwd=0 cpool_ins_w=0 cp_evict=0 cp_set_stale=0 cp_lru_evict=0 rh_served=2793
# PATH host=1 label=after_LOAD tid=139640285710016 r0_tls=0 r2hit=0 r2miss_local=0 r3=0 cpool_ins_r=0 local_w=0 fwd_w=0 local_w_blk_fwd=0 local_w_stg_fwd=0 cpool_ins_w=0 cp_evict=0 cp_set_stale=0 cp_lru_evict=0 rh_served=3497
# PATH host=1 label=after_LOAD tid=139640277317312 r0_tls=0 r2hit=0 r2miss_local=0 r3=0 cpool_ins_r=0 local_w=0 fwd_w=0 local_w_blk_fwd=0 local_w_stg_fwd=0 cpool_ins_w=0 cp_evict=0 cp_set_stale=0 cp_lru_evict=0 rh_served=3054
# PATH host=1 label=after_LOAD tid=139640182924992 r0_tls=0 r2hit=0 r2miss_local=0 r3=0 cpool_ins_r=0 local_w=0 fwd_w=0 local_w_blk_fwd=0 local_w_stg_fwd=0 cpool_ins_w=0 cp_evict=0 cp_set_stale=0 cp_lru_evict=0 rh_served=3572
# PATH host=1 label=after_LOAD AGG r0_tls=0 r2hit=0 r2miss_local=0 r3=0 cpool_ins_r=0 local_w=999071 fwd_w=0 local_w_blk_fwd=0 local_w_stg_fwd=0 cpool_ins_w=999070 cp_evict=0 cp_set_stale=0 cp_lru_evict=485114 rh_served=25185
bash: line 1: 112552 Segmentation fault      FUSEE_NUM_HOSTS=2 FUSEE_HOST_ID=1 FUSEE_NUM_THREADS=32 FUSEE_RUN_COOKIE=1059923932 FUSEE_REP=1 FUSEE_CACHE=0 FUSEE_WORKLOAD_NAME=xhost_read FUSEE_KV_SIZE=1024 FUSEE_CACHE_BUCKETS=131072 FUSEE_RING_SHARDS_FACTOR=4 FUSEE_RING_ROUTING=key_hash ./tests/protocol_a_ycsb /dev/dax0.0 /tmp/microbench_traces/bench_xhost_read_zipf-0.99_h1.spec_load /tmp/microbench_traces/bench_xhost_read_zipf-0.99_h1.spec_trans 8388608 5000000 2>&1
