[A:thread] Worker pinned host=1 client=1 -> cpu=1 (pid=188271)
[A:thread] Worker pinned host=1 client=2 -> cpu=2 (pid=188272)
[A:thread] Worker pinned host=1 client=3 -> cpu=3 (pid=188273)
[A:thread] Worker pinned host=1 client=4 -> cpu=4 (pid=188274)
[A:thread] Worker pinned host=1 client=5 -> cpu=5 (pid=188275)
[A:thread] Worker pinned host=1 client=6 -> cpu=6 (pid=188276)
[A:thread] Worker pinned host=1 client=7 -> cpu=7 (pid=188277)
[A:thread] Worker pinned host=1 client=8 -> cpu=8 (pid=188278)
[A:thread] Worker pinned host=1 client=9 -> cpu=9 (pid=188279)
[A:thread] Worker pinned host=1 client=10 -> cpu=10 (pid=188280)
[A:thread] Worker pinned host=1 client=11 -> cpu=11 (pid=188281)
[A:thread] Worker pinned host=1 client=12 -> cpu=12 (pid=188282)
[A:thread] Worker pinned host=1 client=13 -> cpu=13 (pid=188283)
[A:thread] Worker pinned host=1 client=14 -> cpu=14 (pid=188284)
[A:thread] Worker pinned host=1 client=15 -> cpu=15 (pid=188285)
[A:thread] Worker pinned host=1 client=16 -> cpu=16 (pid=188286)
[A:thread] Worker pinned host=1 client=17 -> cpu=17 (pid=188287)
[A:thread] Worker pinned host=1 client=18 -> cpu=18 (pid=188288)
[A:thread] Worker pinned host=1 client=19 -> cpu=19 (pid=188289)
[A:thread] Worker pinned host=1 client=20 -> cpu=20 (pid=188290)
[A:thread] Worker pinned host=1 client=21 -> cpu=21 (pid=188291)
[A:thread] Worker pinned host=1 client=22 -> cpu=22 (pid=188292)
[A:thread] Worker pinned host=1 client=23 -> cpu=23 (pid=188293)
[A:thread] Worker pinned host=1 client=24 -> cpu=24 (pid=188294)
[A:thread] Worker pinned host=1 client=25 -> cpu=25 (pid=188295)
[A:thread] Worker pinned host=1 client=26 -> cpu=26 (pid=188296)
[A:thread] Worker pinned host=1 client=27 -> cpu=27 (pid=188297)
[A:thread] Worker pinned host=1 client=28 -> cpu=28 (pid=188298)
[A:thread] Worker pinned host=1 client=29 -> cpu=29 (pid=188299)
[A:thread] Worker pinned host=1 client=30 -> cpu=30 (pid=188300)
[A:thread] Worker pinned host=1 client=31 -> cpu=31 (pid=188301)
[A:thread] Worker pinned host=1 client=32 -> cpu=32 (pid=188302)
[A:thread] Worker pinned host=1 client=33 -> cpu=33 (pid=188303)
[A:thread] Worker pinned host=1 client=34 -> cpu=34 (pid=188304)
[A:thread] Worker pinned host=1 client=35 -> cpu=35 (pid=188305)
[A:thread] Worker pinned host=1 client=36 -> cpu=36 (pid=188306)
[A:thread] Worker pinned host=1 client=37 -> cpu=37 (pid=188307)
[A:thread] Worker pinned host=1 client=39 -> cpu=39 (pid=188309)
[A:thread] Worker pinned host=1 client=38 -> cpu=38 (pid=188308)
[A:thread] Worker pinned host=1 client=40 -> cpu=40 (pid=188310)
[A:thread] Worker pinned host=1 client=41 -> cpu=41 (pid=188311)
[A:thread] Worker pinned host=1 client=42 -> cpu=42 (pid=188312)
[A:thread] Worker pinned host=1 client=43 -> cpu=43 (pid=188313)
[A:thread] Worker pinned host=1 client=44 -> cpu=44 (pid=188314)
[A:thread] Worker pinned host=1 client=46 -> cpu=46 (pid=188316)
[A:thread] Worker pinned host=1 client=45 -> cpu=45 (pid=188315)
[A:thread] Worker pinned host=1 client=47 -> cpu=47 (pid=188317)
[A:thread] Worker pinned host=1 client=49 -> cpu=49 (pid=188319)
[A:thread] Worker pinned host=1 client=50 -> cpu=50 (pid=188320)
[A:thread] Worker pinned host=1 client=48 -> cpu=48 (pid=188318)
[A:thread] Worker pinned host=1 client=51 -> cpu=51 (pid=188321)
[A:thread] Worker pinned host=1 client=52 -> cpu=52 (pid=188322)
[A:thread] Worker pinned host=1 client=54 -> cpu=54 (pid=188324)
[A:thread] Worker pinned host=1 client=53 -> cpu=53 (pid=188323)
[A:thread] Worker pinned host=1 client=55 -> cpu=55 (pid=188325)
[A:thread] Worker pinned host=1 client=56 -> cpu=56 (pid=188326)
[A:thread] Worker pinned host=1 client=58 -> cpu=58 (pid=188328)
[A:thread] Worker pinned host=1 client=57 -> cpu=57 (pid=188327)
[A:thread] Worker pinned host=1 client=59 -> cpu=59 (pid=188329)
[A:thread] Worker pinned host=1 client=60 -> cpu=60 (pid=188330)
[A:thread] Worker pinned host=1 client=61 -> cpu=61 (pid=188331)
[A:thread] Worker pinned host=1 client=0 -> cpu=0 (pid=188248)
[A:thread] Worker pinned host=1 client=63 -> cpu=63 (pid=188333)
[A:thread] Worker pinned host=1 client=62 -> cpu=62 (pid=188332)
[A:thread] WriteReceiver pid=188248 tid=140562144200384 pinned cpu=65 (host_id=1)
[A:thread] ReadReceiver pid=188248 tid=140562135807680 pinned cpu=67 (host_id=1)
[A:thread] InvalReceiver pid=188248 tid=140562127414976 pinned cpu=69 (host_id=1)
[A:thread] WriteSender pid=188248 tid=140561983993536 pinned cpu=64 (host_id=1)
[A:sender] kind=0 policy=P0 K=16 T_us=100 host_id=1
[A:thread] ReadSender pid=188248 tid=140562119022272 pinned cpu=66 (host_id=1)
[A:sender] kind=1 policy=P0 K=16 T_us=100 host_id=1
[A:thread] InvalSender pid=188248 tid=140562110629568 pinned cpu=68 (host_id=1)
[A:sender] kind=2 policy=P0 K=16 T_us=100 host_id=1
[A:tls] worker host=1 client=53 entries=1024 (~1088 KiB)
[A:tls] worker host=1 client=57 entries=1024 (~1088 KiB)
[A:tls] worker host=1 client=51 entries=1024 (~1088 KiB)
[A:tls] worker host=1 client=12 entries=1024 (~1088 KiB)
[A:tls] worker host=1 client=14 entries=1024 (~1088 KiB)
[A:tls] worker host=1 client=4 entries=1024 (~1088 KiB)
[A:tls] worker host=1 client=8 entries=1024 (~1088 KiB)
[A:tls] worker host=1 client=50 entries=1024 (~1088 KiB)
[A:tls] worker host=1 client=40 entries=1024 (~1088 KiB)
[A:tls] worker host=1 client=10 entries=1024 (~1088 KiB)
[A:tls] worker host=1 client=58 entries=1024 (~1088 KiB)
[A:tls] worker host=1 client=47 entries=1024 (~1088 KiB)
[A:tls] worker host=1 client=20 entries=1024 (~1088 KiB)
[A:tls] worker host=1 client=46 entries=1024 (~1088 KiB)
[A:tls] worker host=1 client=42 entries=1024 (~1088 KiB)
[A:tls] worker host=1 client=45 entries=1024 (~1088 KiB)
[A:tls] worker host=1 client=31 entries=1024 (~1088 KiB)
[A:tls] worker host=1 client=37 entries=1024 (~1088 KiB)
[A:tls] worker host=1 client=49 entries=1024 (~1088 KiB)
[A:tls] worker host=1 client=15 entries=1024 (~1088 KiB)
[A:tls] worker host=1 client=56 entries=1024 (~1088 KiB)
[A:tls] worker host=1 client=11 entries=1024 (~1088 KiB)
[A:tls] worker host=1 client=34 entries=1024 (~1088 KiB)
[A:tls] worker host=1 client=7 entries=1024 (~1088 KiB)
[A:tls] worker host=1 client=17 entries=1024 (~1088 KiB)
[A:tls] worker host=1 client=54 entries=1024 (~1088 KiB)
[A:tls] worker host=1 client=35 entries=1024 (~1088 KiB)
[A:tls] worker host=1 client=3 entries=1024 (~1088 KiB)
[A:tls] worker host=1 client=5 entries=1024 (~1088 KiB)
[A:tls] worker host=1 client=39 entries=1024 (~1088 KiB)
[A:tls] worker host=1 client=41 entries=1024 (~1088 KiB)
[A:tls] worker host=1 client=9 entries=1024 (~1088 KiB)
[A:tls] worker host=1 client=55 entries=1024 (~1088 KiB)
[A:tls] worker host=1 client=36 entries=1024 (~1088 KiB)
[A:tls] worker host=1 client=23 entries=1024 (~1088 KiB)
[A:tls] worker host=1 client=52 entries=1024 (~1088 KiB)
[A:tls] worker host=1 client=19 entries=1024 (~1088 KiB)
[A:tls] worker host=1 client=6 entries=1024 (~1088 KiB)
[A:tls] worker host=1 client=26 entries=1024 (~1088 KiB)
[A:tls] worker host=1 client=30 entries=1024 (~1088 KiB)
[A:tls] worker host=1 client=29 entries=1024 (~1088 KiB)
[A:tls] worker host=1 client=24 entries=1024 (~1088 KiB)
[A:tls] worker host=1 client=27 entries=1024 (~1088 KiB)
[A:tls] worker host=1 client=22 entries=1024 (~1088 KiB)
[A:tls] worker host=1 client=13 entries=1024 (~1088 KiB)
[A:tls] worker host=1 client=33 entries=1024 (~1088 KiB)
[A:tls] worker host=1 client=25 entries=1024 (~1088 KiB)
[A:tls] worker host=1 client=38 entries=1024 (~1088 KiB)
[A:tls] worker host=1 client=16 entries=1024 (~1088 KiB)
[A:tls] worker host=1 client=1 entries=1024 (~1088 KiB)
[A:tls] worker host=1 client=18 entries=1024 (~1088 KiB)
[A:tls] worker host=1 client=21 entries=1024 (~1088 KiB)
[A:tls] worker host=1 client=44 entries=1024 (~1088 KiB)
[A:tls] worker host=1 client=2 entries=1024 (~1088 KiB)
[A:tls] worker host=1 client=48 entries=1024 (~1088 KiB)
[A:tls] worker host=1 client=32 entries=1024 (~1088 KiB)
[A:tls] worker host=1 client=43 entries=1024 (~1088 KiB)
[A:tls] worker host=1 client=28 entries=1024 (~1088 KiB)
[A:tls] worker host=1 client=59 entries=1024 (~1088 KiB)
[A:tls] worker host=1 client=61 entries=1024 (~1088 KiB)
[A:tls] worker host=1 client=0 entries=1024 (~1088 KiB)
[A:tls] worker host=1 client=63 entries=1024 (~1088 KiB)
[A:tls] worker host=1 client=60 entries=1024 (~1088 KiB)
[A:tls] worker host=1 client=62 entries=1024 (~1088 KiB)
