[A:thread] Worker pinned host=0 client=1 -> cpu=1 (pid=185242)
[A:thread] Worker pinned host=0 client=2 -> cpu=2 (pid=185243)
[A:thread] Worker pinned host=0 client=3 -> cpu=3 (pid=185244)
[A:thread] Worker pinned host=0 client=4 -> cpu=4 (pid=185245)
[A:thread] Worker pinned host=0 client=5 -> cpu=5 (pid=185246)
[A:thread] Worker pinned host=0 client=6 -> cpu=6 (pid=185247)
[A:thread] Worker pinned host=0 client=7 -> cpu=7 (pid=185248)
[A:thread] Worker pinned host=0 client=8 -> cpu=8 (pid=185249)
[A:thread] Worker pinned host=0 client=9 -> cpu=9 (pid=185250)
[A:thread] Worker pinned host=0 client=10 -> cpu=10 (pid=185251)
[A:thread] Worker pinned host=0 client=11 -> cpu=11 (pid=185252)
[A:thread] Worker pinned host=0 client=12 -> cpu=12 (pid=185253)
[A:thread] Worker pinned host=0 client=13 -> cpu=13 (pid=185254)
[A:thread] Worker pinned host=0 client=14 -> cpu=14 (pid=185255)
[A:thread] Worker pinned host=0 client=15 -> cpu=15 (pid=185256)
[A:thread] Worker pinned host=0 client=16 -> cpu=16 (pid=185257)
[A:thread] Worker pinned host=0 client=17 -> cpu=17 (pid=185258)
[A:thread] Worker pinned host=0 client=18 -> cpu=18 (pid=185259)
[A:thread] Worker pinned host=0 client=19 -> cpu=19 (pid=185260)
[A:thread] Worker pinned host=0 client=20 -> cpu=20 (pid=185261)
[A:thread] Worker pinned host=0 client=21 -> cpu=21 (pid=185262)
[A:thread] Worker pinned host=0 client=22 -> cpu=22 (pid=185263)
[A:thread] Worker pinned host=0 client=23 -> cpu=23 (pid=185264)
[A:thread] Worker pinned host=0 client=24 -> cpu=24 (pid=185265)
[A:thread] Worker pinned host=0 client=25 -> cpu=25 (pid=185266)
[A:thread] Worker pinned host=0 client=26 -> cpu=26 (pid=185267)
[A:thread] Worker pinned host=0 client=27 -> cpu=27 (pid=185268)
[A:thread] Worker pinned host=0 client=28 -> cpu=28 (pid=185269)
[A:thread] Worker pinned host=0 client=29 -> cpu=29 (pid=185270)
[A:thread] Worker pinned host=0 client=30 -> cpu=30 (pid=185271)
[A:thread] Worker pinned host=0 client=31 -> cpu=31 (pid=185272)
[A:thread] Worker pinned host=0 client=32 -> cpu=32 (pid=185273)
[A:thread] Worker pinned host=0 client=33 -> cpu=33 (pid=185274)
[A:thread] Worker pinned host=0 client=34 -> cpu=34 (pid=185275)
[A:thread] Worker pinned host=0 client=35 -> cpu=35 (pid=185276)
[A:thread] Worker pinned host=0 client=36 -> cpu=36 (pid=185277)
[A:thread] Worker pinned host=0 client=37 -> cpu=37 (pid=185278)
[A:thread] Worker pinned host=0 client=38 -> cpu=38 (pid=185279)
[A:thread] Worker pinned host=0 client=39 -> cpu=39 (pid=185280)
[A:thread] Worker pinned host=0 client=40 -> cpu=40 (pid=185281)
[A:thread] Worker pinned host=0 client=41 -> cpu=41 (pid=185282)
[A:thread] Worker pinned host=0 client=42 -> cpu=42 (pid=185283)
[A:thread] Worker pinned host=0 client=43 -> cpu=43 (pid=185284)
[A:thread] Worker pinned host=0 client=44 -> cpu=44 (pid=185285)
[A:thread] Worker pinned host=0 client=45 -> cpu=45 (pid=185286)
[A:thread] Worker pinned host=0 client=46 -> cpu=46 (pid=185287)
[A:thread] Worker pinned host=0 client=47 -> cpu=47 (pid=185288)
[A:thread] Worker pinned host=0 client=48 -> cpu=48 (pid=185289)
[A:thread] Worker pinned host=0 client=49 -> cpu=49 (pid=185290)
[A:thread] Worker pinned host=0 client=50 -> cpu=50 (pid=185291)
[A:thread] Worker pinned host=0 client=51 -> cpu=51 (pid=185292)
[A:thread] Worker pinned host=0 client=52 -> cpu=52 (pid=185293)
[A:thread] Worker pinned host=0 client=53 -> cpu=53 (pid=185294)
[A:thread] Worker pinned host=0 client=54 -> cpu=54 (pid=185295)
[A:thread] Worker pinned host=0 client=55 -> cpu=55 (pid=185296)
[A:thread] Worker pinned host=0 client=56 -> cpu=56 (pid=185297)
[A:thread] Worker pinned host=0 client=57 -> cpu=57 (pid=185298)
[A:thread] Worker pinned host=0 client=58 -> cpu=58 (pid=185299)
[A:thread] Worker pinned host=0 client=59 -> cpu=59 (pid=185300)
[A:thread] Worker pinned host=0 client=60 -> cpu=60 (pid=185301)
[A:thread] Worker pinned host=0 client=61 -> cpu=61 (pid=185302)
[A:thread] Worker pinned host=0 client=62 -> cpu=62 (pid=185303)
[A:thread] Worker pinned host=0 client=0 -> cpu=0 (pid=185219)
[A:thread] Worker pinned host=0 client=63 -> cpu=63 (pid=185304)
[A:thread] WriteReceiver pid=185219 tid=140484824950464 pinned cpu=65 (host_id=0)
[A:thread] WriteSender pid=185219 tid=140484808165056 pinned cpu=64 (host_id=0)
[A:sender] kind=0 policy=P0 K=16 T_us=100 host_id=0
[A:thread] InvalReceiver pid=185219 tid=140484816557760 pinned cpu=69 (host_id=0)
[A:thread] ReadReceiver pid=185219 tid=140484680873664 pinned cpu=67 (host_id=0)
[A:thread] ReadSender pid=185219 tid=140484799772352 pinned cpu=66 (host_id=0)
[A:sender] kind=1 policy=P0 K=16 T_us=100 host_id=0
[A:thread] InvalSender pid=185219 tid=140484791379648 pinned cpu=68 (host_id=0)
[A:sender] kind=2 policy=P0 K=16 T_us=100 host_id=0
[A:tls] worker host=0 client=39 entries=1024 (~1088 KiB)
[A:tls] worker host=0 client=53 entries=1024 (~1088 KiB)
[A:tls] worker host=0 client=44 entries=1024 (~1088 KiB)
[A:tls] worker host=0 client=28 entries=1024 (~1088 KiB)
[A:tls] worker host=0 client=43 entries=1024 (~1088 KiB)
[A:tls] worker host=0 client=52 entries=1024 (~1088 KiB)
[A:tls] worker host=0 client=13 entries=1024 (~1088 KiB)
[A:tls] worker host=0 client=54 entries=1024 (~1088 KiB)
[A:tls] worker host=0 client=24 entries=1024 (~1088 KiB)
[A:tls] worker host=0 client=21 entries=1024 (~1088 KiB)
[A:tls] worker host=0 client=58 entries=1024 (~1088 KiB)
[A:tls] worker host=0 client=56 entries=1024 (~1088 KiB)
[A:tls] worker host=0 client=15 entries=1024 (~1088 KiB)
[A:tls] worker host=0 client=45 entries=1024 (~1088 KiB)
[A:tls] worker host=0 client=50 entries=1024 (~1088 KiB)
[A:tls] worker host=0 client=31 entries=1024 (~1088 KiB)
[A:tls] worker host=0 client=29 entries=1024 (~1088 KiB)
[A:tls] worker host=0 client=46 entries=1024 (~1088 KiB)
[A:tls] worker host=0 client=4 entries=1024 (~1088 KiB)
[A:tls] worker host=0 client=51 entries=1024 (~1088 KiB)
[A:tls] worker host=0 client=37 entries=1024 (~1088 KiB)
[A:tls] worker host=0 client=10 entries=1024 (~1088 KiB)
[A:tls] worker host=0 client=30 entries=1024 (~1088 KiB)
[A:tls] worker host=0 client=32 entries=1024 (~1088 KiB)
[A:tls] worker host=0 client=49 entries=1024 (~1088 KiB)
[A:tls] worker host=0 client=7 entries=1024 (~1088 KiB)
[A:tls] worker host=0 client=2 entries=1024 (~1088 KiB)
[A:tls] worker host=0 client=12 entries=1024 (~1088 KiB)
[A:tls] worker host=0 client=1 entries=1024 (~1088 KiB)
[A:tls] worker host=0 client=20 entries=1024 (~1088 KiB)
[A:tls] worker host=0 client=57 entries=1024 (~1088 KiB)
[A:tls] worker host=0 client=3 entries=1024 (~1088 KiB)
[A:tls] worker host=0 client=34 entries=1024 (~1088 KiB)
[A:tls] worker host=0 client=8 entries=1024 (~1088 KiB)
[A:tls] worker host=0 client=55 entries=1024 (~1088 KiB)
[A:tls] worker host=0 client=35 entries=1024 (~1088 KiB)
[A:tls] worker host=0 client=26 entries=1024 (~1088 KiB)
[A:tls] worker host=0 client=9 entries=1024 (~1088 KiB)
[A:tls] worker host=0 client=22 entries=1024 (~1088 KiB)
[A:tls] worker host=0 client=38 entries=1024 (~1088 KiB)
[A:tls] worker host=0 client=17 entries=1024 (~1088 KiB)
[A:tls] worker host=0 client=23 entries=1024 (~1088 KiB)
[A:tls] worker host=0 client=11 entries=1024 (~1088 KiB)
[A:tls] worker host=0 client=5 entries=1024 (~1088 KiB)
[A:tls] worker host=0 client=19 entries=1024 (~1088 KiB)
[A:tls] worker host=0 client=16 entries=1024 (~1088 KiB)
[A:tls] worker host=0 client=48 entries=1024 (~1088 KiB)
[A:tls] worker host=0 client=33 entries=1024 (~1088 KiB)
[A:tls] worker host=0 client=47 entries=1024 (~1088 KiB)
[A:tls] worker host=0 client=6 entries=1024 (~1088 KiB)
[A:tls] worker host=0 client=36 entries=1024 (~1088 KiB)
[A:tls] worker host=0 client=27 entries=1024 (~1088 KiB)
[A:tls] worker host=0 client=14 entries=1024 (~1088 KiB)
[A:tls] worker host=0 client=25 entries=1024 (~1088 KiB)
[A:tls] worker host=0 client=59 entries=1024 (~1088 KiB)
[A:tls] worker host=0 client=0 entries=1024 (~1088 KiB)
[A:tls] worker host=0 client=42 entries=1024 (~1088 KiB)
[A:tls] worker host=0 client=41 entries=1024 (~1088 KiB)
[A:tls] worker host=0 client=61 entries=1024 (~1088 KiB)
[A:tls] worker host=0 client=60 entries=1024 (~1088 KiB)
[A:tls] worker host=0 client=40 entries=1024 (~1088 KiB)
[A:tls] worker host=0 client=18 entries=1024 (~1088 KiB)
[A:tls] worker host=0 client=62 entries=1024 (~1088 KiB)
[A:tls] worker host=0 client=63 entries=1024 (~1088 KiB)
YCSB opt=A cache=1 num_hosts=2 threads=64 threads_eff=64 rep=4 load_ops=100000 load_thpt=120395 trans_ops=200000 trans_wall_max=0.019190 trans_agg_thpt=10421551 w_avg_ns=17695 w_p50_ns=14773 w_p99_ns=695779 r_avg_ns=6072 r_p50_ns=7666 r_p99_ns=26550 # workloada_optA_t64_cacheon_rep4
