[A:thread] Worker pinned host=0 client=1 -> cpu=1 (pid=185129)
[A:thread] Worker pinned host=0 client=2 -> cpu=2 (pid=185130)
[A:thread] Worker pinned host=0 client=3 -> cpu=3 (pid=185131)
[A:thread] Worker pinned host=0 client=4 -> cpu=4 (pid=185132)
[A:thread] Worker pinned host=0 client=5 -> cpu=5 (pid=185133)
[A:thread] Worker pinned host=0 client=6 -> cpu=6 (pid=185134)
[A:thread] Worker pinned host=0 client=7 -> cpu=7 (pid=185135)
[A:thread] Worker pinned host=0 client=8 -> cpu=8 (pid=185136)
[A:thread] Worker pinned host=0 client=9 -> cpu=9 (pid=185137)
[A:thread] Worker pinned host=0 client=10 -> cpu=10 (pid=185138)
[A:thread] Worker pinned host=0 client=11 -> cpu=11 (pid=185139)
[A:thread] Worker pinned host=0 client=12 -> cpu=12 (pid=185140)
[A:thread] Worker pinned host=0 client=13 -> cpu=13 (pid=185141)
[A:thread] Worker pinned host=0 client=14 -> cpu=14 (pid=185142)
[A:thread] Worker pinned host=0 client=15 -> cpu=15 (pid=185143)
[A:thread] Worker pinned host=0 client=16 -> cpu=16 (pid=185144)
[A:thread] Worker pinned host=0 client=17 -> cpu=17 (pid=185145)
[A:thread] Worker pinned host=0 client=18 -> cpu=18 (pid=185146)
[A:thread] Worker pinned host=0 client=19 -> cpu=19 (pid=185147)
[A:thread] Worker pinned host=0 client=20 -> cpu=20 (pid=185148)
[A:thread] Worker pinned host=0 client=21 -> cpu=21 (pid=185149)
[A:thread] Worker pinned host=0 client=22 -> cpu=22 (pid=185150)
[A:thread] Worker pinned host=0 client=23 -> cpu=23 (pid=185151)
[A:thread] Worker pinned host=0 client=24 -> cpu=24 (pid=185152)
[A:thread] Worker pinned host=0 client=25 -> cpu=25 (pid=185153)
[A:thread] Worker pinned host=0 client=26 -> cpu=26 (pid=185154)
[A:thread] Worker pinned host=0 client=27 -> cpu=27 (pid=185155)
[A:thread] Worker pinned host=0 client=28 -> cpu=28 (pid=185156)
[A:thread] Worker pinned host=0 client=29 -> cpu=29 (pid=185157)
[A:thread] Worker pinned host=0 client=30 -> cpu=30 (pid=185158)
[A:thread] Worker pinned host=0 client=31 -> cpu=31 (pid=185159)
[A:thread] Worker pinned host=0 client=32 -> cpu=32 (pid=185160)
[A:thread] Worker pinned host=0 client=33 -> cpu=33 (pid=185161)
[A:thread] Worker pinned host=0 client=34 -> cpu=34 (pid=185162)
[A:thread] Worker pinned host=0 client=35 -> cpu=35 (pid=185163)
[A:thread] Worker pinned host=0 client=36 -> cpu=36 (pid=185164)
[A:thread] Worker pinned host=0 client=37 -> cpu=37 (pid=185165)
[A:thread] Worker pinned host=0 client=38 -> cpu=38 (pid=185166)
[A:thread] Worker pinned host=0 client=39 -> cpu=39 (pid=185167)
[A:thread] Worker pinned host=0 client=40 -> cpu=40 (pid=185168)
[A:thread] Worker pinned host=0 client=41 -> cpu=41 (pid=185169)
[A:thread] Worker pinned host=0 client=42 -> cpu=42 (pid=185170)
[A:thread] Worker pinned host=0 client=43 -> cpu=43 (pid=185171)
[A:thread] Worker pinned host=0 client=44 -> cpu=44 (pid=185172)
[A:thread] Worker pinned host=0 client=45 -> cpu=45 (pid=185173)
[A:thread] Worker pinned host=0 client=46 -> cpu=46 (pid=185174)
[A:thread] Worker pinned host=0 client=47 -> cpu=47 (pid=185175)
[A:thread] Worker pinned host=0 client=48 -> cpu=48 (pid=185176)
[A:thread] Worker pinned host=0 client=49 -> cpu=49 (pid=185177)
[A:thread] Worker pinned host=0 client=50 -> cpu=50 (pid=185178)
[A:thread] Worker pinned host=0 client=51 -> cpu=51 (pid=185179)
[A:thread] Worker pinned host=0 client=52 -> cpu=52 (pid=185180)
[A:thread] Worker pinned host=0 client=53 -> cpu=53 (pid=185181)
[A:thread] Worker pinned host=0 client=54 -> cpu=54 (pid=185182)
[A:thread] Worker pinned host=0 client=55 -> cpu=55 (pid=185183)
[A:thread] Worker pinned host=0 client=56 -> cpu=56 (pid=185184)
[A:thread] Worker pinned host=0 client=57 -> cpu=57 (pid=185185)
[A:thread] Worker pinned host=0 client=58 -> cpu=58 (pid=185186)
[A:thread] Worker pinned host=0 client=59 -> cpu=59 (pid=185187)
[A:thread] Worker pinned host=0 client=60 -> cpu=60 (pid=185188)
[A:thread] Worker pinned host=0 client=61 -> cpu=61 (pid=185189)
[A:thread] Worker pinned host=0 client=0 -> cpu=0 (pid=185128)
[A:thread] Worker pinned host=0 client=62 -> cpu=62 (pid=185190)
[A:thread] Worker pinned host=0 client=63 -> cpu=63 (pid=185191)
[A:thread] WriteReceiver pid=185128 tid=139804239009472 pinned cpu=65 (host_id=0)
[A:thread] ReadReceiver pid=185128 tid=139804230616768 pinned cpu=67 (host_id=0)
[A:tls] worker host=0 client=54 entries=1024 (~1088 KiB)
[A:tls] worker host=0 client=41 entries=1024 (~1088 KiB)
[A:tls] worker host=0 client=29 entries=1024 (~1088 KiB)
[A:tls] worker host=0 client=53 entries=1024 (~1088 KiB)
[A:tls] worker host=0 client=33 entries=1024 (~1088 KiB)
[A:tls] worker host=0 client=42 entries=1024 (~1088 KiB)
[A:tls] worker host=0 client=3 entries=1024 (~1088 KiB)
[A:tls] worker host=0 client=24 entries=1024 (~1088 KiB)
[A:tls] worker host=0 client=14 entries=1024 (~1088 KiB)
[A:tls] worker host=0 client=0 entries=1024 (~1088 KiB)
[A:tls] worker host=0 client=21 entries=1024 (~1088 KiB)
[A:tls] worker host=0 client=1 entries=1024 (~1088 KiB)
[A:tls] worker host=0 client=28 entries=1024 (~1088 KiB)
[A:tls] worker host=0 client=36 entries=1024 (~1088 KiB)
[A:tls] worker host=0 client=26 entries=1024 (~1088 KiB)
[A:tls] worker host=0 client=15 entries=1024 (~1088 KiB)
[A:tls] worker host=0 client=43 entries=1024 (~1088 KiB)
[A:tls] worker host=0 client=39 entries=1024 (~1088 KiB)
[A:tls] worker host=0 client=27 entries=1024 (~1088 KiB)
[A:tls] worker host=0 client=31 entries=1024 (~1088 KiB)
[A:tls] worker host=0 client=11 entries=1024 (~1088 KiB)
[A:tls] worker host=0 client=32 entries=1024 (~1088 KiB)
[A:tls] worker host=0 client=13 entries=1024 (~1088 KiB)
[A:tls] worker host=0 client=4 entries=1024 (~1088 KiB)
[A:tls] worker host=0 client=18 entries=1024 (~1088 KiB)
[A:tls] worker host=0 client=22 entries=1024 (~1088 KiB)
[A:tls] worker host=0 client=34 entries=1024 (~1088 KiB)
[A:tls] worker host=0 client=10 entries=1024 (~1088 KiB)
[A:thread] InvalReceiver pid=185128 tid=139804222224064 pinned cpu=69 (host_id=0)
[A:tls] worker host=0 client=2 entries=1024 (~1088 KiB)
[A:tls] worker host=0 client=40 entries=1024 (~1088 KiB)
[A:tls] worker host=0 client=23 entries=1024 (~1088 KiB)
[A:tls] worker host=0 client=20 entries=1024 (~1088 KiB)
[A:tls] worker host=0 client=47 entries=1024 (~1088 KiB)
[A:tls] worker host=0 client=16 entries=1024 (~1088 KiB)
[A:tls] worker host=0 client=46 entries=1024 (~1088 KiB)
[A:tls] worker host=0 client=12 entries=1024 (~1088 KiB)
[A:tls] worker host=0 client=45 entries=1024 (~1088 KiB)
[A:tls] worker host=0 client=5 entries=1024 (~1088 KiB)
[A:tls] worker host=0 client=51 entries=1024 (~1088 KiB)
[A:tls] worker host=0 client=25 entries=1024 (~1088 KiB)
[A:tls] worker host=0 client=19 entries=1024 (~1088 KiB)
[A:tls] worker host=0 client=52 entries=1024 (~1088 KiB)
[A:tls] worker host=0 client=6 entries=1024 (~1088 KiB)
[A:tls] worker host=0 client=44 entries=1024 (~1088 KiB)
[A:tls] worker host=0 client=56 entries=1024 (~1088 KiB)
[A:tls] worker host=0 client=17 entries=1024 (~1088 KiB)
[A:tls] worker host=0 client=55 entries=1024 (~1088 KiB)
[A:tls] worker host=0 client=37 entries=1024 (~1088 KiB)
[A:tls] worker host=0 client=7 entries=1024 (~1088 KiB)
[A:tls] worker host=0 client=8 entries=1024 (~1088 KiB)
[A:tls] worker host=0 client=30 entries=1024 (~1088 KiB)
[A:tls] worker host=0 client=38 entries=1024 (~1088 KiB)
[A:tls] worker host=0 client=49 entries=1024 (~1088 KiB)
[A:tls] worker host=0 client=9 entries=1024 (~1088 KiB)
[A:tls] worker host=0 client=50 entries=1024 (~1088 KiB)
[A:tls] worker host=0 client=57 entries=1024 (~1088 KiB)
[A:tls] worker host=0 client=35 entries=1024 (~1088 KiB)
[A:tls] worker host=0 client=48 entries=1024 (~1088 KiB)
[A:thread] WriteSender pid=185128 tid=139804213831360 pinned cpu=64 (host_id=0)
[A:tls] worker host=0 client=58 entries=1024 (~1088 KiB)
[A:sender] kind=0 policy=P0 K=16 T_us=100 host_id=0
[A:tls] worker host=0 client=59 entries=1024 (~1088 KiB)
[A:tls] worker host=0 client=61 entries=1024 (~1088 KiB)
[A:tls] worker host=0 client=60 entries=1024 (~1088 KiB)
[A:tls] worker host=0 client=63 entries=1024 (~1088 KiB)
[A:tls] worker host=0 client=62 entries=1024 (~1088 KiB)
[A:thread] ReadSender pid=185128 tid=139804138272448 pinned cpu=66 (host_id=0)
[A:sender] kind=1 policy=P0 K=16 T_us=100 host_id=0
[A:thread] InvalSender pid=185128 tid=139804129879744 pinned cpu=68 (host_id=0)
[A:sender] kind=2 policy=P0 K=16 T_us=100 host_id=0
YCSB opt=A cache=1 num_hosts=2 threads=64 threads_eff=64 rep=3 load_ops=100000 load_thpt=103147 trans_ops=200000 trans_wall_max=0.018640 trans_agg_thpt=10729038 w_avg_ns=16435 w_p50_ns=14387 w_p99_ns=629061 r_avg_ns=5609 r_p50_ns=7481 r_p99_ns=23095 # workloada_optA_t64_cacheon_rep3
