[A:thread] Worker pinned host=0 client=1 -> cpu=1 (pid=186653)
[A:thread] Worker pinned host=0 client=2 -> cpu=2 (pid=186654)
[A:thread] Worker pinned host=0 client=3 -> cpu=3 (pid=186655)
[A:thread] Worker pinned host=0 client=5 -> cpu=5 (pid=186657)
[A:thread] Worker pinned host=0 client=4 -> cpu=4 (pid=186656)
[A:thread] Worker pinned host=0 client=6 -> cpu=6 (pid=186658)
[A:thread] Worker pinned host=0 client=7 -> cpu=7 (pid=186659)
[A:thread] Worker pinned host=0 client=8 -> cpu=8 (pid=186660)
[A:thread] Worker pinned host=0 client=9 -> cpu=9 (pid=186661)
[A:thread] Worker pinned host=0 client=10 -> cpu=10 (pid=186662)
[A:thread] Worker pinned host=0 client=11 -> cpu=11 (pid=186663)
[A:thread] Worker pinned host=0 client=13 -> cpu=13 (pid=186665)
[A:thread] Worker pinned host=0 client=12 -> cpu=12 (pid=186664)
[A:thread] Worker pinned host=0 client=14 -> cpu=14 (pid=186666)
[A:thread] Worker pinned host=0 client=15 -> cpu=15 (pid=186667)
[A:thread] Worker pinned host=0 client=16 -> cpu=16 (pid=186668)
[A:thread] Worker pinned host=0 client=17 -> cpu=17 (pid=186669)
[A:thread] Worker pinned host=0 client=18 -> cpu=18 (pid=186670)
[A:thread] Worker pinned host=0 client=19 -> cpu=19 (pid=186671)
[A:thread] Worker pinned host=0 client=20 -> cpu=20 (pid=186672)
[A:thread] Worker pinned host=0 client=21 -> cpu=21 (pid=186673)
[A:thread] Worker pinned host=0 client=22 -> cpu=22 (pid=186674)
[A:thread] Worker pinned host=0 client=23 -> cpu=23 (pid=186675)
[A:thread] Worker pinned host=0 client=24 -> cpu=24 (pid=186676)
[A:thread] Worker pinned host=0 client=25 -> cpu=25 (pid=186677)
[A:thread] Worker pinned host=0 client=26 -> cpu=26 (pid=186678)
[A:thread] Worker pinned host=0 client=27 -> cpu=27 (pid=186679)
[A:thread] Worker pinned host=0 client=28 -> cpu=28 (pid=186680)
[A:thread] Worker pinned host=0 client=29 -> cpu=29 (pid=186681)
[A:thread] Worker pinned host=0 client=30 -> cpu=30 (pid=186682)
[A:thread] Worker pinned host=0 client=31 -> cpu=31 (pid=186683)
[A:thread] Worker pinned host=0 client=32 -> cpu=32 (pid=186684)
[A:thread] Worker pinned host=0 client=33 -> cpu=33 (pid=186685)
[A:thread] Worker pinned host=0 client=34 -> cpu=34 (pid=186686)
[A:thread] Worker pinned host=0 client=35 -> cpu=35 (pid=186687)
[A:thread] Worker pinned host=0 client=36 -> cpu=36 (pid=186688)
[A:thread] Worker pinned host=0 client=37 -> cpu=37 (pid=186689)
[A:thread] Worker pinned host=0 client=38 -> cpu=38 (pid=186690)
[A:thread] Worker pinned host=0 client=39 -> cpu=39 (pid=186691)
[A:thread] Worker pinned host=0 client=40 -> cpu=40 (pid=186692)
[A:thread] Worker pinned host=0 client=41 -> cpu=41 (pid=186693)
[A:thread] Worker pinned host=0 client=42 -> cpu=42 (pid=186694)
[A:thread] Worker pinned host=0 client=43 -> cpu=43 (pid=186695)
[A:thread] Worker pinned host=0 client=44 -> cpu=44 (pid=186696)
[A:thread] Worker pinned host=0 client=45 -> cpu=45 (pid=186697)
[A:thread] Worker pinned host=0 client=46 -> cpu=46 (pid=186698)
[A:thread] Worker pinned host=0 client=47 -> cpu=47 (pid=186699)
[A:thread] Worker pinned host=0 client=48 -> cpu=48 (pid=186700)
[A:thread] Worker pinned host=0 client=49 -> cpu=49 (pid=186701)
[A:thread] Worker pinned host=0 client=50 -> cpu=50 (pid=186702)
[A:thread] Worker pinned host=0 client=51 -> cpu=51 (pid=186703)
[A:thread] Worker pinned host=0 client=52 -> cpu=52 (pid=186704)
[A:thread] Worker pinned host=0 client=53 -> cpu=53 (pid=186705)
[A:thread] Worker pinned host=0 client=54 -> cpu=54 (pid=186706)
[A:thread] Worker pinned host=0 client=55 -> cpu=55 (pid=186707)
[A:thread] Worker pinned host=0 client=56 -> cpu=56 (pid=186708)
[A:thread] Worker pinned host=0 client=57 -> cpu=57 (pid=186709)
[A:thread] Worker pinned host=0 client=58 -> cpu=58 (pid=186710)
[A:thread] Worker pinned host=0 client=59 -> cpu=59 (pid=186711)
[A:thread] Worker pinned host=0 client=60 -> cpu=60 (pid=186712)
[A:thread] Worker pinned host=0 client=61 -> cpu=61 (pid=186713)
[A:thread] Worker pinned host=0 client=0 -> cpu=0 (pid=186652)
[A:thread] Worker pinned host=0 client=62 -> cpu=62 (pid=186714)
[A:thread] Worker pinned host=0 client=63 -> cpu=63 (pid=186715)
[A:thread] WriteReceiver pid=186652 tid=140351351531200 pinned cpu=65 (host_id=0)
[A:thread] ReadReceiver pid=186652 tid=140351343138496 pinned cpu=67 (host_id=0)
[A:thread] InvalReceiver pid=186652 tid=140351199246016 pinned cpu=69 (host_id=0)
[A:thread] WriteSender pid=186652 tid=140351334745792 pinned cpu=64 (host_id=0)
[A:sender] kind=0 policy=P2 K=16 T_us=100 host_id=0
[A:thread] ReadSender pid=186652 tid=140351326353088 pinned cpu=66 (host_id=0)
[A:sender] kind=1 policy=P2 K=16 T_us=100 host_id=0
[A:thread] InvalSender pid=186652 tid=140351317960384 pinned cpu=68 (host_id=0)
[A:sender] kind=2 policy=P2 K=16 T_us=100 host_id=0
[A:tls] worker host=0 client=33 entries=1024 (~1088 KiB)
[A:tls] worker host=0 client=32 entries=1024 (~1088 KiB)
[A:tls] worker host=0 client=13 entries=1024 (~1088 KiB)
[A:tls] worker host=0 client=23 entries=1024 (~1088 KiB)
[A:tls] worker host=0 client=28 entries=1024 (~1088 KiB)
[A:tls] worker host=0 client=36 entries=1024 (~1088 KiB)
[A:tls] worker host=0 client=18 entries=1024 (~1088 KiB)
[A:tls] worker host=0 client=41 entries=1024 (~1088 KiB)
[A:tls] worker host=0 client=2 entries=1024 (~1088 KiB)
[A:tls] worker host=0 client=19 entries=1024 (~1088 KiB)
[A:tls] worker host=0 client=24 entries=1024 (~1088 KiB)
[A:tls] worker host=0 client=4 entries=1024 (~1088 KiB)
[A:tls] worker host=0 client=11 entries=1024 (~1088 KiB)
[A:tls] worker host=0 client=29 entries=1024 (~1088 KiB)
[A:tls] worker host=0 client=40 entries=1024 (~1088 KiB)
[A:tls] worker host=0 client=27 entries=1024 (~1088 KiB)
[A:tls] worker host=0 client=39 entries=1024 (~1088 KiB)
[A:tls] worker host=0 client=14 entries=1024 (~1088 KiB)
[A:tls] worker host=0 client=38 entries=1024 (~1088 KiB)
[A:tls] worker host=0 client=17 entries=1024 (~1088 KiB)
[A:tls] worker host=0 client=34 entries=1024 (~1088 KiB)
[A:tls] worker host=0 client=21 entries=1024 (~1088 KiB)
[A:tls] worker host=0 client=22 entries=1024 (~1088 KiB)
[A:tls] worker host=0 client=56 entries=1024 (~1088 KiB)
[A:tls] worker host=0 client=20 entries=1024 (~1088 KiB)
[A:tls] worker host=0 client=6 entries=1024 (~1088 KiB)
[A:tls] worker host=0 client=25 entries=1024 (~1088 KiB)
[A:tls] worker host=0 client=49 entries=1024 (~1088 KiB)
[A:tls] worker host=0 client=10 entries=1024 (~1088 KiB)
[A:tls] worker host=0 client=7 entries=1024 (~1088 KiB)
[A:tls] worker host=0 client=43 entries=1024 (~1088 KiB)
[A:tls] worker host=0 client=45 entries=1024 (~1088 KiB)
[A:tls] worker host=0 client=37 entries=1024 (~1088 KiB)
[A:tls] worker host=0 client=54 entries=1024 (~1088 KiB)
[A:tls] worker host=0 client=48 entries=1024 (~1088 KiB)
[A:tls] worker host=0 client=53 entries=1024 (~1088 KiB)
[A:tls] worker host=0 client=46 entries=1024 (~1088 KiB)
[A:tls] worker host=0 client=42 entries=1024 (~1088 KiB)
[A:tls] worker host=0 client=8 entries=1024 (~1088 KiB)
[A:tls] worker host=0 client=9 entries=1024 (~1088 KiB)
[A:tls] worker host=0 client=51 entries=1024 (~1088 KiB)
[A:tls] worker host=0 client=31 entries=1024 (~1088 KiB)
[A:tls] worker host=0 client=55 entries=1024 (~1088 KiB)
[A:tls] worker host=0 client=1 entries=1024 (~1088 KiB)
[A:tls] worker host=0 client=47 entries=1024 (~1088 KiB)
[A:tls] worker host=0 client=5 entries=1024 (~1088 KiB)
[A:tls] worker host=0 client=52 entries=1024 (~1088 KiB)
[A:tls] worker host=0 client=35 entries=1024 (~1088 KiB)
[A:tls] worker host=0 client=3 entries=1024 (~1088 KiB)
[A:tls] worker host=0 client=44 entries=1024 (~1088 KiB)
[A:tls] worker host=0 client=12 entries=1024 (~1088 KiB)
[A:tls] worker host=0 client=30 entries=1024 (~1088 KiB)
[A:tls] worker host=0 client=50 entries=1024 (~1088 KiB)
[A:tls] worker host=0 client=16 entries=1024 (~1088 KiB)
[A:tls] worker host=0 client=15 entries=1024 (~1088 KiB)
[A:tls] worker host=0 client=26 entries=1024 (~1088 KiB)
[A:tls] worker host=0 client=57 entries=1024 (~1088 KiB)
[A:tls] worker host=0 client=58 entries=1024 (~1088 KiB)
[A:tls] worker host=0 client=0 entries=1024 (~1088 KiB)
[A:tls] worker host=0 client=59 entries=1024 (~1088 KiB)
[A:tls] worker host=0 client=60 entries=1024 (~1088 KiB)
[A:tls] worker host=0 client=61 entries=1024 (~1088 KiB)
[A:tls] worker host=0 client=62 entries=1024 (~1088 KiB)
[A:tls] worker host=0 client=63 entries=1024 (~1088 KiB)
YCSB opt=A cache=1 num_hosts=2 threads=64 threads_eff=64 rep=3 load_ops=100000 load_thpt=91448 trans_ops=200000 trans_wall_max=0.377374 trans_agg_thpt=529978 w_avg_ns=433296 w_p50_ns=27397 w_p99_ns=2802636 r_avg_ns=6758 r_p50_ns=8719 r_p99_ns=24109 # workloada_optA_t64_cacheon_rep3
