[A:thread] Worker pinned host=0 client=1 -> cpu=1 (pid=187525)
[A:thread] Worker pinned host=0 client=2 -> cpu=2 (pid=187526)
[A:thread] Worker pinned host=0 client=3 -> cpu=3 (pid=187527)
[A:thread] Worker pinned host=0 client=4 -> cpu=4 (pid=187528)
[A:thread] Worker pinned host=0 client=5 -> cpu=5 (pid=187529)
[A:thread] Worker pinned host=0 client=6 -> cpu=6 (pid=187530)
[A:thread] Worker pinned host=0 client=7 -> cpu=7 (pid=187531)
[A:thread] Worker pinned host=0 client=8 -> cpu=8 (pid=187532)
[A:thread] Worker pinned host=0 client=9 -> cpu=9 (pid=187533)
[A:thread] Worker pinned host=0 client=10 -> cpu=10 (pid=187534)
[A:thread] Worker pinned host=0 client=11 -> cpu=11 (pid=187535)
[A:thread] Worker pinned host=0 client=12 -> cpu=12 (pid=187536)
[A:thread] Worker pinned host=0 client=13 -> cpu=13 (pid=187537)
[A:thread] Worker pinned host=0 client=14 -> cpu=14 (pid=187538)
[A:thread] Worker pinned host=0 client=15 -> cpu=15 (pid=187539)
[A:thread] Worker pinned host=0 client=16 -> cpu=16 (pid=187540)
[A:thread] Worker pinned host=0 client=17 -> cpu=17 (pid=187541)
[A:thread] Worker pinned host=0 client=18 -> cpu=18 (pid=187542)
[A:thread] Worker pinned host=0 client=19 -> cpu=19 (pid=187543)
[A:thread] Worker pinned host=0 client=20 -> cpu=20 (pid=187544)
[A:thread] Worker pinned host=0 client=21 -> cpu=21 (pid=187545)
[A:thread] Worker pinned host=0 client=22 -> cpu=22 (pid=187546)
[A:thread] Worker pinned host=0 client=23 -> cpu=23 (pid=187547)
[A:thread] Worker pinned host=0 client=24 -> cpu=24 (pid=187548)
[A:thread] Worker pinned host=0 client=25 -> cpu=25 (pid=187549)
[A:thread] Worker pinned host=0 client=26 -> cpu=26 (pid=187550)
[A:thread] Worker pinned host=0 client=27 -> cpu=27 (pid=187551)
[A:thread] Worker pinned host=0 client=28 -> cpu=28 (pid=187552)
[A:thread] Worker pinned host=0 client=29 -> cpu=29 (pid=187553)
[A:thread] Worker pinned host=0 client=30 -> cpu=30 (pid=187554)
[A:thread] Worker pinned host=0 client=31 -> cpu=31 (pid=187555)
[A:thread] Worker pinned host=0 client=32 -> cpu=32 (pid=187556)
[A:thread] Worker pinned host=0 client=33 -> cpu=33 (pid=187557)
[A:thread] Worker pinned host=0 client=34 -> cpu=34 (pid=187558)
[A:thread] Worker pinned host=0 client=35 -> cpu=35 (pid=187559)
[A:thread] Worker pinned host=0 client=37 -> cpu=37 (pid=187561)
[A:thread] Worker pinned host=0 client=36 -> cpu=36 (pid=187560)
[A:thread] Worker pinned host=0 client=38 -> cpu=38 (pid=187562)
[A:thread] Worker pinned host=0 client=39 -> cpu=39 (pid=187563)
[A:thread] Worker pinned host=0 client=40 -> cpu=40 (pid=187564)
[A:thread] Worker pinned host=0 client=41 -> cpu=41 (pid=187565)
[A:thread] Worker pinned host=0 client=42 -> cpu=42 (pid=187566)
[A:thread] Worker pinned host=0 client=43 -> cpu=43 (pid=187567)
[A:thread] Worker pinned host=0 client=44 -> cpu=44 (pid=187568)
[A:thread] Worker pinned host=0 client=45 -> cpu=45 (pid=187569)
[A:thread] Worker pinned host=0 client=46 -> cpu=46 (pid=187570)
[A:thread] Worker pinned host=0 client=47 -> cpu=47 (pid=187571)
[A:thread] Worker pinned host=0 client=48 -> cpu=48 (pid=187572)
[A:thread] Worker pinned host=0 client=49 -> cpu=49 (pid=187573)
[A:thread] Worker pinned host=0 client=50 -> cpu=50 (pid=187574)
[A:thread] Worker pinned host=0 client=51 -> cpu=51 (pid=187575)
[A:thread] Worker pinned host=0 client=52 -> cpu=52 (pid=187576)
[A:thread] Worker pinned host=0 client=53 -> cpu=53 (pid=187577)
[A:thread] Worker pinned host=0 client=54 -> cpu=54 (pid=187578)
[A:thread] Worker pinned host=0 client=55 -> cpu=55 (pid=187579)
[A:thread] Worker pinned host=0 client=56 -> cpu=56 (pid=187580)
[A:thread] Worker pinned host=0 client=57 -> cpu=57 (pid=187581)
[A:thread] Worker pinned host=0 client=58 -> cpu=58 (pid=187582)
[A:thread] Worker pinned host=0 client=59 -> cpu=59 (pid=187583)
[A:thread] Worker pinned host=0 client=60 -> cpu=60 (pid=187584)
[A:thread] Worker pinned host=0 client=61 -> cpu=61 (pid=187585)
[A:thread] Worker pinned host=0 client=62 -> cpu=62 (pid=187586)
[A:thread] Worker pinned host=0 client=0 -> cpu=0 (pid=187524)
[A:thread] Worker pinned host=0 client=63 -> cpu=63 (pid=187587)
[A:thread] WriteReceiver pid=187524 tid=140210748171968 pinned cpu=65 (host_id=0)
[A:thread] ReadReceiver pid=187524 tid=140210739779264 pinned cpu=67 (host_id=0)
[A:thread] WriteSender pid=187524 tid=140210722993856 pinned cpu=64 (host_id=0)
[A:sender] kind=0 policy=P3 K=16 T_us=100 host_id=0
[A:thread] InvalReceiver pid=187524 tid=140210731386560 pinned cpu=69 (host_id=0)
[A:thread] InvalSender pid=187524 tid=140210706208448 pinned cpu=68 (host_id=0)
[A:thread] ReadSender pid=187524 tid=140210714601152 pinned cpu=66 (host_id=0)
[A:sender] kind=1 policy=P3 K=16 T_us=100 host_id=0
[A:sender] kind=2 policy=P3 K=16 T_us=100 host_id=0
[A:tls] worker host=0 client=61 entries=1024 (~1088 KiB)
[A:tls] worker host=0 client=50 entries=1024 (~1088 KiB)
[A:tls] worker host=0 client=19 entries=1024 (~1088 KiB)
[A:tls] worker host=0 client=14 entries=1024 (~1088 KiB)
[A:tls] worker host=0 client=47 entries=1024 (~1088 KiB)
[A:tls] worker host=0 client=0 entries=1024 (~1088 KiB)
[A:tls] worker host=0 client=40 entries=1024 (~1088 KiB)
[A:tls] worker host=0 client=28 entries=1024 (~1088 KiB)
[A:tls] worker host=0 client=17 entries=1024 (~1088 KiB)
[A:tls] worker host=0 client=5 entries=1024 (~1088 KiB)
[A:tls] worker host=0 client=9 entries=1024 (~1088 KiB)
[A:tls] worker host=0 client=49 entries=1024 (~1088 KiB)
[A:tls] worker host=0 client=44 entries=1024 (~1088 KiB)
[A:tls] worker host=0 client=43 entries=1024 (~1088 KiB)
[A:tls] worker host=0 client=1 entries=1024 (~1088 KiB)
[A:tls] worker host=0 client=56 entries=1024 (~1088 KiB)
[A:tls] worker host=0 client=41 entries=1024 (~1088 KiB)
[A:tls] worker host=0 client=25 entries=1024 (~1088 KiB)
[A:tls] worker host=0 client=11 entries=1024 (~1088 KiB)
[A:tls] worker host=0 client=26 entries=1024 (~1088 KiB)
[A:tls] worker host=0 client=52 entries=1024 (~1088 KiB)
[A:tls] worker host=0 client=53 entries=1024 (~1088 KiB)
[A:tls] worker host=0 client=6 entries=1024 (~1088 KiB)
[A:tls] worker host=0 client=57 entries=1024 (~1088 KiB)
[A:tls] worker host=0 client=8 entries=1024 (~1088 KiB)
[A:tls] worker host=0 client=48 entries=1024 (~1088 KiB)
[A:tls] worker host=0 client=59 entries=1024 (~1088 KiB)
[A:tls] worker host=0 client=55 entries=1024 (~1088 KiB)
[A:tls] worker host=0 client=34 entries=1024 (~1088 KiB)
[A:tls] worker host=0 client=7 entries=1024 (~1088 KiB)
[A:tls] worker host=0 client=39 entries=1024 (~1088 KiB)
[A:tls] worker host=0 client=2 entries=1024 (~1088 KiB)
[A:tls] worker host=0 client=3 entries=1024 (~1088 KiB)
[A:tls] worker host=0 client=21 entries=1024 (~1088 KiB)
[A:tls] worker host=0 client=12 entries=1024 (~1088 KiB)
[A:tls] worker host=0 client=45 entries=1024 (~1088 KiB)
[A:tls] worker host=0 client=37 entries=1024 (~1088 KiB)
[A:tls] worker host=0 client=30 entries=1024 (~1088 KiB)
[A:tls] worker host=0 client=16 entries=1024 (~1088 KiB)
[A:tls] worker host=0 client=24 entries=1024 (~1088 KiB)
[A:tls] worker host=0 client=51 entries=1024 (~1088 KiB)
[A:tls] worker host=0 client=20 entries=1024 (~1088 KiB)
[A:tls] worker host=0 client=29 entries=1024 (~1088 KiB)
[A:tls] worker host=0 client=27 entries=1024 (~1088 KiB)
[A:tls] worker host=0 client=33 entries=1024 (~1088 KiB)
[A:tls] worker host=0 client=22 entries=1024 (~1088 KiB)
[A:tls] worker host=0 client=63 entries=1024 (~1088 KiB)
[A:tls] worker host=0 client=58 entries=1024 (~1088 KiB)
[A:tls] worker host=0 client=18 entries=1024 (~1088 KiB)
[A:tls] worker host=0 client=46 entries=1024 (~1088 KiB)
[A:tls] worker host=0 client=38 entries=1024 (~1088 KiB)
[A:tls] worker host=0 client=60 entries=1024 (~1088 KiB)
[A:tls] worker host=0 client=42 entries=1024 (~1088 KiB)
[A:tls] worker host=0 client=10 entries=1024 (~1088 KiB)
[A:tls] worker host=0 client=23 entries=1024 (~1088 KiB)
[A:tls] worker host=0 client=13 entries=1024 (~1088 KiB)
[A:tls] worker host=0 client=62 entries=1024 (~1088 KiB)
[A:tls] worker host=0 client=32 entries=1024 (~1088 KiB)
[A:tls] worker host=0 client=4 entries=1024 (~1088 KiB)
[A:tls] worker host=0 client=31 entries=1024 (~1088 KiB)
[A:tls] worker host=0 client=54 entries=1024 (~1088 KiB)
[A:tls] worker host=0 client=35 entries=1024 (~1088 KiB)
[A:tls] worker host=0 client=36 entries=1024 (~1088 KiB)
[A:tls] worker host=0 client=15 entries=1024 (~1088 KiB)
YCSB opt=A cache=1 num_hosts=2 threads=64 threads_eff=64 rep=4 load_ops=100000 load_thpt=95514 trans_ops=200000 trans_wall_max=0.382642 trans_agg_thpt=522681 w_avg_ns=437741 w_p50_ns=28656 w_p99_ns=2623901 r_avg_ns=6766 r_p50_ns=8677 r_p99_ns=24411 # workloada_optA_t64_cacheon_rep4
