[A:thread] Worker pinned host=0 client=1 -> cpu=1 (pid=42356)
[A:thread] Worker pinned host=0 client=2 -> cpu=2 (pid=42357)
[A:thread] Worker pinned host=0 client=3 -> cpu=3 (pid=42358)
[A:thread] Worker pinned host=0 client=4 -> cpu=4 (pid=42359)
[A:thread] Worker pinned host=0 client=5 -> cpu=5 (pid=42360)
[A:thread] Worker pinned host=0 client=6 -> cpu=6 (pid=42361)
[A:thread] Worker pinned host=0 client=8 -> cpu=8 (pid=42363)
[A:thread] Worker pinned host=0 client=7 -> cpu=7 (pid=42362)
[A:thread] Worker pinned host=0 client=9 -> cpu=9 (pid=42364)
[A:thread] Worker pinned host=0 client=11 -> cpu=11 (pid=42366)
[A:thread] Worker pinned host=0 client=10 -> cpu=10 (pid=42365)
[A:thread] Worker pinned host=0 client=12 -> cpu=12 (pid=42367)
[A:thread] Worker pinned host=0 client=13 -> cpu=13 (pid=42368)
[A:thread] Worker pinned host=0 client=14 -> cpu=14 (pid=42369)
[A:thread] Worker pinned host=0 client=0 -> cpu=0 (pid=42355)
[A:thread] Worker pinned host=0 client=15 -> cpu=15 (pid=42370)
[A:thread] WriteReceiver pid=42355 tid=140053060777664 pinned cpu=65 (host_id=0)
[A:tls] worker host=0 client=8 entries=1024 (~1088 KiB)
[A:tls] worker host=0 client=10 entries=1024 (~1088 KiB)
[A:tls] worker host=0 client=9 entries=1024 (~1088 KiB)
[A:tls] worker host=0 client=6 entries=1024 (~1088 KiB)
[A:tls] worker host=0 client=1 entries=1024 (~1088 KiB)
[A:tls] worker host=0 client=2 entries=1024 (~1088 KiB)
[A:tls] worker host=0 client=3 entries=1024 (~1088 KiB)
[A:tls] worker host=0 client=5 entries=1024 (~1088 KiB)
[A:tls] worker host=0 client=7 entries=1024 (~1088 KiB)
[A:tls] worker host=0 client=4 entries=1024 (~1088 KiB)
[A:tls] worker host=0 client=11 entries=1024 (~1088 KiB)
[A:tls] worker host=0 client=12 entries=1024 (~1088 KiB)
[A:tls] worker host=0 client=13 entries=1024 (~1088 KiB)
[A:tls] worker host=0 client=14 entries=1024 (~1088 KiB)
[A:tls] worker host=0 client=0 entries=1024 (~1088 KiB)
[A:thread] ReadReceiver pid=42355 tid=140052977940160 pinned cpu=67 (host_id=0)
[A:thread] InvalReceiver pid=42355 tid=140052969547456 pinned cpu=69 (host_id=0)
[A:thread] WriteSender pid=42355 tid=140052961154752 pinned cpu=64 (host_id=0)
[A:tls] worker host=0 client=15 entries=1024 (~1088 KiB)
[A:sender] kind=0 policy=P0 K=16 T_us=100 host_id=0
[A:thread] ReadSender pid=42355 tid=140052952762048 pinned cpu=66 (host_id=0)
[A:sender] kind=1 policy=P0 K=16 T_us=100 host_id=0
[A:thread] InvalSender pid=42355 tid=140052944369344 pinned cpu=68 (host_id=0)
[A:sender] kind=2 policy=P0 K=16 T_us=100 host_id=0
YCSB opt=A cache=0 num_hosts=2 threads=16 threads_eff=16 rep=5 load_ops=50000 load_thpt=260250 trans_ops=50000 trans_wall_max=0.008361 trans_agg_thpt=5979430 w_avg_ns=10444 w_p50_ns=12792 w_p99_ns=26959 r_avg_ns=5533 r_p50_ns=6577 r_p99_ns=17972 first_op_ns_max=43686 first_op_ns_avg=21090 ops_to_first_ns_max=91003 ops_to_first_ns_avg=31062 # workloada_optA_t16_cacheoff_rep5
