[A:thread] Worker pinned host=1 client=1 -> cpu=1 (pid=40606)
[A:thread] Worker pinned host=1 client=2 -> cpu=2 (pid=40607)
[A:thread] Worker pinned host=1 client=3 -> cpu=3 (pid=40608)
[A:thread] Worker pinned host=1 client=4 -> cpu=4 (pid=40609)
[A:thread] Worker pinned host=1 client=5 -> cpu=5 (pid=40610)
[A:thread] Worker pinned host=1 client=6 -> cpu=6 (pid=40611)
[A:thread] Worker pinned host=1 client=7 -> cpu=7 (pid=40612)
[A:thread] Worker pinned host=1 client=8 -> cpu=8 (pid=40613)
[A:thread] Worker pinned host=1 client=9 -> cpu=9 (pid=40614)
[A:thread] Worker pinned host=1 client=10 -> cpu=10 (pid=40615)
[A:thread] Worker pinned host=1 client=11 -> cpu=11 (pid=40616)
[A:thread] Worker pinned host=1 client=12 -> cpu=12 (pid=40617)
[A:thread] Worker pinned host=1 client=0 -> cpu=0 (pid=40605)
[A:thread] Worker pinned host=1 client=13 -> cpu=13 (pid=40618)
[A:thread] Worker pinned host=1 client=14 -> cpu=14 (pid=40619)
[A:thread] Worker pinned host=1 client=15 -> cpu=15 (pid=40620)
[A:thread] WriteReceiver pid=40605 tid=139890852361920 pinned cpu=65 (host_id=1)
[A:thread] ReadReceiver pid=40605 tid=139890843969216 pinned cpu=67 (host_id=1)
[A:thread] InvalReceiver pid=40605 tid=139890835576512 pinned cpu=69 (host_id=1)
[A:thread] WriteSender pid=40605 tid=139890827183808 pinned cpu=64 (host_id=1)
[A:sender] kind=0 policy=P0 K=16 T_us=100 host_id=1
[A:thread] ReadSender pid=40605 tid=139890818791104 pinned cpu=66 (host_id=1)
[A:sender] kind=1 policy=P0 K=16 T_us=100 host_id=1
[A:thread] InvalSender pid=40605 tid=139890810398400 pinned cpu=68 (host_id=1)
[A:sender] kind=2 policy=P0 K=16 T_us=100 host_id=1
[A:tls] worker host=1 client=2 entries=1024 (~1088 KiB)
[A:tls] worker host=1 client=1 entries=1024 (~1088 KiB)
[A:tls] worker host=1 client=3 entries=1024 (~1088 KiB)
[A:tls] worker host=1 client=4 entries=1024 (~1088 KiB)
[A:tls] worker host=1 client=5 entries=1024 (~1088 KiB)
[A:tls] worker host=1 client=7 entries=1024 (~1088 KiB)
[A:tls] worker host=1 client=6 entries=1024 (~1088 KiB)
[A:tls] worker host=1 client=8 entries=1024 (~1088 KiB)
[A:tls] worker host=1 client=9 entries=1024 (~1088 KiB)
[A:tls] worker host=1 client=10 entries=1024 (~1088 KiB)
[A:tls] worker host=1 client=11 entries=1024 (~1088 KiB)
[A:tls] worker host=1 client=12 entries=1024 (~1088 KiB)
[A:tls] worker host=1 client=0 entries=1024 (~1088 KiB)
[A:tls] worker host=1 client=13 entries=1024 (~1088 KiB)
[A:tls] worker host=1 client=14 entries=1024 (~1088 KiB)
[A:tls] worker host=1 client=15 entries=1024 (~1088 KiB)
