[A:thread] Worker pinned host=0 client=1 -> cpu=1 (pid=42161)
[A:thread] Worker pinned host=0 client=2 -> cpu=2 (pid=42162)
[A:thread] Worker pinned host=0 client=3 -> cpu=3 (pid=42163)
[A:thread] Worker pinned host=0 client=4 -> cpu=4 (pid=42164)
[A:thread] Worker pinned host=0 client=5 -> cpu=5 (pid=42165)
[A:thread] Worker pinned host=0 client=6 -> cpu=6 (pid=42166)
[A:thread] Worker pinned host=0 client=7 -> cpu=7 (pid=42167)
[A:thread] Worker pinned host=0 client=8 -> cpu=8 (pid=42168)
[A:thread] Worker pinned host=0 client=9 -> cpu=9 (pid=42169)
[A:thread] Worker pinned host=0 client=10 -> cpu=10 (pid=42170)
[A:thread] Worker pinned host=0 client=12 -> cpu=12 (pid=42172)
[A:thread] Worker pinned host=0 client=11 -> cpu=11 (pid=42171)
[A:thread] Worker pinned host=0 client=13 -> cpu=13 (pid=42173)
[A:thread] Worker pinned host=0 client=0 -> cpu=0 (pid=42160)
[A:thread] Worker pinned host=0 client=14 -> cpu=14 (pid=42174)
[A:thread] Worker pinned host=0 client=15 -> cpu=15 (pid=42175)
[A:thread] WriteReceiver pid=42160 tid=139923033159360 pinned cpu=65 (host_id=0)
[A:thread] ReadReceiver pid=42160 tid=139923024766656 pinned cpu=67 (host_id=0)
[A:tls] worker host=0 client=1 entries=1024 (~1088 KiB)
[A:tls] worker host=0 client=2 entries=1024 (~1088 KiB)
[A:tls] worker host=0 client=3 entries=1024 (~1088 KiB)
[A:tls] worker host=0 client=4 entries=1024 (~1088 KiB)
[A:tls] worker host=0 client=6 entries=1024 (~1088 KiB)
[A:tls] worker host=0 client=5 entries=1024 (~1088 KiB)
[A:tls] worker host=0 client=7 entries=1024 (~1088 KiB)
[A:tls] worker host=0 client=8 entries=1024 (~1088 KiB)
[A:tls] worker host=0 client=0 entries=1024 (~1088 KiB)
[A:tls] worker host=0 client=9 entries=1024 (~1088 KiB)
[A:tls] worker host=0 client=10 entries=1024 (~1088 KiB)
[A:tls] worker host=0 client=12 entries=1024 (~1088 KiB)
[A:tls] worker host=0 client=11 entries=1024 (~1088 KiB)
[A:tls] worker host=0 client=13 entries=1024 (~1088 KiB)
[A:tls] worker host=0 client=14 entries=1024 (~1088 KiB)
[A:tls] worker host=0 client=15 entries=1024 (~1088 KiB)
[A:thread] InvalReceiver pid=42160 tid=139923016373952 pinned cpu=69 (host_id=0)
[A:thread] WriteSender pid=42160 tid=139923007981248 pinned cpu=64 (host_id=0)
[A:sender] kind=0 policy=P0 K=16 T_us=100 host_id=0
[A:thread] ReadSender pid=42160 tid=139922999588544 pinned cpu=66 (host_id=0)
[A:sender] kind=1 policy=P0 K=16 T_us=100 host_id=0
[A:thread] InvalSender pid=42160 tid=139922920961728 pinned cpu=68 (host_id=0)
[A:sender] kind=2 policy=P0 K=16 T_us=100 host_id=0
YCSB opt=A cache=0 num_hosts=2 threads=16 threads_eff=16 rep=1 load_ops=50000 load_thpt=263540 trans_ops=50000 trans_wall_max=0.007927 trans_agg_thpt=6307556 w_avg_ns=9637 w_p50_ns=9669 w_p99_ns=25562 r_avg_ns=4827 r_p50_ns=6488 r_p99_ns=26708 first_op_ns_max=149793 first_op_ns_avg=26664 ops_to_first_ns_max=396310 ops_to_first_ns_avg=96231 # workloada_optA_t16_cacheoff_rep1
