[A:thread] Worker pinned host=0 client=1 -> cpu=1 (pid=22260)
[A:thread] Worker pinned host=0 client=2 -> cpu=2 (pid=22261)
[A:thread] Worker pinned host=0 client=3 -> cpu=3 (pid=22262)
[A:thread] Worker pinned host=0 client=4 -> cpu=4 (pid=22263)
[A:thread] Worker pinned host=0 client=5 -> cpu=5 (pid=22264)
[A:thread] Worker pinned host=0 client=6 -> cpu=6 (pid=22265)
[A:thread] Worker pinned host=0 client=7 -> cpu=7 (pid=22266)
[A:thread] Worker pinned host=0 client=9 -> cpu=9 (pid=22268)
[A:thread] Worker pinned host=0 client=8 -> cpu=8 (pid=22267)
[A:thread] Worker pinned host=0 client=11 -> cpu=11 (pid=22270)
[A:thread] Worker pinned host=0 client=10 -> cpu=10 (pid=22269)
[A:thread] Worker pinned host=0 client=12 -> cpu=12 (pid=22271)
[A:thread] Worker pinned host=0 client=13 -> cpu=13 (pid=22272)
[A:thread] Worker pinned host=0 client=14 -> cpu=14 (pid=22273)
[A:thread] Worker pinned host=0 client=15 -> cpu=15 (pid=22274)
[A:thread] Worker pinned host=0 client=16 -> cpu=16 (pid=22275)
[A:thread] Worker pinned host=0 client=17 -> cpu=17 (pid=22276)
[A:thread] Worker pinned host=0 client=18 -> cpu=18 (pid=22277)
[A:thread] Worker pinned host=0 client=20 -> cpu=20 (pid=22279)
[A:thread] Worker pinned host=0 client=19 -> cpu=19 (pid=22278)
[A:thread] Worker pinned host=0 client=21 -> cpu=21 (pid=22280)
[A:thread] Worker pinned host=0 client=22 -> cpu=22 (pid=22281)
[A:thread] Worker pinned host=0 client=24 -> cpu=24 (pid=22283)
[A:thread] Worker pinned host=0 client=23 -> cpu=23 (pid=22282)
[A:thread] Worker pinned host=0 client=26 -> cpu=26 (pid=22285)
[A:thread] Worker pinned host=0 client=25 -> cpu=25 (pid=22284)
[A:thread] Worker pinned host=0 client=27 -> cpu=27 (pid=22286)
[A:thread] Worker pinned host=0 client=28 -> cpu=28 (pid=22287)
[A:thread] Worker pinned host=0 client=29 -> cpu=29 (pid=22288)
[A:thread] Worker pinned host=0 client=30 -> cpu=30 (pid=22289)
[A:thread] Worker pinned host=0 client=31 -> cpu=31 (pid=22290)
[A:thread] Worker pinned host=0 client=33 -> cpu=33 (pid=22292)
[A:thread] Worker pinned host=0 client=32 -> cpu=32 (pid=22291)
[A:thread] Worker pinned host=0 client=34 -> cpu=34 (pid=22293)
[A:thread] Worker pinned host=0 client=35 -> cpu=35 (pid=22294)
[A:thread] Worker pinned host=0 client=36 -> cpu=36 (pid=22295)
[A:thread] Worker pinned host=0 client=37 -> cpu=37 (pid=22296)
[A:thread] Worker pinned host=0 client=38 -> cpu=38 (pid=22297)
[A:thread] Worker pinned host=0 client=39 -> cpu=39 (pid=22298)
[A:thread] Worker pinned host=0 client=40 -> cpu=40 (pid=22299)
[A:thread] Worker pinned host=0 client=41 -> cpu=41 (pid=22300)
[A:thread] Worker pinned host=0 client=42 -> cpu=42 (pid=22301)
[A:thread] Worker pinned host=0 client=43 -> cpu=43 (pid=22302)
[A:thread] Worker pinned host=0 client=44 -> cpu=44 (pid=22303)
[A:thread] Worker pinned host=0 client=45 -> cpu=45 (pid=22304)
[A:thread] Worker pinned host=0 client=46 -> cpu=46 (pid=22305)
[A:thread] Worker pinned host=0 client=47 -> cpu=47 (pid=22306)
[A:thread] Worker pinned host=0 client=48 -> cpu=48 (pid=22307)
[A:thread] Worker pinned host=0 client=49 -> cpu=49 (pid=22308)
[A:thread] Worker pinned host=0 client=50 -> cpu=50 (pid=22309)
[A:thread] Worker pinned host=0 client=51 -> cpu=51 (pid=22310)
[A:thread] Worker pinned host=0 client=52 -> cpu=52 (pid=22311)
[A:thread] Worker pinned host=0 client=53 -> cpu=53 (pid=22312)
[A:thread] Worker pinned host=0 client=54 -> cpu=54 (pid=22313)
[A:thread] Worker pinned host=0 client=55 -> cpu=55 (pid=22314)
[A:thread] Worker pinned host=0 client=56 -> cpu=56 (pid=22315)
[A:thread] Worker pinned host=0 client=58 -> cpu=58 (pid=22317)
[A:thread] Worker pinned host=0 client=59 -> cpu=59 (pid=22318)
[A:thread] Worker pinned host=0 client=60 -> cpu=60 (pid=22319)
[A:thread] Worker pinned host=0 client=57 -> cpu=57 (pid=22316)
[A:thread] Worker pinned host=0 client=61 -> cpu=61 (pid=22320)
[A:thread] Worker pinned host=0 client=62 -> cpu=62 (pid=22321)
[A:thread] Worker pinned host=0 client=0 -> cpu=0 (pid=22259)
[A:thread] Worker pinned host=0 client=63 -> cpu=63 (pid=22322)
[A:thread] WriteReceiver pid=22259 tid=140502803412672 pinned cpu=65 (host_id=0)
[A:thread] ReadReceiver pid=22259 tid=140502795019968 pinned cpu=67 (host_id=0)
[A:thread] WriteSender pid=22259 tid=140502778234560 pinned cpu=64 (host_id=0)
[A:sender] kind=0 policy=P0 K=16 T_us=100 host_id=0
[A:thread] ReadSender pid=22259 tid=140502769841856 pinned cpu=66 (host_id=0)
[A:sender] kind=1 policy=P0 K=16 T_us=100 host_id=0
[A:thread] InvalSender pid=22259 tid=140502761449152 pinned cpu=68 (host_id=0)
[A:sender] kind=2 policy=P0 K=16 T_us=100 host_id=0
[A:thread] InvalReceiver pid=22259 tid=140502786627264 pinned cpu=69 (host_id=0)
[A:tls] worker host=0 client=45 entries=1024 (~1088 KiB)
[A:tls] worker host=0 client=54 entries=1024 (~1088 KiB)
[A:tls] worker host=0 client=4 entries=1024 (~1088 KiB)
[A:tls] worker host=0 client=47 entries=1024 (~1088 KiB)
[A:tls] worker host=0 client=25 entries=1024 (~1088 KiB)
[A:tls] worker host=0 client=49 entries=1024 (~1088 KiB)
[A:tls] worker host=0 client=18 entries=1024 (~1088 KiB)
[A:tls] worker host=0 client=37 entries=1024 (~1088 KiB)
[A:tls] worker host=0 client=13 entries=1024 (~1088 KiB)
[A:tls] worker host=0 client=0 entries=1024 (~1088 KiB)
[A:tls] worker host=0 client=19 entries=1024 (~1088 KiB)
[A:tls] worker host=0 client=60 entries=1024 (~1088 KiB)
[A:tls] worker host=0 client=32 entries=1024 (~1088 KiB)
[A:tls] worker host=0 client=59 entries=1024 (~1088 KiB)
[A:tls] worker host=0 client=15 entries=1024 (~1088 KiB)
[A:tls] worker host=0 client=2 entries=1024 (~1088 KiB)
[A:tls] worker host=0 client=36 entries=1024 (~1088 KiB)
[A:tls] worker host=0 client=5 entries=1024 (~1088 KiB)
[A:tls] worker host=0 client=63 entries=1024 (~1088 KiB)
[A:tls] worker host=0 client=50 entries=1024 (~1088 KiB)
[A:tls] worker host=0 client=39 entries=1024 (~1088 KiB)
[A:tls] worker host=0 client=9 entries=1024 (~1088 KiB)
[A:tls] worker host=0 client=12 entries=1024 (~1088 KiB)
[A:tls] worker host=0 client=62 entries=1024 (~1088 KiB)
[A:tls] worker host=0 client=17 entries=1024 (~1088 KiB)
[A:tls] worker host=0 client=43 entries=1024 (~1088 KiB)
[A:tls] worker host=0 client=38 entries=1024 (~1088 KiB)
[A:tls] worker host=0 client=31 entries=1024 (~1088 KiB)
[A:tls] worker host=0 client=46 entries=1024 (~1088 KiB)
[A:tls] worker host=0 client=51 entries=1024 (~1088 KiB)
[A:tls] worker host=0 client=48 entries=1024 (~1088 KiB)
[A:tls] worker host=0 client=16 entries=1024 (~1088 KiB)
[A:tls] worker host=0 client=34 entries=1024 (~1088 KiB)
[A:tls] worker host=0 client=6 entries=1024 (~1088 KiB)
[A:tls] worker host=0 client=26 entries=1024 (~1088 KiB)
[A:tls] worker host=0 client=40 entries=1024 (~1088 KiB)
[A:tls] worker host=0 client=3 entries=1024 (~1088 KiB)
[A:tls] worker host=0 client=24 entries=1024 (~1088 KiB)
[A:tls] worker host=0 client=52 entries=1024 (~1088 KiB)
[A:tls] worker host=0 client=33 entries=1024 (~1088 KiB)
[A:tls] worker host=0 client=30 entries=1024 (~1088 KiB)
[A:tls] worker host=0 client=11 entries=1024 (~1088 KiB)
[A:tls] worker host=0 client=41 entries=1024 (~1088 KiB)
[A:tls] worker host=0 client=44 entries=1024 (~1088 KiB)
[A:tls] worker host=0 client=27 entries=1024 (~1088 KiB)
[A:tls] worker host=0 client=7 entries=1024 (~1088 KiB)
[A:tls] worker host=0 client=42 entries=1024 (~1088 KiB)
[A:tls] worker host=0 client=55 entries=1024 (~1088 KiB)
[A:tls] worker host=0 client=29 entries=1024 (~1088 KiB)
[A:tls] worker host=0 client=61 entries=1024 (~1088 KiB)
[A:tls] worker host=0 client=14 entries=1024 (~1088 KiB)
[A:tls] worker host=0 client=28 entries=1024 (~1088 KiB)
[A:tls] worker host=0 client=56 entries=1024 (~1088 KiB)
[A:tls] worker host=0 client=53 entries=1024 (~1088 KiB)
[A:tls] worker host=0 client=20 entries=1024 (~1088 KiB)
[A:tls] worker host=0 client=22 entries=1024 (~1088 KiB)
[A:tls] worker host=0 client=10 entries=1024 (~1088 KiB)
[A:tls] worker host=0 client=1 entries=1024 (~1088 KiB)
[A:tls] worker host=0 client=21 entries=1024 (~1088 KiB)
[A:tls] worker host=0 client=8 entries=1024 (~1088 KiB)
[A:tls] worker host=0 client=35 entries=1024 (~1088 KiB)
[A:tls] worker host=0 client=23 entries=1024 (~1088 KiB)
[A:tls] worker host=0 client=58 entries=1024 (~1088 KiB)
[A:tls] worker host=0 client=57 entries=1024 (~1088 KiB)
YCSB opt=A cache=0 num_hosts=2 threads=64 threads_eff=64 rep=7 load_ops=50000 load_thpt=181495 trans_ops=50000 trans_wall_max=0.522145 trans_agg_thpt=95758 w_avg_ns=15241 w_p50_ns=9813 w_p99_ns=76325 r_avg_ns=9101 r_p50_ns=10537 r_p99_ns=37522 first_op_ns_max=96489 first_op_ns_avg=27439 ops_to_first_ns_max=1380015 ops_to_first_ns_avg=204503 # workloada_optA_t64_cacheoff_rep7
