[A:thread] Worker pinned host=0 client=1 -> cpu=1 (pid=23313)
[A:thread] Worker pinned host=0 client=2 -> cpu=2 (pid=23314)
[A:thread] Worker pinned host=0 client=3 -> cpu=3 (pid=23315)
[A:thread] Worker pinned host=0 client=4 -> cpu=4 (pid=23316)
[A:thread] Worker pinned host=0 client=5 -> cpu=5 (pid=23317)
[A:thread] Worker pinned host=0 client=6 -> cpu=6 (pid=23318)
[A:thread] Worker pinned host=0 client=7 -> cpu=7 (pid=23319)
[A:thread] Worker pinned host=0 client=8 -> cpu=8 (pid=23320)
[A:thread] Worker pinned host=0 client=9 -> cpu=9 (pid=23321)
[A:thread] Worker pinned host=0 client=10 -> cpu=10 (pid=23322)
[A:thread] Worker pinned host=0 client=11 -> cpu=11 (pid=23323)
[A:thread] Worker pinned host=0 client=12 -> cpu=12 (pid=23324)
[A:thread] Worker pinned host=0 client=13 -> cpu=13 (pid=23325)
[A:thread] Worker pinned host=0 client=14 -> cpu=14 (pid=23326)
[A:thread] Worker pinned host=0 client=15 -> cpu=15 (pid=23327)
[A:thread] Worker pinned host=0 client=16 -> cpu=16 (pid=23328)
[A:thread] Worker pinned host=0 client=17 -> cpu=17 (pid=23329)
[A:thread] Worker pinned host=0 client=18 -> cpu=18 (pid=23330)
[A:thread] Worker pinned host=0 client=19 -> cpu=19 (pid=23331)
[A:thread] Worker pinned host=0 client=20 -> cpu=20 (pid=23332)
[A:thread] Worker pinned host=0 client=21 -> cpu=21 (pid=23333)
[A:thread] Worker pinned host=0 client=22 -> cpu=22 (pid=23334)
[A:thread] Worker pinned host=0 client=23 -> cpu=23 (pid=23335)
[A:thread] Worker pinned host=0 client=24 -> cpu=24 (pid=23336)
[A:thread] Worker pinned host=0 client=25 -> cpu=25 (pid=23337)
[A:thread] Worker pinned host=0 client=26 -> cpu=26 (pid=23338)
[A:thread] Worker pinned host=0 client=27 -> cpu=27 (pid=23339)
[A:thread] Worker pinned host=0 client=28 -> cpu=28 (pid=23340)
[A:thread] Worker pinned host=0 client=29 -> cpu=29 (pid=23341)
[A:thread] Worker pinned host=0 client=30 -> cpu=30 (pid=23342)
[A:thread] Worker pinned host=0 client=31 -> cpu=31 (pid=23343)
[A:thread] Worker pinned host=0 client=32 -> cpu=32 (pid=23344)
[A:thread] Worker pinned host=0 client=33 -> cpu=33 (pid=23345)
[A:thread] Worker pinned host=0 client=34 -> cpu=34 (pid=23346)
[A:thread] Worker pinned host=0 client=35 -> cpu=35 (pid=23347)
[A:thread] Worker pinned host=0 client=36 -> cpu=36 (pid=23348)
[A:thread] Worker pinned host=0 client=37 -> cpu=37 (pid=23349)
[A:thread] Worker pinned host=0 client=38 -> cpu=38 (pid=23350)
[A:thread] Worker pinned host=0 client=40 -> cpu=40 (pid=23352)
[A:thread] Worker pinned host=0 client=41 -> cpu=41 (pid=23353)
[A:thread] Worker pinned host=0 client=39 -> cpu=39 (pid=23351)
[A:thread] Worker pinned host=0 client=42 -> cpu=42 (pid=23354)
[A:thread] Worker pinned host=0 client=43 -> cpu=43 (pid=23355)
[A:thread] Worker pinned host=0 client=44 -> cpu=44 (pid=23356)
[A:thread] Worker pinned host=0 client=45 -> cpu=45 (pid=23357)
[A:thread] Worker pinned host=0 client=46 -> cpu=46 (pid=23358)
[A:thread] Worker pinned host=0 client=47 -> cpu=47 (pid=23359)
[A:thread] Worker pinned host=0 client=48 -> cpu=48 (pid=23360)
[A:thread] Worker pinned host=0 client=49 -> cpu=49 (pid=23361)
[A:thread] Worker pinned host=0 client=50 -> cpu=50 (pid=23362)
[A:thread] Worker pinned host=0 client=51 -> cpu=51 (pid=23363)
[A:thread] Worker pinned host=0 client=52 -> cpu=52 (pid=23364)
[A:thread] Worker pinned host=0 client=53 -> cpu=53 (pid=23365)
[A:thread] Worker pinned host=0 client=54 -> cpu=54 (pid=23366)
[A:thread] Worker pinned host=0 client=55 -> cpu=55 (pid=23367)
[A:thread] Worker pinned host=0 client=56 -> cpu=56 (pid=23368)
[A:thread] Worker pinned host=0 client=57 -> cpu=57 (pid=23369)
[A:thread] Worker pinned host=0 client=58 -> cpu=58 (pid=23370)
[A:thread] Worker pinned host=0 client=59 -> cpu=59 (pid=23371)
[A:thread] Worker pinned host=0 client=60 -> cpu=60 (pid=23372)
[A:thread] Worker pinned host=0 client=61 -> cpu=61 (pid=23373)
[A:thread] Worker pinned host=0 client=62 -> cpu=62 (pid=23374)
[A:thread] Worker pinned host=0 client=0 -> cpu=0 (pid=23312)
[A:thread] Worker pinned host=0 client=63 -> cpu=63 (pid=23375)
[A:thread] WriteReceiver pid=23312 tid=140334146254528 pinned cpu=65 (host_id=0)
[A:thread] ReadReceiver pid=23312 tid=140334137861824 pinned cpu=67 (host_id=0)
[A:tls] worker host=0 client=43 entries=1024 (~1088 KiB)
[A:tls] worker host=0 client=61 entries=1024 (~1088 KiB)
[A:tls] worker host=0 client=63 entries=1024 (~1088 KiB)
[A:tls] worker host=0 client=45 entries=1024 (~1088 KiB)
[A:tls] worker host=0 client=39 entries=1024 (~1088 KiB)
[A:tls] worker host=0 client=46 entries=1024 (~1088 KiB)
[A:tls] worker host=0 client=41 entries=1024 (~1088 KiB)
[A:tls] worker host=0 client=36 entries=1024 (~1088 KiB)
[A:tls] worker host=0 client=37 entries=1024 (~1088 KiB)
[A:tls] worker host=0 client=0 entries=1024 (~1088 KiB)
[A:tls] worker host=0 client=31 entries=1024 (~1088 KiB)
[A:tls] worker host=0 client=51 entries=1024 (~1088 KiB)
[A:tls] worker host=0 client=42 entries=1024 (~1088 KiB)
[A:tls] worker host=0 client=1 entries=1024 (~1088 KiB)
[A:tls] worker host=0 client=57 entries=1024 (~1088 KiB)
[A:tls] worker host=0 client=30 entries=1024 (~1088 KiB)
[A:tls] worker host=0 client=38 entries=1024 (~1088 KiB)
[A:tls] worker host=0 client=52 entries=1024 (~1088 KiB)
[A:tls] worker host=0 client=3 entries=1024 (~1088 KiB)
[A:tls] worker host=0 client=9 entries=1024 (~1088 KiB)
[A:tls] worker host=0 client=7 entries=1024 (~1088 KiB)
[A:tls] worker host=0 client=34 entries=1024 (~1088 KiB)
[A:tls] worker host=0 client=40 entries=1024 (~1088 KiB)
[A:thread] ReadSender pid=23312 tid=140334112683712 pinned cpu=66 (host_id=0)
[A:sender] kind=1 policy=P0 K=16 T_us=100 host_id=0
[A:tls] worker host=0 client=27 entries=1024 (~1088 KiB)
[A:tls] worker host=0 client=35 entries=1024 (~1088 KiB)
[A:tls] worker host=0 client=6 entries=1024 (~1088 KiB)
[A:tls] worker host=0 client=33 entries=1024 (~1088 KiB)
[A:thread] InvalReceiver pid=23312 tid=140334129469120 pinned cpu=69 (host_id=0)
[A:tls] worker host=0 client=49 entries=1024 (~1088 KiB)
[A:tls] worker host=0 client=10 entries=1024 (~1088 KiB)
[A:tls] worker host=0 client=29 entries=1024 (~1088 KiB)
[A:tls] worker host=0 client=58 entries=1024 (~1088 KiB)
[A:thread] WriteSender pid=23312 tid=140334121076416 pinned cpu=64 (host_id=0)
[A:tls] worker host=0 client=62 entries=1024 (~1088 KiB)
[A:tls] worker host=0 client=5 entries=1024 (~1088 KiB)
[A:sender] kind=0 policy=P0 K=16 T_us=100 host_id=0
[A:tls] worker host=0 client=28 entries=1024 (~1088 KiB)
[A:tls] worker host=0 client=23 entries=1024 (~1088 KiB)
[A:tls] worker host=0 client=56 entries=1024 (~1088 KiB)
[A:tls] worker host=0 client=14 entries=1024 (~1088 KiB)
[A:tls] worker host=0 client=12 entries=1024 (~1088 KiB)
[A:tls] worker host=0 client=47 entries=1024 (~1088 KiB)
[A:tls] worker host=0 client=13 entries=1024 (~1088 KiB)
[A:tls] worker host=0 client=54 entries=1024 (~1088 KiB)
[A:tls] worker host=0 client=19 entries=1024 (~1088 KiB)
[A:tls] worker host=0 client=60 entries=1024 (~1088 KiB)
[A:tls] worker host=0 client=11 entries=1024 (~1088 KiB)
[A:tls] worker host=0 client=22 entries=1024 (~1088 KiB)
[A:tls] worker host=0 client=2 entries=1024 (~1088 KiB)
[A:tls] worker host=0 client=24 entries=1024 (~1088 KiB)
[A:tls] worker host=0 client=50 entries=1024 (~1088 KiB)
[A:tls] worker host=0 client=26 entries=1024 (~1088 KiB)
[A:tls] worker host=0 client=18 entries=1024 (~1088 KiB)
[A:tls] worker host=0 client=21 entries=1024 (~1088 KiB)
[A:tls] worker host=0 client=32 entries=1024 (~1088 KiB)
[A:tls] worker host=0 client=16 entries=1024 (~1088 KiB)
[A:tls] worker host=0 client=59 entries=1024 (~1088 KiB)
[A:tls] worker host=0 client=17 entries=1024 (~1088 KiB)
[A:tls] worker host=0 client=4 entries=1024 (~1088 KiB)
[A:thread] InvalSender pid=23312 tid=140334029862592 pinned cpu=68 (host_id=0)
[A:tls] worker host=0 client=20 entries=1024 (~1088 KiB)
[A:sender] kind=2 policy=P0 K=16 T_us=100 host_id=0
[A:tls] worker host=0 client=25 entries=1024 (~1088 KiB)
[A:tls] worker host=0 client=15 entries=1024 (~1088 KiB)
[A:tls] worker host=0 client=48 entries=1024 (~1088 KiB)
[A:tls] worker host=0 client=55 entries=1024 (~1088 KiB)
[A:tls] worker host=0 client=53 entries=1024 (~1088 KiB)
[A:tls] worker host=0 client=8 entries=1024 (~1088 KiB)
[A:tls] worker host=0 client=44 entries=1024 (~1088 KiB)
YCSB opt=A cache=0 num_hosts=2 threads=64 threads_eff=64 rep=17 load_ops=50000 load_thpt=165186 trans_ops=50000 trans_wall_max=0.003427 trans_agg_thpt=14585764 w_avg_ns=16582 w_p50_ns=17344 w_p99_ns=51467 r_avg_ns=10158 r_p50_ns=10809 r_p99_ns=40797 first_op_ns_max=70210 first_op_ns_avg=30387 ops_to_first_ns_max=174591 ops_to_first_ns_avg=52794 # workloada_optA_t64_cacheoff_rep17
