client 0 main process running on core: 0
client 1 main process running on core: 2
client 2 main process running on core: 4
client 4 main process running on core: 8
client 5 main process running on core: 10
client 3 main process running on core: 6
client 6 main process running on core: 12
client 7 main process running on core: 14
client 8 main process running on core: 16
client 9 main process running on core: 18
client 10 main process running on core: 20
client 11 main process running on core: 22
client 12 main process running on core: 24
client 13 main process running on core: 26
server_kv_area_addr: 28000000 58
num_rep_blocks: 58
server_kv_area_addr: 28000000 58
num_rep_blocks: 58
server_kv_area_addr: 28000000 58
num_rep_blocks: 58
server_kv_area_addr: 28000000 58
num_rep_blocks: 58
server_kv_area_addr: 28000000 58
num_rep_blocks: 58
server_kv_area_addr: 28000000 58
num_rep_blocks: 58
server_kv_area_addr: 28000000 58
num_rep_blocks: 58
server_kv_area_addr: 28000000 58
num_rep_blocks: 58
server_kv_area_addr: 28000000 58
num_rep_blocks: 58
server_kv_area_addr: 28000000 58
num_rep_blocks: 58
server_kv_area_addr: 28000000 58
mmblock 0: 28000000
mmblock 1: 28000000
mmblock 2: 28000000
num_rep_blocks: 58
server_kv_area_addr: 28000000 58
num_rep_blocks: 58
server_kv_area_addr: 28000000 58
num_rep_blocks: 58
server_kv_area_addr: 28000000 58
num_rep_blocks: 58
allocating 268435456
allocating 268435456
allocating 268435456
mmblock 0: 44000000
mmblock 1: 44000000
mmblock 2: 44000000
allocating 268435456
allocating 268435456
allocating 268435456
allocating 268435456
allocating 268435456
allocating 268435456
allocating 268435456
allocating 268435456
allocating 268435456
allocating 268435456
mmblock 0: 60000000
mmblock 1: 60000000
mmblock 2: 60000000
allocating 268435456
Client 0 start
Client 11 start
Client 4 start
Client 9 start
Client 5 start
Client 12 start
Client 6 start
Client 7 start
Client 2 start
Client 13 start
Client 3 start
Client 10 start
Client 8 start
Client 1 start
11 waiting workload
load 0 -1
1 waiting workload
5 waiting workload
12 waiting workload
9 waiting workload
6 waiting workload
7 waiting workload
2 waiting workload
8 waiting workload
10 waiting workload
3 waiting workload
poll thread on core: 3
13 waiting workload
4 waiting workload
poll thread on core: 11
poll thread on core: 5
poll thread on core: 7
poll thread on core: 13
poll thread on core: 23
poll thread on core: 9
poll thread on core: 15
poll thread on core: 19
poll thread on core: 17
poll thread on core: 25
poll thread on core: 21
poll thread on core: 27
poll thread on core: 1
load 100000 operations
Load phase start
Load phase ends (Failed 0)
time spent: 13348.750000 ms
0 passed load barrier
load 0 100000
11 passed load barrier
6 passed load barrier
load 0 100000
load 0 100000
10 passed load barrier
9 passed load barrier
13 passed load barrier
7 passed load barrier
8 passed load barrier
2 passed load barrier
4 passed load barrier
3 passed load barrier
5 passed load barrier
12 passed load barrier
load 0 100000
load 0 100000
load 0 100000
load 0 100000
load 0 100000
load 0 100000
load 0 100000
load 0 100000
load 0 100000
load 0 100000
1 passed load barrier
load 0 100000
load 78125 operations
load 78125 operations
load 78125 operations
load 78125 operations
load 78125 operations
load 78125 operations
load 78125 operations
load 78125 operations
load 78125 operations
load 78125 operations
load 78125 operations
load 78125 operations
load 78125 operations
load 78125 operations
Test phase start
0 initializes timer
Test phase start
1 wait for timer
Test phase start
Test phase start
Test phase start
Test phase start
Test phase start
Test phase start
Test phase start
4 wait for timer
2 wait for timer
Test phase start
3 wait for timer
Test phase start
Test phase start
Test phase start
6 wait for timer
Test phase start
5 wait for timer
12 wait for timer
7 wait for timer
10 wait for timer
9 wait for timer
11 wait for timer
8 wait for timer
13 wait for timer
13 passed barrier
7 passed barrier
11 passed barrier
3 passed barrier
9 passed barrier
8 passed barrier
5 passed barrier
0 passed barrier
6 passed barrier
1 passed barrier
4 passed barrier
10 passed barrier
2 passed barrier
12 passed barrier
fb0 finished
fb0 finished
fb1 finished
fb2 finished
fb3 finished
fb4 finished
fb5 finished
fb6 finished
fb7 finished
fb0 finished
fb0 finished
fb1 finished
fb0 finished
fb1 finished
fb0 finished
fb0 finished
fb1 finished
fb2 finished
fb3 finished
fb4 finished
fb5 finished
fb0 finished
fb1 finished
fb2 finished
fb3 finished
fb4 finished
fb0 finished
fb0 finished
fb0 finished
fb1 finished
fb2 finished
fb0 finished
fb1 finished
fb1 finished
fb2 finished
fb2 finished
fb3 finished
fb1 finished
fb2 finished
fb6 finished
fb0 finished
fb5 finished
fb1 finished
fb1 finished
fb3 finished
fb2 finished
fb3 finished
fb2 finished
fb4 finished
fb0 finished
fb3 finished
fb1 finished
fb6 finished
fb4 finished
fb7 finished
fb5 finished
fb6 finished
fb2 finished
fb7 finished
fb3 finished
fb3 finished
fb3 finished
fb4 finished
fb5 finished
fb5 finished
fb6 finished
fb1 finished
fb2 finished
fb2 finished
fb4 finished
fb3 finished
fb5 finished
fb4 finished
fb4 finished
fb5 finished
fb6 finished
fb7 finished
fb5 finished
fb7 finished
fb2 finished
fb4 finished
fb6 finished
fb5 finished
fb7 finished
fb6 finished
fb7 finished
fb3 finished
fb3 finished
fb4 finished
fb6 finished
fb7 finished
fb7 finished
fb6 finished
fb4 finished
fb4 finished
fb5 finished
fb7 finished
fb6 finished
fb7 finished
fb5 finished
fb6 finished
fb5 finished
fb6 finished
fb7 finished
fb7 finished
fb1 finished
fb2 finished
fb3 finished
fb4 finished
fb5 finished
fb6 finished
fb7 finished
thread: 0 311481 ops/s
0 failed
thread: 1 313860 ops/s
0 failed
thread: 4 316385 ops/s
0 failed
thread: 2 313517 ops/s
0 failed
thread: 3 319262 ops/s
0 failed
thread: 6 313240 ops/s
0 failed
thread: 12 261533 ops/s
0 failed
thread: 5 315237 ops/s
0 failed
thread: 7 262901 ops/s
0 failed
thread: 10 264790 ops/s
0 failed
thread: 9 262337 ops/s
0 failed
thread: 11 261217 ops/s
0 failed
thread: 8 264108 ops/s
0 failed
thread: 13 262560 ops/s
0 failed
total: 40424342 ops
failed: 0 ops
tpt: 4042434 ops/s
