# g3+g4 scaling sweep: threads x workloads x opts x cache
# host0=g3 host1=g4 dev=/dev/dax0.0
# threads=1 2 4 8 16 32 64 86 workloads=workloada workloadb workloadc workloadd workloadf opts=C cache=on off
# num_buckets=65536 max_ops=200000 timeout=300
# started=2026-04-25T00:09:26-05:00
--- workloada_optC_t1_cacheon cookie=1777093766810562491 ---
YCSB opt=C cache=1 value_size=256 num_flushers=2 num_hosts=2 threads=1 threads_eff=1 load_ops=100000 load_thpt=64896 trans_ops=200000 trans_wall_max=0.248s trans_agg_thpt=806758 w_avg_ns=2021 w_p50_ns=1898 w_p99_ns=3081 r_avg_ns=2803 r_p50_ns=3144 r_p99_ns=5977  # workloada_optC_t1_cacheon
--- workloada_optC_t2_cacheon cookie=1777093786781306800 ---
YCSB opt=C cache=1 value_size=256 num_flushers=2 num_hosts=2 threads=2 threads_eff=2 load_ops=100000 load_thpt=73963 trans_ops=200000 trans_wall_max=0.167s trans_agg_thpt=1194204 w_avg_ns=2759 w_p50_ns=2378 w_p99_ns=9585 r_avg_ns=3044 r_p50_ns=3301 r_p99_ns=6303  # workloada_optC_t2_cacheon
--- workloada_optC_t4_cacheon cookie=1777093806449459262 ---
YCSB opt=C cache=1 value_size=256 num_flushers=2 num_hosts=2 threads=4 threads_eff=4 load_ops=100000 load_thpt=75994 trans_ops=200000 trans_wall_max=0.102s trans_agg_thpt=1968411 w_avg_ns=3850 w_p50_ns=2927 w_p99_ns=10485 r_avg_ns=3486 r_p50_ns=3557 r_p99_ns=6724  # workloada_optC_t4_cacheon
--- workloada_optC_t8_cacheon cookie=1777093826327748428 ---
YCSB opt=C cache=1 value_size=256 num_flushers=2 num_hosts=2 threads=8 threads_eff=8 load_ops=100000 load_thpt=70379 trans_ops=200000 trans_wall_max=0.063s trans_agg_thpt=3162249 w_avg_ns=5357 w_p50_ns=3948 w_p99_ns=11982 r_avg_ns=4101 r_p50_ns=4195 r_p99_ns=7725  # workloada_optC_t8_cacheon
--- workloada_optC_t16_cacheon cookie=1777093846841734061 ---
YCSB opt=C cache=1 value_size=256 num_flushers=2 num_hosts=2 threads=16 threads_eff=16 load_ops=100000 load_thpt=65078 trans_ops=200000 trans_wall_max=0.037s trans_agg_thpt=5347027 w_avg_ns=6737 w_p50_ns=5946 w_p99_ns=13936 r_avg_ns=4586 r_p50_ns=4703 r_p99_ns=9698  # workloada_optC_t16_cacheon
--- workloada_optC_t32_cacheon cookie=1777093870074671051 ---
YCSB opt=C cache=1 value_size=256 num_flushers=2 num_hosts=2 threads=32 threads_eff=32 load_ops=100000 load_thpt=80852 trans_ops=200000 trans_wall_max=0.016s trans_agg_thpt=12240982 w_avg_ns=6322 w_p50_ns=6209 w_p99_ns=18079 r_avg_ns=3657 r_p50_ns=4051 r_p99_ns=8101  # workloada_optC_t32_cacheon
--- workloada_optC_t64_cacheon cookie=1777093897409904491 ---
YCSB opt=C cache=1 value_size=256 num_flushers=2 num_hosts=2 threads=64 threads_eff=64 load_ops=100000 load_thpt=80496 trans_ops=200000 trans_wall_max=0.010s trans_agg_thpt=19350912 w_avg_ns=8234 w_p50_ns=9325 w_p99_ns=60939 r_avg_ns=4010 r_p50_ns=4292 r_p99_ns=13053  # workloada_optC_t64_cacheon
--- workloada_optC_t86_cacheon cookie=1777093937625956107 ---
YCSB opt=C cache=1 value_size=256 num_flushers=2 num_hosts=2 threads=86 threads_eff=86 load_ops=100000 load_thpt=89369 trans_ops=200000 trans_wall_max=0.015s trans_agg_thpt=13693186 w_avg_ns=10317 w_p50_ns=10152 w_p99_ns=110851 r_avg_ns=4455 r_p50_ns=4576 r_p99_ns=16700  # workloada_optC_t86_cacheon
--- workloadb_optC_t1_cacheon cookie=1777093983353625899 ---
YCSB opt=C cache=1 value_size=256 num_flushers=2 num_hosts=2 threads=1 threads_eff=1 load_ops=100000 load_thpt=64315 trans_ops=200000 trans_wall_max=0.219s trans_agg_thpt=913450 w_avg_ns=1990 w_p50_ns=1834 w_p99_ns=3070 r_avg_ns=1975 r_p50_ns=1760 r_p99_ns=5196  # workloadb_optC_t1_cacheon
--- workloadb_optC_t2_cacheon cookie=1777094003080609557 ---
YCSB opt=C cache=1 value_size=256 num_flushers=2 num_hosts=2 threads=2 threads_eff=2 load_ops=100000 load_thpt=75947 trans_ops=200000 trans_wall_max=0.126s trans_agg_thpt=1592787 w_avg_ns=3612 w_p50_ns=4296 w_p99_ns=10738 r_avg_ns=2176 r_p50_ns=1765 r_p99_ns=5026  # workloadb_optC_t2_cacheon
--- workloadb_optC_t4_cacheon cookie=1777094022920069998 ---
YCSB opt=C cache=1 value_size=256 num_flushers=2 num_hosts=2 threads=4 threads_eff=4 load_ops=100000 load_thpt=79257 trans_ops=200000 trans_wall_max=0.071s trans_agg_thpt=2798490 w_avg_ns=4986 w_p50_ns=6864 w_p99_ns=12344 r_avg_ns=2511 r_p50_ns=2258 r_p99_ns=5226  # workloadb_optC_t4_cacheon
--- workloadb_optC_t8_cacheon cookie=1777094042655579340 ---
YCSB opt=C cache=1 value_size=256 num_flushers=2 num_hosts=2 threads=8 threads_eff=8 load_ops=100000 load_thpt=71486 trans_ops=200000 trans_wall_max=0.042s trans_agg_thpt=4802961 w_avg_ns=6271 w_p50_ns=8502 w_p99_ns=14542 r_avg_ns=2939 r_p50_ns=2999 r_p99_ns=6061  # workloadb_optC_t8_cacheon
--- workloadb_optC_t16_cacheon cookie=1777094062948535837 ---
YCSB opt=C cache=1 value_size=256 num_flushers=2 num_hosts=2 threads=16 threads_eff=16 load_ops=100000 load_thpt=66585 trans_ops=200000 trans_wall_max=0.025s trans_agg_thpt=7881531 w_avg_ns=7500 w_p50_ns=8908 w_p99_ns=19538 r_avg_ns=3534 r_p50_ns=3626 r_p99_ns=8190  # workloadb_optC_t16_cacheon
--- workloadb_optC_t32_cacheon cookie=1777094085623590159 ---
YCSB opt=C cache=1 value_size=256 num_flushers=2 num_hosts=2 threads=32 threads_eff=32 load_ops=100000 load_thpt=83140 trans_ops=200000 trans_wall_max=0.012s trans_agg_thpt=16016257 w_avg_ns=8253 w_p50_ns=9208 w_p99_ns=27402 r_avg_ns=3529 r_p50_ns=3828 r_p99_ns=7041  # workloadb_optC_t32_cacheon
--- workloadb_optC_t64_cacheon cookie=1777094112246367316 ---
YCSB opt=C cache=1 value_size=256 num_flushers=2 num_hosts=2 threads=64 threads_eff=64 load_ops=100000 load_thpt=79642 trans_ops=200000 trans_wall_max=0.007s trans_agg_thpt=27476475 w_avg_ns=9882 w_p50_ns=10268 w_p99_ns=42990 r_avg_ns=4106 r_p50_ns=4306 r_p99_ns=12260  # workloadb_optC_t64_cacheon
--- workloadb_optC_t86_cacheon cookie=1777094147978655314 ---
YCSB opt=C cache=1 value_size=256 num_flushers=2 num_hosts=2 threads=86 threads_eff=86 load_ops=100000 load_thpt=89503 trans_ops=200000 trans_wall_max=0.011s trans_agg_thpt=18285022 w_avg_ns=11179 w_p50_ns=10312 w_p99_ns=106961 r_avg_ns=3941 r_p50_ns=4348 r_p99_ns=30107  # workloadb_optC_t86_cacheon
--- workloadc_optC_t1_cacheon cookie=1777094190376487961 ---
YCSB opt=C cache=1 value_size=256 num_flushers=2 num_hosts=2 threads=1 threads_eff=1 load_ops=100000 load_thpt=63797 trans_ops=200000 trans_wall_max=0.209s trans_agg_thpt=958943 w_avg_ns=0 w_p50_ns=0 w_p99_ns=0 r_avg_ns=1873 r_p50_ns=1748 r_p99_ns=4940  # workloadc_optC_t1_cacheon
--- workloadc_optC_t2_cacheon cookie=1777094210126403969 ---
YCSB opt=C cache=1 value_size=256 num_flushers=2 num_hosts=2 threads=2 threads_eff=2 load_ops=100000 load_thpt=75765 trans_ops=200000 trans_wall_max=0.113s trans_agg_thpt=1771775 w_avg_ns=0 w_p50_ns=0 w_p99_ns=0 r_avg_ns=2052 r_p50_ns=1768 r_p99_ns=4971  # workloadc_optC_t2_cacheon
--- workloadc_optC_t4_cacheon cookie=1777094229807481680 ---
YCSB opt=C cache=1 value_size=256 num_flushers=2 num_hosts=2 threads=4 threads_eff=4 load_ops=100000 load_thpt=79718 trans_ops=200000 trans_wall_max=0.061s trans_agg_thpt=3301386 w_avg_ns=0 w_p50_ns=0 w_p99_ns=0 r_avg_ns=2241 r_p50_ns=1760 r_p99_ns=4972  # workloadc_optC_t4_cacheon
--- workloadc_optC_t8_cacheon cookie=1777094249445644399 ---
YCSB opt=C cache=1 value_size=256 num_flushers=2 num_hosts=2 threads=8 threads_eff=8 load_ops=100000 load_thpt=72399 trans_ops=200000 trans_wall_max=0.034s trans_agg_thpt=5873219 w_avg_ns=0 w_p50_ns=0 w_p99_ns=0 r_avg_ns=2543 r_p50_ns=1865 r_p99_ns=5506  # workloadc_optC_t8_cacheon
--- workloadc_optC_t16_cacheon cookie=1777094269739212818 ---
YCSB opt=C cache=1 value_size=256 num_flushers=2 num_hosts=2 threads=16 threads_eff=16 load_ops=100000 load_thpt=66868 trans_ops=200000 trans_wall_max=0.020s trans_agg_thpt=10180041 w_avg_ns=0 w_p50_ns=0 w_p99_ns=0 r_avg_ns=2985 r_p50_ns=2323 r_p99_ns=6522  # workloadc_optC_t16_cacheon
--- workloadc_optC_t32_cacheon cookie=1777094292281403393 ---
YCSB opt=C cache=1 value_size=256 num_flushers=2 num_hosts=2 threads=32 threads_eff=32 load_ops=100000 load_thpt=87951 trans_ops=200000 trans_wall_max=0.010s trans_agg_thpt=19975566 w_avg_ns=0 w_p50_ns=0 w_p99_ns=0 r_avg_ns=3030 r_p50_ns=2651 r_p99_ns=6637  # workloadc_optC_t32_cacheon
--- workloadc_optC_t64_cacheon cookie=1777094316323635715 ---
YCSB opt=C cache=1 value_size=256 num_flushers=2 num_hosts=2 threads=64 threads_eff=64 load_ops=100000 load_thpt=5408 trans_ops=200000 trans_wall_max=0.007s trans_agg_thpt=27247114 w_avg_ns=0 w_p50_ns=0 w_p99_ns=0 r_avg_ns=3737 r_p50_ns=4213 r_p99_ns=16889  # workloadc_optC_t64_cacheon
--- workloadc_optC_t86_cacheon cookie=1777094361233544312 ---
YCSB opt=C cache=1 value_size=256 num_flushers=2 num_hosts=2 threads=86 threads_eff=86 load_ops=100000 load_thpt=56272 trans_ops=200000 trans_wall_max=0.006s trans_agg_thpt=32859067 w_avg_ns=0 w_p50_ns=0 w_p99_ns=0 r_avg_ns=3975 r_p50_ns=4405 r_p99_ns=15368  # workloadc_optC_t86_cacheon
--- workloadd_optC_t1_cacheon cookie=1777094407778795508 ---
YCSB opt=C cache=1 value_size=256 num_flushers=2 num_hosts=2 threads=1 threads_eff=1 load_ops=100000 load_thpt=61405 trans_ops=200000 trans_wall_max=0.261s trans_agg_thpt=767434 w_avg_ns=12325 w_p50_ns=12324 w_p99_ns=16745 r_avg_ns=1871 r_p50_ns=1721 r_p99_ns=4801  # workloadd_optC_t1_cacheon
--- workloadd_optC_t2_cacheon cookie=1777094427822051159 ---
YCSB opt=C cache=1 value_size=256 num_flushers=2 num_hosts=2 threads=2 threads_eff=2 load_ops=100000 load_thpt=68808 trans_ops=200000 trans_wall_max=0.135s trans_agg_thpt=1477373 w_avg_ns=12210 w_p50_ns=12041 w_p99_ns=16204 r_avg_ns=1969 r_p50_ns=1630 r_p99_ns=4730  # workloadd_optC_t2_cacheon
--- workloadd_optC_t4_cacheon cookie=1777094447589404781 ---
YCSB opt=C cache=1 value_size=256 num_flushers=2 num_hosts=2 threads=4 threads_eff=4 load_ops=100000 load_thpt=69555 trans_ops=200000 trans_wall_max=0.073s trans_agg_thpt=2726305 w_avg_ns=12743 w_p50_ns=12827 w_p99_ns=16738 r_avg_ns=2237 r_p50_ns=1713 r_p99_ns=4876  # workloadd_optC_t4_cacheon
--- workloadd_optC_t8_cacheon cookie=1777094467649297444 ---
YCSB opt=C cache=1 value_size=256 num_flushers=2 num_hosts=2 threads=8 threads_eff=8 load_ops=100000 load_thpt=74551 trans_ops=200000 trans_wall_max=0.042s trans_agg_thpt=4797478 w_avg_ns=13145 w_p50_ns=13048 w_p99_ns=18422 r_avg_ns=2552 r_p50_ns=1925 r_p99_ns=5371  # workloadd_optC_t8_cacheon
--- workloadd_optC_t16_cacheon cookie=1777094487987625928 ---
YCSB opt=C cache=1 value_size=256 num_flushers=2 num_hosts=2 threads=16 threads_eff=16 load_ops=100000 load_thpt=65200 trans_ops=200000 trans_wall_max=0.025s trans_agg_thpt=8085827 w_avg_ns=15378 w_p50_ns=15171 w_p99_ns=22424 r_avg_ns=3138 r_p50_ns=2462 r_p99_ns=6523  # workloadd_optC_t16_cacheon
--- workloadd_optC_t32_cacheon cookie=1777094510154485645 ---
YCSB opt=C cache=1 value_size=256 num_flushers=2 num_hosts=2 threads=32 threads_eff=32 load_ops=100000 load_thpt=80132 trans_ops=200000 trans_wall_max=0.012s trans_agg_thpt=16839845 w_avg_ns=12949 w_p50_ns=12859 w_p99_ns=20367 r_avg_ns=3071 r_p50_ns=2931 r_p99_ns=6535  # workloadd_optC_t32_cacheon
--- workloadd_optC_t64_cacheon cookie=1777094534867478000 ---
YCSB opt=C cache=1 value_size=256 num_flushers=2 num_hosts=2 threads=64 threads_eff=64 load_ops=100000 load_thpt=83537 trans_ops=200000 trans_wall_max=0.007s trans_agg_thpt=29180569 w_avg_ns=13658 w_p50_ns=13237 w_p99_ns=27467 r_avg_ns=3566 r_p50_ns=4200 r_p99_ns=10015  # workloadd_optC_t64_cacheon
--- workloadd_optC_t86_cacheon cookie=1777094564012304546 ---
YCSB opt=C cache=1 value_size=256 num_flushers=2 num_hosts=2 threads=86 threads_eff=86 load_ops=100000 load_thpt=58104 trans_ops=200000 trans_wall_max=0.006s trans_agg_thpt=33787693 w_avg_ns=13834 w_p50_ns=13379 w_p99_ns=28720 r_avg_ns=3960 r_p50_ns=4396 r_p99_ns=13912  # workloadd_optC_t86_cacheon
--- workloadf_optC_t1_cacheon cookie=1777094606962583628 ---
YCSB opt=C cache=1 value_size=256 num_flushers=2 num_hosts=2 threads=1 threads_eff=1 load_ops=100000 load_thpt=63822 trans_ops=200000 trans_wall_max=0.233s trans_agg_thpt=856979 w_avg_ns=1921 w_p50_ns=1897 w_p99_ns=3071 r_avg_ns=2496 r_p50_ns=2433 r_p99_ns=5238  # workloadf_optC_t1_cacheon
--- workloadf_optC_t2_cacheon cookie=1777094627408549193 ---
YCSB opt=C cache=1 value_size=256 num_flushers=2 num_hosts=2 threads=2 threads_eff=2 load_ops=100000 load_thpt=73197 trans_ops=200000 trans_wall_max=0.153s trans_agg_thpt=1307782 w_avg_ns=2682 w_p50_ns=2224 w_p99_ns=9716 r_avg_ns=2698 r_p50_ns=2918 r_p99_ns=5437  # workloadf_optC_t2_cacheon
--- workloadf_optC_t4_cacheon cookie=1777094647859641124 ---
YCSB opt=C cache=1 value_size=256 num_flushers=2 num_hosts=2 threads=4 threads_eff=4 load_ops=100000 load_thpt=70212 trans_ops=200000 trans_wall_max=0.094s trans_agg_thpt=2119492 w_avg_ns=3834 w_p50_ns=2746 w_p99_ns=11103 r_avg_ns=3235 r_p50_ns=3296 r_p99_ns=5735  # workloadf_optC_t4_cacheon
--- workloadf_optC_t8_cacheon cookie=1777094668662763722 ---
YCSB opt=C cache=1 value_size=256 num_flushers=2 num_hosts=2 threads=8 threads_eff=8 load_ops=100000 load_thpt=67625 trans_ops=200000 trans_wall_max=0.056s trans_agg_thpt=3548730 w_avg_ns=5195 w_p50_ns=4290 w_p99_ns=11851 r_avg_ns=3688 r_p50_ns=3702 r_p99_ns=7247  # workloadf_optC_t8_cacheon
--- workloadf_optC_t16_cacheon cookie=1777094689628801968 ---
YCSB opt=C cache=1 value_size=256 num_flushers=2 num_hosts=2 threads=16 threads_eff=16 load_ops=100000 load_thpt=69363 trans_ops=200000 trans_wall_max=0.036s trans_agg_thpt=5614024 w_avg_ns=7119 w_p50_ns=6329 w_p99_ns=14519 r_avg_ns=4505 r_p50_ns=4606 r_p99_ns=9405  # workloadf_optC_t16_cacheon
--- workloadf_optC_t32_cacheon cookie=1777094712415162678 ---
YCSB opt=C cache=1 value_size=256 num_flushers=2 num_hosts=2 threads=32 threads_eff=32 load_ops=100000 load_thpt=80832 trans_ops=200000 trans_wall_max=0.016s trans_agg_thpt=12721029 w_avg_ns=6692 w_p50_ns=8566 w_p99_ns=19345 r_avg_ns=3701 r_p50_ns=3943 r_p99_ns=7411  # workloadf_optC_t32_cacheon
--- workloadf_optC_t64_cacheon cookie=1777094739444644604 ---
YCSB opt=C cache=1 value_size=256 num_flushers=2 num_hosts=2 threads=64 threads_eff=64 load_ops=100000 load_thpt=6596 trans_ops=200000 trans_wall_max=0.009s trans_agg_thpt=21092592 w_avg_ns=8701 w_p50_ns=9829 w_p99_ns=64631 r_avg_ns=4045 r_p50_ns=4313 r_p99_ns=20265  # workloadf_optC_t64_cacheon
--- workloadf_optC_t86_cacheon cookie=1777094781699635817 ---
YCSB opt=C cache=1 value_size=256 num_flushers=2 num_hosts=2 threads=86 threads_eff=86 load_ops=100000 load_thpt=54750 trans_ops=200000 trans_wall_max=0.012s trans_agg_thpt=16403564 w_avg_ns=10786 w_p50_ns=10158 w_p99_ns=123224 r_avg_ns=4201 r_p50_ns=4431 r_p99_ns=15515  # workloadf_optC_t86_cacheon
--- workloada_optC_t1_cacheoff cookie=1777094825534563694 ---
YCSB opt=C cache=0 value_size=256 num_flushers=2 num_hosts=2 threads=1 threads_eff=1 load_ops=100000 load_thpt=63886 trans_ops=200000 trans_wall_max=0.248s trans_agg_thpt=806215 w_avg_ns=2023 w_p50_ns=1857 w_p99_ns=3057 r_avg_ns=2788 r_p50_ns=2657 r_p99_ns=6015  # workloada_optC_t1_cacheoff
--- workloada_optC_t2_cacheoff cookie=1777094845606283725 ---
YCSB opt=C cache=0 value_size=256 num_flushers=2 num_hosts=2 threads=2 threads_eff=2 load_ops=100000 load_thpt=72343 trans_ops=200000 trans_wall_max=0.165s trans_agg_thpt=1214534 w_avg_ns=2868 w_p50_ns=2500 w_p99_ns=9712 r_avg_ns=2914 r_p50_ns=2678 r_p99_ns=6040  # workloada_optC_t2_cacheoff
--- workloada_optC_t4_cacheoff cookie=1777094865550613460 ---
YCSB opt=C cache=0 value_size=256 num_flushers=2 num_hosts=2 threads=4 threads_eff=4 load_ops=100000 load_thpt=77255 trans_ops=200000 trans_wall_max=0.097s trans_agg_thpt=2056275 w_avg_ns=3850 w_p50_ns=2974 w_p99_ns=10315 r_avg_ns=3213 r_p50_ns=2834 r_p99_ns=6268  # workloada_optC_t4_cacheoff
--- workloada_optC_t8_cacheoff cookie=1777094885510429745 ---
YCSB opt=C cache=0 value_size=256 num_flushers=2 num_hosts=2 threads=8 threads_eff=8 load_ops=100000 load_thpt=68452 trans_ops=200000 trans_wall_max=0.061s trans_agg_thpt=3276257 w_avg_ns=5220 w_p50_ns=3611 w_p99_ns=11986 r_avg_ns=3655 r_p50_ns=3110 r_p99_ns=7927  # workloada_optC_t8_cacheoff
--- workloada_optC_t16_cacheoff cookie=1777094906408057135 ---
YCSB opt=C cache=0 value_size=256 num_flushers=2 num_hosts=2 threads=16 threads_eff=16 load_ops=100000 load_thpt=64058 trans_ops=200000 trans_wall_max=0.036s trans_agg_thpt=5546605 w_avg_ns=6766 w_p50_ns=5996 w_p99_ns=14565 r_avg_ns=4213 r_p50_ns=4021 r_p99_ns=9528  # workloada_optC_t16_cacheoff
--- workloada_optC_t32_cacheoff cookie=1777094928985499256 ---
YCSB opt=C cache=0 value_size=256 num_flushers=2 num_hosts=2 threads=32 threads_eff=32 load_ops=100000 load_thpt=85357 trans_ops=200000 trans_wall_max=0.016s trans_agg_thpt=12796812 w_avg_ns=6075 w_p50_ns=5845 w_p99_ns=17201 r_avg_ns=3481 r_p50_ns=3870 r_p99_ns=9816  # workloada_optC_t32_cacheoff
--- workloada_optC_t64_cacheoff cookie=1777094956609962247 ---
YCSB opt=C cache=0 value_size=256 num_flushers=2 num_hosts=2 threads=64 threads_eff=64 load_ops=100000 load_thpt=14655 trans_ops=200000 trans_wall_max=0.011s trans_agg_thpt=18459605 w_avg_ns=8445 w_p50_ns=9667 w_p99_ns=67044 r_avg_ns=4175 r_p50_ns=4288 r_p99_ns=21946  # workloada_optC_t64_cacheoff
--- workloada_optC_t86_cacheoff cookie=1777094997386829561 ---
YCSB opt=C cache=0 value_size=256 num_flushers=2 num_hosts=2 threads=86 threads_eff=86 load_ops=100000 load_thpt=90454 trans_ops=200000 trans_wall_max=0.014s trans_agg_thpt=14199006 w_avg_ns=10347 w_p50_ns=10084 w_p99_ns=112961 r_avg_ns=4351 r_p50_ns=4433 r_p99_ns=18967  # workloada_optC_t86_cacheoff
--- workloadb_optC_t1_cacheoff cookie=1777095040994897377 ---
YCSB opt=C cache=0 value_size=256 num_flushers=2 num_hosts=2 threads=1 threads_eff=1 load_ops=100000 load_thpt=63384 trans_ops=200000 trans_wall_max=0.251s trans_agg_thpt=797545 w_avg_ns=1876 w_p50_ns=1747 w_p99_ns=2805 r_avg_ns=2403 r_p50_ns=2316 r_p99_ns=4865  # workloadb_optC_t1_cacheoff
--- workloadb_optC_t2_cacheoff cookie=1777095060685491934 ---
YCSB opt=C cache=0 value_size=256 num_flushers=2 num_hosts=2 threads=2 threads_eff=2 load_ops=100000 load_thpt=73602 trans_ops=200000 trans_wall_max=0.143s trans_agg_thpt=1397971 w_avg_ns=3650 w_p50_ns=4378 w_p99_ns=10739 r_avg_ns=2566 r_p50_ns=2341 r_p99_ns=4939  # workloadb_optC_t2_cacheoff
--- workloadb_optC_t4_cacheoff cookie=1777095080266681618 ---
YCSB opt=C cache=0 value_size=256 num_flushers=2 num_hosts=2 threads=4 threads_eff=4 load_ops=100000 load_thpt=77987 trans_ops=200000 trans_wall_max=0.078s trans_agg_thpt=2560252 w_avg_ns=5024 w_p50_ns=6754 w_p99_ns=11743 r_avg_ns=2796 r_p50_ns=2443 r_p99_ns=5227  # workloadb_optC_t4_cacheoff
--- workloadb_optC_t8_cacheoff cookie=1777095100057757576 ---
YCSB opt=C cache=0 value_size=256 num_flushers=2 num_hosts=2 threads=8 threads_eff=8 load_ops=100000 load_thpt=73316 trans_ops=200000 trans_wall_max=0.043s trans_agg_thpt=4680396 w_avg_ns=6057 w_p50_ns=8358 w_p99_ns=14393 r_avg_ns=3022 r_p50_ns=2528 r_p99_ns=6207  # workloadb_optC_t8_cacheoff
--- workloadb_optC_t16_cacheoff cookie=1777095120156474017 ---
YCSB opt=C cache=0 value_size=256 num_flushers=2 num_hosts=2 threads=16 threads_eff=16 load_ops=100000 load_thpt=65931 trans_ops=200000 trans_wall_max=0.026s trans_agg_thpt=7649107 w_avg_ns=8022 w_p50_ns=9624 w_p99_ns=25626 r_avg_ns=3639 r_p50_ns=3175 r_p99_ns=9217  # workloadb_optC_t16_cacheoff
--- workloadb_optC_t32_cacheoff cookie=1777095142978266674 ---
YCSB opt=C cache=0 value_size=256 num_flushers=2 num_hosts=2 threads=32 threads_eff=32 load_ops=100000 load_thpt=62551 trans_ops=200000 trans_wall_max=0.012s trans_agg_thpt=16392443 w_avg_ns=8232 w_p50_ns=9295 w_p99_ns=30277 r_avg_ns=3439 r_p50_ns=3620 r_p99_ns=9754  # workloadb_optC_t32_cacheoff
--- workloadb_optC_t64_cacheoff cookie=1777095167447165300 ---
YCSB opt=C cache=0 value_size=256 num_flushers=2 num_hosts=2 threads=64 threads_eff=64 load_ops=100000 load_thpt=79819 trans_ops=200000 trans_wall_max=0.007s trans_agg_thpt=29083383 w_avg_ns=9628 w_p50_ns=10045 w_p99_ns=43294 r_avg_ns=3866 r_p50_ns=4177 r_p99_ns=10461  # workloadb_optC_t64_cacheoff
--- workloadb_optC_t86_cacheoff cookie=1777095203574509570 ---
YCSB opt=C cache=0 value_size=256 num_flushers=2 num_hosts=2 threads=86 threads_eff=86 load_ops=100000 load_thpt=31548 trans_ops=200000 trans_wall_max=0.009s trans_agg_thpt=21952470 w_avg_ns=10407 w_p50_ns=10330 w_p99_ns=96895 r_avg_ns=4210 r_p50_ns=4321 r_p99_ns=22551  # workloadb_optC_t86_cacheoff
--- workloadc_optC_t1_cacheoff cookie=1777095248486880001 ---
YCSB opt=C cache=0 value_size=256 num_flushers=2 num_hosts=2 threads=1 threads_eff=1 load_ops=100000 load_thpt=61448 trans_ops=200000 trans_wall_max=0.254s trans_agg_thpt=787804 w_avg_ns=0 w_p50_ns=0 w_p99_ns=0 r_avg_ns=2483 r_p50_ns=2417 r_p99_ns=4704  # workloadc_optC_t1_cacheoff
--- workloadc_optC_t2_cacheoff cookie=1777095268666427835 ---
YCSB opt=C cache=0 value_size=256 num_flushers=2 num_hosts=2 threads=2 threads_eff=2 load_ops=100000 load_thpt=71623 trans_ops=200000 trans_wall_max=0.139s trans_agg_thpt=1439245 w_avg_ns=0 w_p50_ns=0 w_p99_ns=0 r_avg_ns=2621 r_p50_ns=2424 r_p99_ns=4845  # workloadc_optC_t2_cacheoff
--- workloadc_optC_t4_cacheoff cookie=1777095288681641542 ---
YCSB opt=C cache=0 value_size=256 num_flushers=2 num_hosts=2 threads=4 threads_eff=4 load_ops=100000 load_thpt=76492 trans_ops=200000 trans_wall_max=0.074s trans_agg_thpt=2701660 w_avg_ns=0 w_p50_ns=0 w_p99_ns=0 r_avg_ns=2787 r_p50_ns=2392 r_p99_ns=4919  # workloadc_optC_t4_cacheoff
--- workloadc_optC_t8_cacheoff cookie=1777095308689715534 ---
YCSB opt=C cache=0 value_size=256 num_flushers=2 num_hosts=2 threads=8 threads_eff=8 load_ops=100000 load_thpt=72907 trans_ops=200000 trans_wall_max=0.040s trans_agg_thpt=5017217 w_avg_ns=0 w_p50_ns=0 w_p99_ns=0 r_avg_ns=3027 r_p50_ns=2513 r_p99_ns=5350  # workloadc_optC_t8_cacheoff
--- workloadc_optC_t16_cacheoff cookie=1777095329044862732 ---
YCSB opt=C cache=0 value_size=256 num_flushers=2 num_hosts=2 threads=16 threads_eff=16 load_ops=100000 load_thpt=65491 trans_ops=200000 trans_wall_max=0.023s trans_agg_thpt=8839670 w_avg_ns=0 w_p50_ns=0 w_p99_ns=0 r_avg_ns=3269 r_p50_ns=2930 r_p99_ns=6836  # workloadc_optC_t16_cacheoff
--- workloadc_optC_t32_cacheoff cookie=1777095352079354343 ---
YCSB opt=C cache=0 value_size=256 num_flushers=2 num_hosts=2 threads=32 threads_eff=32 load_ops=100000 load_thpt=82256 trans_ops=200000 trans_wall_max=0.011s trans_agg_thpt=18337835 w_avg_ns=0 w_p50_ns=0 w_p99_ns=0 r_avg_ns=3336 r_p50_ns=3444 r_p99_ns=6551  # workloadc_optC_t32_cacheoff
--- workloadc_optC_t64_cacheoff cookie=1777095380386169258 ---
YCSB opt=C cache=0 value_size=256 num_flushers=2 num_hosts=2 threads=64 threads_eff=64 load_ops=100000 load_thpt=80547 trans_ops=200000 trans_wall_max=0.006s trans_agg_thpt=31645384 w_avg_ns=0 w_p50_ns=0 w_p99_ns=0 r_avg_ns=3898 r_p50_ns=4198 r_p99_ns=10600  # workloadc_optC_t64_cacheoff
--- workloadc_optC_t86_cacheoff cookie=1777095419619142999 ---
YCSB opt=C cache=0 value_size=256 num_flushers=2 num_hosts=2 threads=86 threads_eff=86 load_ops=100000 load_thpt=95191 trans_ops=200000 trans_wall_max=0.006s trans_agg_thpt=34177173 w_avg_ns=0 w_p50_ns=0 w_p99_ns=0 r_avg_ns=4243 r_p50_ns=4352 r_p99_ns=17630  # workloadc_optC_t86_cacheoff
--- workloadd_optC_t1_cacheoff cookie=1777095464643664894 ---
YCSB opt=C cache=0 value_size=256 num_flushers=2 num_hosts=2 threads=1 threads_eff=1 load_ops=100000 load_thpt=61952 trans_ops=200000 trans_wall_max=0.319s trans_agg_thpt=627931 w_avg_ns=11971 w_p50_ns=12345 w_p99_ns=16506 r_avg_ns=2541 r_p50_ns=2458 r_p99_ns=4689  # workloadd_optC_t1_cacheoff
--- workloadd_optC_t2_cacheoff cookie=1777095484400533448 ---
YCSB opt=C cache=0 value_size=256 num_flushers=2 num_hosts=2 threads=2 threads_eff=2 load_ops=100000 load_thpt=68782 trans_ops=200000 trans_wall_max=0.167s trans_agg_thpt=1197108 w_avg_ns=12665 w_p50_ns=12472 w_p99_ns=17093 r_avg_ns=2650 r_p50_ns=2438 r_p99_ns=4877  # workloadd_optC_t2_cacheoff
--- workloadd_optC_t4_cacheoff cookie=1777095504422507331 ---
YCSB opt=C cache=0 value_size=256 num_flushers=2 num_hosts=2 threads=4 threads_eff=4 load_ops=100000 load_thpt=76561 trans_ops=200000 trans_wall_max=0.087s trans_agg_thpt=2291715 w_avg_ns=13163 w_p50_ns=13477 w_p99_ns=17454 r_avg_ns=2832 r_p50_ns=2490 r_p99_ns=4935  # workloadd_optC_t4_cacheoff
--- workloadd_optC_t8_cacheoff cookie=1777095524254573968 ---
YCSB opt=C cache=0 value_size=256 num_flushers=2 num_hosts=2 threads=8 threads_eff=8 load_ops=100000 load_thpt=70204 trans_ops=200000 trans_wall_max=0.047s trans_agg_thpt=4278126 w_avg_ns=13455 w_p50_ns=13354 w_p99_ns=19075 r_avg_ns=3030 r_p50_ns=2603 r_p99_ns=5267  # workloadd_optC_t8_cacheoff
--- workloadd_optC_t16_cacheoff cookie=1777095544752949953 ---
YCSB opt=C cache=0 value_size=256 num_flushers=2 num_hosts=2 threads=16 threads_eff=16 load_ops=100000 load_thpt=65055 trans_ops=200000 trans_wall_max=0.027s trans_agg_thpt=7478767 w_avg_ns=14479 w_p50_ns=14246 w_p99_ns=21623 r_avg_ns=3458 r_p50_ns=3048 r_p99_ns=6627  # workloadd_optC_t16_cacheoff
--- workloadd_optC_t32_cacheoff cookie=1777095567668876327 ---
YCSB opt=C cache=0 value_size=256 num_flushers=2 num_hosts=2 threads=32 threads_eff=32 load_ops=100000 load_thpt=83163 trans_ops=200000 trans_wall_max=0.012s trans_agg_thpt=16079087 w_avg_ns=12588 w_p50_ns=12437 w_p99_ns=22273 r_avg_ns=3315 r_p50_ns=3327 r_p99_ns=6525  # workloadd_optC_t32_cacheoff
--- workloadd_optC_t64_cacheoff cookie=1777095595373558395 ---
YCSB opt=C cache=0 value_size=256 num_flushers=2 num_hosts=2 threads=64 threads_eff=64 load_ops=100000 load_thpt=82564 trans_ops=200000 trans_wall_max=0.007s trans_agg_thpt=27336637 w_avg_ns=13471 w_p50_ns=13061 w_p99_ns=32996 r_avg_ns=3855 r_p50_ns=4177 r_p99_ns=10355  # workloadd_optC_t64_cacheoff
--- workloadd_optC_t86_cacheoff cookie=1777095639107846604 ---
YCSB opt=C cache=0 value_size=256 num_flushers=2 num_hosts=2 threads=86 threads_eff=86 load_ops=100000 load_thpt=91158 trans_ops=200000 trans_wall_max=0.006s trans_agg_thpt=31586116 w_avg_ns=13729 w_p50_ns=13254 w_p99_ns=42942 r_avg_ns=4193 r_p50_ns=4328 r_p99_ns=14624  # workloadd_optC_t86_cacheoff
--- workloadf_optC_t1_cacheoff cookie=1777095682502645200 ---
YCSB opt=C cache=0 value_size=256 num_flushers=2 num_hosts=2 threads=1 threads_eff=1 load_ops=100000 load_thpt=61936 trans_ops=200000 trans_wall_max=0.242s trans_agg_thpt=827370 w_avg_ns=1912 w_p50_ns=1835 w_p99_ns=2955 r_avg_ns=2609 r_p50_ns=2520 r_p99_ns=5466  # workloadf_optC_t1_cacheoff
--- workloadf_optC_t2_cacheoff cookie=1777095703323191190 ---
YCSB opt=C cache=0 value_size=256 num_flushers=2 num_hosts=2 threads=2 threads_eff=2 load_ops=100000 load_thpt=71738 trans_ops=200000 trans_wall_max=0.152s trans_agg_thpt=1314979 w_avg_ns=2745 w_p50_ns=2333 w_p99_ns=9599 r_avg_ns=2687 r_p50_ns=2449 r_p99_ns=5432  # workloadf_optC_t2_cacheoff
--- workloadf_optC_t4_cacheoff cookie=1777095723814505973 ---
YCSB opt=C cache=0 value_size=256 num_flushers=2 num_hosts=2 threads=4 threads_eff=4 load_ops=100000 load_thpt=74187 trans_ops=200000 trans_wall_max=0.093s trans_agg_thpt=2156646 w_avg_ns=3825 w_p50_ns=2600 w_p99_ns=10859 r_avg_ns=3001 r_p50_ns=2641 r_p99_ns=6594  # workloadf_optC_t4_cacheoff
--- workloadf_optC_t8_cacheoff cookie=1777095744702532395 ---
YCSB opt=C cache=0 value_size=256 num_flushers=2 num_hosts=2 threads=8 threads_eff=8 load_ops=100000 load_thpt=73618 trans_ops=200000 trans_wall_max=0.053s trans_agg_thpt=3756392 w_avg_ns=5090 w_p50_ns=4213 w_p99_ns=11360 r_avg_ns=3288 r_p50_ns=2816 r_p99_ns=6844  # workloadf_optC_t8_cacheoff
--- workloadf_optC_t16_cacheoff cookie=1777095765676647659 ---
YCSB opt=C cache=0 value_size=256 num_flushers=2 num_hosts=2 threads=16 threads_eff=16 load_ops=100000 load_thpt=63617 trans_ops=200000 trans_wall_max=0.034s trans_agg_thpt=5892229 w_avg_ns=6905 w_p50_ns=6057 w_p99_ns=14725 r_avg_ns=3972 r_p50_ns=3541 r_p99_ns=9525  # workloadf_optC_t16_cacheoff
--- workloadf_optC_t32_cacheoff cookie=1777095789642937550 ---
YCSB opt=C cache=0 value_size=256 num_flushers=2 num_hosts=2 threads=32 threads_eff=32 load_ops=100000 load_thpt=84452 trans_ops=200000 trans_wall_max=0.014s trans_agg_thpt=13900199 w_avg_ns=6461 w_p50_ns=8385 w_p99_ns=18544 r_avg_ns=3377 r_p50_ns=3788 r_p99_ns=7233  # workloadf_optC_t32_cacheoff
--- workloadf_optC_t64_cacheoff cookie=1777095818861370598 ---
YCSB opt=C cache=0 value_size=256 num_flushers=2 num_hosts=2 threads=64 threads_eff=64 load_ops=100000 load_thpt=77871 trans_ops=200000 trans_wall_max=0.009s trans_agg_thpt=21146898 w_avg_ns=8474 w_p50_ns=9815 w_p99_ns=49605 r_avg_ns=3926 r_p50_ns=4217 r_p99_ns=11003  # workloadf_optC_t64_cacheoff
--- workloadf_optC_t86_cacheoff cookie=1777095866425395189 ---
YCSB opt=C cache=0 value_size=256 num_flushers=2 num_hosts=2 threads=86 threads_eff=86 load_ops=100000 load_thpt=55391 trans_ops=200000 trans_wall_max=0.014s trans_agg_thpt=14199156 w_avg_ns=10525 w_p50_ns=10194 w_p99_ns=116776 r_avg_ns=4262 r_p50_ns=4369 r_p99_ns=14444  # workloadf_optC_t86_cacheoff
# finished=2026-04-25T00:45:07-05:00
# ok=80 fail=0
