[A:thread] Worker pinned host=1 client=1 -> cpu=1 (pid=43897)
[A:thread] Worker pinned host=1 client=2 -> cpu=2 (pid=43898)
[A:thread] Worker pinned host=1 client=4 -> cpu=4 (pid=43900)
[A:thread] Worker pinned host=1 client=3 -> cpu=3 (pid=43899)
[A:thread] Worker pinned host=1 client=5 -> cpu=5 (pid=43901)
[A:thread] Worker pinned host=1 client=6 -> cpu=6 (pid=43902)
[A:thread] Worker pinned host=1 client=7 -> cpu=7 (pid=43903)
[A:thread] Worker pinned host=1 client=8 -> cpu=8 (pid=43904)
[A:thread] Worker pinned host=1 client=9 -> cpu=9 (pid=43905)
[A:thread] Worker pinned host=1 client=10 -> cpu=10 (pid=43906)
[A:thread] Worker pinned host=1 client=11 -> cpu=11 (pid=43907)
[A:thread] Worker pinned host=1 client=12 -> cpu=12 (pid=43908)
[A:thread] Worker pinned host=1 client=13 -> cpu=13 (pid=43909)
[A:thread] Worker pinned host=1 client=14 -> cpu=14 (pid=43910)
[A:thread] Worker pinned host=1 client=0 -> cpu=0 (pid=43896)
[A:thread] Worker pinned host=1 client=15 -> cpu=15 (pid=43911)
[A:tls] worker host=1 client=3 entries=1024 (~1088 KiB)
[A:tls] worker host=1 client=1 entries=1024 (~1088 KiB)
[A:tls] worker host=1 client=2 entries=1024 (~1088 KiB)
[A:tls] worker host=1 client=4 entries=1024 (~1088 KiB)
[A:tls] worker host=1 client=5 entries=1024 (~1088 KiB)
[A:tls] worker host=1 client=6 entries=1024 (~1088 KiB)
[A:tls] worker host=1 client=8 entries=1024 (~1088 KiB)
[A:tls] worker host=1 client=7 entries=1024 (~1088 KiB)
[A:thread] WriteReceiver pid=43896 tid=140380375873216 pinned cpu=65 (host_id=1)
[A:tls] worker host=1 client=9 entries=1024 (~1088 KiB)
[A:thread] ReadReceiver pid=43896 tid=140380367480512 pinned cpu=67 (host_id=1)
[A:thread] InvalReceiver pid=43896 tid=140380359087808 pinned cpu=69 (host_id=1)
[A:thread] WriteSender pid=43896 tid=140380350695104 pinned cpu=64 (host_id=1)
[A:sender] kind=0 policy=P0 K=16 T_us=100 host_id=1
[A:thread] ReadSender pid=43896 tid=140380342302400 pinned cpu=66 (host_id=1)
[A:sender] kind=1 policy=P0 K=16 T_us=100 host_id=1
[A:thread] InvalSender pid=43896 tid=140380333909696 pinned cpu=68 (host_id=1)
[A:sender] kind=2 policy=P0 K=16 T_us=100 host_id=1
[A:tls] worker host=1 client=10 entries=1024 (~1088 KiB)
[A:tls] worker host=1 client=13 entries=1024 (~1088 KiB)
[A:tls] worker host=1 client=11 entries=1024 (~1088 KiB)
[A:tls] worker host=1 client=12 entries=1024 (~1088 KiB)
[A:tls] worker host=1 client=15 entries=1024 (~1088 KiB)
[A:tls] worker host=1 client=14 entries=1024 (~1088 KiB)
[A:tls] worker host=1 client=0 entries=1024 (~1088 KiB)
