[A:thread] Worker pinned host=1 client=1 -> cpu=1 (pid=43968)
[A:thread] Worker pinned host=1 client=2 -> cpu=2 (pid=43969)
[A:thread] Worker pinned host=1 client=3 -> cpu=3 (pid=43970)
[A:thread] Worker pinned host=1 client=4 -> cpu=4 (pid=43971)
[A:thread] Worker pinned host=1 client=5 -> cpu=5 (pid=43972)
[A:thread] Worker pinned host=1 client=6 -> cpu=6 (pid=43973)
[A:thread] Worker pinned host=1 client=7 -> cpu=7 (pid=43974)
[A:thread] Worker pinned host=1 client=8 -> cpu=8 (pid=43975)
[A:thread] Worker pinned host=1 client=9 -> cpu=9 (pid=43976)
[A:thread] Worker pinned host=1 client=10 -> cpu=10 (pid=43977)
[A:thread] Worker pinned host=1 client=11 -> cpu=11 (pid=43978)
[A:thread] Worker pinned host=1 client=12 -> cpu=12 (pid=43979)
[A:thread] Worker pinned host=1 client=0 -> cpu=0 (pid=43939)
[A:thread] Worker pinned host=1 client=13 -> cpu=13 (pid=43980)
[A:thread] Worker pinned host=1 client=14 -> cpu=14 (pid=43981)
[A:thread] Worker pinned host=1 client=15 -> cpu=15 (pid=43982)
[A:thread] WriteReceiver pid=43939 tid=139775938918080 pinned cpu=65 (host_id=1)
[A:tls] worker host=1 client=9 entries=1024 (~1088 KiB)
[A:tls] worker host=1 client=15 entries=1024 (~1088 KiB)
[A:tls] worker host=1 client=13 entries=1024 (~1088 KiB)
[A:tls] worker host=1 client=8 entries=1024 (~1088 KiB)
[A:tls] worker host=1 client=3 entries=1024 (~1088 KiB)
[A:tls] worker host=1 client=1 entries=1024 (~1088 KiB)
[A:tls] worker host=1 client=10 entries=1024 (~1088 KiB)
[A:tls] worker host=1 client=12 entries=1024 (~1088 KiB)
[A:tls] worker host=1 client=14 entries=1024 (~1088 KiB)
[A:tls] worker host=1 client=7 entries=1024 (~1088 KiB)
[A:tls] worker host=1 client=5 entries=1024 (~1088 KiB)
[A:tls] worker host=1 client=0 entries=1024 (~1088 KiB)
[A:tls] worker host=1 client=6 entries=1024 (~1088 KiB)
[A:tls] worker host=1 client=11 entries=1024 (~1088 KiB)
[A:tls] worker host=1 client=2 entries=1024 (~1088 KiB)
[A:tls] worker host=1 client=4 entries=1024 (~1088 KiB)
[A:thread] ReadReceiver pid=43939 tid=139775930525376 pinned cpu=67 (host_id=1)
[A:thread] WriteSender pid=43939 tid=139775913739968 pinned cpu=64 (host_id=1)
[A:sender] kind=0 policy=P0 K=16 T_us=100 host_id=1
[A:thread] ReadSender pid=43939 tid=139775905347264 pinned cpu=66 (host_id=1)
[A:sender] kind=1 policy=P0 K=16 T_us=100 host_id=1
[A:thread] InvalSender pid=43939 tid=139775896954560 pinned cpu=68 (host_id=1)
[A:sender] kind=2 policy=P0 K=16 T_us=100 host_id=1
[A:thread] InvalReceiver pid=43939 tid=139775922132672 pinned cpu=69 (host_id=1)
