[A:thread] Worker pinned host=0 client=1 -> cpu=1 (pid=45610)
[A:thread] Worker pinned host=0 client=2 -> cpu=2 (pid=45611)
[A:thread] Worker pinned host=0 client=3 -> cpu=3 (pid=45612)
[A:thread] Worker pinned host=0 client=4 -> cpu=4 (pid=45613)
[A:thread] Worker pinned host=0 client=5 -> cpu=5 (pid=45614)
[A:thread] Worker pinned host=0 client=6 -> cpu=6 (pid=45615)
[A:thread] Worker pinned host=0 client=7 -> cpu=7 (pid=45616)
[A:thread] Worker pinned host=0 client=8 -> cpu=8 (pid=45617)
[A:thread] Worker pinned host=0 client=9 -> cpu=9 (pid=45618)
[A:thread] Worker pinned host=0 client=10 -> cpu=10 (pid=45619)
[A:thread] Worker pinned host=0 client=11 -> cpu=11 (pid=45620)
[A:thread] Worker pinned host=0 client=12 -> cpu=12 (pid=45621)
[A:thread] Worker pinned host=0 client=13 -> cpu=13 (pid=45622)
[A:thread] Worker pinned host=0 client=0 -> cpu=0 (pid=45579)
[A:thread] Worker pinned host=0 client=14 -> cpu=14 (pid=45623)
[A:thread] Worker pinned host=0 client=15 -> cpu=15 (pid=45624)
[A:thread] WriteReceiver pid=45579 tid=140665013925568 pinned cpu=65 (host_id=0)
[A:tls] worker host=0 client=1 entries=1024 (~1088 KiB)
[A:tls] worker host=0 client=0 entries=1024 (~1088 KiB)
[A:tls] worker host=0 client=2 entries=1024 (~1088 KiB)
[A:tls] worker host=0 client=3 entries=1024 (~1088 KiB)
[A:tls] worker host=0 client=5 entries=1024 (~1088 KiB)
[A:tls] worker host=0 client=4 entries=1024 (~1088 KiB)
[A:tls] worker host=0 client=13 entries=1024 (~1088 KiB)
[A:tls] worker host=0 client=7 entries=1024 (~1088 KiB)
[A:tls] worker host=0 client=8 entries=1024 (~1088 KiB)
[A:tls] worker host=0 client=9 entries=1024 (~1088 KiB)
[A:tls] worker host=0 client=6 entries=1024 (~1088 KiB)
[A:thread] WriteSender pid=45579 tid=140664988747456 pinned cpu=64 (host_id=0)
[A:sender] kind=0 policy=P0 K=16 T_us=100 host_id=0
[A:thread] ReadSender pid=45579 tid=140664980354752 pinned cpu=66 (host_id=0)
[A:tls] worker host=0 client=11 entries=1024 (~1088 KiB)
[A:sender] kind=1 policy=P0 K=16 T_us=100 host_id=0
[A:thread] InvalSender pid=45579 tid=140664971962048 pinned cpu=68 (host_id=0)
[A:sender] kind=2 policy=P0 K=16 T_us=100 host_id=0
[A:tls] worker host=0 client=12 entries=1024 (~1088 KiB)
[A:tls] worker host=0 client=10 entries=1024 (~1088 KiB)
[A:thread] ReadReceiver pid=45579 tid=140665005532864 pinned cpu=67 (host_id=0)
[A:tls] worker host=0 client=14 entries=1024 (~1088 KiB)
[A:thread] InvalReceiver pid=45579 tid=140664997140160 pinned cpu=69 (host_id=0)
[A:tls] worker host=0 client=15 entries=1024 (~1088 KiB)
YCSB opt=A cache=1 num_hosts=2 threads=16 threads_eff=16 rep=4 load_ops=50000 load_thpt=229200 trans_ops=50000 trans_wall_max=0.011887 trans_agg_thpt=4205921 w_avg_ns=16385 w_p50_ns=16382 w_p99_ns=52869 r_avg_ns=9490 r_p50_ns=9864 r_p99_ns=32678 first_op_ns_max=68745 first_op_ns_avg=24001 ops_to_first_ns_max=867788 ops_to_first_ns_avg=264490 # workloadd_optA_t16_cacheon_rep4
