[A:thread] Worker pinned host=1 client=1 -> cpu=1 (pid=44030)
[A:thread] Worker pinned host=1 client=2 -> cpu=2 (pid=44031)
[A:thread] Worker pinned host=1 client=3 -> cpu=3 (pid=44032)
[A:thread] Worker pinned host=1 client=4 -> cpu=4 (pid=44033)
[A:thread] Worker pinned host=1 client=5 -> cpu=5 (pid=44034)
[A:thread] Worker pinned host=1 client=6 -> cpu=6 (pid=44035)
[A:thread] Worker pinned host=1 client=7 -> cpu=7 (pid=44036)
[A:thread] Worker pinned host=1 client=8 -> cpu=8 (pid=44037)
[A:thread] Worker pinned host=1 client=9 -> cpu=9 (pid=44038)
[A:thread] Worker pinned host=1 client=10 -> cpu=10 (pid=44039)
[A:thread] Worker pinned host=1 client=11 -> cpu=11 (pid=44040)
[A:thread] Worker pinned host=1 client=12 -> cpu=12 (pid=44041)
[A:thread] Worker pinned host=1 client=13 -> cpu=13 (pid=44042)
[A:thread] Worker pinned host=1 client=0 -> cpu=0 (pid=44029)
[A:thread] Worker pinned host=1 client=14 -> cpu=14 (pid=44043)
[A:thread] Worker pinned host=1 client=15 -> cpu=15 (pid=44044)
[A:thread] WriteReceiver pid=44029 tid=140177080055488 pinned cpu=65 (host_id=1)
[A:thread] ReadReceiver pid=44029 tid=140177071662784 pinned cpu=67 (host_id=1)
[A:tls] worker host=1 client=8 entries=1024 (~1088 KiB)
[A:tls] worker host=1 client=1 entries=1024 (~1088 KiB)
[A:tls] worker host=1 client=2 entries=1024 (~1088 KiB)
[A:tls] worker host=1 client=3 entries=1024 (~1088 KiB)
[A:tls] worker host=1 client=4 entries=1024 (~1088 KiB)
[A:tls] worker host=1 client=9 entries=1024 (~1088 KiB)
[A:tls] worker host=1 client=5 entries=1024 (~1088 KiB)
[A:tls] worker host=1 client=10 entries=1024 (~1088 KiB)
[A:tls] worker host=1 client=11 entries=1024 (~1088 KiB)
[A:tls] worker host=1 client=6 entries=1024 (~1088 KiB)
[A:tls] worker host=1 client=7 entries=1024 (~1088 KiB)
[A:tls] worker host=1 client=12 entries=1024 (~1088 KiB)
[A:thread] InvalReceiver pid=44029 tid=140177063270080 pinned cpu=69 (host_id=1)
[A:thread] WriteSender pid=44029 tid=140177054877376 pinned cpu=64 (host_id=1)
[A:sender] kind=0 policy=P0 K=16 T_us=100 host_id=1
[A:thread] ReadSender pid=44029 tid=140177046484672 pinned cpu=66 (host_id=1)
[A:sender] kind=1 policy=P0 K=16 T_us=100 host_id=1
[A:tls] worker host=1 client=0 entries=1024 (~1088 KiB)
[A:thread] InvalSender pid=44029 tid=140177038091968 pinned cpu=68 (host_id=1)
[A:sender] kind=2 policy=P0 K=16 T_us=100 host_id=1
[A:tls] worker host=1 client=13 entries=1024 (~1088 KiB)
[A:tls] worker host=1 client=15 entries=1024 (~1088 KiB)
[A:tls] worker host=1 client=14 entries=1024 (~1088 KiB)
