[A:thread] Worker pinned host=0 client=1 -> cpu=1 (pid=45451)
[A:thread] Worker pinned host=0 client=2 -> cpu=2 (pid=45452)
[A:thread] Worker pinned host=0 client=3 -> cpu=3 (pid=45453)
[A:thread] Worker pinned host=0 client=4 -> cpu=4 (pid=45454)
[A:thread] Worker pinned host=0 client=5 -> cpu=5 (pid=45455)
[A:thread] Worker pinned host=0 client=6 -> cpu=6 (pid=45456)
[A:thread] Worker pinned host=0 client=7 -> cpu=7 (pid=45457)
[A:thread] Worker pinned host=0 client=8 -> cpu=8 (pid=45458)
[A:thread] Worker pinned host=0 client=9 -> cpu=9 (pid=45459)
[A:thread] Worker pinned host=0 client=10 -> cpu=10 (pid=45460)
[A:thread] Worker pinned host=0 client=11 -> cpu=11 (pid=45461)
[A:thread] Worker pinned host=0 client=12 -> cpu=12 (pid=45462)
[A:thread] Worker pinned host=0 client=13 -> cpu=13 (pid=45463)
[A:thread] Worker pinned host=0 client=0 -> cpu=0 (pid=45450)
[A:thread] Worker pinned host=0 client=14 -> cpu=14 (pid=45464)
[A:thread] Worker pinned host=0 client=15 -> cpu=15 (pid=45465)
[A:thread] WriteReceiver pid=45450 tid=139824687216320 pinned cpu=65 (host_id=0)
[A:thread] ReadReceiver pid=45450 tid=139824678823616 pinned cpu=67 (host_id=0)
[A:thread] InvalReceiver pid=45450 tid=139824670430912 pinned cpu=69 (host_id=0)
[A:tls] worker host=0 client=2 entries=1024 (~1088 KiB)
[A:tls] worker host=0 client=5 entries=1024 (~1088 KiB)
[A:tls] worker host=0 client=1 entries=1024 (~1088 KiB)
[A:tls] worker host=0 client=3 entries=1024 (~1088 KiB)
[A:tls] worker host=0 client=0 entries=1024 (~1088 KiB)
[A:tls] worker host=0 client=4 entries=1024 (~1088 KiB)
[A:tls] worker host=0 client=8 entries=1024 (~1088 KiB)
[A:tls] worker host=0 client=6 entries=1024 (~1088 KiB)
[A:tls] worker host=0 client=7 entries=1024 (~1088 KiB)
[A:tls] worker host=0 client=9 entries=1024 (~1088 KiB)
[A:tls] worker host=0 client=10 entries=1024 (~1088 KiB)
[A:tls] worker host=0 client=11 entries=1024 (~1088 KiB)
[A:tls] worker host=0 client=13 entries=1024 (~1088 KiB)
[A:tls] worker host=0 client=12 entries=1024 (~1088 KiB)
[A:thread] WriteSender pid=45450 tid=139823967295168 pinned cpu=64 (host_id=0)
[A:sender] kind=0 policy=P0 K=16 T_us=100 host_id=0
[A:tls] worker host=0 client=14 entries=1024 (~1088 KiB)
[A:thread] ReadSender pid=45450 tid=139824662038208 pinned cpu=66 (host_id=0)
[A:sender] kind=1 policy=P0 K=16 T_us=100 host_id=0
[A:thread] InvalSender pid=45450 tid=139824653645504 pinned cpu=68 (host_id=0)
[A:sender] kind=2 policy=P0 K=16 T_us=100 host_id=0
[A:tls] worker host=0 client=15 entries=1024 (~1088 KiB)
YCSB opt=A cache=1 num_hosts=2 threads=16 threads_eff=16 rep=1 load_ops=50000 load_thpt=262728 trans_ops=50000 trans_wall_max=0.011043 trans_agg_thpt=4527345 w_avg_ns=14368 w_p50_ns=12937 w_p99_ns=37713 r_avg_ns=8510 r_p50_ns=8929 r_p99_ns=23659 first_op_ns_max=53024 first_op_ns_avg=19727 ops_to_first_ns_max=560121 ops_to_first_ns_avg=208512 # workloadd_optA_t16_cacheon_rep1
