[A:cfg] ring_sharding T=64 N=0 (disabled) -> shards=1 block=64 routing=worker_id
[A:thread] Worker pinned host=0 client=1 -> cpu=1 (pid=30589)
[A:thread] Worker pinned host=0 client=2 -> cpu=2 (pid=30590)
[A:thread] Worker pinned host=0 client=3 -> cpu=3 (pid=30591)
[A:thread] Worker pinned host=0 client=4 -> cpu=4 (pid=30592)
[A:thread] Worker pinned host=0 client=5 -> cpu=5 (pid=30593)
[A:thread] Worker pinned host=0 client=6 -> cpu=6 (pid=30594)
[A:thread] Worker pinned host=0 client=7 -> cpu=7 (pid=30595)
[A:thread] Worker pinned host=0 client=8 -> cpu=8 (pid=30596)
[A:thread] Worker pinned host=0 client=9 -> cpu=9 (pid=30597)
[A:thread] Worker pinned host=0 client=10 -> cpu=10 (pid=30598)
[A:thread] Worker pinned host=0 client=11 -> cpu=11 (pid=30599)
[A:thread] Worker pinned host=0 client=12 -> cpu=12 (pid=30600)
[A:thread] Worker pinned host=0 client=13 -> cpu=13 (pid=30601)
[A:thread] Worker pinned host=0 client=14 -> cpu=14 (pid=30602)
[A:thread] Worker pinned host=0 client=15 -> cpu=15 (pid=30603)
[A:thread] Worker pinned host=0 client=16 -> cpu=16 (pid=30604)
[A:thread] Worker pinned host=0 client=17 -> cpu=17 (pid=30605)
[A:thread] Worker pinned host=0 client=18 -> cpu=18 (pid=30606)
[A:thread] Worker pinned host=0 client=19 -> cpu=19 (pid=30607)
[A:thread] Worker pinned host=0 client=20 -> cpu=20 (pid=30608)
[A:thread] Worker pinned host=0 client=21 -> cpu=21 (pid=30609)
[A:thread] Worker pinned host=0 client=22 -> cpu=22 (pid=30610)
[A:thread] Worker pinned host=0 client=23 -> cpu=23 (pid=30611)
[A:thread] Worker pinned host=0 client=24 -> cpu=24 (pid=30612)
[A:thread] Worker pinned host=0 client=25 -> cpu=25 (pid=30613)
[A:thread] Worker pinned host=0 client=26 -> cpu=26 (pid=30614)
[A:thread] Worker pinned host=0 client=27 -> cpu=27 (pid=30615)
[A:thread] Worker pinned host=0 client=28 -> cpu=28 (pid=30616)
[A:thread] Worker pinned host=0 client=29 -> cpu=29 (pid=30617)
[A:thread] Worker pinned host=0 client=30 -> cpu=30 (pid=30618)
[A:thread] Worker pinned host=0 client=31 -> cpu=31 (pid=30619)
[A:thread] Worker pinned host=0 client=32 -> cpu=32 (pid=30620)
[A:thread] Worker pinned host=0 client=33 -> cpu=33 (pid=30621)
[A:thread] Worker pinned host=0 client=34 -> cpu=34 (pid=30622)
[A:thread] Worker pinned host=0 client=35 -> cpu=35 (pid=30623)
[A:thread] Worker pinned host=0 client=36 -> cpu=36 (pid=30624)
[A:thread] Worker pinned host=0 client=37 -> cpu=37 (pid=30625)
[A:thread] Worker pinned host=0 client=38 -> cpu=38 (pid=30626)
[A:thread] Worker pinned host=0 client=39 -> cpu=39 (pid=30627)
[A:thread] Worker pinned host=0 client=40 -> cpu=40 (pid=30628)
[A:thread] Worker pinned host=0 client=41 -> cpu=41 (pid=30629)
[A:thread] Worker pinned host=0 client=42 -> cpu=42 (pid=30630)
[A:thread] Worker pinned host=0 client=43 -> cpu=43 (pid=30631)
[A:thread] Worker pinned host=0 client=44 -> cpu=44 (pid=30632)
[A:thread] Worker pinned host=0 client=45 -> cpu=45 (pid=30633)
[A:thread] Worker pinned host=0 client=46 -> cpu=46 (pid=30634)
[A:thread] Worker pinned host=0 client=47 -> cpu=47 (pid=30635)
[A:thread] Worker pinned host=0 client=48 -> cpu=48 (pid=30636)
[A:thread] Worker pinned host=0 client=49 -> cpu=49 (pid=30637)
[A:thread] Worker pinned host=0 client=50 -> cpu=50 (pid=30638)
[A:thread] Worker pinned host=0 client=51 -> cpu=51 (pid=30639)
[A:thread] Worker pinned host=0 client=52 -> cpu=52 (pid=30640)
[A:thread] Worker pinned host=0 client=53 -> cpu=53 (pid=30641)
[A:thread] Worker pinned host=0 client=54 -> cpu=54 (pid=30642)
[A:thread] Worker pinned host=0 client=55 -> cpu=55 (pid=30643)
[A:thread] Worker pinned host=0 client=56 -> cpu=56 (pid=30644)
[A:thread] Worker pinned host=0 client=57 -> cpu=57 (pid=30645)
[A:thread] Worker pinned host=0 client=58 -> cpu=58 (pid=30646)
[A:thread] Worker pinned host=0 client=59 -> cpu=59 (pid=30647)
[A:thread] Worker pinned host=0 client=60 -> cpu=60 (pid=30648)
[A:thread] Worker pinned host=0 client=61 -> cpu=61 (pid=30649)
[A:thread] Worker pinned host=0 client=62 -> cpu=62 (pid=30650)
[A:thread] Worker pinned host=0 client=0 -> cpu=0 (pid=30537)
[A:thread] Worker pinned host=0 client=63 -> cpu=63 (pid=30651)
[A:thread] WriteRecv0 pid=30537 tid=140071092934336 cpu=64 host=0 rings=[0]
[A:thread] ReadRecv0 pid=30537 tid=140071084541632 cpu=65 host=0 rings=[0]
[A:thread] InvalRecv0 pid=30537 tid=140071076148928 cpu=66 host=0 rings=[0]
[A:thread] ReservHandler pid=30537 tid=140071067756224 pinned cpu=85 (host_id=0)
[A:tls] worker host=0 client=0 entries=1024 (~1088 KiB)
[A:tls] worker host=0 client=10 entries=1024 (~1088 KiB)
[A:tls] worker host=0 client=13 entries=1024 (~1088 KiB)
[A:tls] worker host=0 client=46 entries=1024 (~1088 KiB)
[A:tls] worker host=0 client=25 entries=1024 (~1088 KiB)
[A:tls] worker host=0 client=28 entries=1024 (~1088 KiB)
[A:tls] worker host=0 client=40 entries=1024 (~1088 KiB)
[A:tls] worker host=0 client=48 entries=1024 (~1088 KiB)
[A:tls] worker host=0 client=58 entries=1024 (~1088 KiB)
[A:tls] worker host=0 client=8 entries=1024 (~1088 KiB)
[A:tls] worker host=0 client=2 entries=1024 (~1088 KiB)
[A:tls] worker host=0 client=26 entries=1024 (~1088 KiB)
[A:tls] worker host=0 client=15 entries=1024 (~1088 KiB)
[A:tls] worker host=0 client=57 entries=1024 (~1088 KiB)
[A:tls] worker host=0 client=63 entries=1024 (~1088 KiB)
[A:tls] worker host=0 client=44 entries=1024 (~1088 KiB)
[A:tls] worker host=0 client=43 entries=1024 (~1088 KiB)
[A:tls] worker host=0 client=22 entries=1024 (~1088 KiB)
[A:tls] worker host=0 client=50 entries=1024 (~1088 KiB)
[A:tls] worker host=0 client=39 entries=1024 (~1088 KiB)
[A:tls] worker host=0 client=60 entries=1024 (~1088 KiB)
[A:tls] worker host=0 client=4 entries=1024 (~1088 KiB)
[A:tls] worker host=0 client=56 entries=1024 (~1088 KiB)
[A:tls] worker host=0 client=41 entries=1024 (~1088 KiB)
[A:tls] worker host=0 client=3 entries=1024 (~1088 KiB)
[A:tls] worker host=0 client=55 entries=1024 (~1088 KiB)
[A:tls] worker host=0 client=45 entries=1024 (~1088 KiB)
[A:tls] worker host=0 client=7 entries=1024 (~1088 KiB)
[A:tls] worker host=0 client=42 entries=1024 (~1088 KiB)
[A:tls] worker host=0 client=54 entries=1024 (~1088 KiB)
[A:tls] worker host=0 client=37 entries=1024 (~1088 KiB)
[A:tls] worker host=0 client=62 entries=1024 (~1088 KiB)
[A:tls] worker host=0 client=38 entries=1024 (~1088 KiB)
[A:tls] worker host=0 client=24 entries=1024 (~1088 KiB)
[A:tls] worker host=0 client=29 entries=1024 (~1088 KiB)
[A:tls] worker host=0 client=32 entries=1024 (~1088 KiB)
[A:tls] worker host=0 client=61 entries=1024 (~1088 KiB)
[A:tls] worker host=0 client=20 entries=1024 (~1088 KiB)
[A:tls] worker host=0 client=51 entries=1024 (~1088 KiB)
[A:tls] worker host=0 client=31 entries=1024 (~1088 KiB)
[A:tls] worker host=0 client=59 entries=1024 (~1088 KiB)
[A:tls] worker host=0 client=12 entries=1024 (~1088 KiB)
[A:tls] worker host=0 client=49 entries=1024 (~1088 KiB)
[A:tls] worker host=0 client=52 entries=1024 (~1088 KiB)
[A:tls] worker host=0 client=35 entries=1024 (~1088 KiB)
[A:tls] worker host=0 client=53 entries=1024 (~1088 KiB)
[A:tls] worker host=0 client=33 entries=1024 (~1088 KiB)
[A:tls] worker host=0 client=1 entries=1024 (~1088 KiB)
[A:tls] worker host=0 client=21 entries=1024 (~1088 KiB)
[A:tls] worker host=0 client=9 entries=1024 (~1088 KiB)
[A:tls] worker host=0 client=16 entries=1024 (~1088 KiB)
[A:tls] worker host=0 client=34 entries=1024 (~1088 KiB)
[A:tls] worker host=0 client=14 entries=1024 (~1088 KiB)
[A:tls] worker host=0 client=6 entries=1024 (~1088 KiB)
[A:tls] worker host=0 client=27 entries=1024 (~1088 KiB)
[A:tls] worker host=0 client=47 entries=1024 (~1088 KiB)
[A:tls] worker host=0 client=19 entries=1024 (~1088 KiB)
[A:tls] worker host=0 client=36 entries=1024 (~1088 KiB)
[A:tls] worker host=0 client=30 entries=1024 (~1088 KiB)
[A:tls] worker host=0 client=23 entries=1024 (~1088 KiB)
[A:tls] worker host=0 client=17 entries=1024 (~1088 KiB)
[A:tls] worker host=0 client=5 entries=1024 (~1088 KiB)
[A:tls] worker host=0 client=11 entries=1024 (~1088 KiB)
[A:tls] worker host=0 client=18 entries=1024 (~1088 KiB)
# PATH host=0 label=after_LOAD tid=140071093147776 r0_tls=0 r2hit=0 r2miss_local=0 r3=0 cpool_ins_r=0 local_w=2499684 fwd_w=0 local_w_blk_fwd=0 local_w_stg_fwd=0 cpool_ins_w=2499683 cp_evict=0 cp_set_stale=0 cp_lru_evict=19252 rh_served=0
# PATH host=0 label=after_LOAD AGG r0_tls=0 r2hit=0 r2miss_local=0 r3=0 cpool_ins_r=0 local_w=2499684 fwd_w=0 local_w_blk_fwd=0 local_w_stg_fwd=0 cpool_ins_w=2499683 cp_evict=0 cp_set_stale=0 cp_lru_evict=19252 rh_served=0
YCSB opt=A cache=1 num_hosts=2 threads=64 threads_eff=64 rep=1 load_ops=5000000 load_thpt=160676 trans_ops=5000000 trans_wall_max=0.196985 trans_agg_thpt=25382514 w_avg_ns=0 w_p50_ns=0 w_p99_ns=0 r_avg_ns=4158 r_p50_ns=533 r_p99_ns=18455 first_op_ns_max=892932 first_op_ns_avg=82746 ops_to_first_ns_max=941450 ops_to_first_ns_avg=173698 # local_read_optA_t64_cacheon_rep1
# PATH host=0 label=after_TRANS tid=140071093147776 r0_tls=0 r2hit=18023 r2miss_local=21040 r3=0 cpool_ins_r=0 local_w=2499684 fwd_w=0 local_w_blk_fwd=0 local_w_stg_fwd=0 cpool_ins_w=2499683 cp_evict=0 cp_set_stale=0 cp_lru_evict=19283 rh_served=0
# PATH host=0 label=after_TRANS AGG r0_tls=0 r2hit=18023 r2miss_local=21040 r3=0 cpool_ins_r=0 local_w=2499684 fwd_w=0 local_w_blk_fwd=0 local_w_stg_fwd=0 cpool_ins_w=2499683 cp_evict=0 cp_set_stale=0 cp_lru_evict=19283 rh_served=0
# CACHE_FILL host=0 cache_buckets=2097152 capacity=8388608 filled=2480431 stale=0 tomb=0 fill_pct=29.569
