[A:cfg] ring_sharding T=64 N=0 (disabled) -> shards=1 block=64 routing=worker_id
[A:thread] Worker pinned host=0 client=1 -> cpu=1 (pid=32777)
[A:thread] Worker pinned host=0 client=2 -> cpu=2 (pid=32778)
[A:thread] Worker pinned host=0 client=3 -> cpu=3 (pid=32779)
[A:thread] Worker pinned host=0 client=5 -> cpu=5 (pid=32781)
[A:thread] Worker pinned host=0 client=6 -> cpu=6 (pid=32782)
[A:thread] Worker pinned host=0 client=7 -> cpu=7 (pid=32783)
[A:thread] Worker pinned host=0 client=4 -> cpu=4 (pid=32780)
[A:thread] Worker pinned host=0 client=8 -> cpu=8 (pid=32784)
[A:thread] Worker pinned host=0 client=9 -> cpu=9 (pid=32785)
[A:thread] Worker pinned host=0 client=10 -> cpu=10 (pid=32786)
[A:thread] Worker pinned host=0 client=11 -> cpu=11 (pid=32787)
[A:thread] Worker pinned host=0 client=12 -> cpu=12 (pid=32788)
[A:thread] Worker pinned host=0 client=13 -> cpu=13 (pid=32789)
[A:thread] Worker pinned host=0 client=14 -> cpu=14 (pid=32790)
[A:thread] Worker pinned host=0 client=15 -> cpu=15 (pid=32791)
[A:thread] Worker pinned host=0 client=16 -> cpu=16 (pid=32792)
[A:thread] Worker pinned host=0 client=17 -> cpu=17 (pid=32793)
[A:thread] Worker pinned host=0 client=18 -> cpu=18 (pid=32794)
[A:thread] Worker pinned host=0 client=19 -> cpu=19 (pid=32795)
[A:thread] Worker pinned host=0 client=20 -> cpu=20 (pid=32796)
[A:thread] Worker pinned host=0 client=21 -> cpu=21 (pid=32797)
[A:thread] Worker pinned host=0 client=22 -> cpu=22 (pid=32798)
[A:thread] Worker pinned host=0 client=23 -> cpu=23 (pid=32799)
[A:thread] Worker pinned host=0 client=24 -> cpu=24 (pid=32800)
[A:thread] Worker pinned host=0 client=25 -> cpu=25 (pid=32801)
[A:thread] Worker pinned host=0 client=26 -> cpu=26 (pid=32802)
[A:thread] Worker pinned host=0 client=27 -> cpu=27 (pid=32803)
[A:thread] Worker pinned host=0 client=28 -> cpu=28 (pid=32804)
[A:thread] Worker pinned host=0 client=29 -> cpu=29 (pid=32805)
[A:thread] Worker pinned host=0 client=30 -> cpu=30 (pid=32806)
[A:thread] Worker pinned host=0 client=31 -> cpu=31 (pid=32807)
[A:thread] Worker pinned host=0 client=32 -> cpu=32 (pid=32808)
[A:thread] Worker pinned host=0 client=33 -> cpu=33 (pid=32809)
[A:thread] Worker pinned host=0 client=34 -> cpu=34 (pid=32810)
[A:thread] Worker pinned host=0 client=35 -> cpu=35 (pid=32811)
[A:thread] Worker pinned host=0 client=36 -> cpu=36 (pid=32812)
[A:thread] Worker pinned host=0 client=37 -> cpu=37 (pid=32813)
[A:thread] Worker pinned host=0 client=38 -> cpu=38 (pid=32814)
[A:thread] Worker pinned host=0 client=39 -> cpu=39 (pid=32815)
[A:thread] Worker pinned host=0 client=40 -> cpu=40 (pid=32816)
[A:thread] Worker pinned host=0 client=41 -> cpu=41 (pid=32817)
[A:thread] Worker pinned host=0 client=42 -> cpu=42 (pid=32818)
[A:thread] Worker pinned host=0 client=43 -> cpu=43 (pid=32819)
[A:thread] Worker pinned host=0 client=44 -> cpu=44 (pid=32820)
[A:thread] Worker pinned host=0 client=45 -> cpu=45 (pid=32821)
[A:thread] Worker pinned host=0 client=46 -> cpu=46 (pid=32822)
[A:thread] Worker pinned host=0 client=47 -> cpu=47 (pid=32823)
[A:thread] Worker pinned host=0 client=48 -> cpu=48 (pid=32824)
[A:thread] Worker pinned host=0 client=49 -> cpu=49 (pid=32825)
[A:thread] Worker pinned host=0 client=50 -> cpu=50 (pid=32826)
[A:thread] Worker pinned host=0 client=51 -> cpu=51 (pid=32827)
[A:thread] Worker pinned host=0 client=52 -> cpu=52 (pid=32828)
[A:thread] Worker pinned host=0 client=53 -> cpu=53 (pid=32829)
[A:thread] Worker pinned host=0 client=54 -> cpu=54 (pid=32830)
[A:thread] Worker pinned host=0 client=55 -> cpu=55 (pid=32831)
[A:thread] Worker pinned host=0 client=56 -> cpu=56 (pid=32832)
[A:thread] Worker pinned host=0 client=57 -> cpu=57 (pid=32833)
[A:thread] Worker pinned host=0 client=58 -> cpu=58 (pid=32834)
[A:thread] Worker pinned host=0 client=59 -> cpu=59 (pid=32835)
[A:thread] Worker pinned host=0 client=60 -> cpu=60 (pid=32836)
[A:thread] Worker pinned host=0 client=61 -> cpu=61 (pid=32837)
[A:thread] Worker pinned host=0 client=62 -> cpu=62 (pid=32838)
[A:thread] Worker pinned host=0 client=0 -> cpu=0 (pid=32776)
[A:thread] Worker pinned host=0 client=63 -> cpu=63 (pid=32839)
[A:thread] WriteRecv0 pid=32776 tid=140038824109760 cpu=64 host=0 rings=[0]
[A:thread] ReadRecv0 pid=32776 tid=140038815717056 cpu=65 host=0 rings=[0]
[A:thread] InvalRecv0 pid=32776 tid=140038807324352 cpu=66 host=0 rings=[0]
[A:thread] ReservHandler pid=32776 tid=140038798931648 pinned cpu=85 (host_id=0)
[A:tls] worker host=0 client=0 entries=1024 (~1088 KiB)
[A:tls] worker host=0 client=46 entries=1024 (~1088 KiB)
[A:tls] worker host=0 client=48 entries=1024 (~1088 KiB)
[A:tls] worker host=0 client=49 entries=1024 (~1088 KiB)
[A:tls] worker host=0 client=44 entries=1024 (~1088 KiB)
[A:tls] worker host=0 client=2 entries=1024 (~1088 KiB)
[A:tls] worker host=0 client=61 entries=1024 (~1088 KiB)
[A:tls] worker host=0 client=1 entries=1024 (~1088 KiB)
[A:tls] worker host=0 client=58 entries=1024 (~1088 KiB)
[A:tls] worker host=0 client=11 entries=1024 (~1088 KiB)
[A:tls] worker host=0 client=39 entries=1024 (~1088 KiB)
[A:tls] worker host=0 client=4 entries=1024 (~1088 KiB)
[A:tls] worker host=0 client=54 entries=1024 (~1088 KiB)
[A:tls] worker host=0 client=35 entries=1024 (~1088 KiB)
[A:tls] worker host=0 client=45 entries=1024 (~1088 KiB)
[A:tls] worker host=0 client=21 entries=1024 (~1088 KiB)
[A:tls] worker host=0 client=63 entries=1024 (~1088 KiB)
[A:tls] worker host=0 client=30 entries=1024 (~1088 KiB)
[A:tls] worker host=0 client=15 entries=1024 (~1088 KiB)
[A:tls] worker host=0 client=18 entries=1024 (~1088 KiB)
[A:tls] worker host=0 client=62 entries=1024 (~1088 KiB)
[A:tls] worker host=0 client=22 entries=1024 (~1088 KiB)
[A:tls] worker host=0 client=23 entries=1024 (~1088 KiB)
[A:tls] worker host=0 client=26 entries=1024 (~1088 KiB)
[A:tls] worker host=0 client=43 entries=1024 (~1088 KiB)
[A:tls] worker host=0 client=53 entries=1024 (~1088 KiB)
[A:tls] worker host=0 client=38 entries=1024 (~1088 KiB)
[A:tls] worker host=0 client=7 entries=1024 (~1088 KiB)
[A:tls] worker host=0 client=6 entries=1024 (~1088 KiB)
[A:tls] worker host=0 client=31 entries=1024 (~1088 KiB)
[A:tls] worker host=0 client=5 entries=1024 (~1088 KiB)
[A:tls] worker host=0 client=3 entries=1024 (~1088 KiB)
[A:tls] worker host=0 client=42 entries=1024 (~1088 KiB)
[A:tls] worker host=0 client=50 entries=1024 (~1088 KiB)
[A:tls] worker host=0 client=56 entries=1024 (~1088 KiB)
[A:tls] worker host=0 client=13 entries=1024 (~1088 KiB)
[A:tls] worker host=0 client=12 entries=1024 (~1088 KiB)
[A:tls] worker host=0 client=52 entries=1024 (~1088 KiB)
[A:tls] worker host=0 client=17 entries=1024 (~1088 KiB)
[A:tls] worker host=0 client=14 entries=1024 (~1088 KiB)
[A:tls] worker host=0 client=59 entries=1024 (~1088 KiB)
[A:tls] worker host=0 client=8 entries=1024 (~1088 KiB)
[A:tls] worker host=0 client=37 entries=1024 (~1088 KiB)
[A:tls] worker host=0 client=27 entries=1024 (~1088 KiB)
[A:tls] worker host=0 client=57 entries=1024 (~1088 KiB)
[A:tls] worker host=0 client=24 entries=1024 (~1088 KiB)
[A:tls] worker host=0 client=36 entries=1024 (~1088 KiB)
[A:tls] worker host=0 client=25 entries=1024 (~1088 KiB)
[A:tls] worker host=0 client=55 entries=1024 (~1088 KiB)
[A:tls] worker host=0 client=33 entries=1024 (~1088 KiB)
[A:tls] worker host=0 client=47 entries=1024 (~1088 KiB)
[A:tls] worker host=0 client=20 entries=1024 (~1088 KiB)
[A:tls] worker host=0 client=28 entries=1024 (~1088 KiB)
[A:tls] worker host=0 client=60 entries=1024 (~1088 KiB)
[A:tls] worker host=0 client=51 entries=1024 (~1088 KiB)
[A:tls] worker host=0 client=32 entries=1024 (~1088 KiB)
[A:tls] worker host=0 client=34 entries=1024 (~1088 KiB)
[A:tls] worker host=0 client=16 entries=1024 (~1088 KiB)
[A:tls] worker host=0 client=19 entries=1024 (~1088 KiB)
[A:tls] worker host=0 client=41 entries=1024 (~1088 KiB)
[A:tls] worker host=0 client=40 entries=1024 (~1088 KiB)
[A:tls] worker host=0 client=10 entries=1024 (~1088 KiB)
[A:tls] worker host=0 client=9 entries=1024 (~1088 KiB)
[A:tls] worker host=0 client=29 entries=1024 (~1088 KiB)
# PATH host=0 label=after_LOAD tid=140038824323200 r0_tls=0 r2hit=0 r2miss_local=0 r3=0 cpool_ins_r=0 local_w=2499684 fwd_w=0 local_w_blk_fwd=0 local_w_stg_fwd=0 cpool_ins_w=2499683 cp_evict=0 cp_set_stale=0 cp_lru_evict=1975397 rh_served=0
# PATH host=0 label=after_LOAD AGG r0_tls=0 r2hit=0 r2miss_local=0 r3=0 cpool_ins_r=0 local_w=2499684 fwd_w=0 local_w_blk_fwd=0 local_w_stg_fwd=0 cpool_ins_w=2499683 cp_evict=0 cp_set_stale=0 cp_lru_evict=1975397 rh_served=0
YCSB opt=A cache=1 num_hosts=2 threads=64 threads_eff=64 rep=3 load_ops=5000000 load_thpt=161674 trans_ops=5000000 trans_wall_max=0.105456 trans_agg_thpt=47413139 w_avg_ns=0 w_p50_ns=0 w_p99_ns=0 r_avg_ns=2102 r_p50_ns=294 r_p99_ns=14574 first_op_ns_max=682055 first_op_ns_avg=88079 ops_to_first_ns_max=928117 ops_to_first_ns_avg=153399 # local_read_optA_t64_cacheon_rep3
# PATH host=0 label=after_TRANS tid=140038824323200 r0_tls=0 r2hit=15097 r2miss_local=23966 r3=0 cpool_ins_r=0 local_w=2499684 fwd_w=0 local_w_blk_fwd=0 local_w_stg_fwd=0 cpool_ins_w=2499683 cp_evict=0 cp_set_stale=0 cp_lru_evict=1978354 rh_served=0
# PATH host=0 label=after_TRANS AGG r0_tls=0 r2hit=15097 r2miss_local=23966 r3=0 cpool_ins_r=0 local_w=2499684 fwd_w=0 local_w_blk_fwd=0 local_w_stg_fwd=0 cpool_ins_w=2499683 cp_evict=0 cp_set_stale=0 cp_lru_evict=1978354 rh_served=0
# CACHE_FILL host=0 cache_buckets=131072 capacity=524288 filled=524286 stale=0 tomb=0 fill_pct=100.000
