YCSB opt=A cache=1 num_hosts=2 threads=1 threads_eff=1 rep=1 load_ops=100000 load_thpt=256872 trans_ops=200000 trans_wall_max=13.870316 trans_agg_thpt=14419 w_avg_ns=164121 w_p50_ns=8780 w_p99_ns=5011258 r_avg_ns=5833 r_p50_ns=279 r_p99_ns=10258 # workloada_optA_t1_cacheon_rep1_kv256
YCSB opt=A cache=1 num_hosts=2 threads=2 threads_eff=2 rep=1 load_ops=100000 load_thpt=259292 trans_ops=200000 trans_wall_max=2.480585 trans_agg_thpt=80626 w_avg_ns=40013 w_p50_ns=4902 w_p99_ns=603598 r_avg_ns=2272 r_p50_ns=258 r_p99_ns=10048 # workloada_optA_t2_cacheon_rep1_kv256
YCSB opt=A cache=1 num_hosts=2 threads=4 threads_eff=4 rep=1 load_ops=100000 load_thpt=261625 trans_ops=200000 trans_wall_max=0.704487 trans_agg_thpt=283894 w_avg_ns=16498 w_p50_ns=4486 w_p99_ns=14710 r_avg_ns=1894 r_p50_ns=267 r_p99_ns=9998 # workloada_optA_t4_cacheon_rep1_kv256
YCSB opt=A cache=1 num_hosts=2 threads=8 threads_eff=8 rep=1 load_ops=100000 load_thpt=259411 trans_ops=200000 trans_wall_max=0.215425 trans_agg_thpt=928393 w_avg_ns=9190 w_p50_ns=4953 w_p99_ns=15150 r_avg_ns=2534 r_p50_ns=327 r_p99_ns=11308 # workloada_optA_t8_cacheon_rep1_kv256
YCSB opt=A cache=1 num_hosts=2 threads=16 threads_eff=16 rep=1 load_ops=100000 load_thpt=259259 trans_ops=200000 trans_wall_max=0.100364 trans_agg_thpt=1992746 w_avg_ns=8813 w_p50_ns=6402 w_p99_ns=17201 r_avg_ns=3216 r_p50_ns=419 r_p99_ns=12618 # workloada_optA_t16_cacheon_rep1_kv256
YCSB opt=A cache=1 num_hosts=2 threads=32 threads_eff=32 rep=1 load_ops=100000 load_thpt=256779 trans_ops=200000 trans_wall_max=0.031927 trans_agg_thpt=6264094 w_avg_ns=9912 w_p50_ns=8589 w_p99_ns=106745 r_avg_ns=4684 r_p50_ns=6439 r_p99_ns=18478 # workloada_optA_t32_cacheon_rep1_kv256
YCSB opt=A cache=1 num_hosts=2 threads=64 threads_eff=64 rep=1 load_ops=100000 load_thpt=197760 trans_ops=200000 trans_wall_max=0.028715 trans_agg_thpt=6965000 w_avg_ns=16218 w_p50_ns=9956 w_p99_ns=689524 r_avg_ns=6111 r_p50_ns=7736 r_p99_ns=26182 # workloada_optA_t64_cacheon_rep1_kv256
YCSB opt=A cache=1 num_hosts=2 threads=1 threads_eff=1 rep=1 load_ops=100000 load_thpt=232672 trans_ops=200000 trans_wall_max=13.804008 trans_agg_thpt=14488 w_avg_ns=163077 w_p50_ns=9133 w_p99_ns=5012225 r_avg_ns=5154 r_p50_ns=298 r_p99_ns=10416 # workloada_optA_t1_cacheon_rep1_kv512
YCSB opt=A cache=1 num_hosts=2 threads=2 threads_eff=2 rep=1 load_ops=100000 load_thpt=232370 trans_ops=200000 trans_wall_max=84.671336 trans_agg_thpt=2362 w_avg_ns=28089 w_p50_ns=4389 w_p99_ns=5010053 r_avg_ns=1240 r_p50_ns=194 r_p99_ns=10238 # workloada_optA_t2_cacheon_rep1_kv512
YCSB opt=A cache=1 num_hosts=2 threads=4 threads_eff=4 rep=1 load_ops=100000 load_thpt=231753 trans_ops=200000 trans_wall_max=40.982922 trans_agg_thpt=4880 w_avg_ns=11262 w_p50_ns=4759 w_p99_ns=24074 r_avg_ns=1818 r_p50_ns=291 r_p99_ns=12454 # workloada_optA_t4_cacheon_rep1_kv512
YCSB opt=A cache=1 num_hosts=2 threads=8 threads_eff=8 rep=1 load_ops=100000 load_thpt=232961 trans_ops=200000 trans_wall_max=20.207752 trans_agg_thpt=9897 w_avg_ns=8871 w_p50_ns=5180 w_p99_ns=15580 r_avg_ns=2519 r_p50_ns=342 r_p99_ns=11739 # workloada_optA_t8_cacheon_rep1_kv512
YCSB opt=A cache=1 num_hosts=2 threads=16 threads_eff=16 rep=1 load_ops=100000 load_thpt=233977 trans_ops=200000 trans_wall_max=9.948840 trans_agg_thpt=20102 w_avg_ns=8102 w_p50_ns=6758 w_p99_ns=18919 r_avg_ns=3343 r_p50_ns=465 r_p99_ns=14210 # workloada_optA_t16_cacheon_rep1_kv512
YCSB opt=A cache=1 num_hosts=2 threads=32 threads_eff=32 rep=1 load_ops=100000 load_thpt=228304 trans_ops=200000 trans_wall_max=4.874574 trans_agg_thpt=41029 w_avg_ns=9822 w_p50_ns=8787 w_p99_ns=129019 r_avg_ns=4727 r_p50_ns=6562 r_p99_ns=19443 # workloada_optA_t32_cacheon_rep1_kv512
YCSB opt=A cache=1 num_hosts=2 threads=64 threads_eff=64 rep=1 load_ops=100000 load_thpt=134002 trans_ops=200000 trans_wall_max=2.405018 trans_agg_thpt=83159 w_avg_ns=14193 w_p50_ns=9420 w_p99_ns=462238 r_avg_ns=5943 r_p50_ns=7624 r_p99_ns=25239 # workloada_optA_t64_cacheon_rep1_kv512
YCSB opt=A cache=1 num_hosts=2 threads=1 threads_eff=1 rep=1 load_ops=100000 load_thpt=207560 trans_ops=200000 trans_wall_max=14.113251 trans_agg_thpt=14171 w_avg_ns=169087 w_p50_ns=9660 w_p99_ns=5013139 r_avg_ns=5811 r_p50_ns=313 r_p99_ns=10879 # workloada_optA_t1_cacheon_rep1_kv1024
YCSB opt=A cache=1 num_hosts=2 threads=2 threads_eff=2 rep=1 load_ops=100000 load_thpt=208019 trans_ops=200000 trans_wall_max=2.504172 trans_agg_thpt=79866 w_avg_ns=42116 w_p50_ns=5771 w_p99_ns=1773899 r_avg_ns=2160 r_p50_ns=274 r_p99_ns=11863 # workloada_optA_t2_cacheon_rep1_kv1024
YCSB opt=A cache=1 num_hosts=2 threads=4 threads_eff=4 rep=1 load_ops=100000 load_thpt=207643 trans_ops=200000 trans_wall_max=0.649318 trans_agg_thpt=308015 w_avg_ns=16359 w_p50_ns=5243 w_p99_ns=15689 r_avg_ns=2200 r_p50_ns=307 r_p99_ns=11818 # workloada_optA_t4_cacheon_rep1_kv1024
YCSB opt=A cache=1 num_hosts=2 threads=8 threads_eff=8 rep=1 load_ops=100000 load_thpt=209222 trans_ops=200000 trans_wall_max=0.218936 trans_agg_thpt=913508 w_avg_ns=10207 w_p50_ns=5656 w_p99_ns=16205 r_avg_ns=2663 r_p50_ns=354 r_p99_ns=12705 # workloada_optA_t8_cacheon_rep1_kv1024
YCSB opt=A cache=1 num_hosts=2 threads=16 threads_eff=16 rep=1 load_ops=100000 load_thpt=208233 trans_ops=200000 trans_wall_max=0.102485 trans_agg_thpt=1951505 w_avg_ns=8970 w_p50_ns=6750 w_p99_ns=18113 r_avg_ns=3467 r_p50_ns=479 r_p99_ns=14574 # workloada_optA_t16_cacheon_rep1_kv1024
YCSB opt=A cache=1 num_hosts=2 threads=32 threads_eff=32 rep=1 load_ops=100000 load_thpt=203535 trans_ops=200000 trans_wall_max=4.915338 trans_agg_thpt=40688 w_avg_ns=9763 w_p50_ns=8895 w_p99_ns=61171 r_avg_ns=4799 r_p50_ns=6536 r_p99_ns=20281 # workloada_optA_t32_cacheon_rep1_kv1024
YCSB opt=A cache=1 num_hosts=2 threads=64 threads_eff=64 rep=1 load_ops=100000 load_thpt=111084 trans_ops=200000 trans_wall_max=2.405447 trans_agg_thpt=83144 w_avg_ns=15330 w_p50_ns=10128 w_p99_ns=576268 r_avg_ns=6337 r_p50_ns=7746 r_p99_ns=27128 # workloada_optA_t64_cacheon_rep1_kv1024
YCSB opt=A cache=0 num_hosts=2 threads=1 threads_eff=1 rep=1 load_ops=100000 load_thpt=259872 trans_ops=200000 trans_wall_max=13.760267 trans_agg_thpt=14534 w_avg_ns=162032 w_p50_ns=8703 w_p99_ns=5011353 r_avg_ns=5207 r_p50_ns=278 r_p99_ns=10221 # workloada_optA_t1_cacheoff_rep1_kv256
YCSB opt=A cache=0 num_hosts=2 threads=2 threads_eff=2 rep=1 load_ops=100000 load_thpt=260056 trans_ops=200000 trans_wall_max=2.498243 trans_agg_thpt=80056 w_avg_ns=39497 w_p50_ns=4914 w_p99_ns=471772 r_avg_ns=2165 r_p50_ns=262 r_p99_ns=10907 # workloada_optA_t2_cacheoff_rep1_kv256
YCSB opt=A cache=0 num_hosts=2 threads=4 threads_eff=4 rep=1 load_ops=100000 load_thpt=260238 trans_ops=200000 trans_wall_max=0.659400 trans_agg_thpt=303306 w_avg_ns=16178 w_p50_ns=4475 w_p99_ns=14770 r_avg_ns=2002 r_p50_ns=272 r_p99_ns=10125 # workloada_optA_t4_cacheoff_rep1_kv256
YCSB opt=A cache=0 num_hosts=2 threads=8 threads_eff=8 rep=1 load_ops=100000 load_thpt=257651 trans_ops=200000 trans_wall_max=0.239887 trans_agg_thpt=833722 w_avg_ns=9505 w_p50_ns=4942 w_p99_ns=15669 r_avg_ns=2565 r_p50_ns=317 r_p99_ns=11750 # workloada_optA_t8_cacheoff_rep1_kv256
YCSB opt=A cache=0 num_hosts=2 threads=16 threads_eff=16 rep=1 load_ops=100000 load_thpt=258871 trans_ops=200000 trans_wall_max=0.098945 trans_agg_thpt=2021304 w_avg_ns=8291 w_p50_ns=6463 w_p99_ns=19133 r_avg_ns=3307 r_p50_ns=440 r_p99_ns=14006 # workloada_optA_t16_cacheoff_rep1_kv256
YCSB opt=A cache=0 num_hosts=2 threads=32 threads_eff=32 rep=1 load_ops=100000 load_thpt=255957 trans_ops=200000 trans_wall_max=0.040684 trans_agg_thpt=4915816 w_avg_ns=12508 w_p50_ns=8453 w_p99_ns=92380 r_avg_ns=4718 r_p50_ns=6487 r_p99_ns=18395 # workloada_optA_t32_cacheoff_rep1_kv256
YCSB opt=A cache=0 num_hosts=2 threads=64 threads_eff=64 rep=1 load_ops=100000 load_thpt=175797 trans_ops=200000 trans_wall_max=0.026701 trans_agg_thpt=7490356 w_avg_ns=16272 w_p50_ns=9999 w_p99_ns=579465 r_avg_ns=6497 r_p50_ns=7991 r_p99_ns=24384 # workloada_optA_t64_cacheoff_rep1_kv256
YCSB opt=A cache=0 num_hosts=2 threads=1 threads_eff=1 rep=1 load_ops=100000 load_thpt=232285 trans_ops=200000 trans_wall_max=13.777894 trans_agg_thpt=14516 w_avg_ns=162473 w_p50_ns=9137 w_p99_ns=5012685 r_avg_ns=4372 r_p50_ns=295 r_p99_ns=10405 # workloada_optA_t1_cacheoff_rep1_kv512
YCSB opt=A cache=0 num_hosts=2 threads=2 threads_eff=2 rep=1 load_ops=100000 load_thpt=233304 trans_ops=200000 trans_wall_max=2.487905 trans_agg_thpt=80388 w_avg_ns=39495 w_p50_ns=5185 w_p99_ns=868983 r_avg_ns=2210 r_p50_ns=290 r_p99_ns=10303 # workloada_optA_t2_cacheoff_rep1_kv512
YCSB opt=A cache=0 num_hosts=2 threads=4 threads_eff=4 rep=1 load_ops=100000 load_thpt=233005 trans_ops=200000 trans_wall_max=0.601167 trans_agg_thpt=332685 w_avg_ns=15845 w_p50_ns=4755 w_p99_ns=15080 r_avg_ns=2000 r_p50_ns=289 r_p99_ns=10463 # workloada_optA_t4_cacheoff_rep1_kv512
YCSB opt=A cache=0 num_hosts=2 threads=8 threads_eff=8 rep=1 load_ops=100000 load_thpt=232250 trans_ops=200000 trans_wall_max=0.221307 trans_agg_thpt=903721 w_avg_ns=9357 w_p50_ns=5230 w_p99_ns=15578 r_avg_ns=2567 r_p50_ns=344 r_p99_ns=12155 # workloada_optA_t8_cacheoff_rep1_kv512
YCSB opt=A cache=0 num_hosts=2 threads=16 threads_eff=16 rep=1 load_ops=100000 load_thpt=233210 trans_ops=200000 trans_wall_max=0.098328 trans_agg_thpt=2033987 w_avg_ns=8424 w_p50_ns=6763 w_p99_ns=20952 r_avg_ns=3318 r_p50_ns=450 r_p99_ns=13838 # workloada_optA_t16_cacheoff_rep1_kv512
YCSB opt=A cache=0 num_hosts=2 threads=32 threads_eff=32 rep=1 load_ops=100000 load_thpt=228376 trans_ops=200000 trans_wall_max=0.030867 trans_agg_thpt=6479201 w_avg_ns=12371 w_p50_ns=8592 w_p99_ns=96942 r_avg_ns=4806 r_p50_ns=6620 r_p99_ns=19583 # workloada_optA_t32_cacheoff_rep1_kv512
YCSB opt=A cache=0 num_hosts=2 threads=64 threads_eff=64 rep=1 load_ops=100000 load_thpt=131303 trans_ops=200000 trans_wall_max=2.404997 trans_agg_thpt=83160 w_avg_ns=13848 w_p50_ns=9440 w_p99_ns=504198 r_avg_ns=5855 r_p50_ns=7587 r_p99_ns=25767 # workloada_optA_t64_cacheoff_rep1_kv512
YCSB opt=A cache=0 num_hosts=2 threads=1 threads_eff=1 rep=1 load_ops=100000 load_thpt=207265 trans_ops=200000 trans_wall_max=14.024267 trans_agg_thpt=14260 w_avg_ns=166712 w_p50_ns=9683 w_p99_ns=5013159 r_avg_ns=4990 r_p50_ns=321 r_p99_ns=10912 # workloada_optA_t1_cacheoff_rep1_kv1024
YCSB opt=A cache=0 num_hosts=2 threads=2 threads_eff=2 rep=1 load_ops=100000 load_thpt=208208 trans_ops=200000 trans_wall_max=84.703357 trans_agg_thpt=2361 w_avg_ns=28696 w_p50_ns=4826 w_p99_ns=5010495 r_avg_ns=1334 r_p50_ns=214 r_p99_ns=11015 # workloada_optA_t2_cacheoff_rep1_kv1024
YCSB opt=A cache=0 num_hosts=2 threads=4 threads_eff=4 rep=1 load_ops=100000 load_thpt=208979 trans_ops=200000 trans_wall_max=0.634109 trans_agg_thpt=315402 w_avg_ns=16191 w_p50_ns=5280 w_p99_ns=15736 r_avg_ns=2195 r_p50_ns=305 r_p99_ns=11697 # workloada_optA_t4_cacheoff_rep1_kv1024
YCSB opt=A cache=0 num_hosts=2 threads=8 threads_eff=8 rep=1 load_ops=100000 load_thpt=208993 trans_ops=200000 trans_wall_max=0.228520 trans_agg_thpt=875196 w_avg_ns=10428 w_p50_ns=5685 w_p99_ns=16233 r_avg_ns=2728 r_p50_ns=353 r_p99_ns=12774 # workloada_optA_t8_cacheoff_rep1_kv1024
YCSB opt=A cache=0 num_hosts=2 threads=16 threads_eff=16 rep=1 load_ops=100000 load_thpt=207413 trans_ops=200000 trans_wall_max=0.067391 trans_agg_thpt=2967755 w_avg_ns=8151 w_p50_ns=6721 w_p99_ns=19212 r_avg_ns=3393 r_p50_ns=440 r_p99_ns=14415 # workloada_optA_t16_cacheoff_rep1_kv1024
YCSB opt=A cache=0 num_hosts=2 threads=32 threads_eff=32 rep=1 load_ops=100000 load_thpt=203511 trans_ops=200000 trans_wall_max=0.049724 trans_agg_thpt=4022202 w_avg_ns=10144 w_p50_ns=8828 w_p99_ns=65091 r_avg_ns=4923 r_p50_ns=6629 r_p99_ns=20547 # workloada_optA_t32_cacheoff_rep1_kv1024
YCSB opt=A cache=0 num_hosts=2 threads=64 threads_eff=64 rep=1 load_ops=100000 load_thpt=135679 trans_ops=200000 trans_wall_max=0.052088 trans_agg_thpt=3839582 w_avg_ns=15991 w_p50_ns=10123 w_p99_ns=474015 r_avg_ns=6257 r_p50_ns=7847 r_p99_ns=26513 # workloada_optA_t64_cacheoff_rep1_kv1024
YCSB opt=A cache=1 num_hosts=2 threads=1 threads_eff=1 rep=1 load_ops=100000 load_thpt=259495 trans_ops=200000 trans_wall_max=4.720633 trans_agg_thpt=42367 w_avg_ns=536309 w_p50_ns=8973 w_p99_ns=9731632 r_avg_ns=3383 r_p50_ns=76 r_p99_ns=10068 # workloadb_optA_t1_cacheon_rep1_kv256
YCSB opt=A cache=1 num_hosts=2 threads=2 threads_eff=2 rep=1 load_ops=100000 load_thpt=259358 trans_ops=200000 trans_wall_max=0.611713 trans_agg_thpt=326950 w_avg_ns=81234 w_p50_ns=5172 w_p99_ns=5010177 r_avg_ns=1164 r_p50_ns=116 r_p99_ns=9938 # workloadb_optA_t2_cacheon_rep1_kv256
YCSB opt=A cache=1 num_hosts=2 threads=4 threads_eff=4 rep=1 load_ops=100000 load_thpt=260300 trans_ops=200000 trans_wall_max=0.217541 trans_agg_thpt=919366 w_avg_ns=43863 w_p50_ns=6150 w_p99_ns=5009975 r_avg_ns=1507 r_p50_ns=201 r_p99_ns=10292 # workloadb_optA_t4_cacheon_rep1_kv256
YCSB opt=A cache=1 num_hosts=2 threads=8 threads_eff=8 rep=1 load_ops=100000 load_thpt=261434 trans_ops=200000 trans_wall_max=0.066472 trans_agg_thpt=3008740 w_avg_ns=18120 w_p50_ns=6369 w_p99_ns=4844579 r_avg_ns=2046 r_p50_ns=243 r_p99_ns=10566 # workloadb_optA_t8_cacheon_rep1_kv256
YCSB opt=A cache=1 num_hosts=2 threads=16 threads_eff=16 rep=1 load_ops=100000 load_thpt=259713 trans_ops=200000 trans_wall_max=0.032293 trans_agg_thpt=6193100 w_avg_ns=14903 w_p50_ns=6575 w_p99_ns=21551 r_avg_ns=2761 r_p50_ns=286 r_p99_ns=12181 # workloadb_optA_t16_cacheon_rep1_kv256
YCSB opt=A cache=1 num_hosts=2 threads=32 threads_eff=32 rep=1 load_ops=100000 load_thpt=255572 trans_ops=200000 trans_wall_max=0.018246 trans_agg_thpt=10960705 w_avg_ns=11550 w_p50_ns=7485 w_p99_ns=32607 r_avg_ns=4194 r_p50_ns=507 r_p99_ns=18125 # workloadb_optA_t32_cacheon_rep1_kv256
YCSB opt=A cache=1 num_hosts=2 threads=64 threads_eff=64 rep=1 load_ops=100000 load_thpt=177489 trans_ops=200000 trans_wall_max=0.631704 trans_agg_thpt=316603 w_avg_ns=9857 w_p50_ns=9086 w_p99_ns=37143 r_avg_ns=5297 r_p50_ns=7499 r_p99_ns=21836 # workloadb_optA_t64_cacheon_rep1_kv256
YCSB opt=A cache=1 num_hosts=2 threads=1 threads_eff=1 rep=1 load_ops=100000 load_thpt=232985 trans_ops=200000 trans_wall_max=4.970541 trans_agg_thpt=40237 w_avg_ns=561442 w_p50_ns=9358 w_p99_ns=9652899 r_avg_ns=3688 r_p50_ns=130 r_p99_ns=10365 # workloadb_optA_t1_cacheon_rep1_kv512
YCSB opt=A cache=1 num_hosts=2 threads=2 threads_eff=2 rep=1 load_ops=100000 load_thpt=232540 trans_ops=200000 trans_wall_max=0.662878 trans_agg_thpt=301714 w_avg_ns=97935 w_p50_ns=5332 w_p99_ns=5011004 r_avg_ns=1334 r_p50_ns=165 r_p99_ns=10199 # workloadb_optA_t2_cacheon_rep1_kv512
YCSB opt=A cache=1 num_hosts=2 threads=4 threads_eff=4 rep=1 load_ops=100000 load_thpt=232671 trans_ops=200000 trans_wall_max=0.243434 trans_agg_thpt=821577 w_avg_ns=46189 w_p50_ns=6146 w_p99_ns=5013109 r_avg_ns=1536 r_p50_ns=218 r_p99_ns=11895 # workloadb_optA_t4_cacheon_rep1_kv512
YCSB opt=A cache=1 num_hosts=2 threads=8 threads_eff=8 rep=1 load_ops=100000 load_thpt=235496 trans_ops=200000 trans_wall_max=0.052867 trans_agg_thpt=3783078 w_avg_ns=16862 w_p50_ns=6601 w_p99_ns=18831 r_avg_ns=2037 r_p50_ns=266 r_p99_ns=10780 # workloadb_optA_t8_cacheon_rep1_kv512
YCSB opt=A cache=1 num_hosts=2 threads=16 threads_eff=16 rep=1 load_ops=100000 load_thpt=232757 trans_ops=200000 trans_wall_max=0.027981 trans_agg_thpt=7147451 w_avg_ns=8421 w_p50_ns=6939 w_p99_ns=22554 r_avg_ns=2801 r_p50_ns=361 r_p99_ns=12637 # workloadb_optA_t16_cacheon_rep1_kv512
YCSB opt=A cache=1 num_hosts=2 threads=32 threads_eff=32 rep=1 load_ops=100000 load_thpt=227825 trans_ops=200000 trans_wall_max=0.020947 trans_agg_thpt=9547906 w_avg_ns=23991 w_p50_ns=7855 w_p99_ns=64479 r_avg_ns=4245 r_p50_ns=520 r_p99_ns=18679 # workloadb_optA_t32_cacheon_rep1_kv512
YCSB opt=A cache=1 num_hosts=2 threads=64 threads_eff=64 rep=1 load_ops=100000 load_thpt=135537 trans_ops=200000 trans_wall_max=0.010740 trans_agg_thpt=18621973 w_avg_ns=10481 w_p50_ns=9731 w_p99_ns=43454 r_avg_ns=5510 r_p50_ns=7477 r_p99_ns=23552 # workloadb_optA_t64_cacheon_rep1_kv512
YCSB opt=A cache=1 num_hosts=2 threads=1 threads_eff=1 rep=1 load_ops=100000 load_thpt=211263 trans_ops=200000 trans_wall_max=4.987738 trans_agg_thpt=40098 w_avg_ns=548315 w_p50_ns=9882 w_p99_ns=9750203 r_avg_ns=4022 r_p50_ns=186 r_p99_ns=10941 # workloadb_optA_t1_cacheon_rep1_kv1024
YCSB opt=A cache=1 num_hosts=2 threads=2 threads_eff=2 rep=1 load_ops=100000 load_thpt=208348 trans_ops=200000 trans_wall_max=0.609060 trans_agg_thpt=328374 w_avg_ns=78484 w_p50_ns=5661 w_p99_ns=5013628 r_avg_ns=1355 r_p50_ns=197 r_p99_ns=10679 # workloadb_optA_t2_cacheon_rep1_kv1024
YCSB opt=A cache=1 num_hosts=2 threads=4 threads_eff=4 rep=1 load_ops=100000 load_thpt=208843 trans_ops=200000 trans_wall_max=0.191485 trans_agg_thpt=1044462 w_avg_ns=33501 w_p50_ns=6667 w_p99_ns=5010158 r_avg_ns=1526 r_p50_ns=242 r_p99_ns=10687 # workloadb_optA_t4_cacheon_rep1_kv1024
YCSB opt=A cache=1 num_hosts=2 threads=8 threads_eff=8 rep=1 load_ops=100000 load_thpt=208910 trans_ops=200000 trans_wall_max=0.072586 trans_agg_thpt=2755352 w_avg_ns=18246 w_p50_ns=7066 w_p99_ns=5011070 r_avg_ns=2091 r_p50_ns=275 r_p99_ns=11539 # workloadb_optA_t8_cacheon_rep1_kv1024
YCSB opt=A cache=1 num_hosts=2 threads=16 threads_eff=16 rep=1 load_ops=100000 load_thpt=211626 trans_ops=200000 trans_wall_max=0.039534 trans_agg_thpt=5058936 w_avg_ns=12921 w_p50_ns=7414 w_p99_ns=4959429 r_avg_ns=2804 r_p50_ns=341 r_p99_ns=13224 # workloadb_optA_t16_cacheon_rep1_kv1024
YCSB opt=A cache=1 num_hosts=2 threads=32 threads_eff=32 rep=1 load_ops=100000 load_thpt=205718 trans_ops=200000 trans_wall_max=0.020505 trans_agg_thpt=9753718 w_avg_ns=11345 w_p50_ns=8378 w_p99_ns=29000 r_avg_ns=4204 r_p50_ns=553 r_p99_ns=19151 # workloadb_optA_t32_cacheon_rep1_kv1024
YCSB opt=A cache=1 num_hosts=2 threads=64 threads_eff=64 rep=1 load_ops=100000 load_thpt=115058 trans_ops=200000 trans_wall_max=0.013263 trans_agg_thpt=15079544 w_avg_ns=12519 w_p50_ns=9533 w_p99_ns=45288 r_avg_ns=5475 r_p50_ns=7353 r_p99_ns=24408 # workloadb_optA_t64_cacheon_rep1_kv1024
YCSB opt=A cache=0 num_hosts=2 threads=1 threads_eff=1 rep=1 load_ops=100000 load_thpt=260745 trans_ops=200000 trans_wall_max=4.878881 trans_agg_thpt=40993 w_avg_ns=555888 w_p50_ns=8978 w_p99_ns=9821159 r_avg_ns=3515 r_p50_ns=78 r_p99_ns=10050 # workloadb_optA_t1_cacheoff_rep1_kv256
YCSB opt=A cache=0 num_hosts=2 threads=2 threads_eff=2 rep=1 load_ops=100000 load_thpt=258897 trans_ops=200000 trans_wall_max=31.519873 trans_agg_thpt=6345 w_avg_ns=53989 w_p50_ns=4664 w_p99_ns=5010439 r_avg_ns=896 r_p50_ns=116 r_p99_ns=9910 # workloadb_optA_t2_cacheoff_rep1_kv256
YCSB opt=A cache=0 num_hosts=2 threads=4 threads_eff=4 rep=1 load_ops=100000 load_thpt=258632 trans_ops=200000 trans_wall_max=14.017548 trans_agg_thpt=14267 w_avg_ns=20663 w_p50_ns=6136 w_p99_ns=5010075 r_avg_ns=1315 r_p50_ns=200 r_p99_ns=9853 # workloadb_optA_t4_cacheoff_rep1_kv256
YCSB opt=A cache=0 num_hosts=2 threads=8 threads_eff=8 rep=1 load_ops=100000 load_thpt=260801 trans_ops=200000 trans_wall_max=0.080178 trans_agg_thpt=2494418 w_avg_ns=20923 w_p50_ns=6357 w_p99_ns=5009656 r_avg_ns=2070 r_p50_ns=243 r_p99_ns=10353 # workloadb_optA_t8_cacheoff_rep1_kv256
YCSB opt=A cache=0 num_hosts=2 threads=16 threads_eff=16 rep=1 load_ops=100000 load_thpt=260142 trans_ops=200000 trans_wall_max=0.025636 trans_agg_thpt=7801224 w_avg_ns=15113 w_p50_ns=6545 w_p99_ns=21497 r_avg_ns=2795 r_p50_ns=325 r_p99_ns=12410 # workloadb_optA_t16_cacheoff_rep1_kv256
YCSB opt=A cache=0 num_hosts=2 threads=32 threads_eff=32 rep=1 load_ops=100000 load_thpt=258364 trans_ops=200000 trans_wall_max=0.018042 trans_agg_thpt=11085245 w_avg_ns=9075 w_p50_ns=7385 w_p99_ns=37809 r_avg_ns=4260 r_p50_ns=530 r_p99_ns=18091 # workloadb_optA_t32_cacheoff_rep1_kv256
YCSB opt=A cache=0 num_hosts=2 threads=64 threads_eff=64 rep=1 load_ops=100000 load_thpt=180990 trans_ops=200000 trans_wall_max=0.631696 trans_agg_thpt=316607 w_avg_ns=10006 w_p50_ns=9272 w_p99_ns=57294 r_avg_ns=5518 r_p50_ns=7523 r_p99_ns=23846 # workloadb_optA_t64_cacheoff_rep1_kv256
YCSB opt=A cache=0 num_hosts=2 threads=1 threads_eff=1 rep=1 load_ops=100000 load_thpt=232526 trans_ops=200000 trans_wall_max=4.963258 trans_agg_thpt=40296 w_avg_ns=553692 w_p50_ns=9331 w_p99_ns=9719888 r_avg_ns=3496 r_p50_ns=130 r_p99_ns=10359 # workloadb_optA_t1_cacheoff_rep1_kv512
YCSB opt=A cache=0 num_hosts=2 threads=2 threads_eff=2 rep=1 load_ops=100000 load_thpt=232521 trans_ops=200000 trans_wall_max=0.729815 trans_agg_thpt=274041 w_avg_ns=95636 w_p50_ns=5335 w_p99_ns=5012953 r_avg_ns=1403 r_p50_ns=158 r_p99_ns=10211 # workloadb_optA_t2_cacheoff_rep1_kv512
YCSB opt=A cache=0 num_hosts=2 threads=4 threads_eff=4 rep=1 load_ops=100000 load_thpt=233578 trans_ops=200000 trans_wall_max=0.256468 trans_agg_thpt=779821 w_avg_ns=52915 w_p50_ns=6277 w_p99_ns=5013030 r_avg_ns=1490 r_p50_ns=224 r_p99_ns=10161 # workloadb_optA_t4_cacheoff_rep1_kv512
YCSB opt=A cache=0 num_hosts=2 threads=8 threads_eff=8 rep=1 load_ops=100000 load_thpt=232634 trans_ops=200000 trans_wall_max=0.065604 trans_agg_thpt=3048548 w_avg_ns=20919 w_p50_ns=6662 w_p99_ns=2269094 r_avg_ns=2069 r_p50_ns=272 r_p99_ns=10874 # workloadb_optA_t8_cacheoff_rep1_kv512
YCSB opt=A cache=0 num_hosts=2 threads=16 threads_eff=16 rep=1 load_ops=100000 load_thpt=235745 trans_ops=200000 trans_wall_max=0.027528 trans_agg_thpt=7265329 w_avg_ns=16841 w_p50_ns=6841 w_p99_ns=21171 r_avg_ns=2794 r_p50_ns=359 r_p99_ns=12582 # workloadb_optA_t16_cacheoff_rep1_kv512
YCSB opt=A cache=0 num_hosts=2 threads=32 threads_eff=32 rep=1 load_ops=100000 load_thpt=231159 trans_ops=200000 trans_wall_max=0.022325 trans_agg_thpt=8958165 w_avg_ns=32505 w_p50_ns=7753 w_p99_ns=4129576 r_avg_ns=4277 r_p50_ns=515 r_p99_ns=19088 # workloadb_optA_t32_cacheoff_rep1_kv512
YCSB opt=A cache=0 num_hosts=2 threads=64 threads_eff=64 rep=1 load_ops=100000 load_thpt=144766 trans_ops=200000 trans_wall_max=0.021837 trans_agg_thpt=9158347 w_avg_ns=15589 w_p50_ns=9720 w_p99_ns=8511066 r_avg_ns=5457 r_p50_ns=7488 r_p99_ns=23626 # workloadb_optA_t64_cacheoff_rep1_kv512
YCSB opt=A cache=0 num_hosts=2 threads=1 threads_eff=1 rep=1 load_ops=100000 load_thpt=207150 trans_ops=200000 trans_wall_max=4.829313 trans_agg_thpt=41413 w_avg_ns=542226 w_p50_ns=9865 w_p99_ns=9512498 r_avg_ns=3601 r_p50_ns=188 r_p99_ns=10951 # workloadb_optA_t1_cacheoff_rep1_kv1024
YCSB opt=A cache=0 num_hosts=2 threads=2 threads_eff=2 rep=1 load_ops=100000 load_thpt=209226 trans_ops=200000 trans_wall_max=0.582440 trans_agg_thpt=343382 w_avg_ns=76061 w_p50_ns=5746 w_p99_ns=5011348 r_avg_ns=1346 r_p50_ns=202 r_p99_ns=10663 # workloadb_optA_t2_cacheoff_rep1_kv1024
YCSB opt=A cache=0 num_hosts=2 threads=4 threads_eff=4 rep=1 load_ops=100000 load_thpt=207215 trans_ops=200000 trans_wall_max=0.190433 trans_agg_thpt=1050238 w_avg_ns=34241 w_p50_ns=6651 w_p99_ns=5010885 r_avg_ns=1555 r_p50_ns=250 r_p99_ns=10655 # workloadb_optA_t4_cacheoff_rep1_kv1024
YCSB opt=A cache=0 num_hosts=2 threads=8 threads_eff=8 rep=1 load_ops=100000 load_thpt=209433 trans_ops=200000 trans_wall_max=0.071206 trans_agg_thpt=2808712 w_avg_ns=20204 w_p50_ns=7028 w_p99_ns=19066 r_avg_ns=2150 r_p50_ns=285 r_p99_ns=11571 # workloadb_optA_t8_cacheoff_rep1_kv1024
YCSB opt=A cache=0 num_hosts=2 threads=16 threads_eff=16 rep=1 load_ops=100000 load_thpt=208541 trans_ops=200000 trans_wall_max=3.181086 trans_agg_thpt=62871 w_avg_ns=10769 w_p50_ns=7292 w_p99_ns=5010227 r_avg_ns=2849 r_p50_ns=352 r_p99_ns=13179 # workloadb_optA_t16_cacheoff_rep1_kv1024
YCSB opt=A cache=0 num_hosts=2 threads=32 threads_eff=32 rep=1 load_ops=100000 load_thpt=203700 trans_ops=200000 trans_wall_max=0.015246 trans_agg_thpt=13117334 w_avg_ns=9103 w_p50_ns=8013 w_p99_ns=31254 r_avg_ns=4271 r_p50_ns=513 r_p99_ns=19063 # workloadb_optA_t32_cacheoff_rep1_kv1024
YCSB opt=A cache=0 num_hosts=2 threads=64 threads_eff=64 rep=1 load_ops=100000 load_thpt=102472 trans_ops=200000 trans_wall_max=0.012994 trans_agg_thpt=15391719 w_avg_ns=13486 w_p50_ns=9582 w_p99_ns=5014467 r_avg_ns=5344 r_p50_ns=7359 r_p99_ns=26022 # workloadb_optA_t64_cacheoff_rep1_kv1024
YCSB opt=A cache=1 num_hosts=2 threads=1 threads_eff=1 rep=1 load_ops=100000 load_thpt=258367 trans_ops=200000 trans_wall_max=0.120599 trans_agg_thpt=1658374 w_avg_ns=0 w_p50_ns=0 w_p99_ns=0 r_avg_ns=1162 r_p50_ns=61 r_p99_ns=9984 # workloadc_optA_t1_cacheon_rep1_kv256
YCSB opt=A cache=1 num_hosts=2 threads=2 threads_eff=2 rep=1 load_ops=100000 load_thpt=259742 trans_ops=200000 trans_wall_max=0.063194 trans_agg_thpt=3164807 w_avg_ns=0 w_p50_ns=0 w_p99_ns=0 r_avg_ns=1116 r_p50_ns=169 r_p99_ns=9904 # workloadc_optA_t2_cacheon_rep1_kv256
YCSB opt=A cache=1 num_hosts=2 threads=4 threads_eff=4 rep=1 load_ops=100000 load_thpt=258424 trans_ops=200000 trans_wall_max=0.039802 trans_agg_thpt=5024746 w_avg_ns=0 w_p50_ns=0 w_p99_ns=0 r_avg_ns=1461 r_p50_ns=191 r_p99_ns=11877 # workloadc_optA_t4_cacheon_rep1_kv256
YCSB opt=A cache=1 num_hosts=2 threads=8 threads_eff=8 rep=1 load_ops=100000 load_thpt=262354 trans_ops=200000 trans_wall_max=0.027329 trans_agg_thpt=7317965 w_avg_ns=0 w_p50_ns=0 w_p99_ns=0 r_avg_ns=2007 r_p50_ns=211 r_p99_ns=10735 # workloadc_optA_t8_cacheon_rep1_kv256
YCSB opt=A cache=1 num_hosts=2 threads=16 threads_eff=16 rep=1 load_ops=100000 load_thpt=259663 trans_ops=200000 trans_wall_max=2.298910 trans_agg_thpt=86997 w_avg_ns=0 w_p50_ns=0 w_p99_ns=0 r_avg_ns=2716 r_p50_ns=253 r_p99_ns=12549 # workloadc_optA_t16_cacheon_rep1_kv256
YCSB opt=A cache=1 num_hosts=2 threads=32 threads_eff=32 rep=1 load_ops=100000 load_thpt=255100 trans_ops=200000 trans_wall_max=0.014958 trans_agg_thpt=13370771 w_avg_ns=0 w_p50_ns=0 w_p99_ns=0 r_avg_ns=4173 r_p50_ns=479 r_p99_ns=17575 # workloadc_optA_t32_cacheon_rep1_kv256
YCSB opt=A cache=1 num_hosts=2 threads=64 threads_eff=64 rep=1 load_ops=100000 load_thpt=186068 trans_ops=200000 trans_wall_max=0.446382 trans_agg_thpt=448046 w_avg_ns=0 w_p50_ns=0 w_p99_ns=0 r_avg_ns=5620 r_p50_ns=7455 r_p99_ns=22964 # workloadc_optA_t64_cacheon_rep1_kv256
YCSB opt=A cache=1 num_hosts=2 threads=1 threads_eff=1 rep=1 load_ops=100000 load_thpt=235851 trans_ops=200000 trans_wall_max=0.124693 trans_agg_thpt=1603926 w_avg_ns=0 w_p50_ns=0 w_p99_ns=0 r_avg_ns=1209 r_p50_ns=73 r_p99_ns=10261 # workloadc_optA_t1_cacheon_rep1_kv512
YCSB opt=A cache=1 num_hosts=2 threads=2 threads_eff=2 rep=1 load_ops=100000 load_thpt=232159 trans_ops=200000 trans_wall_max=0.065715 trans_agg_thpt=3043398 w_avg_ns=0 w_p50_ns=0 w_p99_ns=0 r_avg_ns=1173 r_p50_ns=189 r_p99_ns=10226 # workloadc_optA_t2_cacheon_rep1_kv512
YCSB opt=A cache=1 num_hosts=2 threads=4 threads_eff=4 rep=1 load_ops=100000 load_thpt=232379 trans_ops=200000 trans_wall_max=10.681306 trans_agg_thpt=18724 w_avg_ns=0 w_p50_ns=0 w_p99_ns=0 r_avg_ns=1369 r_p50_ns=211 r_p99_ns=10230 # workloadc_optA_t4_cacheon_rep1_kv512
YCSB opt=A cache=1 num_hosts=2 threads=8 threads_eff=8 rep=1 load_ops=100000 load_thpt=234325 trans_ops=200000 trans_wall_max=0.027954 trans_agg_thpt=7154355 w_avg_ns=0 w_p50_ns=0 w_p99_ns=0 r_avg_ns=2057 r_p50_ns=243 r_p99_ns=11114 # workloadc_optA_t8_cacheon_rep1_kv512
YCSB opt=A cache=1 num_hosts=2 threads=16 threads_eff=16 rep=1 load_ops=100000 load_thpt=232845 trans_ops=200000 trans_wall_max=0.019142 trans_agg_thpt=10448229 w_avg_ns=0 w_p50_ns=0 w_p99_ns=0 r_avg_ns=2813 r_p50_ns=302 r_p99_ns=12944 # workloadc_optA_t16_cacheon_rep1_kv512
YCSB opt=A cache=1 num_hosts=2 threads=32 threads_eff=32 rep=1 load_ops=100000 load_thpt=228143 trans_ops=200000 trans_wall_max=0.015284 trans_agg_thpt=13084723 w_avg_ns=0 w_p50_ns=0 w_p99_ns=0 r_avg_ns=4236 r_p50_ns=530 r_p99_ns=18533 # workloadc_optA_t32_cacheon_rep1_kv512
YCSB opt=A cache=1 num_hosts=2 threads=64 threads_eff=64 rep=1 load_ops=100000 load_thpt=148485 trans_ops=200000 trans_wall_max=0.011000 trans_agg_thpt=18181818 w_avg_ns=0 w_p50_ns=0 w_p99_ns=0 r_avg_ns=5590 r_p50_ns=7533 r_p99_ns=25111 # workloadc_optA_t64_cacheon_rep1_kv512
YCSB opt=A cache=1 num_hosts=2 threads=1 threads_eff=1 rep=1 load_ops=100000 load_thpt=207901 trans_ops=200000 trans_wall_max=0.130649 trans_agg_thpt=1530807 w_avg_ns=0 w_p50_ns=0 w_p99_ns=0 r_avg_ns=1278 r_p50_ns=156 r_p99_ns=10791 # workloadc_optA_t1_cacheon_rep1_kv1024
YCSB opt=A cache=1 num_hosts=2 threads=2 threads_eff=2 rep=1 load_ops=100000 load_thpt=208310 trans_ops=200000 trans_wall_max=25.117975 trans_agg_thpt=7962 w_avg_ns=0 w_p50_ns=0 w_p99_ns=0 r_avg_ns=978 r_p50_ns=200 r_p99_ns=10677 # workloadc_optA_t2_cacheon_rep1_kv1024
YCSB opt=A cache=1 num_hosts=2 threads=4 threads_eff=4 rep=1 load_ops=100000 load_thpt=208277 trans_ops=200000 trans_wall_max=10.681799 trans_agg_thpt=18723 w_avg_ns=0 w_p50_ns=0 w_p99_ns=0 r_avg_ns=1406 r_p50_ns=232 r_p99_ns=10698 # workloadc_optA_t4_cacheon_rep1_kv1024
YCSB opt=A cache=1 num_hosts=2 threads=8 threads_eff=8 rep=1 load_ops=100000 load_thpt=208372 trans_ops=200000 trans_wall_max=0.028546 trans_agg_thpt=7006235 w_avg_ns=0 w_p50_ns=0 w_p99_ns=0 r_avg_ns=2104 r_p50_ns=258 r_p99_ns=11583 # workloadc_optA_t8_cacheon_rep1_kv1024
YCSB opt=A cache=1 num_hosts=2 threads=16 threads_eff=16 rep=1 load_ops=100000 load_thpt=208684 trans_ops=200000 trans_wall_max=0.019482 trans_agg_thpt=10265886 w_avg_ns=0 w_p50_ns=0 w_p99_ns=0 r_avg_ns=2865 r_p50_ns=329 r_p99_ns=13450 # workloadc_optA_t16_cacheon_rep1_kv1024
YCSB opt=A cache=1 num_hosts=2 threads=32 threads_eff=32 rep=1 load_ops=100000 load_thpt=204105 trans_ops=200000 trans_wall_max=0.015368 trans_agg_thpt=13013208 w_avg_ns=0 w_p50_ns=0 w_p99_ns=0 r_avg_ns=4207 r_p50_ns=518 r_p99_ns=18901 # workloadc_optA_t32_cacheon_rep1_kv1024
YCSB opt=A cache=1 num_hosts=2 threads=64 threads_eff=64 rep=1 load_ops=100000 load_thpt=121889 trans_ops=200000 trans_wall_max=0.010967 trans_agg_thpt=18236527 w_avg_ns=0 w_p50_ns=0 w_p99_ns=0 r_avg_ns=5304 r_p50_ns=7400 r_p99_ns=23676 # workloadc_optA_t64_cacheon_rep1_kv1024
YCSB opt=A cache=0 num_hosts=2 threads=1 threads_eff=1 rep=1 load_ops=100000 load_thpt=258286 trans_ops=200000 trans_wall_max=0.120128 trans_agg_thpt=1664876 w_avg_ns=0 w_p50_ns=0 w_p99_ns=0 r_avg_ns=1159 r_p50_ns=61 r_p99_ns=9965 # workloadc_optA_t1_cacheoff_rep1_kv256
YCSB opt=A cache=0 num_hosts=2 threads=2 threads_eff=2 rep=1 load_ops=100000 load_thpt=259689 trans_ops=200000 trans_wall_max=25.074809 trans_agg_thpt=7976 w_avg_ns=0 w_p50_ns=0 w_p99_ns=0 r_avg_ns=892 r_p50_ns=167 r_p99_ns=9893 # workloadc_optA_t2_cacheoff_rep1_kv256
YCSB opt=A cache=0 num_hosts=2 threads=4 threads_eff=4 rep=1 load_ops=100000 load_thpt=258457 trans_ops=200000 trans_wall_max=10.680899 trans_agg_thpt=18725 w_avg_ns=0 w_p50_ns=0 w_p99_ns=0 r_avg_ns=1230 r_p50_ns=189 r_p99_ns=9719 # workloadc_optA_t4_cacheoff_rep1_kv256
YCSB opt=A cache=0 num_hosts=2 threads=8 threads_eff=8 rep=1 load_ops=100000 load_thpt=259210 trans_ops=200000 trans_wall_max=4.772528 trans_agg_thpt=41906 w_avg_ns=0 w_p50_ns=0 w_p99_ns=0 r_avg_ns=1961 r_p50_ns=217 r_p99_ns=10475 # workloadc_optA_t8_cacheoff_rep1_kv256
YCSB opt=A cache=0 num_hosts=2 threads=16 threads_eff=16 rep=1 load_ops=100000 load_thpt=260930 trans_ops=200000 trans_wall_max=0.018942 trans_agg_thpt=10557989 w_avg_ns=0 w_p50_ns=0 w_p99_ns=0 r_avg_ns=2774 r_p50_ns=287 r_p99_ns=12573 # workloadc_optA_t16_cacheoff_rep1_kv256
YCSB opt=A cache=0 num_hosts=2 threads=32 threads_eff=32 rep=1 load_ops=100000 load_thpt=255707 trans_ops=200000 trans_wall_max=0.014932 trans_agg_thpt=13393156 w_avg_ns=0 w_p50_ns=0 w_p99_ns=0 r_avg_ns=4149 r_p50_ns=477 r_p99_ns=17482 # workloadc_optA_t32_cacheoff_rep1_kv256
YCSB opt=A cache=0 num_hosts=2 threads=64 threads_eff=64 rep=1 load_ops=100000 load_thpt=190443 trans_ops=200000 trans_wall_max=0.010970 trans_agg_thpt=18229878 w_avg_ns=0 w_p50_ns=0 w_p99_ns=0 r_avg_ns=5419 r_p50_ns=7523 r_p99_ns=23520 # workloadc_optA_t64_cacheoff_rep1_kv256
YCSB opt=A cache=0 num_hosts=2 threads=1 threads_eff=1 rep=1 load_ops=100000 load_thpt=234732 trans_ops=200000 trans_wall_max=0.125339 trans_agg_thpt=1595659 w_avg_ns=0 w_p50_ns=0 w_p99_ns=0 r_avg_ns=1218 r_p50_ns=71 r_p99_ns=10290 # workloadc_optA_t1_cacheoff_rep1_kv512
YCSB opt=A cache=0 num_hosts=2 threads=2 threads_eff=2 rep=1 load_ops=100000 load_thpt=233025 trans_ops=200000 trans_wall_max=0.065207 trans_agg_thpt=3067108 w_avg_ns=0 w_p50_ns=0 w_p99_ns=0 r_avg_ns=1165 r_p50_ns=190 r_p99_ns=10216 # workloadc_optA_t2_cacheoff_rep1_kv512
YCSB opt=A cache=0 num_hosts=2 threads=4 threads_eff=4 rep=1 load_ops=100000 load_thpt=232586 trans_ops=200000 trans_wall_max=0.039636 trans_agg_thpt=5045917 w_avg_ns=0 w_p50_ns=0 w_p99_ns=0 r_avg_ns=1481 r_p50_ns=206 r_p99_ns=10255 # workloadc_optA_t4_cacheoff_rep1_kv512
YCSB opt=A cache=0 num_hosts=2 threads=8 threads_eff=8 rep=1 load_ops=100000 load_thpt=234446 trans_ops=200000 trans_wall_max=0.028075 trans_agg_thpt=7123775 w_avg_ns=0 w_p50_ns=0 w_p99_ns=0 r_avg_ns=2053 r_p50_ns=238 r_p99_ns=10828 # workloadc_optA_t8_cacheoff_rep1_kv512
YCSB opt=A cache=0 num_hosts=2 threads=16 threads_eff=16 rep=1 load_ops=100000 load_thpt=235481 trans_ops=200000 trans_wall_max=0.019163 trans_agg_thpt=10436779 w_avg_ns=0 w_p50_ns=0 w_p99_ns=0 r_avg_ns=2790 r_p50_ns=307 r_p99_ns=12934 # workloadc_optA_t16_cacheoff_rep1_kv512
YCSB opt=A cache=0 num_hosts=2 threads=32 threads_eff=32 rep=1 load_ops=100000 load_thpt=230804 trans_ops=200000 trans_wall_max=0.015036 trans_agg_thpt=13300525 w_avg_ns=0 w_p50_ns=0 w_p99_ns=0 r_avg_ns=4248 r_p50_ns=509 r_p99_ns=18621 # workloadc_optA_t32_cacheoff_rep1_kv512
YCSB opt=A cache=0 num_hosts=2 threads=64 threads_eff=64 rep=1 load_ops=100000 load_thpt=135203 trans_ops=200000 trans_wall_max=0.011056 trans_agg_thpt=18088088 w_avg_ns=0 w_p50_ns=0 w_p99_ns=0 r_avg_ns=5703 r_p50_ns=7465 r_p99_ns=24647 # workloadc_optA_t64_cacheoff_rep1_kv512
YCSB opt=A cache=0 num_hosts=2 threads=1 threads_eff=1 rep=1 load_ops=100000 load_thpt=208604 trans_ops=200000 trans_wall_max=0.130411 trans_agg_thpt=1533612 w_avg_ns=0 w_p50_ns=0 w_p99_ns=0 r_avg_ns=1277 r_p50_ns=156 r_p99_ns=10780 # workloadc_optA_t1_cacheoff_rep1_kv1024
YCSB opt=A cache=0 num_hosts=2 threads=2 threads_eff=2 rep=1 load_ops=100000 load_thpt=207935 trans_ops=200000 trans_wall_max=0.068416 trans_agg_thpt=2923292 w_avg_ns=0 w_p50_ns=0 w_p99_ns=0 r_avg_ns=1230 r_p50_ns=202 r_p99_ns=10732 # workloadc_optA_t2_cacheoff_rep1_kv1024
YCSB opt=A cache=0 num_hosts=2 threads=4 threads_eff=4 rep=1 load_ops=100000 load_thpt=208202 trans_ops=200000 trans_wall_max=0.041393 trans_agg_thpt=4831618 w_avg_ns=0 w_p50_ns=0 w_p99_ns=0 r_avg_ns=1509 r_p50_ns=230 r_p99_ns=10715 # workloadc_optA_t4_cacheoff_rep1_kv1024
YCSB opt=A cache=0 num_hosts=2 threads=8 threads_eff=8 rep=1 load_ops=100000 load_thpt=208146 trans_ops=200000 trans_wall_max=0.028700 trans_agg_thpt=6968398 w_avg_ns=0 w_p50_ns=0 w_p99_ns=0 r_avg_ns=2058 r_p50_ns=261 r_p99_ns=11552 # workloadc_optA_t8_cacheoff_rep1_kv1024
YCSB opt=A cache=0 num_hosts=2 threads=16 threads_eff=16 rep=1 load_ops=100000 load_thpt=211944 trans_ops=200000 trans_wall_max=0.161002 trans_agg_thpt=1242220 w_avg_ns=0 w_p50_ns=0 w_p99_ns=0 r_avg_ns=2803 r_p50_ns=322 r_p99_ns=13275 # workloadc_optA_t16_cacheoff_rep1_kv1024
YCSB opt=A cache=0 num_hosts=2 threads=32 threads_eff=32 rep=1 load_ops=100000 load_thpt=202939 trans_ops=200000 trans_wall_max=0.015390 trans_agg_thpt=12995451 w_avg_ns=0 w_p50_ns=0 w_p99_ns=0 r_avg_ns=4335 r_p50_ns=545 r_p99_ns=19596 # workloadc_optA_t32_cacheoff_rep1_kv1024
YCSB opt=A cache=0 num_hosts=2 threads=64 threads_eff=64 rep=1 load_ops=100000 load_thpt=107722 trans_ops=200000 trans_wall_max=0.011362 trans_agg_thpt=17600985 w_avg_ns=0 w_p50_ns=0 w_p99_ns=0 r_avg_ns=5606 r_p50_ns=7465 r_p99_ns=26305 # workloadc_optA_t64_cacheoff_rep1_kv1024
YCSB opt=A cache=1 num_hosts=2 threads=1 threads_eff=1 rep=1 load_ops=100000 load_thpt=258196 trans_ops=200000 trans_wall_max=0.159792 trans_agg_thpt=1251619 w_avg_ns=6924 w_p50_ns=7891 w_p99_ns=10487 r_avg_ns=1275 r_p50_ns=72 r_p99_ns=9952 # workloadd_optA_t1_cacheon_rep1_kv256
YCSB opt=A cache=1 num_hosts=2 threads=2 threads_eff=2 rep=1 load_ops=100000 load_thpt=258855 trans_ops=200000 trans_wall_max=0.081438 trans_agg_thpt=2455825 w_avg_ns=7080 w_p50_ns=7828 w_p99_ns=19490 r_avg_ns=1190 r_p50_ns=181 r_p99_ns=9906 # workloadd_optA_t2_cacheon_rep1_kv256
YCSB opt=A cache=1 num_hosts=2 threads=4 threads_eff=4 rep=1 load_ops=100000 load_thpt=258703 trans_ops=200000 trans_wall_max=0.043305 trans_agg_thpt=4618297 w_avg_ns=8151 w_p50_ns=6896 w_p99_ns=17631 r_avg_ns=1484 r_p50_ns=193 r_p99_ns=9918 # workloadd_optA_t4_cacheon_rep1_kv256
YCSB opt=A cache=1 num_hosts=2 threads=8 threads_eff=8 rep=1 load_ops=100000 load_thpt=258991 trans_ops=200000 trans_wall_max=0.030473 trans_agg_thpt=6563187 w_avg_ns=9755 w_p50_ns=8734 w_p99_ns=20429 r_avg_ns=2087 r_p50_ns=219 r_p99_ns=10945 # workloadd_optA_t8_cacheon_rep1_kv256
YCSB opt=A cache=1 num_hosts=2 threads=16 threads_eff=16 rep=1 load_ops=100000 load_thpt=260039 trans_ops=200000 trans_wall_max=0.020327 trans_agg_thpt=9839130 w_avg_ns=11252 w_p50_ns=14132 w_p99_ns=21565 r_avg_ns=2818 r_p50_ns=301 r_p99_ns=12722 # workloadd_optA_t16_cacheon_rep1_kv256
YCSB opt=A cache=1 num_hosts=2 threads=32 threads_eff=32 rep=1 load_ops=100000 load_thpt=255472 trans_ops=200000 trans_wall_max=0.015529 trans_agg_thpt=12878300 w_avg_ns=14258 w_p50_ns=15636 w_p99_ns=51626 r_avg_ns=4238 r_p50_ns=512 r_p99_ns=17796 # workloadd_optA_t32_cacheon_rep1_kv256
YCSB opt=A cache=1 num_hosts=2 threads=64 threads_eff=64 rep=1 load_ops=100000 load_thpt=174715 trans_ops=200000 trans_wall_max=0.011801 trans_agg_thpt=16947716 w_avg_ns=16574 w_p50_ns=17539 w_p99_ns=49978 r_avg_ns=5520 r_p50_ns=7601 r_p99_ns=23005 # workloadd_optA_t64_cacheon_rep1_kv256
YCSB opt=A cache=1 num_hosts=2 threads=1 threads_eff=1 rep=1 load_ops=100000 load_thpt=232517 trans_ops=200000 trans_wall_max=0.164301 trans_agg_thpt=1217278 w_avg_ns=7005 w_p50_ns=8136 w_p99_ns=10906 r_avg_ns=1326 r_p50_ns=110 r_p99_ns=10239 # workloadd_optA_t1_cacheon_rep1_kv512
YCSB opt=A cache=1 num_hosts=2 threads=2 threads_eff=2 rep=1 load_ops=100000 load_thpt=232207 trans_ops=200000 trans_wall_max=33.075046 trans_agg_thpt=6046 w_avg_ns=6822 w_p50_ns=6867 w_p99_ns=16428 r_avg_ns=963 r_p50_ns=186 r_p99_ns=10129 # workloadd_optA_t2_cacheon_rep1_kv512
YCSB opt=A cache=1 num_hosts=2 threads=4 threads_eff=4 rep=1 load_ops=100000 load_thpt=231695 trans_ops=200000 trans_wall_max=14.778631 trans_agg_thpt=13533 w_avg_ns=8247 w_p50_ns=7070 w_p99_ns=18112 r_avg_ns=1413 r_p50_ns=219 r_p99_ns=10163 # workloadd_optA_t4_cacheon_rep1_kv512
YCSB opt=A cache=1 num_hosts=2 threads=8 threads_eff=8 rep=1 load_ops=100000 load_thpt=232853 trans_ops=200000 trans_wall_max=0.030506 trans_agg_thpt=6555872 w_avg_ns=9909 w_p50_ns=8878 w_p99_ns=21660 r_avg_ns=2109 r_p50_ns=248 r_p99_ns=10990 # workloadd_optA_t8_cacheon_rep1_kv512
YCSB opt=A cache=1 num_hosts=2 threads=16 threads_eff=16 rep=1 load_ops=100000 load_thpt=235008 trans_ops=200000 trans_wall_max=0.020542 trans_agg_thpt=9735676 w_avg_ns=11520 w_p50_ns=14544 w_p99_ns=23253 r_avg_ns=2843 r_p50_ns=329 r_p99_ns=13424 # workloadd_optA_t16_cacheon_rep1_kv512
YCSB opt=A cache=1 num_hosts=2 threads=32 threads_eff=32 rep=1 load_ops=100000 load_thpt=230266 trans_ops=200000 trans_wall_max=1.423501 trans_agg_thpt=140498 w_avg_ns=14411 w_p50_ns=15825 w_p99_ns=38418 r_avg_ns=4140 r_p50_ns=550 r_p99_ns=18383 # workloadd_optA_t32_cacheon_rep1_kv512
YCSB opt=A cache=1 num_hosts=2 threads=64 threads_eff=64 rep=1 load_ops=100000 load_thpt=133358 trans_ops=200000 trans_wall_max=2.259614 trans_agg_thpt=88510 w_avg_ns=16810 w_p50_ns=17752 w_p99_ns=58292 r_avg_ns=5454 r_p50_ns=7560 r_p99_ns=22634 # workloadd_optA_t64_cacheon_rep1_kv512
YCSB opt=A cache=1 num_hosts=2 threads=1 threads_eff=1 rep=1 load_ops=100000 load_thpt=207483 trans_ops=200000 trans_wall_max=0.173653 trans_agg_thpt=1151722 w_avg_ns=7443 w_p50_ns=8865 w_p99_ns=11435 r_avg_ns=1398 r_p50_ns=171 r_p99_ns=10793 # workloadd_optA_t1_cacheon_rep1_kv1024
YCSB opt=A cache=1 num_hosts=2 threads=2 threads_eff=2 rep=1 load_ops=100000 load_thpt=208659 trans_ops=200000 trans_wall_max=0.087988 trans_agg_thpt=2273037 w_avg_ns=7687 w_p50_ns=8736 w_p99_ns=19591 r_avg_ns=1265 r_p50_ns=211 r_p99_ns=10716 # workloadd_optA_t2_cacheon_rep1_kv1024
YCSB opt=A cache=1 num_hosts=2 threads=4 threads_eff=4 rep=1 load_ops=100000 load_thpt=208397 trans_ops=200000 trans_wall_max=0.047307 trans_agg_thpt=4227614 w_avg_ns=8717 w_p50_ns=7454 w_p99_ns=18209 r_avg_ns=1551 r_p50_ns=240 r_p99_ns=10754 # workloadd_optA_t4_cacheon_rep1_kv1024
YCSB opt=A cache=1 num_hosts=2 threads=8 threads_eff=8 rep=1 load_ops=100000 load_thpt=208786 trans_ops=200000 trans_wall_max=7.092118 trans_agg_thpt=28200 w_avg_ns=10152 w_p50_ns=9131 w_p99_ns=20800 r_avg_ns=2067 r_p50_ns=265 r_p99_ns=11597 # workloadd_optA_t8_cacheon_rep1_kv1024
YCSB opt=A cache=1 num_hosts=2 threads=16 threads_eff=16 rep=1 load_ops=100000 load_thpt=210979 trans_ops=200000 trans_wall_max=0.021561 trans_agg_thpt=9275577 w_avg_ns=11887 w_p50_ns=14813 w_p99_ns=24167 r_avg_ns=2960 r_p50_ns=378 r_p99_ns=13817 # workloadd_optA_t16_cacheon_rep1_kv1024
YCSB opt=A cache=1 num_hosts=2 threads=32 threads_eff=32 rep=1 load_ops=100000 load_thpt=202985 trans_ops=200000 trans_wall_max=1.618275 trans_agg_thpt=123588 w_avg_ns=15069 w_p50_ns=16422 w_p99_ns=39774 r_avg_ns=4313 r_p50_ns=549 r_p99_ns=19086 # workloadd_optA_t32_cacheon_rep1_kv1024
YCSB opt=A cache=1 num_hosts=2 threads=64 threads_eff=64 rep=1 load_ops=100000 load_thpt=111515 trans_ops=200000 trans_wall_max=1.377541 trans_agg_thpt=145186 w_avg_ns=17264 w_p50_ns=17573 w_p99_ns=64589 r_avg_ns=5817 r_p50_ns=7618 r_p99_ns=26644 # workloadd_optA_t64_cacheon_rep1_kv1024
YCSB opt=A cache=0 num_hosts=2 threads=1 threads_eff=1 rep=1 load_ops=100000 load_thpt=259254 trans_ops=200000 trans_wall_max=0.159066 trans_agg_thpt=1257339 w_avg_ns=6796 w_p50_ns=7910 w_p99_ns=10475 r_avg_ns=1275 r_p50_ns=71 r_p99_ns=9959 # workloadd_optA_t1_cacheoff_rep1_kv256
YCSB opt=A cache=0 num_hosts=2 threads=2 threads_eff=2 rep=1 load_ops=100000 load_thpt=262633 trans_ops=200000 trans_wall_max=33.083276 trans_agg_thpt=6045 w_avg_ns=6708 w_p50_ns=6720 w_p99_ns=18978 r_avg_ns=908 r_p50_ns=161 r_p99_ns=9858 # workloadd_optA_t2_cacheoff_rep1_kv256
YCSB opt=A cache=0 num_hosts=2 threads=4 threads_eff=4 rep=1 load_ops=100000 load_thpt=261245 trans_ops=200000 trans_wall_max=14.777639 trans_agg_thpt=13533 w_avg_ns=7984 w_p50_ns=6851 w_p99_ns=17986 r_avg_ns=1333 r_p50_ns=192 r_p99_ns=9825 # workloadd_optA_t4_cacheoff_rep1_kv256
YCSB opt=A cache=0 num_hosts=2 threads=8 threads_eff=8 rep=1 load_ops=100000 load_thpt=261207 trans_ops=200000 trans_wall_max=0.030112 trans_agg_thpt=6641870 w_avg_ns=9625 w_p50_ns=8653 w_p99_ns=19286 r_avg_ns=2041 r_p50_ns=239 r_p99_ns=10601 # workloadd_optA_t8_cacheoff_rep1_kv256
YCSB opt=A cache=0 num_hosts=2 threads=16 threads_eff=16 rep=1 load_ops=100000 load_thpt=258885 trans_ops=200000 trans_wall_max=0.203077 trans_agg_thpt=984848 w_avg_ns=11207 w_p50_ns=14177 w_p99_ns=21364 r_avg_ns=2797 r_p50_ns=324 r_p99_ns=12992 # workloadd_optA_t16_cacheoff_rep1_kv256
YCSB opt=A cache=0 num_hosts=2 threads=32 threads_eff=32 rep=1 load_ops=100000 load_thpt=257817 trans_ops=200000 trans_wall_max=1.618052 trans_agg_thpt=123605 w_avg_ns=14373 w_p50_ns=15627 w_p99_ns=39641 r_avg_ns=4246 r_p50_ns=534 r_p99_ns=18205 # workloadd_optA_t32_cacheoff_rep1_kv256
YCSB opt=A cache=0 num_hosts=2 threads=64 threads_eff=64 rep=1 load_ops=100000 load_thpt=181794 trans_ops=200000 trans_wall_max=0.011566 trans_agg_thpt=17290567 w_avg_ns=16835 w_p50_ns=17522 w_p99_ns=58841 r_avg_ns=6102 r_p50_ns=7614 r_p99_ns=24759 # workloadd_optA_t64_cacheoff_rep1_kv256
YCSB opt=A cache=0 num_hosts=2 threads=1 threads_eff=1 rep=1 load_ops=100000 load_thpt=231633 trans_ops=200000 trans_wall_max=0.164550 trans_agg_thpt=1215436 w_avg_ns=7007 w_p50_ns=8160 w_p99_ns=10799 r_avg_ns=1326 r_p50_ns=114 r_p99_ns=10237 # workloadd_optA_t1_cacheoff_rep1_kv512
YCSB opt=A cache=0 num_hosts=2 threads=2 threads_eff=2 rep=1 load_ops=100000 load_thpt=232260 trans_ops=200000 trans_wall_max=0.084105 trans_agg_thpt=2377951 w_avg_ns=7291 w_p50_ns=8217 w_p99_ns=19400 r_avg_ns=1231 r_p50_ns=197 r_p99_ns=10189 # workloadd_optA_t2_cacheoff_rep1_kv512
YCSB opt=A cache=0 num_hosts=2 threads=4 threads_eff=4 rep=1 load_ops=100000 load_thpt=233750 trans_ops=200000 trans_wall_max=0.044509 trans_agg_thpt=4493372 w_avg_ns=8358 w_p50_ns=7155 w_p99_ns=17727 r_avg_ns=1525 r_p50_ns=216 r_p99_ns=10165 # workloadd_optA_t4_cacheoff_rep1_kv512
YCSB opt=A cache=0 num_hosts=2 threads=8 threads_eff=8 rep=1 load_ops=100000 load_thpt=233209 trans_ops=200000 trans_wall_max=0.030734 trans_agg_thpt=6507451 w_avg_ns=9909 w_p50_ns=8868 w_p99_ns=19461 r_avg_ns=2103 r_p50_ns=255 r_p99_ns=11051 # workloadd_optA_t8_cacheoff_rep1_kv512
YCSB opt=A cache=0 num_hosts=2 threads=16 threads_eff=16 rep=1 load_ops=100000 load_thpt=233570 trans_ops=200000 trans_wall_max=0.020857 trans_agg_thpt=9589106 w_avg_ns=11628 w_p50_ns=14589 w_p99_ns=27792 r_avg_ns=2861 r_p50_ns=382 r_p99_ns=13826 # workloadd_optA_t16_cacheoff_rep1_kv512
YCSB opt=A cache=0 num_hosts=2 threads=32 threads_eff=32 rep=1 load_ops=100000 load_thpt=229501 trans_ops=200000 trans_wall_max=0.015741 trans_agg_thpt=12705673 w_avg_ns=14480 w_p50_ns=15855 w_p99_ns=39990 r_avg_ns=4199 r_p50_ns=541 r_p99_ns=18348 # workloadd_optA_t32_cacheoff_rep1_kv512
YCSB opt=A cache=0 num_hosts=2 threads=64 threads_eff=64 rep=1 load_ops=100000 load_thpt=143236 trans_ops=200000 trans_wall_max=0.011539 trans_agg_thpt=17332524 w_avg_ns=17050 w_p50_ns=17758 w_p99_ns=46125 r_avg_ns=5642 r_p50_ns=7620 r_p99_ns=24980 # workloadd_optA_t64_cacheoff_rep1_kv512
YCSB opt=A cache=0 num_hosts=2 threads=1 threads_eff=1 rep=1 load_ops=100000 load_thpt=207659 trans_ops=200000 trans_wall_max=0.173041 trans_agg_thpt=1155788 w_avg_ns=7445 w_p50_ns=8793 w_p99_ns=11395 r_avg_ns=1395 r_p50_ns=172 r_p99_ns=10754 # workloadd_optA_t1_cacheoff_rep1_kv1024
YCSB opt=A cache=0 num_hosts=2 threads=2 threads_eff=2 rep=1 load_ops=100000 load_thpt=208467 trans_ops=200000 trans_wall_max=0.087747 trans_agg_thpt=2279254 w_avg_ns=7665 w_p50_ns=8654 w_p99_ns=16959 r_avg_ns=1252 r_p50_ns=213 r_p99_ns=10717 # workloadd_optA_t2_cacheoff_rep1_kv1024
YCSB opt=A cache=0 num_hosts=2 threads=4 threads_eff=4 rep=1 load_ops=100000 load_thpt=207260 trans_ops=200000 trans_wall_max=15.019834 trans_agg_thpt=13315 w_avg_ns=8563 w_p50_ns=7364 w_p99_ns=19259 r_avg_ns=1424 r_p50_ns=239 r_p99_ns=10740 # workloadd_optA_t4_cacheoff_rep1_kv1024
YCSB opt=A cache=0 num_hosts=2 threads=8 threads_eff=8 rep=1 load_ops=100000 load_thpt=208129 trans_ops=200000 trans_wall_max=0.032263 trans_agg_thpt=6199051 w_avg_ns=10192 w_p50_ns=9164 w_p99_ns=20097 r_avg_ns=2146 r_p50_ns=279 r_p99_ns=11774 # workloadd_optA_t8_cacheoff_rep1_kv1024
YCSB opt=A cache=0 num_hosts=2 threads=16 threads_eff=16 rep=1 load_ops=100000 load_thpt=208442 trans_ops=200000 trans_wall_max=3.471764 trans_agg_thpt=57607 w_avg_ns=11882 w_p50_ns=14667 w_p99_ns=22950 r_avg_ns=2868 r_p50_ns=402 r_p99_ns=13857 # workloadd_optA_t16_cacheoff_rep1_kv1024
YCSB opt=A cache=0 num_hosts=2 threads=32 threads_eff=32 rep=1 load_ops=100000 load_thpt=206347 trans_ops=200000 trans_wall_max=0.015802 trans_agg_thpt=12656625 w_avg_ns=14844 w_p50_ns=16255 w_p99_ns=44554 r_avg_ns=4366 r_p50_ns=576 r_p99_ns=20307 # workloadd_optA_t32_cacheoff_rep1_kv1024
YCSB opt=A cache=0 num_hosts=2 threads=64 threads_eff=64 rep=1 load_ops=100000 load_thpt=110409 trans_ops=200000 trans_wall_max=0.011301 trans_agg_thpt=17695983 w_avg_ns=17058 w_p50_ns=17380 w_p99_ns=52600 r_avg_ns=5459 r_p50_ns=7267 r_p99_ns=25065 # workloadd_optA_t64_cacheoff_rep1_kv1024
YCSB opt=A cache=1 num_hosts=2 threads=1 threads_eff=1 rep=1 load_ops=100000 load_thpt=260212 trans_ops=200000 trans_wall_max=21.308847 trans_agg_thpt=9385 w_avg_ns=351562 w_p50_ns=9110 w_p99_ns=5097255 r_avg_ns=5573 r_p50_ns=199 r_p99_ns=10176 # workloadf_optA_t1_cacheon_rep1_kv256
YCSB opt=A cache=1 num_hosts=2 threads=2 threads_eff=2 rep=1 load_ops=100000 load_thpt=259452 trans_ops=200000 trans_wall_max=1.190855 trans_agg_thpt=167946 w_avg_ns=17842 w_p50_ns=4750 w_p99_ns=15329 r_avg_ns=1370 r_p50_ns=199 r_p99_ns=9993 # workloadf_optA_t2_cacheon_rep1_kv256
YCSB opt=A cache=1 num_hosts=2 threads=4 threads_eff=4 rep=1 load_ops=100000 load_thpt=258048 trans_ops=200000 trans_wall_max=0.366289 trans_agg_thpt=546015 w_avg_ns=11525 w_p50_ns=4588 w_p99_ns=14846 r_avg_ns=1738 r_p50_ns=256 r_p99_ns=11822 # workloadf_optA_t4_cacheon_rep1_kv256
YCSB opt=A cache=1 num_hosts=2 threads=8 threads_eff=8 rep=1 load_ops=100000 load_thpt=259555 trans_ops=200000 trans_wall_max=0.121916 trans_agg_thpt=1640460 w_avg_ns=9485 w_p50_ns=5077 w_p99_ns=15542 r_avg_ns=2341 r_p50_ns=317 r_p99_ns=11207 # workloadf_optA_t8_cacheon_rep1_kv256
YCSB opt=A cache=1 num_hosts=2 threads=16 threads_eff=16 rep=1 load_ops=100000 load_thpt=261346 trans_ops=200000 trans_wall_max=0.035008 trans_agg_thpt=5712979 w_avg_ns=6961 w_p50_ns=6482 w_p99_ns=16855 r_avg_ns=3061 r_p50_ns=392 r_p99_ns=12692 # workloadf_optA_t16_cacheon_rep1_kv256
YCSB opt=A cache=1 num_hosts=2 threads=32 threads_eff=32 rep=1 load_ops=100000 load_thpt=257051 trans_ops=200000 trans_wall_max=0.021055 trans_agg_thpt=9498480 w_avg_ns=9721 w_p50_ns=7766 w_p99_ns=28183 r_avg_ns=4507 r_p50_ns=718 r_p99_ns=18155 # workloadf_optA_t32_cacheon_rep1_kv256
YCSB opt=A cache=1 num_hosts=2 threads=64 threads_eff=64 rep=1 load_ops=100000 load_thpt=173048 trans_ops=200000 trans_wall_max=1.878792 trans_agg_thpt=106451 w_avg_ns=11878 w_p50_ns=9712 w_p99_ns=296226 r_avg_ns=5713 r_p50_ns=7638 r_p99_ns=22682 # workloadf_optA_t64_cacheon_rep1_kv256
YCSB opt=A cache=1 num_hosts=2 threads=1 threads_eff=1 rep=1 load_ops=100000 load_thpt=233440 trans_ops=200000 trans_wall_max=21.453644 trans_agg_thpt=9322 w_avg_ns=358452 w_p50_ns=9473 w_p99_ns=5124532 r_avg_ns=5363 r_p50_ns=229 r_p99_ns=10406 # workloadf_optA_t1_cacheon_rep1_kv512
YCSB opt=A cache=1 num_hosts=2 threads=2 threads_eff=2 rep=1 load_ops=100000 load_thpt=234009 trans_ops=200000 trans_wall_max=1.168400 trans_agg_thpt=171174 w_avg_ns=17158 w_p50_ns=5129 w_p99_ns=15583 r_avg_ns=1701 r_p50_ns=227 r_p99_ns=10230 # workloadf_optA_t2_cacheon_rep1_kv512
YCSB opt=A cache=1 num_hosts=2 threads=4 threads_eff=4 rep=1 load_ops=100000 load_thpt=233039 trans_ops=200000 trans_wall_max=0.361717 trans_agg_thpt=552918 w_avg_ns=11362 w_p50_ns=4861 w_p99_ns=15299 r_avg_ns=1777 r_p50_ns=283 r_p99_ns=10576 # workloadf_optA_t4_cacheon_rep1_kv512
YCSB opt=A cache=1 num_hosts=2 threads=8 threads_eff=8 rep=1 load_ops=100000 load_thpt=234289 trans_ops=200000 trans_wall_max=0.134631 trans_agg_thpt=1485530 w_avg_ns=8555 w_p50_ns=5301 w_p99_ns=15726 r_avg_ns=2348 r_p50_ns=319 r_p99_ns=11508 # workloadf_optA_t8_cacheon_rep1_kv512
YCSB opt=A cache=1 num_hosts=2 threads=16 threads_eff=16 rep=1 load_ops=100000 load_thpt=234951 trans_ops=200000 trans_wall_max=0.055916 trans_agg_thpt=3576793 w_avg_ns=8554 w_p50_ns=6720 w_p99_ns=16781 r_avg_ns=3075 r_p50_ns=378 r_p99_ns=13188 # workloadf_optA_t16_cacheon_rep1_kv512
YCSB opt=A cache=1 num_hosts=2 threads=32 threads_eff=32 rep=1 load_ops=100000 load_thpt=229713 trans_ops=200000 trans_wall_max=3.692330 trans_agg_thpt=54166 w_avg_ns=8864 w_p50_ns=8238 w_p99_ns=28770 r_avg_ns=4536 r_p50_ns=820 r_p99_ns=18452 # workloadf_optA_t32_cacheon_rep1_kv512
YCSB opt=A cache=1 num_hosts=2 threads=64 threads_eff=64 rep=1 load_ops=100000 load_thpt=133618 trans_ops=200000 trans_wall_max=1.878972 trans_agg_thpt=106441 w_avg_ns=11172 w_p50_ns=9411 w_p99_ns=207108 r_avg_ns=5727 r_p50_ns=7537 r_p99_ns=24731 # workloadf_optA_t64_cacheon_rep1_kv512
FAIL opt=A wl=workloadf T=1 cache=on kv=1024 rep=1 rc0=124 rc1=124
YCSB opt=A cache=1 num_hosts=2 threads=2 threads_eff=2 rep=1 load_ops=100000 load_thpt=207611 trans_ops=200000 trans_wall_max=1.627838 trans_agg_thpt=122862 w_avg_ns=19531 w_p50_ns=5543 w_p99_ns=16127 r_avg_ns=1777 r_p50_ns=232 r_p99_ns=10682 # workloadf_optA_t2_cacheon_rep1_kv1024
YCSB opt=A cache=1 num_hosts=2 threads=4 threads_eff=4 rep=1 load_ops=100000 load_thpt=208835 trans_ops=200000 trans_wall_max=0.436737 trans_agg_thpt=457941 w_avg_ns=13165 w_p50_ns=5360 w_p99_ns=15604 r_avg_ns=1884 r_p50_ns=284 r_p99_ns=10642 # workloadf_optA_t4_cacheon_rep1_kv1024
YCSB opt=A cache=1 num_hosts=2 threads=8 threads_eff=8 rep=1 load_ops=100000 load_thpt=208116 trans_ops=200000 trans_wall_max=0.163579 trans_agg_thpt=1222650 w_avg_ns=10343 w_p50_ns=5830 w_p99_ns=16264 r_avg_ns=2427 r_p50_ns=341 r_p99_ns=12091 # workloadf_optA_t8_cacheon_rep1_kv1024
YCSB opt=A cache=1 num_hosts=2 threads=16 threads_eff=16 rep=1 load_ops=100000 load_thpt=208362 trans_ops=200000 trans_wall_max=0.062996 trans_agg_thpt=3174804 w_avg_ns=8565 w_p50_ns=6942 w_p99_ns=16868 r_avg_ns=3170 r_p50_ns=401 r_p99_ns=14320 # workloadf_optA_t16_cacheon_rep1_kv1024
YCSB opt=A cache=1 num_hosts=2 threads=32 threads_eff=32 rep=1 load_ops=100000 load_thpt=202068 trans_ops=200000 trans_wall_max=0.025817 trans_agg_thpt=7746533 w_avg_ns=9321 w_p50_ns=8349 w_p99_ns=28302 r_avg_ns=4543 r_p50_ns=707 r_p99_ns=19913 # workloadf_optA_t32_cacheon_rep1_kv1024
YCSB opt=A cache=1 num_hosts=2 threads=64 threads_eff=64 rep=1 load_ops=100000 load_thpt=105497 trans_ops=200000 trans_wall_max=0.016040 trans_agg_thpt=12468050 w_avg_ns=12054 w_p50_ns=9899 w_p99_ns=143971 r_avg_ns=5743 r_p50_ns=7531 r_p99_ns=25882 # workloadf_optA_t64_cacheon_rep1_kv1024
YCSB opt=A cache=0 num_hosts=2 threads=1 threads_eff=1 rep=1 load_ops=100000 load_thpt=257810 trans_ops=200000 trans_wall_max=21.855743 trans_agg_thpt=9150 w_avg_ns=363096 w_p50_ns=9133 w_p99_ns=5148064 r_avg_ns=5767 r_p50_ns=198 r_p99_ns=10166 # workloadf_optA_t1_cacheoff_rep1_kv256
YCSB opt=A cache=0 num_hosts=2 threads=2 threads_eff=2 rep=1 load_ops=100000 load_thpt=259077 trans_ops=200000 trans_wall_max=1.189937 trans_agg_thpt=168076 w_avg_ns=18040 w_p50_ns=4717 w_p99_ns=15402 r_avg_ns=1480 r_p50_ns=195 r_p99_ns=10028 # workloadf_optA_t2_cacheoff_rep1_kv256
YCSB opt=A cache=0 num_hosts=2 threads=4 threads_eff=4 rep=1 load_ops=100000 load_thpt=259473 trans_ops=200000 trans_wall_max=0.363748 trans_agg_thpt=549829 w_avg_ns=11532 w_p50_ns=4571 w_p99_ns=14808 r_avg_ns=1705 r_p50_ns=250 r_p99_ns=10149 # workloadf_optA_t4_cacheoff_rep1_kv256
YCSB opt=A cache=0 num_hosts=2 threads=8 threads_eff=8 rep=1 load_ops=100000 load_thpt=259922 trans_ops=200000 trans_wall_max=0.120009 trans_agg_thpt=1666527 w_avg_ns=9405 w_p50_ns=5034 w_p99_ns=15691 r_avg_ns=2307 r_p50_ns=310 r_p99_ns=11015 # workloadf_optA_t8_cacheoff_rep1_kv256
YCSB opt=A cache=0 num_hosts=2 threads=16 threads_eff=16 rep=1 load_ops=100000 load_thpt=259418 trans_ops=200000 trans_wall_max=0.039757 trans_agg_thpt=5030434 w_avg_ns=7757 w_p50_ns=6471 w_p99_ns=16172 r_avg_ns=3037 r_p50_ns=387 r_p99_ns=12568 # workloadf_optA_t16_cacheoff_rep1_kv256
YCSB opt=A cache=0 num_hosts=2 threads=32 threads_eff=32 rep=1 load_ops=100000 load_thpt=257655 trans_ops=200000 trans_wall_max=0.021503 trans_agg_thpt=9300595 w_avg_ns=8678 w_p50_ns=7866 w_p99_ns=30833 r_avg_ns=4668 r_p50_ns=719 r_p99_ns=19597 # workloadf_optA_t32_cacheoff_rep1_kv256
YCSB opt=A cache=0 num_hosts=2 threads=64 threads_eff=64 rep=1 load_ops=100000 load_thpt=174811 trans_ops=200000 trans_wall_max=0.021164 trans_agg_thpt=9450009 w_avg_ns=13199 w_p50_ns=9700 w_p99_ns=435400 r_avg_ns=5623 r_p50_ns=7573 r_p99_ns=23447 # workloadf_optA_t64_cacheoff_rep1_kv256
YCSB opt=A cache=0 num_hosts=2 threads=1 threads_eff=1 rep=1 load_ops=100000 load_thpt=232035 trans_ops=200000 trans_wall_max=21.590682 trans_agg_thpt=9263 w_avg_ns=360123 w_p50_ns=9480 w_p99_ns=5165139 r_avg_ns=5991 r_p50_ns=222 r_p99_ns=10409 # workloadf_optA_t1_cacheoff_rep1_kv512
YCSB opt=A cache=0 num_hosts=2 threads=2 threads_eff=2 rep=1 load_ops=100000 load_thpt=231554 trans_ops=200000 trans_wall_max=1.170123 trans_agg_thpt=170922 w_avg_ns=18227 w_p50_ns=5076 w_p99_ns=15738 r_avg_ns=1542 r_p50_ns=223 r_p99_ns=10234 # workloadf_optA_t2_cacheoff_rep1_kv512
YCSB opt=A cache=0 num_hosts=2 threads=4 threads_eff=4 rep=1 load_ops=100000 load_thpt=233431 trans_ops=200000 trans_wall_max=30.501200 trans_agg_thpt=6557 w_avg_ns=8068 w_p50_ns=4793 w_p99_ns=14998 r_avg_ns=1608 r_p50_ns=286 r_p99_ns=10328 # workloadf_optA_t4_cacheoff_rep1_kv512
YCSB opt=A cache=0 num_hosts=2 threads=8 threads_eff=8 rep=1 load_ops=100000 load_thpt=232896 trans_ops=200000 trans_wall_max=0.148315 trans_agg_thpt=1348472 w_avg_ns=10120 w_p50_ns=5335 w_p99_ns=16045 r_avg_ns=2370 r_p50_ns=327 r_p99_ns=11544 # workloadf_optA_t8_cacheoff_rep1_kv512
YCSB opt=A cache=0 num_hosts=2 threads=16 threads_eff=16 rep=1 load_ops=100000 load_thpt=233090 trans_ops=200000 trans_wall_max=7.434090 trans_agg_thpt=26903 w_avg_ns=7417 w_p50_ns=6761 w_p99_ns=16849 r_avg_ns=3089 r_p50_ns=411 r_p99_ns=13175 # workloadf_optA_t16_cacheoff_rep1_kv512
YCSB opt=A cache=0 num_hosts=2 threads=32 threads_eff=32 rep=1 load_ops=100000 load_thpt=228006 trans_ops=200000 trans_wall_max=3.687371 trans_agg_thpt=54239 w_avg_ns=9146 w_p50_ns=8349 w_p99_ns=34794 r_avg_ns=4584 r_p50_ns=772 r_p99_ns=18758 # workloadf_optA_t32_cacheoff_rep1_kv512
YCSB opt=A cache=0 num_hosts=2 threads=64 threads_eff=64 rep=1 load_ops=100000 load_thpt=127695 trans_ops=200000 trans_wall_max=0.018968 trans_agg_thpt=10543518 w_avg_ns=11322 w_p50_ns=9429 w_p99_ns=167530 r_avg_ns=5612 r_p50_ns=7415 r_p99_ns=24939 # workloadf_optA_t64_cacheoff_rep1_kv512
YCSB opt=A cache=0 num_hosts=2 threads=1 threads_eff=1 rep=1 load_ops=100000 load_thpt=208065 trans_ops=200000 trans_wall_max=22.027198 trans_agg_thpt=9079 w_avg_ns=365222 w_p50_ns=10034 w_p99_ns=5234337 r_avg_ns=6117 r_p50_ns=244 r_p99_ns=10931 # workloadf_optA_t1_cacheoff_rep1_kv1024
YCSB opt=A cache=0 num_hosts=2 threads=2 threads_eff=2 rep=1 load_ops=100000 load_thpt=208052 trans_ops=200000 trans_wall_max=1.286823 trans_agg_thpt=155421 w_avg_ns=19421 w_p50_ns=5590 w_p99_ns=16278 r_avg_ns=1524 r_p50_ns=234 r_p99_ns=10672 # workloadf_optA_t2_cacheoff_rep1_kv1024
YCSB opt=A cache=0 num_hosts=2 threads=4 threads_eff=4 rep=1 load_ops=100000 load_thpt=207576 trans_ops=200000 trans_wall_max=30.554744 trans_agg_thpt=6545 w_avg_ns=9025 w_p50_ns=5249 w_p99_ns=15320 r_avg_ns=1633 r_p50_ns=286 r_p99_ns=10569 # workloadf_optA_t4_cacheoff_rep1_kv1024
YCSB opt=A cache=0 num_hosts=2 threads=8 threads_eff=8 rep=1 load_ops=100000 load_thpt=209015 trans_ops=200000 trans_wall_max=0.148107 trans_agg_thpt=1350365 w_avg_ns=10026 w_p50_ns=5829 w_p99_ns=16248 r_avg_ns=2434 r_p50_ns=329 r_p99_ns=12169 # workloadf_optA_t8_cacheoff_rep1_kv1024
YCSB opt=A cache=0 num_hosts=2 threads=16 threads_eff=16 rep=1 load_ops=100000 load_thpt=208986 trans_ops=200000 trans_wall_max=0.041187 trans_agg_thpt=4855901 w_avg_ns=8241 w_p50_ns=6939 w_p99_ns=17554 r_avg_ns=3151 r_p50_ns=398 r_p99_ns=13582 # workloadf_optA_t16_cacheoff_rep1_kv1024
YCSB opt=A cache=0 num_hosts=2 threads=32 threads_eff=32 rep=1 load_ops=100000 load_thpt=202454 trans_ops=200000 trans_wall_max=0.021342 trans_agg_thpt=9371192 w_avg_ns=9337 w_p50_ns=8464 w_p99_ns=33105 r_avg_ns=4552 r_p50_ns=770 r_p99_ns=19417 # workloadf_optA_t32_cacheoff_rep1_kv1024
YCSB opt=A cache=0 num_hosts=2 threads=64 threads_eff=64 rep=1 load_ops=100000 load_thpt=118254 trans_ops=200000 trans_wall_max=0.013985 trans_agg_thpt=14300014 w_avg_ns=11955 w_p50_ns=9864 w_p99_ns=233887 r_avg_ns=5544 r_p50_ns=7476 r_p99_ns=25946 # workloadf_optA_t64_cacheoff_rep1_kv1024
