policy rep thpt_ops_per_sec mops_per_sec w_p99_us r_p99_us
B0 1 10468463 10.468 580.8 25.2
B0 2 10389610 10.390 909.9 24.7
B0 3 10729038 10.729 629.1 23.1
B0 4 10421551 10.422 695.8 26.6
B0 5 97710 0.098 615.8 25.3
P0 1 87739 0.088 3856.6 24.8
P0 2 454711 0.455 6777.7 26.4
P0 3 532721 0.533 2652.5 25.3
P0 4 522788 0.523 1858.7 23.4
P0 5 523469 0.523 1845.7 23.8
P1 1 477607 0.478 2334.0 111.1
P1 2 476327 0.476 5705.3 111.0
P1 3 481629 0.482 3252.8 111.2
P1 4 477719 0.478 3102.1 110.9
P1 5 480376 0.480 4257.5 110.3
P2 1 531803 0.532 1984.9 25.2
P2 2 505955 0.506 1999.0 25.9
P2 3 529978 0.530 2802.6 24.1
P2 4 374667 0.375 1921.6 24.3
P2 5 0 0.000 0.0 0.0
P3 1 525378 0.525 1840.9 24.3
P3 2 526788 0.527 1849.2 25.9
P3 3 527712 0.528 1832.5 25.9
P3 4 522681 0.523 2623.9 24.4
P3 5 532584 0.533 3351.8 24.5
## summary (median per policy) ##
  policy=B0  median_thpt=10.422 Mops/s
  policy=P0  median_thpt=0.523 Mops/s
  policy=P1  median_thpt=0.478 Mops/s
  policy=P2  median_thpt=0.506 Mops/s
  policy=P3  median_thpt=0.527 Mops/s
