[A:cfg] ring_sharding T=64 N=0 (disabled) -> shards=1 block=64 routing=worker_id
[A:thread] Worker pinned host=0 client=1 -> cpu=1 (pid=63094)
[A:thread] Worker pinned host=0 client=2 -> cpu=2 (pid=63095)
[A:thread] Worker pinned host=0 client=3 -> cpu=3 (pid=63096)
[A:thread] Worker pinned host=0 client=4 -> cpu=4 (pid=63097)
[A:thread] Worker pinned host=0 client=5 -> cpu=5 (pid=63098)
[A:thread] Worker pinned host=0 client=6 -> cpu=6 (pid=63099)
[A:thread] Worker pinned host=0 client=7 -> cpu=7 (pid=63100)
[A:thread] Worker pinned host=0 client=8 -> cpu=8 (pid=63101)
[A:thread] Worker pinned host=0 client=9 -> cpu=9 (pid=63102)
[A:thread] Worker pinned host=0 client=10 -> cpu=10 (pid=63103)
[A:thread] Worker pinned host=0 client=11 -> cpu=11 (pid=63104)
[A:thread] Worker pinned host=0 client=12 -> cpu=12 (pid=63105)
[A:thread] Worker pinned host=0 client=13 -> cpu=13 (pid=63106)
[A:thread] Worker pinned host=0 client=14 -> cpu=14 (pid=63107)
[A:thread] Worker pinned host=0 client=15 -> cpu=15 (pid=63108)
[A:thread] Worker pinned host=0 client=16 -> cpu=16 (pid=63109)
[A:thread] Worker pinned host=0 client=17 -> cpu=17 (pid=63110)
[A:thread] Worker pinned host=0 client=18 -> cpu=18 (pid=63111)
[A:thread] Worker pinned host=0 client=19 -> cpu=19 (pid=63112)
[A:thread] Worker pinned host=0 client=20 -> cpu=20 (pid=63113)
[A:thread] Worker pinned host=0 client=21 -> cpu=21 (pid=63114)
[A:thread] Worker pinned host=0 client=22 -> cpu=22 (pid=63115)
[A:thread] Worker pinned host=0 client=23 -> cpu=23 (pid=63116)
[A:thread] Worker pinned host=0 client=24 -> cpu=24 (pid=63117)
[A:thread] Worker pinned host=0 client=25 -> cpu=25 (pid=63118)
[A:thread] Worker pinned host=0 client=26 -> cpu=26 (pid=63119)
[A:thread] Worker pinned host=0 client=27 -> cpu=27 (pid=63120)
[A:thread] Worker pinned host=0 client=28 -> cpu=28 (pid=63121)
[A:thread] Worker pinned host=0 client=29 -> cpu=29 (pid=63122)
[A:thread] Worker pinned host=0 client=30 -> cpu=30 (pid=63123)
[A:thread] Worker pinned host=0 client=31 -> cpu=31 (pid=63124)
[A:thread] Worker pinned host=0 client=32 -> cpu=32 (pid=63125)
[A:thread] Worker pinned host=0 client=33 -> cpu=33 (pid=63126)
[A:thread] Worker pinned host=0 client=34 -> cpu=34 (pid=63127)
[A:thread] Worker pinned host=0 client=35 -> cpu=35 (pid=63128)
[A:thread] Worker pinned host=0 client=36 -> cpu=36 (pid=63129)
[A:thread] Worker pinned host=0 client=37 -> cpu=37 (pid=63130)
[A:thread] Worker pinned host=0 client=38 -> cpu=38 (pid=63131)
[A:thread] Worker pinned host=0 client=39 -> cpu=39 (pid=63132)
[A:thread] Worker pinned host=0 client=40 -> cpu=40 (pid=63133)
[A:thread] Worker pinned host=0 client=41 -> cpu=41 (pid=63134)
[A:thread] Worker pinned host=0 client=42 -> cpu=42 (pid=63135)
[A:thread] Worker pinned host=0 client=43 -> cpu=43 (pid=63136)
[A:thread] Worker pinned host=0 client=44 -> cpu=44 (pid=63137)
[A:thread] Worker pinned host=0 client=45 -> cpu=45 (pid=63138)
[A:thread] Worker pinned host=0 client=46 -> cpu=46 (pid=63139)
[A:thread] Worker pinned host=0 client=47 -> cpu=47 (pid=63140)
[A:thread] Worker pinned host=0 client=48 -> cpu=48 (pid=63141)
[A:thread] Worker pinned host=0 client=49 -> cpu=49 (pid=63142)
[A:thread] Worker pinned host=0 client=50 -> cpu=50 (pid=63143)
[A:thread] Worker pinned host=0 client=51 -> cpu=51 (pid=63144)
[A:thread] Worker pinned host=0 client=52 -> cpu=52 (pid=63145)
[A:thread] Worker pinned host=0 client=53 -> cpu=53 (pid=63146)
[A:thread] Worker pinned host=0 client=54 -> cpu=54 (pid=63147)
[A:thread] Worker pinned host=0 client=55 -> cpu=55 (pid=63148)
[A:thread] Worker pinned host=0 client=56 -> cpu=56 (pid=63149)
[A:thread] Worker pinned host=0 client=57 -> cpu=57 (pid=63150)
[A:thread] Worker pinned host=0 client=58 -> cpu=58 (pid=63151)
[A:thread] Worker pinned host=0 client=59 -> cpu=59 (pid=63152)
[A:thread] Worker pinned host=0 client=60 -> cpu=60 (pid=63153)
[A:thread] Worker pinned host=0 client=61 -> cpu=61 (pid=63154)
[A:thread] Worker pinned host=0 client=62 -> cpu=62 (pid=63155)
[A:thread] Worker pinned host=0 client=0 -> cpu=0 (pid=63093)
[A:thread] Worker pinned host=0 client=63 -> cpu=63 (pid=63156)
[A:thread] WriteRecv0 pid=63093 tid=139814317913792 cpu=64 host=0 rings=[0]
[A:thread] ReadRecv0 pid=63093 tid=139814309521088 cpu=65 host=0 rings=[0]
[A:thread] InvalRecv0 pid=63093 tid=139814301128384 cpu=66 host=0 rings=[0]
[A:thread] ReservHandler pid=63093 tid=139814292735680 pinned cpu=85 (host_id=0)
[A:tls] worker host=0 client=44 entries=1024 (~1088 KiB)
[A:tls] worker host=0 client=45 entries=1024 (~1088 KiB)
[A:tls] worker host=0 client=52 entries=1024 (~1088 KiB)
[A:tls] worker host=0 client=53 entries=1024 (~1088 KiB)
[A:tls] worker host=0 client=48 entries=1024 (~1088 KiB)
[A:tls] worker host=0 client=55 entries=1024 (~1088 KiB)
[A:tls] worker host=0 client=43 entries=1024 (~1088 KiB)
[A:tls] worker host=0 client=0 entries=1024 (~1088 KiB)
[A:tls] worker host=0 client=57 entries=1024 (~1088 KiB)
[A:tls] worker host=0 client=54 entries=1024 (~1088 KiB)
[A:tls] worker host=0 client=60 entries=1024 (~1088 KiB)
[A:tls] worker host=0 client=37 entries=1024 (~1088 KiB)
[A:tls] worker host=0 client=61 entries=1024 (~1088 KiB)
[A:tls] worker host=0 client=11 entries=1024 (~1088 KiB)
[A:tls] worker host=0 client=63 entries=1024 (~1088 KiB)
[A:tls] worker host=0 client=38 entries=1024 (~1088 KiB)
[A:tls] worker host=0 client=27 entries=1024 (~1088 KiB)
[A:tls] worker host=0 client=26 entries=1024 (~1088 KiB)
[A:tls] worker host=0 client=1 entries=1024 (~1088 KiB)
[A:tls] worker host=0 client=39 entries=1024 (~1088 KiB)
[A:tls] worker host=0 client=29 entries=1024 (~1088 KiB)
[A:tls] worker host=0 client=4 entries=1024 (~1088 KiB)
[A:tls] worker host=0 client=3 entries=1024 (~1088 KiB)
[A:tls] worker host=0 client=24 entries=1024 (~1088 KiB)
[A:tls] worker host=0 client=2 entries=1024 (~1088 KiB)
[A:tls] worker host=0 client=56 entries=1024 (~1088 KiB)
[A:tls] worker host=0 client=10 entries=1024 (~1088 KiB)
[A:tls] worker host=0 client=41 entries=1024 (~1088 KiB)
[A:tls] worker host=0 client=9 entries=1024 (~1088 KiB)
[A:tls] worker host=0 client=42 entries=1024 (~1088 KiB)
[A:tls] worker host=0 client=20 entries=1024 (~1088 KiB)
[A:tls] worker host=0 client=7 entries=1024 (~1088 KiB)
[A:tls] worker host=0 client=28 entries=1024 (~1088 KiB)
[A:tls] worker host=0 client=32 entries=1024 (~1088 KiB)
[A:tls] worker host=0 client=22 entries=1024 (~1088 KiB)
[A:tls] worker host=0 client=36 entries=1024 (~1088 KiB)
[A:tls] worker host=0 client=34 entries=1024 (~1088 KiB)
[A:tls] worker host=0 client=35 entries=1024 (~1088 KiB)
[A:tls] worker host=0 client=14 entries=1024 (~1088 KiB)
[A:tls] worker host=0 client=6 entries=1024 (~1088 KiB)
[A:tls] worker host=0 client=30 entries=1024 (~1088 KiB)
[A:tls] worker host=0 client=23 entries=1024 (~1088 KiB)
[A:tls] worker host=0 client=16 entries=1024 (~1088 KiB)
[A:tls] worker host=0 client=33 entries=1024 (~1088 KiB)
[A:tls] worker host=0 client=25 entries=1024 (~1088 KiB)
[A:tls] worker host=0 client=5 entries=1024 (~1088 KiB)
[A:tls] worker host=0 client=40 entries=1024 (~1088 KiB)
[A:tls] worker host=0 client=31 entries=1024 (~1088 KiB)
[A:tls] worker host=0 client=19 entries=1024 (~1088 KiB)
[A:tls] worker host=0 client=12 entries=1024 (~1088 KiB)
[A:tls] worker host=0 client=50 entries=1024 (~1088 KiB)
[A:tls] worker host=0 client=8 entries=1024 (~1088 KiB)
[A:tls] worker host=0 client=13 entries=1024 (~1088 KiB)
[A:tls] worker host=0 client=21 entries=1024 (~1088 KiB)
[A:tls] worker host=0 client=51 entries=1024 (~1088 KiB)
[A:tls] worker host=0 client=58 entries=1024 (~1088 KiB)
[A:tls] worker host=0 client=17 entries=1024 (~1088 KiB)
[A:tls] worker host=0 client=18 entries=1024 (~1088 KiB)
[A:tls] worker host=0 client=62 entries=1024 (~1088 KiB)
[A:tls] worker host=0 client=15 entries=1024 (~1088 KiB)
[A:tls] worker host=0 client=46 entries=1024 (~1088 KiB)
[A:tls] worker host=0 client=49 entries=1024 (~1088 KiB)
[A:tls] worker host=0 client=59 entries=1024 (~1088 KiB)
[A:tls] worker host=0 client=47 entries=1024 (~1088 KiB)
# PATH host=0 label=after_LOAD tid=139814318127232 r0_tls=0 r2hit=0 r2miss_local=0 r3=0 cpool_ins_r=0 local_w=2500630 fwd_w=0 local_w_blk_fwd=0 local_w_stg_fwd=0 cpool_ins_w=2500629 cp_evict=0 cp_set_stale=0 cp_lru_evict=1976343 rh_served=0
# PATH host=0 label=after_LOAD AGG r0_tls=0 r2hit=0 r2miss_local=0 r3=0 cpool_ins_r=0 local_w=2500630 fwd_w=0 local_w_blk_fwd=0 local_w_stg_fwd=0 cpool_ins_w=2500629 cp_evict=0 cp_set_stale=0 cp_lru_evict=1976343 rh_served=0
YCSB opt=A cache=0 num_hosts=2 threads=64 threads_eff=64 rep=1 load_ops=5000000 load_thpt=163831 trans_ops=5000000 trans_wall_max=7.907000 trans_agg_thpt=632351 w_avg_ns=0 w_p50_ns=0 w_p99_ns=0 r_avg_ns=34171 r_p50_ns=340 r_p99_ns=276051 first_op_ns_max=419255 first_op_ns_avg=208500 ops_to_first_ns_max=3929585 ops_to_first_ns_avg=805452 # xhost_read_optA_t64_cacheoff_rep1
# PATH host=0 label=after_TRANS tid=139814318127232 r0_tls=0 r2hit=7663 r2miss_local=0 r3=31400 cpool_ins_r=1038 local_w=2500630 fwd_w=0 local_w_blk_fwd=0 local_w_stg_fwd=0 cpool_ins_w=2500629 cp_evict=0 cp_set_stale=0 cp_lru_evict=1977381 rh_served=0
# PATH host=0 label=after_TRANS tid=139814309521088 r0_tls=0 r2hit=0 r2miss_local=0 r3=0 cpool_ins_r=0 local_w=0 fwd_w=0 local_w_blk_fwd=0 local_w_stg_fwd=0 cpool_ins_w=0 cp_evict=0 cp_set_stale=0 cp_lru_evict=0 rh_served=1991620
# PATH host=0 label=after_TRANS AGG r0_tls=0 r2hit=7663 r2miss_local=0 r3=31400 cpool_ins_r=1038 local_w=2500630 fwd_w=0 local_w_blk_fwd=0 local_w_stg_fwd=0 cpool_ins_w=2500629 cp_evict=0 cp_set_stale=0 cp_lru_evict=1977381 rh_served=1991620
# CACHE_FILL host=0 cache_buckets=131072 capacity=524288 filled=524287 stale=0 tomb=0 fill_pct=100.000
