[A:cfg] ring_sharding T=32 N=4 -> shards=8 block=4 routing=worker_id
[A:thread] Worker pinned host=1 client=2 -> cpu=2 (pid=117000)
[A:thread] Worker pinned host=1 client=1 -> cpu=1 (pid=116999)
[A:thread] Worker pinned host=1 client=3 -> cpu=3 (pid=117001)
[A:thread] Worker pinned host=1 client=4 -> cpu=4 (pid=117002)
[A:thread] Worker pinned host=1 client=5 -> cpu=5 (pid=117003)
[A:thread] Worker pinned host=1 client=6 -> cpu=6 (pid=117004)
[A:thread] Worker pinned host=1 client=7 -> cpu=7 (pid=117005)
[A:thread] Worker pinned host=1 client=8 -> cpu=8 (pid=117006)
[A:thread] Worker pinned host=1 client=9 -> cpu=9 (pid=117007)
[A:thread] Worker pinned host=1 client=10 -> cpu=10 (pid=117008)
[A:thread] Worker pinned host=1 client=11 -> cpu=11 (pid=117009)
[A:thread] Worker pinned host=1 client=12 -> cpu=12 (pid=117010)
[A:thread] Worker pinned host=1 client=13 -> cpu=13 (pid=117011)
[A:thread] Worker pinned host=1 client=14 -> cpu=14 (pid=117012)
[A:thread] Worker pinned host=1 client=15 -> cpu=15 (pid=117013)
[A:thread] Worker pinned host=1 client=16 -> cpu=16 (pid=117014)
[A:thread] Worker pinned host=1 client=17 -> cpu=17 (pid=117015)
[A:thread] Worker pinned host=1 client=18 -> cpu=18 (pid=117016)
[A:thread] Worker pinned host=1 client=19 -> cpu=19 (pid=117017)
[A:thread] Worker pinned host=1 client=20 -> cpu=20 (pid=117018)
[A:thread] Worker pinned host=1 client=21 -> cpu=21 (pid=117019)
[A:thread] Worker pinned host=1 client=22 -> cpu=22 (pid=117020)
[A:thread] Worker pinned host=1 client=23 -> cpu=23 (pid=117021)
[A:thread] Worker pinned host=1 client=24 -> cpu=24 (pid=117022)
[A:thread] Worker pinned host=1 client=25 -> cpu=25 (pid=117023)
[A:thread] Worker pinned host=1 client=26 -> cpu=26 (pid=117024)
[A:thread] Worker pinned host=1 client=27 -> cpu=27 (pid=117025)
[A:thread] Worker pinned host=1 client=28 -> cpu=28 (pid=117026)
[A:thread] Worker pinned host=1 client=29 -> cpu=29 (pid=117027)
[A:thread] Worker pinned host=1 client=0 -> cpu=0 (pid=116976)
[A:thread] Worker pinned host=1 client=30 -> cpu=30 (pid=117028)
[A:thread] Worker pinned host=1 client=31 -> cpu=31 (pid=117029)
[A:thread] WriteRecv0 pid=116976 tid=139905115158208 cpu=64 host=1 rings=[0]
[A:thread] WriteRecv1 pid=116976 tid=139905106765504 cpu=65 host=1 rings=[1]
[A:thread] WriteRecv2 pid=116976 tid=139905098372800 cpu=66 host=1 rings=[2]
[A:thread] WriteRecv3 pid=116976 tid=139905089980096 cpu=67 host=1 rings=[3]
[A:thread] WriteRecv4 pid=116976 tid=139905081587392 cpu=68 host=1 rings=[[A:thread] WriteRecv5 pid=116976 tid=139905073194688 cpu=69 host=1 rings=[5]
4]
[A:thread] WriteRecv6 pid=116976 tid=139905064801984 cpu=70 host=1 rings=[6]
[A:thread] WriteRecv7 pid=116976 tid=139904921106112 cpu=71 host=1 rings=[7]
[A:thread] ReadRecv0 pid=116976 tid=139905056409280 cpu=72 host=1 rings=[0]
[A:thread] ReadRecv1 pid=116976 tid=139905048016576 cpu=73 host=1 rings=[1]
[A:thread] ReadRecv2 pid=116976 tid=139905039623872 cpu=74 host=1 rings=[2]
[A:thread] ReadRecv3 pid=116976 tid=139905031231168 cpu=75 host=1 rings=[3]
[A:thread] ReadRecv5 pid=116976 tid=139905014445760 cpu=77 host=1 rings=[[A:thread] ReadRecv6 pid=116976 tid=139904935786176 cpu=78 host=1 rings=[6,7]
[A:thread] ReadRecv4 pid=116976 tid=139905022838464 cpu=76 host=1 rings=[4]
5]
[A:thread] InvalRecv0 pid=116976 tid=139904912713408 cpu=79 host=1 rings=[0]
[A:thread] InvalRecv1 pid=116976 tid=139904904320704 cpu=80 host=1 rings=[1[A:thread] InvalRecv2 pid=116976 tid=139904895928000 cpu=81 host=1 rings=[[A:thread] InvalRecv5 pid=116976 tid=139904870749888 cpu=84 host=1 rings=[[A:thread] InvalRecv4 pid=116976 tid=139904879142592 cpu=83 host=1 rings=[[A:thread] InvalRecv3 pid=116976 tid=139904887535296 cpu=82 host=1 rings=[2]
5]
[A:thread] InvalRecv6 pid=116976 tid=139904862357184 cpu=85 host=1 rings=[6,7]
3]
4]
]
[A:thread] ReservHandler pid=116976 tid=139884199147200 pinned cpu=85 (host_id=1)
[A:tls] worker host=1 client=14 entries=1024 (~1088 KiB)
[A:tls] worker host=1 client=26 entries=1024 (~1088 KiB)
[A:tls] worker host=1 client=0 entries=1024 (~1088 KiB)
[A:tls] worker host=1 client=8 entries=1024 (~1088 KiB)
[A:tls] worker host=1 client=25 entries=1024 (~1088 KiB)
[A:tls] worker host=1 client=16 entries=1024 (~1088 KiB)
[A:tls] worker host=1 client=2 entries=1024 (~1088 KiB)
[A:tls] worker host=1 client=12 entries=1024 (~1088 KiB)
[A:tls] worker host=1 client=10 entries=1024 (~1088 KiB)
[A:tls] worker host=1 client=28 entries=1024 (~1088 KiB)
[A:tls] worker host=1 client=6 entries=1024 (~1088 KiB)
[A:tls] worker host=1 client=24 entries=1024 (~1088 KiB)
[A:tls] worker host=1 client=21 entries=1024 (~1088 KiB)
[A:tls] worker host=1 client=18 entries=1024 (~1088 KiB)
[A:tls] worker host=1 client=20 entries=1024 (~1088 KiB)
[A:tls] worker host=1 client=17 entries=1024 (~1088 KiB)
[A:tls] worker host=1 client=19 entries=1024 (~1088 KiB)
[A:tls] worker host=1 client=27 entries=1024 (~1088 KiB)
[A:tls] worker host=1 client=3 entries=1024 (~1088 KiB)
[A:tls] worker host=1 client=4 entries=1024 (~1088 KiB)
[A:tls] worker host=1 client=29 entries=1024 (~1088 KiB)
[A:tls] worker host=1 client=13 entries=1024 (~1088 KiB)
[A:tls] worker host=1 client=23 entries=1024 (~1088 KiB)
[A:tls] worker host=1 client=9 entries=1024 (~1088 KiB)
[A:tls] worker host=1 client=31 entries=1024 (~1088 KiB)
[A:tls] worker host=1 client=1 entries=1024 (~1088 KiB)
[A:tls] worker host=1 client=7 entries=1024 (~1088 KiB)
[A:tls] worker host=1 client=15 entries=1024 (~1088 KiB)
[A:tls] worker host=1 client=22 entries=1024 (~1088 KiB)
[A:tls] worker host=1 client=5 entries=1024 (~1088 KiB)
[A:tls] worker host=1 client=30 entries=1024 (~1088 KiB)
[A:tls] worker host=1 client=11 entries=1024 (~1088 KiB)
# PATH host=1 label=after_LOAD tid=139905119246464 r0_tls=0 r2hit=0 r2miss_local=0 r3=0 cpool_ins_r=0 local_w=50002 fwd_w=0 local_w_blk_fwd=0 local_w_stg_fwd=0 cpool_ins_w=49960 cp_evict=0 cp_set_stale=0 cp_lru_evict=7 rh_served=0
# PATH host=1 label=after_LOAD tid=139905039623872 r0_tls=0 r2hit=0 r2miss_local=0 r3=0 cpool_ins_r=0 local_w=0 fwd_w=0 local_w_blk_fwd=0 local_w_stg_fwd=0 cpool_ins_w=0 cp_evict=0 cp_set_stale=0 cp_lru_evict=0 rh_served=251
# PATH host=1 label=after_LOAD tid=139905022838464 r0_tls=0 r2hit=0 r2miss_local=0 r3=0 cpool_ins_r=0 local_w=0 fwd_w=0 local_w_blk_fwd=0 local_w_stg_fwd=0 cpool_ins_w=0 cp_evict=0 cp_set_stale=0 cp_lru_evict=0 rh_served=259
# PATH host=1 label=after_LOAD tid=139904935786176 r0_tls=0 r2hit=0 r2miss_local=0 r3=0 cpool_ins_r=0 local_w=0 fwd_w=0 local_w_blk_fwd=0 local_w_stg_fwd=0 cpool_ins_w=0 cp_evict=0 cp_set_stale=0 cp_lru_evict=0 rh_served=392
# PATH host=1 label=after_LOAD tid=139905031231168 r0_tls=0 r2hit=0 r2miss_local=0 r3=0 cpool_ins_r=0 local_w=0 fwd_w=0 local_w_blk_fwd=0 local_w_stg_fwd=0 cpool_ins_w=0 cp_evict=0 cp_set_stale=0 cp_lru_evict=0 rh_served=253
# PATH host=1 label=after_LOAD tid=139905014445760 r0_tls=0 r2hit=0 r2miss_local=0 r3=0 cpool_ins_r=0 local_w=0 fwd_w=0 local_w_blk_fwd=0 local_w_stg_fwd=0 cpool_ins_w=0 cp_evict=0 cp_set_stale=0 cp_lru_evict=0 rh_served=214
# PATH host=1 label=after_LOAD tid=139905048016576 r0_tls=0 r2hit=0 r2miss_local=0 r3=0 cpool_ins_r=0 local_w=0 fwd_w=0 local_w_blk_fwd=0 local_w_stg_fwd=0 cpool_ins_w=0 cp_evict=0 cp_set_stale=0 cp_lru_evict=0 rh_served=231
# PATH host=1 label=after_LOAD tid=139905056409280 r0_tls=0 r2hit=0 r2miss_local=0 r3=0 cpool_ins_r=0 local_w=0 fwd_w=0 local_w_blk_fwd=0 local_w_stg_fwd=0 cpool_ins_w=0 cp_evict=0 cp_set_stale=0 cp_lru_evict=0 rh_served=176
# PATH host=1 label=after_LOAD AGG r0_tls=0 r2hit=0 r2miss_local=0 r3=0 cpool_ins_r=0 local_w=50002 fwd_w=0 local_w_blk_fwd=0 local_w_stg_fwd=0 cpool_ins_w=49960 cp_evict=0 cp_set_stale=0 cp_lru_evict=7 rh_served=1777
bash: line 1: 116976 Segmentation fault      FUSEE_NUM_HOSTS=2 FUSEE_HOST_ID=1 FUSEE_NUM_THREADS=32 FUSEE_RUN_COOKIE=96482653 FUSEE_REP=1 FUSEE_CACHE=1 FUSEE_WORKLOAD_NAME=workloadc FUSEE_KV_SIZE=1024 FUSEE_CACHE_BUCKETS=131072 FUSEE_RING_SHARDS_FACTOR=4 FUSEE_RING_ROUTING=worker_id ./tests/protocol_a_ycsb /dev/dax0.0 /root/FUSEE_CXL/setup/workloads/workloadc.spec_load /root/FUSEE_CXL/setup/workloads/workloadc.spec_trans 8388608 5000000 2>&1
