[A:cfg] ring_sharding T=32 N=4 -> shards=8 block=4 routing=worker_id
[A:thread] Worker pinned host=0 client=1 -> cpu=1 (pid=118125)
[A:thread] Worker pinned host=0 client=2 -> cpu=2 (pid=118126)
[A:thread] Worker pinned host=0 client=3 -> cpu=3 (pid=118127)
[A:thread] Worker pinned host=0 client=4 -> cpu=4 (pid=118128)
[A:thread] Worker pinned host=0 client=5 -> cpu=5 (pid=118129)
[A:thread] Worker pinned host=0 client=6 -> cpu=6 (pid=118130)
[A:thread] Worker pinned host=0 client=7 -> cpu=7 (pid=118131)
[A:thread] Worker pinned host=0 client=8 -> cpu=8 (pid=118132)
[A:thread] Worker pinned host=0 client=9 -> cpu=9 (pid=118133)
[A:thread] Worker pinned host=0 client=10 -> cpu=10 (pid=118134)
[A:thread] Worker pinned host=0 client=11 -> cpu=11 (pid=118135)
[A:thread] Worker pinned host=0 client=12 -> cpu=12 (pid=118136)
[A:thread] Worker pinned host=0 client=13 -> cpu=13 (pid=118137)
[A:thread] Worker pinned host=0 client=14 -> cpu=14 (pid=118138)
[A:thread] Worker pinned host=0 client=15 -> cpu=15 (pid=118139)
[A:thread] Worker pinned host=0 client=16 -> cpu=16 (pid=118140)
[A:thread] Worker pinned host=0 client=17 -> cpu=17 (pid=118141)
[A:thread] Worker pinned host=0 client=18 -> cpu=18 (pid=118142)
[A:thread] Worker pinned host=0 client=19 -> cpu=19 (pid=118143)
[A:thread] Worker pinned host=0 client=20 -> cpu=20 (pid=118144)
[A:thread] Worker pinned host=0 client=21 -> cpu=21 (pid=118145)
[A:thread] Worker pinned host=0 client=22 -> cpu=22 (pid=118146)
[A:thread] Worker pinned host=0 client=23 -> cpu=23 (pid=118147)
[A:thread] Worker pinned host=0 client=24 -> cpu=24 (pid=118148)
[A:thread] Worker pinned host=0 client=25 -> cpu=25 (pid=118149)
[A:thread] Worker pinned host=0 client=26 -> cpu=26 (pid=118150)
[A:thread] Worker pinned host=0 client=27 -> cpu=27 (pid=118151)
[A:thread] Worker pinned host=0 client=28 -> cpu=28 (pid=118152)
[A:thread] Worker pinned host=0 client=29 -> cpu=29 (pid=118153)
[A:thread] Worker pinned host=0 client=0 -> cpu=0 (pid=118124)
[A:thread] Worker pinned host=0 client=30 -> cpu=30 (pid=118154)
[A:thread] Worker pinned host=0 client=31 -> cpu=31 (pid=118155)
[A:thread] WriteRecv0 pid=118124 tid=140032103339712 cpu=64 host=0 rings=[0]
[A:thread] WriteRecv1 pid=118124 tid=140032094947008 cpu=65 host=0 rings=[1]
[A:thread] WriteRecv2 pid=118124 tid=140032086554304 cpu=66 host=0 rings=[2]
[A:thread] WriteRecv4 pid=118124 tid=140032069768896 cpu=68 host=0 rings=[4]
[A:thread] WriteRecv5 pid=118124 tid=140032061376192 cpu=69 host=0 rings=[5]
[A:thread] WriteRecv6 pid=118124 tid=140032052983488 cpu=70 host=0 rings=[6]
[A:thread] WriteRecv3 pid=118124 tid=140032078161600 cpu=67 host=0 rings=[3]
[A:thread] WriteRecv7 pid=118124 tid=140031909951168 cpu=71 host=0 rings=[7]
[A:thread] ReadRecv0 pid=118124 tid=140031972865728 cpu=72 host=0 rings=[0]
[A:thread] ReadRecv1 pid=118124 tid=140031964473024 cpu=73 host=0 rings=[1]
[A:thread] ReadRecv2 pid=118124 tid=140031956080320 cpu=74 host=0 rings=[2]
[A:thread] ReadRecv3 pid=118124 tid=140031947687616 cpu=75 host=0 rings=[3]
[A:thread] ReadRecv6 pid=118124 tid=140031922509504 cpu=78 host=0 rings=[6,7]
[A:thread] ReadRecv4 pid=118124 tid=140031939294912 cpu=76 host=0 rings=[4]
[A:thread] ReadRecv5 pid=118124 tid=140031930902208 cpu=77 host=0 rings=[5]
[A:thread] InvalRecv1 pid=118124 tid=140031893165760 cpu=80 host=0 rings=[1]
[A:thread] InvalRecv0 pid=118124 tid=140031901558464 cpu=79 host=0 rings=[0]
[A:thread] InvalRecv2 pid=118124 tid=140031884773056 cpu=81 host=0 rings=[[A:thread] InvalRecv4 pid=118124 tid=140031867987648 cpu=83 host=0 rings=[[A:thread] InvalRecv5 pid=118124 tid=140031859594944 cpu=84 host=0 rings=[[A:thread] InvalRecv3 pid=118124 tid=140031876380352 cpu=82 host=0 rings=[2]
[A:thread] InvalRecv6 pid=118124 tid=140031851202240 cpu=85 host=0 rings=[5]
3]
6,7]
4]
[A:tls] worker host=0 client=18 entries=1024 (~1088 KiB)
[A:tls] worker host=0 client=8 entries=1024 (~1088 KiB)
[A:tls] worker host=0 client=21 entries=1024 (~1088 KiB)
[A:tls] worker host=0 client=17 entries=1024 (~1088 KiB)
[A:tls] worker host=0 client=22 entries=1024 (~1088 KiB)
[A:tls] worker host=0 client=9 entries=1024 (~1088 KiB)
[A:tls] worker host=0 client=16 entries=1024 (~1088 KiB)
[A:tls] worker host=0 client=1 entries=1024 (~1088 KiB)
[A:tls] worker host=0 client=19 entries=1024 (~1088 KiB)
[A:tls] worker host=0 client=4 entries=1024 (~1088 KiB)
[A:thread] ReservHandler pid=118124 tid=140011659851456 pinned cpu=85 (host_id=0)
[A:tls] worker host=0 client=31 entries=1024 (~1088 KiB)
[A:tls] worker host=0 client=15 entries=1024 (~1088 KiB)
[A:tls] worker host=0 client=30 entries=1024 (~1088 KiB)
[A:tls] worker host=0 client=13 entries=1024 (~1088 KiB)
[A:tls] worker host=0 client=2 entries=1024 (~1088 KiB)
[A:tls] worker host=0 client=12 entries=1024 (~1088 KiB)
[A:tls] worker host=0 client=0 entries=1024 (~1088 KiB)
[A:tls] worker host=0 client=3 entries=1024 (~1088 KiB)
[A:tls] worker host=0 client=7 entries=1024 (~1088 KiB)
[A:tls] worker host=0 client=5 entries=1024 (~1088 KiB)
[A:tls] worker host=0 client=10 entries=1024 (~1088 KiB)
[A:tls] worker host=0 client=14 entries=1024 (~1088 KiB)
[A:tls] worker host=0 client=24 entries=1024 (~1088 KiB)
[A:tls] worker host=0 client=29 entries=1024 (~1088 KiB)
[A:tls] worker host=0 client=11 entries=1024 (~1088 KiB)
[A:tls] worker host=0 client=6 entries=1024 (~1088 KiB)
[A:tls] worker host=0 client=26 entries=1024 (~1088 KiB)
[A:tls] worker host=0 client=28 entries=1024 (~1088 KiB)
[A:tls] worker host=0 client=27 entries=1024 (~1088 KiB)
[A:tls] worker host=0 client=23 entries=1024 (~1088 KiB)
[A:tls] worker host=0 client=20 entries=1024 (~1088 KiB)
[A:tls] worker host=0 client=25 entries=1024 (~1088 KiB)
# PATH host=0 label=after_LOAD tid=140032107427968 r0_tls=0 r2hit=0 r2miss_local=0 r3=0 cpool_ins_r=0 local_w=49998 fwd_w=0 local_w_blk_fwd=0 local_w_stg_fwd=0 cpool_ins_w=49998 cp_evict=0 cp_set_stale=0 cp_lru_evict=6 rh_served=0
# PATH host=0 label=after_LOAD AGG r0_tls=0 r2hit=0 r2miss_local=0 r3=0 cpool_ins_r=0 local_w=49998 fwd_w=0 local_w_blk_fwd=0 local_w_stg_fwd=0 cpool_ins_w=49998 cp_evict=0 cp_set_stale=0 cp_lru_evict=6 rh_served=0
YCSB opt=A cache=1 num_hosts=2 threads=32 threads_eff=32 rep=3 load_ops=100000 load_thpt=346124 trans_ops=5000000 trans_wall_max=0.107586 trans_agg_thpt=46474448 w_avg_ns=0 w_p50_ns=0 w_p99_ns=0 r_avg_ns=1073 r_p50_ns=205 r_p99_ns=14423 first_op_ns_max=234002 first_op_ns_avg=39056 ops_to_first_ns_max=234307 ops_to_first_ns_avg=39988 # workloadc_optA_t32_cacheon_rep3
bash: line 1: 118124 Segmentation fault      FUSEE_NUM_HOSTS=2 FUSEE_HOST_ID=0 FUSEE_NUM_THREADS=32 FUSEE_RUN_COOKIE=294028762 FUSEE_REP=3 FUSEE_CACHE=1 FUSEE_WORKLOAD_NAME=workloadc FUSEE_KV_SIZE=1024 FUSEE_CACHE_BUCKETS=131072 FUSEE_RING_SHARDS_FACTOR=4 FUSEE_RING_ROUTING=worker_id ./tests/protocol_a_ycsb /dev/dax0.0 /root/FUSEE_CXL/setup/workloads/workloadc.spec_load /root/FUSEE_CXL/setup/workloads/workloadc.spec_trans 8388608 5000000 2>&1
