[A:thread] Worker pinned host=0 client=1 -> cpu=1 (pid=25346)
[A:thread] Worker pinned host=0 client=2 -> cpu=2 (pid=25347)
[A:thread] Worker pinned host=0 client=3 -> cpu=3 (pid=25348)
[A:thread] Worker pinned host=0 client=4 -> cpu=4 (pid=25349)
[A:thread] Worker pinned host=0 client=5 -> cpu=5 (pid=25350)
[A:thread] Worker pinned host=0 client=6 -> cpu=6 (pid=25351)
[A:thread] Worker pinned host=0 client=7 -> cpu=7 (pid=25352)
[A:thread] Worker pinned host=0 client=8 -> cpu=8 (pid=25353)
[A:thread] Worker pinned host=0 client=9 -> cpu=9 (pid=25354)
[A:thread] Worker pinned host=0 client=10 -> cpu=10 (pid=25355)
[A:thread] Worker pinned host=0 client=11 -> cpu=11 (pid=25356)
[A:thread] Worker pinned host=0 client=12 -> cpu=12 (pid=25357)
[A:thread] Worker pinned host=0 client=13 -> cpu=13 (pid=25358)
[A:thread] Worker pinned host=0 client=0 -> cpu=0 (pid=25345)
[A:thread] Worker pinned host=0 client=14 -> cpu=14 (pid=25359)
[A:thread] Worker pinned host=0 client=15 -> cpu=15 (pid=25360)
[A:thread] WriteReceiver pid=25345 tid=139776802014912 pinned cpu=65 (host_id=0)
[A:thread] ReadReceiver pid=25345 tid=139776793622208 pinned cpu=67 (host_id=0)
[A:thread] InvalReceiver pid=25345 tid=139776785229504 pinned cpu=69 (host_id=0)
[A:thread] ReservHandler pid=25345 tid=139776776836800 pinned cpu=70 (host_id=0)
[A:thread] WriteSender pid=25345 tid=139776768444096 pinned cpu=64 (host_id=0)
[A:sender] kind=0 policy=P0 K=16 T_us=100 host_id=0
[A:tls] worker host=0 client=2 entries=1024 (~1088 KiB)
[A:tls] worker host=0 client=3 entries=1024 (~1088 KiB)
[A:tls] worker host=0 client=7 entries=1024 (~1088 KiB)
[A:tls] worker host=0 client=5 entries=1024 (~1088 KiB)
[A:tls] worker host=0 client=11 entries=1024 (~1088 KiB)
[A:tls] worker host=0 client=9 entries=1024 (~1088 KiB)
[A:tls] worker host=0 client=8 entries=1024 (~1088 KiB)
[A:tls] worker host=0 client=6 entries=1024 (~1088 KiB)
[A:tls] worker host=0 client=1 entries=1024 (~1088 KiB)
[A:tls] worker host=0 client=4 entries=1024 (~1088 KiB)
[A:tls] worker host=0 client=12 entries=1024 (~1088 KiB)
[A:tls] worker host=0 client=13 entries=1024 (~1088 KiB)
[A:tls] worker host=0 client=10 entries=1024 (~1088 KiB)
[A:tls] worker host=0 client=15 entries=1024 (~1088 KiB)
[A:tls] worker host=0 client=14 entries=1024 (~1088 KiB)
[A:tls] worker host=0 client=0 entries=1024 (~1088 KiB)
[A:thread] ReadSender pid=25345 tid=139776556529344 pinned cpu=66 (host_id=0)
[A:sender] kind=1 policy=P0 K=16 T_us=100 host_id=0
[A:thread] InvalSender pid=25345 tid=139774906070720 pinned cpu=68 (host_id=0)
[A:sender] kind=2 policy=P0 K=16 T_us=100 host_id=0
