[A:thread] Worker pinned host=1 client=1 -> cpu=1 (pid=43408)
[A:thread] Worker pinned host=1 client=2 -> cpu=2 (pid=43409)
[A:thread] Worker pinned host=1 client=3 -> cpu=3 (pid=43410)
[A:thread] Worker pinned host=1 client=4 -> cpu=4 (pid=43411)
[A:thread] Worker pinned host=1 client=5 -> cpu=5 (pid=43412)
[A:thread] Worker pinned host=1 client=0 -> cpu=0 (pid=43407)
[A:thread] Worker pinned host=1 client=6 -> cpu=6 (pid=43413)
[A:thread] Worker pinned host=1 client=7 -> cpu=7 (pid=43414)
[A:thread] WriteReceiver pid=43407 tid=140473153877696 pinned cpu=65 (host_id=1)
[A:thread] ReadReceiver pid=43407 tid=140473145484992 pinned cpu=67 (host_id=1)
[A:tls] worker host=1 client=3 entries=1024 (~1088 KiB)
[A:tls] worker host=1 client=5 entries=1024 (~1088 KiB)
[A:tls] worker host=1 client=1 entries=1024 (~1088 KiB)
[A:tls] worker host=1 client=4 entries=1024 (~1088 KiB)
[A:tls] worker host=1 client=6 entries=1024 (~1088 KiB)
[A:tls] worker host=1 client=7 entries=1024 (~1088 KiB)
[A:tls] worker host=1 client=2 entries=1024 (~1088 KiB)
[A:tls] worker host=1 client=0 entries=1024 (~1088 KiB)
[A:thread] InvalReceiver pid=43407 tid=140473137092288 pinned cpu=69 (host_id=1)
[A:thread] WriteSender pid=43407 tid=140473128699584 pinned cpu=64 (host_id=1)
[A:sender] kind=0 policy=P0 K=16 T_us=100 host_id=1
[A:thread] ReadSender pid=43407 tid=140473120306880 pinned cpu=66 (host_id=1)
[A:sender] kind=1 policy=P0 K=16 T_us=100 host_id=1
[A:thread] InvalSender pid=43407 tid=140473111914176 pinned cpu=68 (host_id=1)
[A:sender] kind=2 policy=P0 K=16 T_us=100 host_id=1
