[A:thread] Worker pinned host=1 client=1 -> cpu=1 (pid=43478)
[A:thread] Worker pinned host=1 client=2 -> cpu=2 (pid=43479)
[A:thread] Worker pinned host=1 client=3 -> cpu=3 (pid=43480)
[A:thread] Worker pinned host=1 client=4 -> cpu=4 (pid=43481)
[A:thread] Worker pinned host=1 client=5 -> cpu=5 (pid=43482)
[A:thread] Worker pinned host=1 client=0 -> cpu=0 (pid=43477)
[A:thread] Worker pinned host=1 client=6 -> cpu=6 (pid=43483)
[A:thread] Worker pinned host=1 client=7 -> cpu=7 (pid=43484)
[A:thread] WriteReceiver pid=43477 tid=140376942835392 pinned cpu=65 (host_id=1)
[A:tls] worker host=1 client=0 entries=1024 (~1088 KiB)
[A:tls] worker host=1 client=1 entries=1024 (~1088 KiB)
[A:tls] worker host=1 client=2 entries=1024 (~1088 KiB)
[A:tls] worker host=1 client=3 entries=1024 (~1088 KiB)
[A:tls] worker host=1 client=4 entries=1024 (~1088 KiB)
[A:tls] worker host=1 client=5 entries=1024 (~1088 KiB)
[A:tls] worker host=1 client=6 entries=1024 (~1088 KiB)
[A:tls] worker host=1 client=7 entries=1024 (~1088 KiB)
[A:thread] ReadReceiver pid=43477 tid=140376934442688 pinned cpu=67 (host_id=1)
[A:thread] InvalReceiver pid=43477 tid=140376926049984 pinned cpu=69 (host_id=1)
[A:thread] ReadSender pid=43477 tid=140376909264576 pinned cpu=66 (host_id=1)
[A:sender] kind=1 policy=P0 K=16 T_us=100 host_id=1
[A:thread] WriteSender pid=43477 tid=140376917657280 pinned cpu=64 (host_id=1)
[A:sender] kind=0 policy=P0 K=16 T_us=100 host_id=1
[A:thread] InvalSender pid=43477 tid=140376900871872 pinned cpu=68 (host_id=1)
[A:sender] kind=2 policy=P0 K=16 T_us=100 host_id=1
