[A:thread] Worker pinned host=1 client=1 -> cpu=1 (pid=43718)
[A:thread] Worker pinned host=1 client=2 -> cpu=2 (pid=43719)
[A:thread] Worker pinned host=1 client=3 -> cpu=3 (pid=43720)
[A:thread] Worker pinned host=1 client=4 -> cpu=4 (pid=43721)
[A:thread] Worker pinned host=1 client=5 -> cpu=5 (pid=43722)
[A:thread] Worker pinned host=1 client=0 -> cpu=0 (pid=43717)
[A:thread] Worker pinned host=1 client=6 -> cpu=6 (pid=43723)
[A:thread] Worker pinned host=1 client=7 -> cpu=7 (pid=43724)
[A:thread] WriteReceiver pid=43717 tid=139831205164736 pinned cpu=65 (host_id=1)
[A:thread] ReadReceiver pid=43717 tid=139831196772032 pinned cpu=67 (host_id=1)
[A:thread] InvalReceiver pid=43717 tid=139831188379328 pinned cpu=69 (host_id=1)
[A:thread] WriteSender pid=43717 tid=139831179986624 pinned cpu=64 (host_id=1)
[A:sender] kind=0 policy=P0 K=16 T_us=100 host_id=1
[A:thread] ReadSender pid=43717 tid=139831171593920 pinned cpu=66 (host_id=1)
[A:sender] kind=1 policy=P0 K=16 T_us=100 host_id=1
[A:thread] InvalSender pid=43717 tid=139831163201216 pinned cpu=68 (host_id=1)
[A:sender] kind=2 policy=P0 K=16 T_us=100 host_id=1
[A:tls] worker host=1 client=0 entries=1024 (~1088 KiB)
[A:tls] worker host=1 client=1 entries=1024 (~1088 KiB)
[A:tls] worker host=1 client=2 entries=1024 (~1088 KiB)
[A:tls] worker host=1 client=3 entries=1024 (~1088 KiB)
[A:tls] worker host=1 client=4 entries=1024 (~1088 KiB)
[A:tls] worker host=1 client=6 entries=1024 (~1088 KiB)
[A:tls] worker host=1 client=5 entries=1024 (~1088 KiB)
[A:tls] worker host=1 client=7 entries=1024 (~1088 KiB)
