[A:thread] Worker pinned host=0 client=1 -> cpu=1 (pid=45024)
[A:thread] Worker pinned host=0 client=2 -> cpu=2 (pid=45025)
[A:thread] Worker pinned host=0 client=3 -> cpu=3 (pid=45026)
[A:thread] Worker pinned host=0 client=4 -> cpu=4 (pid=45027)
[A:thread] Worker pinned host=0 client=5 -> cpu=5 (pid=45028)
[A:thread] Worker pinned host=0 client=0 -> cpu=0 (pid=45023)
[A:thread] Worker pinned host=0 client=6 -> cpu=6 (pid=45029)
[A:thread] Worker pinned host=0 client=7 -> cpu=7 (pid=45030)
[A:thread] WriteReceiver pid=45023 tid=140064010008256 pinned cpu=65 (host_id=0)
[A:thread] ReadReceiver pid=45023 tid=140064001615552 pinned cpu=67 (host_id=0)
[A:thread] InvalReceiver pid=45023 tid=140063993222848 pinned cpu=69 (host_id=0)
[A:tls] worker host=0 client=1 entries=1024 (~1088 KiB)
[A:tls] worker host=0 client=2 entries=1024 (~1088 KiB)
[A:tls] worker host=0 client=0 entries=1024 (~1088 KiB)
[A:tls] worker host=0 client=3 entries=1024 (~1088 KiB)
[A:tls] worker host=0 client=5 entries=1024 (~1088 KiB)
[A:tls] worker host=0 client=4 entries=1024 (~1088 KiB)
[A:tls] worker host=0 client=6 entries=1024 (~1088 KiB)
[A:tls] worker host=0 client=7 entries=1024 (~1088 KiB)
[A:thread] WriteSender pid=45023 tid=140063916684992 pinned cpu=64 (host_id=0)
[A:sender] kind=0 policy=P0 K=16 T_us=100 host_id=0
[A:thread] ReadSender pid=45023 tid=140063908292288 pinned cpu=66 (host_id=0)
[A:sender] kind=1 policy=P0 K=16 T_us=100 host_id=0
[A:thread] InvalSender pid=45023 tid=140063899899584 pinned cpu=68 (host_id=0)
[A:sender] kind=2 policy=P0 K=16 T_us=100 host_id=0
YCSB opt=A cache=1 num_hosts=2 threads=8 threads_eff=8 rep=1 load_ops=50000 load_thpt=264229 trans_ops=50000 trans_wall_max=0.017119 trans_agg_thpt=2920731 w_avg_ns=10891 w_p50_ns=9428 w_p99_ns=29397 r_avg_ns=6163 r_p50_ns=9279 r_p99_ns=14014 first_op_ns_max=32049 first_op_ns_avg=11964 ops_to_first_ns_max=2502105 ops_to_first_ns_avg=520393 # workloadd_optA_t8_cacheon_rep1
