[A:thread] Worker pinned host=0 client=1 -> cpu=1 (pid=45416)
[A:thread] Worker pinned host=0 client=2 -> cpu=2 (pid=45417)
[A:thread] Worker pinned host=0 client=3 -> cpu=3 (pid=45418)
[A:thread] Worker pinned host=0 client=4 -> cpu=4 (pid=45419)
[A:thread] Worker pinned host=0 client=5 -> cpu=5 (pid=45420)
[A:thread] Worker pinned host=0 client=0 -> cpu=0 (pid=45415)
[A:thread] Worker pinned host=0 client=6 -> cpu=6 (pid=45421)
[A:thread] Worker pinned host=0 client=7 -> cpu=7 (pid=45422)
[A:thread] WriteReceiver pid=45415 tid=139701225780928 pinned cpu=65 (host_id=0)
[A:thread] ReadReceiver pid=45415 tid=139701217388224 pinned cpu=67 (host_id=0)
[A:tls] worker host=0 client=1 entries=1024 (~1088 KiB)
[A:tls] worker host=0 client=2 entries=1024 (~1088 KiB)
[A:tls] worker host=0 client=0 entries=1024 (~1088 KiB)
[A:tls] worker host=0 client=3 entries=1024 (~1088 KiB)
[A:tls] worker host=0 client=4 entries=1024 (~1088 KiB)
[A:tls] worker host=0 client=5 entries=1024 (~1088 KiB)
[A:tls] worker host=0 client=6 entries=1024 (~1088 KiB)
[A:tls] worker host=0 client=7 entries=1024 (~1088 KiB)
[A:thread] WriteSender pid=45415 tid=139701126166208 pinned cpu=64 (host_id=0)
[A:sender] kind=0 policy=P0 K=16 T_us=100 host_id=0
[A:thread] ReadSender pid=45415 tid=139701117773504 pinned cpu=66 (host_id=0)
[A:sender] kind=1 policy=P0 K=16 T_us=100 host_id=0
[A:thread] InvalReceiver pid=45415 tid=139701208995520 pinned cpu=69 (host_id=0)
[A:thread] InvalSender pid=45415 tid=139701109380800 pinned cpu=68 (host_id=0)
[A:sender] kind=2 policy=P0 K=16 T_us=100 host_id=0
YCSB opt=A cache=1 num_hosts=2 threads=8 threads_eff=8 rep=5 load_ops=50000 load_thpt=262712 trans_ops=50000 trans_wall_max=0.017099 trans_agg_thpt=2923976 w_avg_ns=11135 w_p50_ns=9453 w_p99_ns=25045 r_avg_ns=6045 r_p50_ns=8756 r_p99_ns=12219 first_op_ns_max=29908 first_op_ns_avg=11729 ops_to_first_ns_max=2249992 ops_to_first_ns_avg=480263 # workloadd_optA_t8_cacheon_rep5
