[A:thread] Worker pinned host=0 client=1 -> cpu=1 (pid=45359)
[A:thread] Worker pinned host=0 client=2 -> cpu=2 (pid=45360)
[A:thread] Worker pinned host=0 client=3 -> cpu=3 (pid=45361)
[A:thread] Worker pinned host=0 client=4 -> cpu=4 (pid=45362)
[A:thread] Worker pinned host=0 client=5 -> cpu=5 (pid=45363)
[A:thread] Worker pinned host=0 client=0 -> cpu=0 (pid=45358)
[A:thread] Worker pinned host=0 client=6 -> cpu=6 (pid=45364)
[A:thread] Worker pinned host=0 client=7 -> cpu=7 (pid=45365)
[A:thread] WriteReceiver pid=45358 tid=140320367965888 pinned cpu=65 (host_id=0)
[A:thread] ReadReceiver pid=45358 tid=140320359573184 pinned cpu=67 (host_id=0)
[A:tls] worker host=0 client=1 entries=1024 (~1088 KiB)
[A:tls] worker host=0 client=0 entries=1024 (~1088 KiB)
[A:tls] worker host=0 client=3 entries=1024 (~1088 KiB)
[A:tls] worker host=0 client=2 entries=1024 (~1088 KiB)
[A:tls] worker host=0 client=4 entries=1024 (~1088 KiB)
[A:tls] worker host=0 client=5 entries=1024 (~1088 KiB)
[A:tls] worker host=0 client=6 entries=1024 (~1088 KiB)
[A:tls] worker host=0 client=7 entries=1024 (~1088 KiB)
[A:thread] InvalReceiver pid=45358 tid=140320351180480 pinned cpu=69 (host_id=0)
[A:thread] WriteSender pid=45358 tid=140320272545472 pinned cpu=64 (host_id=0)
[A:sender] kind=0 policy=P0 K=16 T_us=100 host_id=0
[A:thread] ReadSender pid=45358 tid=140320264152768 pinned cpu=66 (host_id=0)
[A:sender] kind=1 policy=P0 K=16 T_us=100 host_id=0
[A:thread] InvalSender pid=45358 tid=140320255760064 pinned cpu=68 (host_id=0)
[A:sender] kind=2 policy=P0 K=16 T_us=100 host_id=0
YCSB opt=A cache=1 num_hosts=2 threads=8 threads_eff=8 rep=4 load_ops=50000 load_thpt=263094 trans_ops=50000 trans_wall_max=0.017141 trans_agg_thpt=2916982 w_avg_ns=10968 w_p50_ns=9445 w_p99_ns=22215 r_avg_ns=6139 r_p50_ns=9159 r_p99_ns=16876 first_op_ns_max=28541 first_op_ns_avg=11516 ops_to_first_ns_max=2461857 ops_to_first_ns_avg=509278 # workloadd_optA_t8_cacheon_rep4
