[A:thread] Worker pinned host=1 client=1 -> cpu=1 (pid=43443)
[A:thread] Worker pinned host=1 client=2 -> cpu=2 (pid=43444)
[A:thread] Worker pinned host=1 client=3 -> cpu=3 (pid=43445)
[A:thread] Worker pinned host=1 client=4 -> cpu=4 (pid=43446)
[A:thread] Worker pinned host=1 client=0 -> cpu=0 (pid=43442)
[A:thread] Worker pinned host=1 client=5 -> cpu=5 (pid=43447)
[A:thread] Worker pinned host=1 client=6 -> cpu=6 (pid=43448)
[A:thread] Worker pinned host=1 client=7 -> cpu=7 (pid=43449)
[A:thread] WriteReceiver pid=43442 tid=139804036560576 pinned cpu=65 (host_id=1)
[A:thread] ReadReceiver pid=43442 tid=139804028167872 pinned cpu=67 (host_id=1)
[A:thread] InvalReceiver pid=43442 tid=139804019775168 pinned cpu=69 (host_id=1)
[A:thread] WriteSender pid=43442 tid=139803936945856 pinned cpu=64 (host_id=1)
[A:sender] kind=0 policy=P0 K=16 T_us=100 host_id=1
[A:thread] ReadSender pid=43442 tid=139803928553152 pinned cpu=66 (host_id=1)
[A:sender] kind=1 policy=P0 K=16 T_us=100 host_id=1
[A:tls] worker host=1 client=2 entries=1024 (~1088 KiB)
[A:tls] worker host=1 client=1 entries=1024 (~1088 KiB)
[A:tls] worker host=1 client=0 entries=1024 (~1088 KiB)
[A:tls] worker host=1 client=3 entries=1024 (~1088 KiB)
[A:tls] worker host=1 client=4 entries=1024 (~1088 KiB)
[A:tls] worker host=1 client=5 entries=1024 (~1088 KiB)
[A:tls] worker host=1 client=7 entries=1024 (~1088 KiB)
[A:tls] worker host=1 client=6 entries=1024 (~1088 KiB)
[A:thread] InvalSender pid=43442 tid=139803920160448 pinned cpu=68 (host_id=1)
[A:sender] kind=2 policy=P0 K=16 T_us=100 host_id=1
