[A:thread] Worker pinned host=0 client=1 -> cpu=1 (pid=254426)
[A:thread] Worker pinned host=0 client=2 -> cpu=2 (pid=254427)
[A:thread] Worker pinned host=0 client=3 -> cpu=3 (pid=254428)
[A:thread] Worker pinned host=0 client=4 -> cpu=4 (pid=254429)
[A:thread] Worker pinned host=0 client=5 -> cpu=5 (pid=254430)
[A:thread] Worker pinned host=0 client=0 -> cpu=0 (pid=254425)
[A:thread] Worker pinned host=0 client=6 -> cpu=6 (pid=254431)
[A:thread] Worker pinned host=0 client=7 -> cpu=7 (pid=254432)
[A:thread] WriteReceiver pid=254425 tid=140122558297792 pinned cpu=65 (host_id=0)
[A:tls] worker host=0 client=1 entries=1024 (~1088 KiB)
[A:thread] ReadReceiver pid=254425 tid=140122549905088 pinned cpu=67 (host_id=0)
[A:thread] InvalReceiver pid=254425 tid=140122541512384 pinned cpu=69 (host_id=0)
[A:tls] worker host=0 client=2 entries=1024 (~1088 KiB)
[A:thread] WriteSender pid=254425 tid=140122533119680 pinned cpu=64 (host_id=0)
[A:sender] kind=0 policy=P0 K=16 T_us=100 host_id=0
[A:tls] worker host=0 client=3 entries=1024 (~1088 KiB)
[A:thread] InvalSender pid=254425 tid=140122516334272 pinned cpu=68 (host_id=0)
[A:sender] kind=2 policy=P0 K=16 T_us=100 host_id=0
[A:thread] ReadSender pid=254425 tid=140122524726976 pinned cpu=66 (host_id=0)
[A:sender] kind=1 policy=P0 K=16 T_us=100 host_id=0
[A:tls] worker host=0 client=4 entries=1024 (~1088 KiB)
[A:tls] worker host=0 client=0 entries=1024 (~1088 KiB)
[A:tls] worker host=0 client=5 entries=1024 (~1088 KiB)
[A:tls] worker host=0 client=6 entries=1024 (~1088 KiB)
[A:tls] worker host=0 client=7 entries=1024 (~1088 KiB)
YCSB opt=A cache=1 num_hosts=2 threads=8 threads_eff=8 rep=1 load_ops=50000 load_thpt=208250 trans_ops=50000 trans_wall_max=4.388092 trans_agg_thpt=11394 w_avg_ns=11046 w_p50_ns=11839 w_p99_ns=25187 r_avg_ns=5039 r_p50_ns=6897 r_p99_ns=18314 first_op_ns_max=118951 first_op_ns_avg=31318 ops_to_first_ns_max=119144 ops_to_first_ns_avg=42532 # workloadf_optA_t8_cacheon_rep1
