[A:thread] Worker pinned host=1 client=1 -> cpu=1 (pid=257297)
[A:thread] Worker pinned host=1 client=2 -> cpu=2 (pid=257298)
[A:thread] Worker pinned host=1 client=3 -> cpu=3 (pid=257299)
[A:thread] Worker pinned host=1 client=4 -> cpu=4 (pid=257300)
[A:thread] Worker pinned host=1 client=5 -> cpu=5 (pid=257301)
[A:thread] Worker pinned host=1 client=0 -> cpu=0 (pid=257296)
[A:thread] Worker pinned host=1 client=6 -> cpu=6 (pid=257302)
[A:thread] Worker pinned host=1 client=7 -> cpu=7 (pid=257303)
[A:thread] WriteReceiver pid=257296 tid=139725615658688 pinned cpu=65 (host_id=1)
[A:tls] worker host=1 client=0 entries=1024 (~1088 KiB)
[A:tls] worker host=1 client=1 entries=1024 (~1088 KiB)
[A:tls] worker host=1 client=2 entries=1024 (~1088 KiB)
[A:tls] worker host=1 client=3 entries=1024 (~1088 KiB)
[A:thread] ReadReceiver pid=257296 tid=139725607265984 pinned cpu=67 (host_id=1)
[A:thread] InvalReceiver pid=257296 tid=139725598873280 pinned cpu=69 (host_id=1)
[A:thread] InvalSender pid=257296 tid=139725573695168 pinned cpu=68 (host_id=1)
[A:sender] kind=2 policy=P0 K=16 T_us=100 host_id=1
[A:thread] ReadSender pid=257296 tid=139725582087872 pinned cpu=66 (host_id=1)
[A:sender] kind=1 policy=P0 K=16 T_us=100 host_id=1
[A:tls] worker host=1 client=4 entries=1024 (~1088 KiB)
[A:thread] WriteSender pid=257296 tid=139725590480576 pinned cpu=64 (host_id=1)
[A:sender] kind=0 policy=P0 K=16 T_us=100 host_id=1
[A:tls] worker host=1 client=5 entries=1024 (~1088 KiB)
[A:tls] worker host=1 client=6 entries=1024 (~1088 KiB)
[A:tls] worker host=1 client=7 entries=1024 (~1088 KiB)
