[A:thread] Worker pinned host=1 client=1 -> cpu=1 (pid=257836)
[A:thread] Worker pinned host=1 client=2 -> cpu=2 (pid=257837)
[A:thread] Worker pinned host=1 client=3 -> cpu=3 (pid=257838)
[A:thread] Worker pinned host=1 client=4 -> cpu=4 (pid=257839)
[A:thread] Worker pinned host=1 client=5 -> cpu=5 (pid=257840)
[A:thread] Worker pinned host=1 client=0 -> cpu=0 (pid=257835)
[A:thread] Worker pinned host=1 client=6 -> cpu=6 (pid=257841)
[A:thread] Worker pinned host=1 client=7 -> cpu=7 (pid=257842)
[A:thread] WriteReceiver pid=257835 tid=139857134352064 pinned cpu=65 (host_id=1)
[A:thread] ReadReceiver pid=257835 tid=139857125959360 pinned cpu=67 (host_id=1)
[A:thread] InvalReceiver pid=257835 tid=139857117566656 pinned cpu=69 (host_id=1)
[A:thread] WriteSender pid=257835 tid=139857109173952 pinned cpu=64 (host_id=1)
[A:sender] kind=0 policy=P0 K=16 T_us=100 host_id=1
[A:thread] ReadSender pid=257835 tid=139857100781248 pinned cpu=66 (host_id=1)
[A:sender] kind=1 policy=P0 K=16 T_us=100 host_id=1
[A:tls] worker host=1 client=0 entries=1024 (~1088 KiB)
[A:thread] InvalSender pid=257835 tid=139857092388544 pinned cpu=68 (host_id=1)
[A:sender] kind=2 policy=P0 K=16 T_us=100 host_id=1
[A:tls] worker host=1 client=1 entries=1024 (~1088 KiB)
[A:tls] worker host=1 client=2 entries=1024 (~1088 KiB)
[A:tls] worker host=1 client=3 entries=1024 (~1088 KiB)
[A:tls] worker host=1 client=4 entries=1024 (~1088 KiB)
[A:tls] worker host=1 client=5 entries=1024 (~1088 KiB)
[A:tls] worker host=1 client=7 entries=1024 (~1088 KiB)
[A:tls] worker host=1 client=6 entries=1024 (~1088 KiB)
