[A:thread] Worker pinned host=0 client=1 -> cpu=1 (pid=254672)
[A:thread] Worker pinned host=0 client=2 -> cpu=2 (pid=254673)
[A:thread] Worker pinned host=0 client=3 -> cpu=3 (pid=254674)
[A:thread] Worker pinned host=0 client=4 -> cpu=4 (pid=254675)
[A:thread] Worker pinned host=0 client=5 -> cpu=5 (pid=254676)
[A:thread] Worker pinned host=0 client=0 -> cpu=0 (pid=254647)
[A:thread] Worker pinned host=0 client=6 -> cpu=6 (pid=254677)
[A:thread] Worker pinned host=0 client=7 -> cpu=7 (pid=254678)
[A:thread] WriteReceiver pid=254647 tid=140052242888384 pinned cpu=65 (host_id=0)
[A:thread] ReadReceiver pid=254647 tid=140052234495680 pinned cpu=67 (host_id=0)
[A:thread] InvalReceiver pid=254647 tid=140052226102976 pinned cpu=69 (host_id=0)
[A:thread] WriteSender pid=254647 tid=140052217710272 pinned cpu=64 (host_id=0)
[A:sender] kind=0 policy=P0 K=16 T_us=100 host_id=0
[A:thread] ReadSender pid=254647 tid=140052209317568 pinned cpu=66 (host_id=0)
[A:sender] kind=1 policy=P0 K=16 T_us=100 host_id=0
[A:thread] InvalSender pid=254647 tid=140052200924864 pinned cpu=68 (host_id=0)
[A:sender] kind=2 policy=P0 K=16 T_us=100 host_id=0
[A:tls] worker host=0 client=1 entries=1024 (~1088 KiB)
[A:tls] worker host=0 client=3 entries=1024 (~1088 KiB)
[A:tls] worker host=0 client=2 entries=1024 (~1088 KiB)
[A:tls] worker host=0 client=4 entries=1024 (~1088 KiB)
[A:tls] worker host=0 client=6 entries=1024 (~1088 KiB)
[A:tls] worker host=0 client=7 entries=1024 (~1088 KiB)
[A:tls] worker host=0 client=5 entries=1024 (~1088 KiB)
[A:tls] worker host=0 client=0 entries=1024 (~1088 KiB)
YCSB opt=A cache=1 num_hosts=2 threads=8 threads_eff=8 rep=5 load_ops=50000 load_thpt=226199 trans_ops=50000 trans_wall_max=0.014258 trans_agg_thpt=3506803 w_avg_ns=9466 w_p50_ns=7488 w_p99_ns=21106 r_avg_ns=3927 r_p50_ns=932 r_p99_ns=17919 first_op_ns_max=85091 first_op_ns_avg=20655 ops_to_first_ns_max=347030 ops_to_first_ns_avg=95465 # workloadf_optA_t8_cacheon_rep5
