[A:thread] Worker pinned host=1 client=1 -> cpu=1 (pid=256008)
[A:thread] Worker pinned host=1 client=2 -> cpu=2 (pid=256009)
[A:thread] Worker pinned host=1 client=3 -> cpu=3 (pid=256010)
[A:thread] Worker pinned host=1 client=4 -> cpu=4 (pid=256011)
[A:thread] Worker pinned host=1 client=5 -> cpu=5 (pid=256012)
[A:thread] Worker pinned host=1 client=6 -> cpu=6 (pid=256013)
[A:thread] Worker pinned host=1 client=7 -> cpu=7 (pid=256014)
[A:thread] Worker pinned host=1 client=8 -> cpu=8 (pid=256015)
[A:thread] Worker pinned host=1 client=9 -> cpu=9 (pid=256016)
[A:thread] Worker pinned host=1 client=10 -> cpu=10 (pid=256017)
[A:thread] Worker pinned host=1 client=11 -> cpu=11 (pid=256018)
[A:thread] Worker pinned host=1 client=12 -> cpu=12 (pid=256019)
[A:thread] Worker pinned host=1 client=13 -> cpu=13 (pid=256020)
[A:thread] Worker pinned host=1 client=14 -> cpu=14 (pid=256021)
[A:thread] Worker pinned host=1 client=15 -> cpu=15 (pid=256022)
[A:thread] Worker pinned host=1 client=16 -> cpu=16 (pid=256023)
[A:thread] Worker pinned host=1 client=17 -> cpu=17 (pid=256024)
[A:thread] Worker pinned host=1 client=18 -> cpu=18 (pid=256025)
[A:thread] Worker pinned host=1 client=19 -> cpu=19 (pid=256026)
[A:thread] Worker pinned host=1 client=20 -> cpu=20 (pid=256027)
[A:thread] Worker pinned host=1 client=21 -> cpu=21 (pid=256028)
[A:thread] Worker pinned host=1 client=22 -> cpu=22 (pid=256029)
[A:thread] Worker pinned host=1 client=23 -> cpu=23 (pid=256030)
[A:thread] Worker pinned host=1 client=24 -> cpu=24 (pid=256031)
[A:thread] Worker pinned host=1 client=25 -> cpu=25 (pid=256032)
[A:thread] Worker pinned host=1 client=26 -> cpu=26 (pid=256033)
[A:thread] Worker pinned host=1 client=27 -> cpu=27 (pid=256034)
[A:thread] Worker pinned host=1 client=28 -> cpu=28 (pid=256035)
[A:thread] Worker pinned host=1 client=29 -> cpu=29 (pid=256036)
[A:thread] Worker pinned host=1 client=30 -> cpu=30 (pid=256037)
[A:thread] Worker pinned host=1 client=31 -> cpu=31 (pid=256038)
[A:thread] Worker pinned host=1 client=32 -> cpu=32 (pid=256039)
[A:thread] Worker pinned host=1 client=33 -> cpu=33 (pid=256040)
[A:thread] Worker pinned host=1 client=34 -> cpu=34 (pid=256041)
[A:thread] Worker pinned host=1 client=35 -> cpu=35 (pid=256042)
[A:thread] Worker pinned host=1 client=36 -> cpu=36 (pid=256043)
[A:thread] Worker pinned host=1 client=37 -> cpu=37 (pid=256044)
[A:thread] Worker pinned host=1 client=38 -> cpu=38 (pid=256045)
[A:thread] Worker pinned host=1 client=39 -> cpu=39 (pid=256046)
[A:thread] Worker pinned host=1 client=40 -> cpu=40 (pid=256047)
[A:thread] Worker pinned host=1 client=41 -> cpu=41 (pid=256048)
[A:thread] Worker pinned host=1 client=42 -> cpu=42 (pid=256049)
[A:thread] Worker pinned host=1 client=43 -> cpu=43 (pid=256050)
[A:thread] Worker pinned host=1 client=44 -> cpu=44 (pid=256051)
[A:thread] Worker pinned host=1 client=45 -> cpu=45 (pid=256052)
[A:thread] Worker pinned host=1 client=46 -> cpu=46 (pid=256053)
[A:thread] Worker pinned host=1 client=47 -> cpu=47 (pid=256054)
[A:thread] Worker pinned host=1 client=48 -> cpu=48 (pid=256055)
[A:thread] Worker pinned host=1 client=49 -> cpu=49 (pid=256056)
[A:thread] Worker pinned host=1 client=50 -> cpu=50 (pid=256057)
[A:thread] Worker pinned host=1 client=51 -> cpu=51 (pid=256058)
[A:thread] Worker pinned host=1 client=52 -> cpu=52 (pid=256059)
[A:thread] Worker pinned host=1 client=53 -> cpu=53 (pid=256060)
[A:thread] Worker pinned host=1 client=54 -> cpu=54 (pid=256061)
[A:thread] Worker pinned host=1 client=55 -> cpu=55 (pid=256062)
[A:thread] Worker pinned host=1 client=56 -> cpu=56 (pid=256063)
[A:thread] Worker pinned host=1 client=57 -> cpu=57 (pid=256064)
[A:thread] Worker pinned host=1 client=58 -> cpu=58 (pid=256065)
[A:thread] Worker pinned host=1 client=59 -> cpu=59 (pid=256066)
[A:thread] Worker pinned host=1 client=60 -> cpu=60 (pid=256067)
[A:thread] Worker pinned host=1 client=0 -> cpu=0 (pid=255991)
[A:thread] Worker pinned host=1 client=61 -> cpu=61 (pid=256068)
[A:thread] Worker pinned host=1 client=62 -> cpu=62 (pid=256069)
[A:thread] Worker pinned host=1 client=63 -> cpu=63 (pid=256070)
[A:thread] WriteReceiver pid=255991 tid=140044665878208 pinned cpu=65 (host_id=1)
[A:thread] ReadReceiver pid=255991 tid=140044657485504 pinned cpu=67 (host_id=1)
[A:thread] InvalReceiver pid=255991 tid=140044649092800 pinned cpu=69 (host_id=1)
[A:thread] WriteSender pid=255991 tid=140044640700096 pinned cpu=64 (host_id=1)
[A:sender] kind=0 policy=P0 K=16 T_us=100 host_id=1
[A:thread] ReadSender pid=255991 tid=140044632307392 pinned cpu=66 (host_id=1)
[A:sender] kind=1 policy=P0 K=16 T_us=100 host_id=1
[A:thread] InvalSender pid=255991 tid=140044623914688 pinned cpu=68 (host_id=1)
[A:sender] kind=2 policy=P0 K=16 T_us=100 host_id=1
[A:tls] worker host=1 client=43 entries=1024 (~1088 KiB)
[A:tls] worker host=1 client=44 entries=1024 (~1088 KiB)
[A:tls] worker host=1 client=19 entries=1024 (~1088 KiB)
[A:tls] worker host=1 client=37 entries=1024 (~1088 KiB)
[A:tls] worker host=1 client=24 entries=1024 (~1088 KiB)
[A:tls] worker host=1 client=42 entries=1024 (~1088 KiB)
[A:tls] worker host=1 client=21 entries=1024 (~1088 KiB)
[A:tls] worker host=1 client=51 entries=1024 (~1088 KiB)
[A:tls] worker host=1 client=39 entries=1024 (~1088 KiB)
[A:tls] worker host=1 client=28 entries=1024 (~1088 KiB)
[A:tls] worker host=1 client=41 entries=1024 (~1088 KiB)
[A:tls] worker host=1 client=12 entries=1024 (~1088 KiB)
[A:tls] worker host=1 client=45 entries=1024 (~1088 KiB)
[A:tls] worker host=1 client=20 entries=1024 (~1088 KiB)
[A:tls] worker host=1 client=13 entries=1024 (~1088 KiB)
[A:tls] worker host=1 client=16 entries=1024 (~1088 KiB)
[A:tls] worker host=1 client=48 entries=1024 (~1088 KiB)
[A:tls] worker host=1 client=46 entries=1024 (~1088 KiB)
[A:tls] worker host=1 client=18 entries=1024 (~1088 KiB)
[A:tls] worker host=1 client=27 entries=1024 (~1088 KiB)
[A:tls] worker host=1 client=34 entries=1024 (~1088 KiB)
[A:tls] worker host=1 client=32 entries=1024 (~1088 KiB)
[A:tls] worker host=1 client=17 entries=1024 (~1088 KiB)
[A:tls] worker host=1 client=47 entries=1024 (~1088 KiB)
[A:tls] worker host=1 client=33 entries=1024 (~1088 KiB)
[A:tls] worker host=1 client=22 entries=1024 (~1088 KiB)
[A:tls] worker host=1 client=25 entries=1024 (~1088 KiB)
[A:tls] worker host=1 client=7 entries=1024 (~1088 KiB)
[A:tls] worker host=1 client=8 entries=1024 (~1088 KiB)
[A:tls] worker host=1 client=36 entries=1024 (~1088 KiB)
[A:tls] worker host=1 client=35 entries=1024 (~1088 KiB)
[A:tls] worker host=1 client=50 entries=1024 (~1088 KiB)
[A:tls] worker host=1 client=4 entries=1024 (~1088 KiB)
[A:tls] worker host=1 client=29 entries=1024 (~1088 KiB)
[A:tls] worker host=1 client=23 entries=1024 (~1088 KiB)
[A:tls] worker host=1 client=40 entries=1024 (~1088 KiB)
[A:tls] worker host=1 client=31 entries=1024 (~1088 KiB)
[A:tls] worker host=1 client=49 entries=1024 (~1088 KiB)
[A:tls] worker host=1 client=38 entries=1024 (~1088 KiB)
[A:tls] worker host=1 client=5 entries=1024 (~1088 KiB)
[A:tls] worker host=1 client=3 entries=1024 (~1088 KiB)
[A:tls] worker host=1 client=6 entries=1024 (~1088 KiB)
[A:tls] worker host=1 client=9 entries=1024 (~1088 KiB)
[A:tls] worker host=1 client=52 entries=1024 (~1088 KiB)
[A:tls] worker host=1 client=1 entries=1024 (~1088 KiB)
[A:tls] worker host=1 client=10 entries=1024 (~1088 KiB)
[A:tls] worker host=1 client=14 entries=1024 (~1088 KiB)
[A:tls] worker host=1 client=26 entries=1024 (~1088 KiB)
[A:tls] worker host=1 client=11 entries=1024 (~1088 KiB)
[A:tls] worker host=1 client=15 entries=1024 (~1088 KiB)
[A:tls] worker host=1 client=54 entries=1024 (~1088 KiB)
[A:tls] worker host=1 client=53 entries=1024 (~1088 KiB)
[A:tls] worker host=1 client=30 entries=1024 (~1088 KiB)
[A:tls] worker host=1 client=55 entries=1024 (~1088 KiB)
[A:tls] worker host=1 client=0 entries=1024 (~1088 KiB)
[A:tls] worker host=1 client=56 entries=1024 (~1088 KiB)
[A:tls] worker host=1 client=2 entries=1024 (~1088 KiB)
[A:tls] worker host=1 client=57 entries=1024 (~1088 KiB)
[A:tls] worker host=1 client=58 entries=1024 (~1088 KiB)
[A:tls] worker host=1 client=59 entries=1024 (~1088 KiB)
[A:tls] worker host=1 client=62 entries=1024 (~1088 KiB)
[A:tls] worker host=1 client=63 entries=1024 (~1088 KiB)
[A:tls] worker host=1 client=61 entries=1024 (~1088 KiB)
[A:tls] worker host=1 client=60 entries=1024 (~1088 KiB)
