[A:thread] Worker pinned host=0 client=1 -> cpu=1 (pid=254707)
[A:thread] Worker pinned host=0 client=2 -> cpu=2 (pid=254708)
[A:thread] Worker pinned host=0 client=3 -> cpu=3 (pid=254709)
[A:thread] Worker pinned host=0 client=4 -> cpu=4 (pid=254710)
[A:thread] Worker pinned host=0 client=5 -> cpu=5 (pid=254711)
[A:thread] Worker pinned host=0 client=0 -> cpu=0 (pid=254706)
[A:thread] Worker pinned host=0 client=6 -> cpu=6 (pid=254712)
[A:thread] Worker pinned host=0 client=7 -> cpu=7 (pid=254713)
[A:thread] WriteReceiver pid=254706 tid=140355665131200 pinned cpu=65 (host_id=0)
[A:tls] worker host=0 client=0 entries=1024 (~1088 KiB)
[A:thread] ReadReceiver pid=254706 tid=140355656738496 pinned cpu=67 (host_id=0)
[A:thread] InvalReceiver pid=254706 tid=140355648345792 pinned cpu=69 (host_id=0)
[A:thread] WriteSender pid=254706 tid=140355639953088 pinned cpu=64 (host_id=0)
[A:sender] kind=0 policy=P0 K=16 T_us=100 host_id=0
[A:thread] InvalSender pid=254706 tid=140355623167680 pinned cpu=68 (host_id=0)
[A:sender] kind=2 policy=P0 K=16 T_us=100 host_id=0
[A:thread] ReadSender pid=254706 tid=140355631560384 pinned cpu=66 (host_id=0)
[A:sender] kind=1 policy=P0 K=16 T_us=100 host_id=0
[A:tls] worker host=0 client=5 entries=1024 (~1088 KiB)
[A:tls] worker host=0 client=7 entries=1024 (~1088 KiB)
[A:tls] worker host=0 client=3 entries=1024 (~1088 KiB)
[A:tls] worker host=0 client=6 entries=1024 (~1088 KiB)
[A:tls] worker host=0 client=1 entries=1024 (~1088 KiB)
[A:tls] worker host=0 client=2 entries=1024 (~1088 KiB)
[A:tls] worker host=0 client=4 entries=1024 (~1088 KiB)
YCSB opt=A cache=1 num_hosts=2 threads=8 threads_eff=8 rep=6 load_ops=50000 load_thpt=237088 trans_ops=50000 trans_wall_max=0.013807 trans_agg_thpt=3621351 w_avg_ns=9063 w_p50_ns=7066 w_p99_ns=20881 r_avg_ns=3710 r_p50_ns=806 r_p99_ns=16303 first_op_ns_max=43594 first_op_ns_avg=15924 ops_to_first_ns_max=309599 ops_to_first_ns_avg=78110 # workloadf_optA_t8_cacheon_rep6
