[A:thread] Worker pinned host=0 client=1 -> cpu=1 (pid=252603)
[A:thread] Worker pinned host=0 client=2 -> cpu=2 (pid=252604)
[A:thread] Worker pinned host=0 client=3 -> cpu=3 (pid=252605)
[A:thread] Worker pinned host=0 client=4 -> cpu=4 (pid=252606)
[A:thread] Worker pinned host=0 client=5 -> cpu=5 (pid=252607)
[A:thread] Worker pinned host=0 client=6 -> cpu=6 (pid=252608)
[A:thread] Worker pinned host=0 client=7 -> cpu=7 (pid=252609)
[A:thread] Worker pinned host=0 client=8 -> cpu=8 (pid=252610)
[A:thread] Worker pinned host=0 client=9 -> cpu=9 (pid=252611)
[A:thread] Worker pinned host=0 client=10 -> cpu=10 (pid=252612)
[A:thread] Worker pinned host=0 client=11 -> cpu=11 (pid=252613)
[A:thread] Worker pinned host=0 client=12 -> cpu=12 (pid=252614)
[A:thread] Worker pinned host=0 client=13 -> cpu=13 (pid=252615)
[A:thread] Worker pinned host=0 client=14 -> cpu=14 (pid=252616)
[A:thread] Worker pinned host=0 client=15 -> cpu=15 (pid=252617)
[A:thread] Worker pinned host=0 client=16 -> cpu=16 (pid=252618)
[A:thread] Worker pinned host=0 client=17 -> cpu=17 (pid=252619)
[A:thread] Worker pinned host=0 client=18 -> cpu=18 (pid=252620)
[A:thread] Worker pinned host=0 client=19 -> cpu=19 (pid=252621)
[A:thread] Worker pinned host=0 client=20 -> cpu=20 (pid=252622)
[A:thread] Worker pinned host=0 client=21 -> cpu=21 (pid=252623)
[A:thread] Worker pinned host=0 client=22 -> cpu=22 (pid=252624)
[A:thread] Worker pinned host=0 client=23 -> cpu=23 (pid=252625)
[A:thread] Worker pinned host=0 client=24 -> cpu=24 (pid=252626)
[A:thread] Worker pinned host=0 client=25 -> cpu=25 (pid=252627)
[A:thread] Worker pinned host=0 client=26 -> cpu=26 (pid=252628)
[A:thread] Worker pinned host=0 client=27 -> cpu=27 (pid=252629)
[A:thread] Worker pinned host=0 client=28 -> cpu=28 (pid=252630)
[A:thread] Worker pinned host=0 client=29 -> cpu=29 (pid=252631)
[A:thread] Worker pinned host=0 client=30 -> cpu=30 (pid=252632)
[A:thread] Worker pinned host=0 client=31 -> cpu=31 (pid=252633)
[A:thread] Worker pinned host=0 client=32 -> cpu=32 (pid=252634)
[A:thread] Worker pinned host=0 client=33 -> cpu=33 (pid=252635)
[A:thread] Worker pinned host=0 client=34 -> cpu=34 (pid=252636)
[A:thread] Worker pinned host=0 client=35 -> cpu=35 (pid=252637)
[A:thread] Worker pinned host=0 client=36 -> cpu=36 (pid=252638)
[A:thread] Worker pinned host=0 client=37 -> cpu=37 (pid=252639)
[A:thread] Worker pinned host=0 client=38 -> cpu=38 (pid=252640)
[A:thread] Worker pinned host=0 client=39 -> cpu=39 (pid=252641)
[A:thread] Worker pinned host=0 client=40 -> cpu=40 (pid=252642)
[A:thread] Worker pinned host=0 client=41 -> cpu=41 (pid=252643)
[A:thread] Worker pinned host=0 client=42 -> cpu=42 (pid=252644)
[A:thread] Worker pinned host=0 client=43 -> cpu=43 (pid=252645)
[A:thread] Worker pinned host=0 client=44 -> cpu=44 (pid=252646)
[A:thread] Worker pinned host=0 client=45 -> cpu=45 (pid=252647)
[A:thread] Worker pinned host=0 client=46 -> cpu=46 (pid=252648)
[A:thread] Worker pinned host=0 client=47 -> cpu=47 (pid=252649)
[A:thread] Worker pinned host=0 client=48 -> cpu=48 (pid=252650)
[A:thread] Worker pinned host=0 client=49 -> cpu=49 (pid=252651)
[A:thread] Worker pinned host=0 client=50 -> cpu=50 (pid=252652)
[A:thread] Worker pinned host=0 client=51 -> cpu=51 (pid=252653)
[A:thread] Worker pinned host=0 client=52 -> cpu=52 (pid=252654)
[A:thread] Worker pinned host=0 client=53 -> cpu=53 (pid=252655)
[A:thread] Worker pinned host=0 client=54 -> cpu=54 (pid=252656)
[A:thread] Worker pinned host=0 client=55 -> cpu=55 (pid=252657)
[A:thread] Worker pinned host=0 client=56 -> cpu=56 (pid=252658)
[A:thread] Worker pinned host=0 client=57 -> cpu=57 (pid=252659)
[A:thread] Worker pinned host=0 client=58 -> cpu=58 (pid=252660)
[A:thread] Worker pinned host=0 client=59 -> cpu=59 (pid=252661)
[A:thread] Worker pinned host=0 client=60 -> cpu=60 (pid=252662)
[A:thread] Worker pinned host=0 client=61 -> cpu=61 (pid=252663)
[A:thread] Worker pinned host=0 client=0 -> cpu=0 (pid=252602)
[A:thread] Worker pinned host=0 client=62 -> cpu=62 (pid=252664)
[A:thread] Worker pinned host=0 client=63 -> cpu=63 (pid=252665)
[A:thread] WriteReceiver pid=252602 tid=139986893534912 pinned cpu=65 (host_id=0)
[A:thread] WriteSender pid=252602 tid=139986868356800 pinned cpu=64 (host_id=0)
[A:sender] kind=0 policy=P0 K=16 T_us=100 host_id=0
[A:thread] ReadReceiver pid=252602 tid=139986885142208 pinned cpu=67 (host_id=0)
[A:thread] InvalReceiver pid=252602 tid=139986876749504 pinned cpu=69 (host_id=0)
[A:thread] ReadSender pid=252602 tid=139986859964096 pinned cpu=66 (host_id=0)
[A:sender] kind=1 policy=P0 K=16 T_us=100 host_id=0
[A:thread] InvalSender pid=252602 tid=139986851571392 pinned cpu=68 (host_id=0)
[A:sender] kind=2 policy=P0 K=16 T_us=100 host_id=0
[A:tls] worker host=0 client=22 entries=1024 (~1088 KiB)
[A:tls] worker host=0 client=41 entries=1024 (~1088 KiB)
[A:tls] worker host=0 client=35 entries=1024 (~1088 KiB)
[A:tls] worker host=0 client=16 entries=1024 (~1088 KiB)
[A:tls] worker host=0 client=28 entries=1024 (~1088 KiB)
[A:tls] worker host=0 client=2 entries=1024 (~1088 KiB)
[A:tls] worker host=0 client=37 entries=1024 (~1088 KiB)
[A:tls] worker host=0 client=38 entries=1024 (~1088 KiB)
[A:tls] worker host=0 client=0 entries=1024 (~1088 KiB)
[A:tls] worker host=0 client=12 entries=1024 (~1088 KiB)
[A:tls] worker host=0 client=18 entries=1024 (~1088 KiB)
[A:tls] worker host=0 client=32 entries=1024 (~1088 KiB)
[A:tls] worker host=0 client=29 entries=1024 (~1088 KiB)
[A:tls] worker host=0 client=6 entries=1024 (~1088 KiB)
[A:tls] worker host=0 client=23 entries=1024 (~1088 KiB)
[A:tls] worker host=0 client=51 entries=1024 (~1088 KiB)
[A:tls] worker host=0 client=34 entries=1024 (~1088 KiB)
[A:tls] worker host=0 client=52 entries=1024 (~1088 KiB)
[A:tls] worker host=0 client=3 entries=1024 (~1088 KiB)
[A:tls] worker host=0 client=24 entries=1024 (~1088 KiB)
[A:tls] worker host=0 client=55 entries=1024 (~1088 KiB)
[A:tls] worker host=0 client=63 entries=1024 (~1088 KiB)
[A:tls] worker host=0 client=57 entries=1024 (~1088 KiB)
[A:tls] worker host=0 client=53 entries=1024 (~1088 KiB)
[A:tls] worker host=0 client=30 entries=1024 (~1088 KiB)
[A:tls] worker host=0 client=14 entries=1024 (~1088 KiB)
[A:tls] worker host=0 client=58 entries=1024 (~1088 KiB)
[A:tls] worker host=0 client=31 entries=1024 (~1088 KiB)
[A:tls] worker host=0 client=60 entries=1024 (~1088 KiB)
[A:tls] worker host=0 client=62 entries=1024 (~1088 KiB)
[A:tls] worker host=0 client=61 entries=1024 (~1088 KiB)
[A:tls] worker host=0 client=33 entries=1024 (~1088 KiB)
[A:tls] worker host=0 client=54 entries=1024 (~1088 KiB)
[A:tls] worker host=0 client=1 entries=1024 (~1088 KiB)
[A:tls] worker host=0 client=56 entries=1024 (~1088 KiB)
[A:tls] worker host=0 client=5 entries=1024 (~1088 KiB)
[A:tls] worker host=0 client=8 entries=1024 (~1088 KiB)
[A:tls] worker host=0 client=7 entries=1024 (~1088 KiB)
[A:tls] worker host=0 client=59 entries=1024 (~1088 KiB)
[A:tls] worker host=0 client=4 entries=1024 (~1088 KiB)
[A:tls] worker host=0 client=15 entries=1024 (~1088 KiB)
[A:tls] worker host=0 client=11 entries=1024 (~1088 KiB)
[A:tls] worker host=0 client=13 entries=1024 (~1088 KiB)
[A:tls] worker host=0 client=36 entries=1024 (~1088 KiB)
[A:tls] worker host=0 client=25 entries=1024 (~1088 KiB)
[A:tls] worker host=0 client=9 entries=1024 (~1088 KiB)
[A:tls] worker host=0 client=10 entries=1024 (~1088 KiB)
[A:tls] worker host=0 client=43 entries=1024 (~1088 KiB)
[A:tls] worker host=0 client=19 entries=1024 (~1088 KiB)
[A:tls] worker host=0 client=21 entries=1024 (~1088 KiB)
[A:tls] worker host=0 client=20 entries=1024 (~1088 KiB)
[A:tls] worker host=0 client=45 entries=1024 (~1088 KiB)
[A:tls] worker host=0 client=17 entries=1024 (~1088 KiB)
[A:tls] worker host=0 client=44 entries=1024 (~1088 KiB)
[A:tls] worker host=0 client=39 entries=1024 (~1088 KiB)
[A:tls] worker host=0 client=26 entries=1024 (~1088 KiB)
[A:tls] worker host=0 client=50 entries=1024 (~1088 KiB)
[A:tls] worker host=0 client=42 entries=1024 (~1088 KiB)
[A:tls] worker host=0 client=40 entries=1024 (~1088 KiB)
[A:tls] worker host=0 client=46 entries=1024 (~1088 KiB)
[A:tls] worker host=0 client=49 entries=1024 (~1088 KiB)
[A:tls] worker host=0 client=48 entries=1024 (~1088 KiB)
[A:tls] worker host=0 client=47 entries=1024 (~1088 KiB)
[A:tls] worker host=0 client=27 entries=1024 (~1088 KiB)
YCSB opt=A cache=1 num_hosts=2 threads=64 threads_eff=64 rep=11 load_ops=50000 load_thpt=142995 trans_ops=50000 trans_wall_max=0.004438 trans_agg_thpt=11266336 w_avg_ns=23776 w_p50_ns=5323 w_p99_ns=35319 r_avg_ns=9183 r_p50_ns=11161 r_p99_ns=43413 first_op_ns_max=188483 first_op_ns_avg=21517 ops_to_first_ns_max=1472771 ops_to_first_ns_avg=196456 # workloadb_optA_t64_cacheon_rep11
