[A:thread] Worker pinned host=0 client=1 -> cpu=1 (pid=254834)
[A:thread] Worker pinned host=0 client=2 -> cpu=2 (pid=254835)
[A:thread] Worker pinned host=0 client=3 -> cpu=3 (pid=254836)
[A:thread] Worker pinned host=0 client=4 -> cpu=4 (pid=254837)
[A:thread] Worker pinned host=0 client=5 -> cpu=5 (pid=254838)
[A:thread] Worker pinned host=0 client=0 -> cpu=0 (pid=254833)
[A:thread] Worker pinned host=0 client=6 -> cpu=6 (pid=254839)
[A:thread] Worker pinned host=0 client=7 -> cpu=7 (pid=254840)
[A:thread] WriteReceiver pid=254833 tid=139680245872320 pinned cpu=65 (host_id=0)
[A:tls] worker host=0 client=1 entries=1024 (~1088 KiB)
[A:tls] worker host=0 client=2 entries=1024 (~1088 KiB)
[A:tls] worker host=0 client=3 entries=1024 (~1088 KiB)
[A:tls] worker host=0 client=4 entries=1024 (~1088 KiB)
[A:tls] worker host=0 client=5 entries=1024 (~1088 KiB)
[A:thread] ReadReceiver pid=254833 tid=139680237479616 pinned cpu=67 (host_id=0)
[A:thread] InvalReceiver pid=254833 tid=139680229086912 pinned cpu=69 (host_id=0)
[A:tls] worker host=0 client=0 entries=1024 (~1088 KiB)
[A:thread] WriteSender pid=254833 tid=139680220694208 pinned cpu=64 (host_id=0)
[A:tls] worker host=0 client=6 entries=1024 (~1088 KiB)
[A:sender] kind=0 policy=P0 K=16 T_us=100 host_id=0
[A:thread] ReadSender pid=254833 tid=139680212301504 pinned cpu=66 (host_id=0)
[A:tls] worker host=0 client=7 entries=1024 (~1088 KiB)
[A:sender] kind=1 policy=P0 K=16 T_us=100 host_id=0
[A:thread] InvalSender pid=254833 tid=139680203908800 pinned cpu=68 (host_id=0)
[A:sender] kind=2 policy=P0 K=16 T_us=100 host_id=0
YCSB opt=A cache=1 num_hosts=2 threads=8 threads_eff=8 rep=9 load_ops=50000 load_thpt=230705 trans_ops=50000 trans_wall_max=0.014060 trans_agg_thpt=3555934 w_avg_ns=9354 w_p50_ns=7237 w_p99_ns=19751 r_avg_ns=3934 r_p50_ns=790 r_p99_ns=19724 first_op_ns_max=88028 first_op_ns_avg=22387 ops_to_first_ns_max=464849 ops_to_first_ns_avg=97380 # workloadf_optA_t8_cacheon_rep9
