[A:thread] Worker pinned host=0 client=1 -> cpu=1 (pid=255055)
[A:thread] Worker pinned host=0 client=2 -> cpu=2 (pid=255056)
[A:thread] Worker pinned host=0 client=3 -> cpu=3 (pid=255057)
[A:thread] Worker pinned host=0 client=4 -> cpu=4 (pid=255058)
[A:thread] Worker pinned host=0 client=5 -> cpu=5 (pid=255059)
[A:thread] Worker pinned host=0 client=0 -> cpu=0 (pid=255054)
[A:thread] Worker pinned host=0 client=6 -> cpu=6 (pid=255060)
[A:thread] Worker pinned host=0 client=7 -> cpu=7 (pid=255061)
[A:thread] WriteReceiver pid=255054 tid=140376414353088 pinned cpu=65 (host_id=0)
[A:thread] ReadReceiver pid=255054 tid=140376405960384 pinned cpu=67 (host_id=0)
[A:thread] InvalReceiver pid=255054 tid=140376397567680 pinned cpu=69 (host_id=0)
[A:tls] worker host=0 client=1 entries=1024 (~1088 KiB)
[A:thread] WriteSender pid=255054 tid=140376389174976 pinned cpu=64 (host_id=0)
[A:sender] kind=0 policy=P0 K=16 T_us=100 host_id=0
[A:thread] InvalSender pid=255054 tid=140376372389568 pinned cpu=68 (host_id=0)
[A:sender] kind=2 policy=P0 K=16 T_us=100 host_id=0
[A:thread] ReadSender pid=255054 tid=140376380782272 pinned cpu=66 (host_id=0)
[A:sender] kind=1 policy=P0 K=16 T_us=100 host_id=0
[A:tls] worker host=0 client=0 entries=1024 (~1088 KiB)
[A:tls] worker host=0 client=6 entries=1024 (~1088 KiB)
[A:tls] worker host=0 client=3 entries=1024 (~1088 KiB)
[A:tls] worker host=0 client=5 entries=1024 (~1088 KiB)
[A:tls] worker host=0 client=7 entries=1024 (~1088 KiB)
[A:tls] worker host=0 client=2 entries=1024 (~1088 KiB)
[A:tls] worker host=0 client=4 entries=1024 (~1088 KiB)
YCSB opt=A cache=1 num_hosts=2 threads=8 threads_eff=8 rep=14 load_ops=50000 load_thpt=238633 trans_ops=50000 trans_wall_max=0.013782 trans_agg_thpt=3627920 w_avg_ns=8978 w_p50_ns=6900 w_p99_ns=19809 r_avg_ns=3837 r_p50_ns=798 r_p99_ns=19564 first_op_ns_max=34330 first_op_ns_avg=16904 ops_to_first_ns_max=444311 ops_to_first_ns_avg=89365 # workloadf_optA_t8_cacheon_rep14
