[A:thread] Worker pinned host=0 client=1 -> cpu=1 (pid=254961)
[A:thread] Worker pinned host=0 client=2 -> cpu=2 (pid=254962)
[A:thread] Worker pinned host=0 client=3 -> cpu=3 (pid=254963)
[A:thread] Worker pinned host=0 client=4 -> cpu=4 (pid=254964)
[A:thread] Worker pinned host=0 client=5 -> cpu=5 (pid=254965)
[A:thread] Worker pinned host=0 client=0 -> cpu=0 (pid=254938)
[A:thread] Worker pinned host=0 client=6 -> cpu=6 (pid=254966)
[A:thread] Worker pinned host=0 client=7 -> cpu=7 (pid=254967)
[A:thread] WriteReceiver pid=254938 tid=140170390140608 pinned cpu=65 (host_id=0)
[A:thread] ReadReceiver pid=254938 tid=140170381747904 pinned cpu=67 (host_id=0)
[A:thread] InvalReceiver pid=254938 tid=140170373355200 pinned cpu=69 (host_id=0)
[A:thread] WriteSender pid=254938 tid=140170364962496 pinned cpu=64 (host_id=0)
[A:sender] kind=0 policy=P0 K=16 T_us=100 host_id=0
[A:thread] ReadSender pid=254938 tid=140170356569792 pinned cpu=66 (host_id=0)
[A:sender] kind=1 policy=P0 K=16 T_us=100 host_id=0
[A:thread] InvalSender pid=254938 tid=140170348177088 pinned cpu=68 (host_id=0)
[A:sender] kind=2 policy=P0 K=16 T_us=100 host_id=0
[A:tls] worker host=0 client=1 entries=1024 (~1088 KiB)
[A:tls] worker host=0 client=2 entries=1024 (~1088 KiB)
[A:tls] worker host=0 client=3 entries=1024 (~1088 KiB)
[A:tls] worker host=0 client=4 entries=1024 (~1088 KiB)
[A:tls] worker host=0 client=0 entries=1024 (~1088 KiB)
[A:tls] worker host=0 client=5 entries=1024 (~1088 KiB)
[A:tls] worker host=0 client=6 entries=1024 (~1088 KiB)
[A:tls] worker host=0 client=7 entries=1024 (~1088 KiB)
YCSB opt=A cache=1 num_hosts=2 threads=8 threads_eff=8 rep=12 load_ops=50000 load_thpt=226133 trans_ops=50000 trans_wall_max=0.014282 trans_agg_thpt=3500910 w_avg_ns=9541 w_p50_ns=7525 w_p99_ns=20278 r_avg_ns=3925 r_p50_ns=976 r_p99_ns=16778 first_op_ns_max=36795 first_op_ns_avg=17181 ops_to_first_ns_max=344319 ops_to_first_ns_avg=81198 # workloadf_optA_t8_cacheon_rep12
