[A:thread] Worker pinned host=1 client=1 -> cpu=1 (pid=257450)
[A:thread] Worker pinned host=1 client=2 -> cpu=2 (pid=257451)
[A:thread] Worker pinned host=1 client=3 -> cpu=3 (pid=257452)
[A:thread] Worker pinned host=1 client=4 -> cpu=4 (pid=257453)
[A:thread] Worker pinned host=1 client=5 -> cpu=5 (pid=257454)
[A:thread] Worker pinned host=1 client=0 -> cpu=0 (pid=257425)
[A:thread] Worker pinned host=1 client=6 -> cpu=6 (pid=257455)
[A:thread] Worker pinned host=1 client=7 -> cpu=7 (pid=257456)
[A:thread] WriteReceiver pid=257425 tid=140588253968064 pinned cpu=65 (host_id=1)
[A:thread] ReadReceiver pid=257425 tid=140588245575360 pinned cpu=67 (host_id=1)
[A:thread] InvalReceiver pid=257425 tid=140588237182656 pinned cpu=69 (host_id=1)
[A:thread] WriteSender pid=257425 tid=140588228789952 pinned cpu=64 (host_id=1)
[A:sender] kind=0 policy=P0 K=16 T_us=100 host_id=1
[A:thread] ReadSender pid=257425 tid=140588220397248 pinned cpu=66 (host_id=1)
[A:sender] kind=1 policy=P0 K=16 T_us=100 host_id=1
[A:thread] InvalSender pid=257425 tid=140588212004544 pinned cpu=68 (host_id=1)
[A:sender] kind=2 policy=P0 K=16 T_us=100 host_id=1
[A:tls] worker host=1 client=1 entries=1024 (~1088 KiB)
[A:tls] worker host=1 client=2 entries=1024 (~1088 KiB)
[A:tls] worker host=1 client=3 entries=1024 (~1088 KiB)
[A:tls] worker host=1 client=0 entries=1024 (~1088 KiB)
[A:tls] worker host=1 client=4 entries=1024 (~1088 KiB)
[A:tls] worker host=1 client=5 entries=1024 (~1088 KiB)
[A:tls] worker host=1 client=7 entries=1024 (~1088 KiB)
[A:tls] worker host=1 client=6 entries=1024 (~1088 KiB)
