[A:thread] Worker pinned host=0 client=1 -> cpu=1 (pid=253505)
[A:thread] Worker pinned host=0 client=2 -> cpu=2 (pid=253506)
[A:thread] Worker pinned host=0 client=3 -> cpu=3 (pid=253507)
[A:thread] Worker pinned host=0 client=4 -> cpu=4 (pid=253508)
[A:thread] Worker pinned host=0 client=5 -> cpu=5 (pid=253509)
[A:thread] Worker pinned host=0 client=6 -> cpu=6 (pid=253510)
[A:thread] Worker pinned host=0 client=7 -> cpu=7 (pid=253511)
[A:thread] Worker pinned host=0 client=8 -> cpu=8 (pid=253512)
[A:thread] Worker pinned host=0 client=9 -> cpu=9 (pid=253513)
[A:thread] Worker pinned host=0 client=10 -> cpu=10 (pid=253514)
[A:thread] Worker pinned host=0 client=11 -> cpu=11 (pid=253515)
[A:thread] Worker pinned host=0 client=12 -> cpu=12 (pid=253516)
[A:thread] Worker pinned host=0 client=13 -> cpu=13 (pid=253517)
[A:thread] Worker pinned host=0 client=14 -> cpu=14 (pid=253518)
[A:thread] Worker pinned host=0 client=15 -> cpu=15 (pid=253519)
[A:thread] Worker pinned host=0 client=16 -> cpu=16 (pid=253520)
[A:thread] Worker pinned host=0 client=17 -> cpu=17 (pid=253521)
[A:thread] Worker pinned host=0 client=18 -> cpu=18 (pid=253522)
[A:thread] Worker pinned host=0 client=19 -> cpu=19 (pid=253523)
[A:thread] Worker pinned host=0 client=20 -> cpu=20 (pid=253524)
[A:thread] Worker pinned host=0 client=21 -> cpu=21 (pid=253525)
[A:thread] Worker pinned host=0 client=22 -> cpu=22 (pid=253526)
[A:thread] Worker pinned host=0 client=23 -> cpu=23 (pid=253527)
[A:thread] Worker pinned host=0 client=24 -> cpu=24 (pid=253528)
[A:thread] Worker pinned host=0 client=25 -> cpu=25 (pid=253529)
[A:thread] Worker pinned host=0 client=26 -> cpu=26 (pid=253530)
[A:thread] Worker pinned host=0 client=27 -> cpu=27 (pid=253531)
[A:thread] Worker pinned host=0 client=28 -> cpu=28 (pid=253532)
[A:thread] Worker pinned host=0 client=29 -> cpu=29 (pid=253533)
[A:thread] Worker pinned host=0 client=30 -> cpu=30 (pid=253534)
[A:thread] Worker pinned host=0 client=31 -> cpu=31 (pid=253535)
[A:thread] Worker pinned host=0 client=32 -> cpu=32 (pid=253536)
[A:thread] Worker pinned host=0 client=33 -> cpu=33 (pid=253537)
[A:thread] Worker pinned host=0 client=34 -> cpu=34 (pid=253538)
[A:thread] Worker pinned host=0 client=35 -> cpu=35 (pid=253539)
[A:thread] Worker pinned host=0 client=36 -> cpu=36 (pid=253540)
[A:thread] Worker pinned host=0 client=37 -> cpu=37 (pid=253541)
[A:thread] Worker pinned host=0 client=38 -> cpu=38 (pid=253542)
[A:thread] Worker pinned host=0 client=39 -> cpu=39 (pid=253543)
[A:thread] Worker pinned host=0 client=40 -> cpu=40 (pid=253544)
[A:thread] Worker pinned host=0 client=41 -> cpu=41 (pid=253545)
[A:thread] Worker pinned host=0 client=42 -> cpu=42 (pid=253546)
[A:thread] Worker pinned host=0 client=43 -> cpu=43 (pid=253547)
[A:thread] Worker pinned host=0 client=44 -> cpu=44 (pid=253548)
[A:thread] Worker pinned host=0 client=45 -> cpu=45 (pid=253549)
[A:thread] Worker pinned host=0 client=46 -> cpu=46 (pid=253550)
[A:thread] Worker pinned host=0 client=47 -> cpu=47 (pid=253551)
[A:thread] Worker pinned host=0 client=48 -> cpu=48 (pid=253552)
[A:thread] Worker pinned host=0 client=49 -> cpu=49 (pid=253553)
[A:thread] Worker pinned host=0 client=50 -> cpu=50 (pid=253554)
[A:thread] Worker pinned host=0 client=51 -> cpu=51 (pid=253555)
[A:thread] Worker pinned host=0 client=52 -> cpu=52 (pid=253556)
[A:thread] Worker pinned host=0 client=53 -> cpu=53 (pid=253557)
[A:thread] Worker pinned host=0 client=54 -> cpu=54 (pid=253558)
[A:thread] Worker pinned host=0 client=55 -> cpu=55 (pid=253559)
[A:thread] Worker pinned host=0 client=56 -> cpu=56 (pid=253560)
[A:thread] Worker pinned host=0 client=57 -> cpu=57 (pid=253561)
[A:thread] Worker pinned host=0 client=58 -> cpu=58 (pid=253562)
[A:thread] Worker pinned host=0 client=59 -> cpu=59 (pid=253563)
[A:thread] Worker pinned host=0 client=60 -> cpu=60 (pid=253564)
[A:thread] Worker pinned host=0 client=61 -> cpu=61 (pid=253565)
[A:thread] Worker pinned host=0 client=62 -> cpu=62 (pid=253566)
[A:thread] Worker pinned host=0 client=0 -> cpu=0 (pid=253504)
[A:thread] Worker pinned host=0 client=63 -> cpu=63 (pid=253567)
[A:thread] WriteReceiver pid=253504 tid=140274121569984 pinned cpu=65 (host_id=0)
[A:thread] ReadReceiver pid=253504 tid=140274113177280 pinned cpu=67 (host_id=0)
[A:thread] WriteSender pid=253504 tid=140274096391872 pinned cpu=64 (host_id=0)
[A:sender] kind=0 policy=P0 K=16 T_us=100 host_id=0
[A:thread] InvalReceiver pid=253504 tid=140274104784576 pinned cpu=69 (host_id=0)
[A:tls] worker host=0 client=18 entries=1024 (~1088 KiB)
[A:thread] ReadSender pid=253504 tid=140274087999168 pinned cpu=66 (host_id=0)
[A:sender] kind=1 policy=P0 K=16 T_us=100 host_id=0
[A:tls] worker host=0 client=45 entries=1024 (~1088 KiB)
[A:tls] worker host=0 client=21 entries=1024 (~1088 KiB)
[A:thread] InvalSender pid=253504 tid=140274079606464 pinned cpu=68 (host_id=0)
[A:sender] kind=2 policy=P0 K=16 T_us=100 host_id=0
[A:tls] worker host=0 client=43 entries=1024 (~1088 KiB)
[A:tls] worker host=0 client=10 entries=1024 (~1088 KiB)
[A:tls] worker host=0 client=40 entries=1024 (~1088 KiB)
[A:tls] worker host=0 client=2 entries=1024 (~1088 KiB)
[A:tls] worker host=0 client=20 entries=1024 (~1088 KiB)
[A:tls] worker host=0 client=22 entries=1024 (~1088 KiB)
[A:tls] worker host=0 client=46 entries=1024 (~1088 KiB)
[A:tls] worker host=0 client=32 entries=1024 (~1088 KiB)
[A:tls] worker host=0 client=19 entries=1024 (~1088 KiB)
[A:tls] worker host=0 client=42 entries=1024 (~1088 KiB)
[A:tls] worker host=0 client=15 entries=1024 (~1088 KiB)
[A:tls] worker host=0 client=9 entries=1024 (~1088 KiB)
[A:tls] worker host=0 client=37 entries=1024 (~1088 KiB)
[A:tls] worker host=0 client=5 entries=1024 (~1088 KiB)
[A:tls] worker host=0 client=12 entries=1024 (~1088 KiB)
[A:tls] worker host=0 client=4 entries=1024 (~1088 KiB)
[A:tls] worker host=0 client=6 entries=1024 (~1088 KiB)
[A:tls] worker host=0 client=26 entries=1024 (~1088 KiB)
[A:tls] worker host=0 client=44 entries=1024 (~1088 KiB)
[A:tls] worker host=0 client=47 entries=1024 (~1088 KiB)
[A:tls] worker host=0 client=34 entries=1024 (~1088 KiB)
[A:tls] worker host=0 client=33 entries=1024 (~1088 KiB)
[A:tls] worker host=0 client=25 entries=1024 (~1088 KiB)
[A:tls] worker host=0 client=0 entries=1024 (~1088 KiB)
[A:tls] worker host=0 client=24 entries=1024 (~1088 KiB)
[A:tls] worker host=0 client=27 entries=1024 (~1088 KiB)
[A:tls] worker host=0 client=31 entries=1024 (~1088 KiB)
[A:tls] worker host=0 client=38 entries=1024 (~1088 KiB)
[A:tls] worker host=0 client=35 entries=1024 (~1088 KiB)
[A:tls] worker host=0 client=30 entries=1024 (~1088 KiB)
[A:tls] worker host=0 client=23 entries=1024 (~1088 KiB)
[A:tls] worker host=0 client=39 entries=1024 (~1088 KiB)
[A:tls] worker host=0 client=7 entries=1024 (~1088 KiB)
[A:tls] worker host=0 client=3 entries=1024 (~1088 KiB)
[A:tls] worker host=0 client=1 entries=1024 (~1088 KiB)
[A:tls] worker host=0 client=16 entries=1024 (~1088 KiB)
[A:tls] worker host=0 client=11 entries=1024 (~1088 KiB)
[A:tls] worker host=0 client=14 entries=1024 (~1088 KiB)
[A:tls] worker host=0 client=17 entries=1024 (~1088 KiB)
[A:tls] worker host=0 client=8 entries=1024 (~1088 KiB)
[A:tls] worker host=0 client=29 entries=1024 (~1088 KiB)
[A:tls] worker host=0 client=48 entries=1024 (~1088 KiB)
[A:tls] worker host=0 client=28 entries=1024 (~1088 KiB)
[A:tls] worker host=0 client=41 entries=1024 (~1088 KiB)
[A:tls] worker host=0 client=36 entries=1024 (~1088 KiB)
[A:tls] worker host=0 client=51 entries=1024 (~1088 KiB)
[A:tls] worker host=0 client=49 entries=1024 (~1088 KiB)
[A:tls] worker host=0 client=13 entries=1024 (~1088 KiB)
[A:tls] worker host=0 client=50 entries=1024 (~1088 KiB)
[A:tls] worker host=0 client=52 entries=1024 (~1088 KiB)
[A:tls] worker host=0 client=53 entries=1024 (~1088 KiB)
[A:tls] worker host=0 client=54 entries=1024 (~1088 KiB)
[A:tls] worker host=0 client=55 entries=1024 (~1088 KiB)
[A:tls] worker host=0 client=56 entries=1024 (~1088 KiB)
[A:tls] worker host=0 client=57 entries=1024 (~1088 KiB)
[A:tls] worker host=0 client=58 entries=1024 (~1088 KiB)
[A:tls] worker host=0 client=60 entries=1024 (~1088 KiB)
[A:tls] worker host=0 client=63 entries=1024 (~1088 KiB)
[A:tls] worker host=0 client=59 entries=1024 (~1088 KiB)
[A:tls] worker host=0 client=61 entries=1024 (~1088 KiB)
[A:tls] worker host=0 client=62 entries=1024 (~1088 KiB)
[A] inval timeout #1 (key=f35008ec706a304d tpos=0)
YCSB opt=A cache=1 num_hosts=2 threads=64 threads_eff=64 rep=20 load_ops=50000 load_thpt=136237 trans_ops=50000 trans_wall_max=0.046616 trans_agg_thpt=1072570 w_avg_ns=40406 w_p50_ns=5292 w_p99_ns=33443 r_avg_ns=8805 r_p50_ns=10218 r_p99_ns=31997 first_op_ns_max=481560 first_op_ns_avg=26109 ops_to_first_ns_max=1200316 ops_to_first_ns_avg=188990 # workloadb_optA_t64_cacheon_rep20
