[A:thread] Worker pinned host=1 client=1 -> cpu=1 (pid=257577)
[A:thread] Worker pinned host=1 client=2 -> cpu=2 (pid=257578)
[A:thread] Worker pinned host=1 client=3 -> cpu=3 (pid=257579)
[A:thread] Worker pinned host=1 client=4 -> cpu=4 (pid=257580)
[A:thread] Worker pinned host=1 client=5 -> cpu=5 (pid=257581)
[A:thread] Worker pinned host=1 client=0 -> cpu=0 (pid=257554)
[A:thread] Worker pinned host=1 client=6 -> cpu=6 (pid=257582)
[A:thread] Worker pinned host=1 client=7 -> cpu=7 (pid=257583)
[A:thread] WriteReceiver pid=257554 tid=140357984581312 pinned cpu=65 (host_id=1)
[A:thread] ReadReceiver pid=257554 tid=140357976188608 pinned cpu=67 (host_id=1)
[A:thread] InvalReceiver pid=257554 tid=140357967795904 pinned cpu=69 (host_id=1)
[A:thread] WriteSender pid=257554 tid=140357959403200 pinned cpu=64 (host_id=1)
[A:sender] kind=0 policy=P0 K=16 T_us=100 host_id=1
[A:thread] ReadSender pid=257554 tid=140357951010496 pinned cpu=66 (host_id=1)
[A:sender] kind=1 policy=P0 K=16 T_us=100 host_id=1
[A:thread] InvalSender pid=257554 tid=140357942617792 pinned cpu=68 (host_id=1)
[A:sender] kind=2 policy=P0 K=16 T_us=100 host_id=1
[A:tls] worker host=1 client=1 entries=1024 (~1088 KiB)
[A:tls] worker host=1 client=2 entries=1024 (~1088 KiB)
[A:tls] worker host=1 client=3 entries=1024 (~1088 KiB)
[A:tls] worker host=1 client=4 entries=1024 (~1088 KiB)
[A:tls] worker host=1 client=5 entries=1024 (~1088 KiB)
[A:tls] worker host=1 client=0 entries=1024 (~1088 KiB)
[A:tls] worker host=1 client=6 entries=1024 (~1088 KiB)
[A:tls] worker host=1 client=7 entries=1024 (~1088 KiB)
