[A:thread] Worker pinned host=0 client=1 -> cpu=1 (pid=255260)
[A:thread] Worker pinned host=0 client=2 -> cpu=2 (pid=255261)
[A:thread] Worker pinned host=0 client=3 -> cpu=3 (pid=255262)
[A:thread] Worker pinned host=0 client=4 -> cpu=4 (pid=255263)
[A:thread] Worker pinned host=0 client=5 -> cpu=5 (pid=255264)
[A:thread] Worker pinned host=0 client=0 -> cpu=0 (pid=255255)
[A:thread] Worker pinned host=0 client=6 -> cpu=6 (pid=255265)
[A:thread] Worker pinned host=0 client=7 -> cpu=7 (pid=255266)
[A:thread] WriteReceiver pid=255255 tid=140587756943040 pinned cpu=65 (host_id=0)
[A:thread] ReadReceiver pid=255255 tid=140587748550336 pinned cpu=67 (host_id=0)
[A:thread] InvalReceiver pid=255255 tid=140587740157632 pinned cpu=69 (host_id=0)
[A:thread] WriteSender pid=255255 tid=140587731764928 pinned cpu=64 (host_id=0)
[A:sender] kind=0 policy=P0 K=16 T_us=100 host_id=0
[A:thread] ReadSender pid=255255 tid=140587723372224 pinned cpu=66 (host_id=0)
[A:sender] kind=1 policy=P0 K=16 T_us=100 host_id=0
[A:thread] InvalSender pid=255255 tid=140587714979520 pinned cpu=68 (host_id=0)
[A:sender] kind=2 policy=P0 K=16 T_us=100 host_id=0
[A:tls] worker host=0 client=6 entries=1024 (~1088 KiB)
[A:tls] worker host=0 client=4 entries=1024 (~1088 KiB)
[A:tls] worker host=0 client=7 entries=1024 (~1088 KiB)
[A:tls] worker host=0 client=3 entries=1024 (~1088 KiB)
[A:tls] worker host=0 client=5 entries=1024 (~1088 KiB)
[A:tls] worker host=0 client=2 entries=1024 (~1088 KiB)
[A:tls] worker host=0 client=1 entries=1024 (~1088 KiB)
[A:tls] worker host=0 client=0 entries=1024 (~1088 KiB)
YCSB opt=A cache=1 num_hosts=2 threads=8 threads_eff=8 rep=19 load_ops=50000 load_thpt=214176 trans_ops=50000 trans_wall_max=0.014605 trans_agg_thpt=3423250 w_avg_ns=9927 w_p50_ns=7742 w_p99_ns=21915 r_avg_ns=4164 r_p50_ns=3087 r_p99_ns=18245 first_op_ns_max=47723 first_op_ns_avg=17911 ops_to_first_ns_max=799426 ops_to_first_ns_avg=141955 # workloadf_optA_t8_cacheon_rep19
