[A:thread] Worker pinned host=0 client=1 -> cpu=1 (pid=254904)
[A:thread] Worker pinned host=0 client=2 -> cpu=2 (pid=254905)
[A:thread] Worker pinned host=0 client=3 -> cpu=3 (pid=254906)
[A:thread] Worker pinned host=0 client=4 -> cpu=4 (pid=254907)
[A:thread] Worker pinned host=0 client=5 -> cpu=5 (pid=254908)
[A:thread] Worker pinned host=0 client=0 -> cpu=0 (pid=254903)
[A:thread] Worker pinned host=0 client=6 -> cpu=6 (pid=254909)
[A:thread] Worker pinned host=0 client=7 -> cpu=7 (pid=254910)
[A:thread] WriteReceiver pid=254903 tid=140348167812800 pinned cpu=65 (host_id=0)
[A:tls] worker host=0 client=1 entries=1024 (~1088 KiB)
[A:tls] worker host=0 client=2 entries=1024 (~1088 KiB)
[A:thread] ReadReceiver pid=254903 tid=140348159420096 pinned cpu=67 (host_id=0)
[A:thread] WriteSender pid=254903 tid=140348142634688 pinned cpu=64 (host_id=0)
[A:thread] InvalReceiver pid=254903 tid=140348151027392 pinned cpu=69 (host_id=0)
[A:tls] worker host=0 client=0 entries=1024 (~1088 KiB)
[A:thread] ReadSender pid=254903 tid=140348134241984 pinned cpu=66 (host_id=0)
[A:sender] kind=0 policy=P0 K=16 T_us=100 host_id=0
[A:tls] worker host=0 client=3 entries=1024 (~1088 KiB)
[A:thread] InvalSender pid=254903 tid=140348125849280 pinned cpu=68 (host_id=0)
[A:sender] kind=2 policy=P0 K=16 T_us=100 host_id=0
[A:sender] kind=1 policy=P0 K=16 T_us=100 host_id=0
[A:tls] worker host=0 client=4 entries=1024 (~1088 KiB)
[A:tls] worker host=0 client=5 entries=1024 (~1088 KiB)
[A:tls] worker host=0 client=6 entries=1024 (~1088 KiB)
[A:tls] worker host=0 client=7 entries=1024 (~1088 KiB)
YCSB opt=A cache=1 num_hosts=2 threads=8 threads_eff=8 rep=11 load_ops=50000 load_thpt=229004 trans_ops=50000 trans_wall_max=0.014280 trans_agg_thpt=3501155 w_avg_ns=9576 w_p50_ns=7516 w_p99_ns=20447 r_avg_ns=4013 r_p50_ns=782 r_p99_ns=19739 first_op_ns_max=38917 first_op_ns_avg=18027 ops_to_first_ns_max=309330 ops_to_first_ns_avg=80585 # workloadf_optA_t8_cacheon_rep11
