[A:cfg] ring_sharding T=32 N=4 -> shards=8 block=4 routing=worker_id
[A:thread] Worker pinned host=0 client=1 -> cpu=1 (pid=45048)
[A:thread] Worker pinned host=0 client=2 -> cpu=2 (pid=45049)
[A:thread] Worker pinned host=0 client=3 -> cpu=3 (pid=45050)
[A:thread] Worker pinned host=0 client=4 -> cpu=4 (pid=45051)
[A:thread] Worker pinned host=0 client=5 -> cpu=5 (pid=45052)
[A:thread] Worker pinned host=0 client=6 -> cpu=6 (pid=45053)
[A:thread] Worker pinned host=0 client=7 -> cpu=7 (pid=45054)
[A:thread] Worker pinned host=0 client=8 -> cpu=8 (pid=45055)
[A:thread] Worker pinned host=0 client=9 -> cpu=9 (pid=45056)
[A:thread] Worker pinned host=0 client=10 -> cpu=10 (pid=45057)
[A:thread] Worker pinned host=0 client=11 -> cpu=11 (pid=45058)
[A:thread] Worker pinned host=0 client=12 -> cpu=12 (pid=45059)
[A:thread] Worker pinned host=0 client=13 -> cpu=13 (pid=45060)
[A:thread] Worker pinned host=0 client=14 -> cpu=14 (pid=45061)
[A:thread] Worker pinned host=0 client=15 -> cpu=15 (pid=45062)
[A:thread] Worker pinned host=0 client=16 -> cpu=16 (pid=45063)
[A:thread] Worker pinned host=0 client=17 -> cpu=17 (pid=45064)
[A:thread] Worker pinned host=0 client=18 -> cpu=18 (pid=45065)
[A:thread] Worker pinned host=0 client=19 -> cpu=19 (pid=45066)
[A:thread] Worker pinned host=0 client=20 -> cpu=20 (pid=45067)
[A:thread] Worker pinned host=0 client=21 -> cpu=21 (pid=45068)
[A:thread] Worker pinned host=0 client=22 -> cpu=22 (pid=45069)
[A:thread] Worker pinned host=0 client=23 -> cpu=23 (pid=45070)
[A:thread] Worker pinned host=0 client=24 -> cpu=24 (pid=45071)
[A:thread] Worker pinned host=0 client=25 -> cpu=25 (pid=45072)
[A:thread] Worker pinned host=0 client=26 -> cpu=26 (pid=45073)
[A:thread] Worker pinned host=0 client=27 -> cpu=27 (pid=45074)
[A:thread] Worker pinned host=0 client=28 -> cpu=28 (pid=45075)
[A:thread] Worker pinned host=0 client=29 -> cpu=29 (pid=45076)
[A:thread] Worker pinned host=0 client=30 -> cpu=30 (pid=45077)
[A:thread] Worker pinned host=0 client=0 -> cpu=0 (pid=45024)
[A:thread] Worker pinned host=0 client=31 -> cpu=31 (pid=45078)
[A:thread] WriteRecv0 pid=45024 tid=140396462556864 cpu=64 host=0 rings=[0]
[A:thread] WriteRecv1 pid=45024 tid=140396454164160 cpu=65 host=0 rings=[1[A:thread] WriteRecv4 pid=45024 tid=140396387358400 cpu=68 host=0 rings=[]
[A:thread] WriteRecv2 pid=45024 tid=140396445771456 cpu=66 host=0 rings=[2[A:thread] WriteRecv5 pid=45024 tid=140396378965696 cpu=69 host=0 rings=[5]
[A:thread] WriteRecv6 pid=45024 tid=140396370572992 cpu=70 host=0 rings=[6]
[A:thread] WriteRecv3 pid=45024 tid=140396395751104 cpu=67 host=0 rings=[3]
4]
]
[A:thread] WriteRecv7 pid=45024 tid=140396227196608 cpu=71 host=0 rings=[7]
[A:thread] ReadRecv0 pid=45024 tid=140396362180288 cpu=72 host=0 rings=[0]
[A:thread] ReadRecv1 pid=45024 tid=140396353787584 cpu=73 host=0 rings=[1]
[A:thread] ReadRecv2 pid=45024 tid=140396345394880 cpu=74 host=0 rings=[2]
[A:thread] ReadRecv5 pid=45024 tid=140396320216768 cpu=77 host=0 rings=[5]
[A:thread] ReadRecv4 pid=45024 tid=140396328609472 cpu=76 host=0 rings=[4]
[A:thread] ReadRecv6 pid=45024 tid=140396239779520 cpu=78 host=0 rings=[6,7]
[A:thread] InvalRecv1 pid=45024 tid=140396210411200 cpu=80 host=0 rings=[1]
[A:thread] InvalRecv4 pid=45024 tid=140396185233088 cpu=83 host=0 rings=[4]
[A:thread] InvalRecv3 pid=45024 tid=140396193625792 cpu=82 host=0 rings=[3[A:thread] InvalRecv2 pid=45024 tid=140396202018496 cpu=81 host=0 rings=[2]
]
[A:thread] ReadRecv3 pid=45024 tid=140396337002176 cpu=75 host=0 rings=[3]
[A:thread] InvalRecv0 pid=45024 tid=140396218803904 cpu=79 host=0 rings=[0]
[A:thread] InvalRecv5 pid=45024 tid=140395971344064 cpu=84 host=0 rings=[5]
[A:thread] InvalRecv6 pid=45024 tid=140395962951360 cpu=85 host=0 rings=[6,7]
[A:tls] worker host=0 client=0 entries=1024 (~1088 KiB)
[A:tls] worker host=0 client=25 entries=1024 (~1088 KiB)
[A:tls] worker host=0 client=27 entries=1024 (~1088 KiB)
[A:tls] worker host=0 client=11 entries=1024 (~1088 KiB)
[A:tls] worker host=0 client=10 entries=1024 (~1088 KiB)
[A:tls] worker host=0 client=28 entries=1024 (~1088 KiB)
[A:tls] worker host=0 client=23 entries=1024 (~1088 KiB)
[A:tls] worker host=0 client=19 entries=1024 (~1088 KiB)
[A:tls] worker host=0 client=4 entries=1024 (~1088 KiB)
[A:tls] worker host=0 client=8 entries=1024 (~1088 KiB)
[A:tls] worker host=0 client=22 entries=1024 (~1088 KiB)
[A:tls] worker host=0 client=1 entries=1024 (~1088 KiB)
[A:tls] worker host=0 client=26 entries=1024 (~1088 KiB)
[A:tls] worker host=0 client=13 entries=1024 (~1088 KiB)
[A:tls] worker host=0 client=29 entries=1024 (~1088 KiB)
[A:tls] worker host=0 client=21 entries=1024 (~1088 KiB)
[A:tls] worker host=0 client=31 entries=1024 (~1088 KiB)
[A:tls] worker host=0 client=7 entries=1024 (~1088 KiB)
[A:tls] worker host=0 client=17 entries=1024 (~1088 KiB)
[A:tls] worker host=0 client=18 entries=1024 (~1088 KiB)
[A:tls] worker host=0 client=3 entries=1024 (~1088 KiB)
[A:tls] worker host=0 client=6 entries=1024 (~1088 KiB)
[A:tls] worker host=0 client=24 entries=1024 (~1088 KiB)
[A:tls] worker host=0 client=9 entries=1024 (~1088 KiB)
[A:tls] worker host=0 client=12 entries=1024 (~1088 KiB)
[A:tls] worker host=0 client=2 entries=1024 (~1088 KiB)
[A:tls] worker host=0 client=16 entries=1024 (~1088 KiB)
[A:tls] worker host=0 client=5 entries=1024 (~1088 KiB)
[A:tls] worker host=0 client=15 entries=1024 (~1088 KiB)
[A:tls] worker host=0 client=30 entries=1024 (~1088 KiB)
[A:tls] worker host=0 client=14 entries=1024 (~1088 KiB)
[A:tls] worker host=0 client=20 entries=1024 (~1088 KiB)
[A:thread] ReservHandler pid=45024 tid=140395954558656 pinned cpu=85 (host_id=0)
# PATH host=0 label=after_LOAD tid=140396462770304 r0_tls=0 r2hit=0 r2miss_local=0 r3=0 cpool_ins_r=0 local_w=1000929 fwd_w=0 local_w_blk_fwd=0 local_w_stg_fwd=0 cpool_ins_w=1000929 cp_evict=0 cp_set_stale=0 cp_lru_evict=486621 rh_served=0
# PATH host=0 label=after_LOAD tid=140396227196608 r0_tls=0 r2hit=0 r2miss_local=0 r3=0 cpool_ins_r=0 local_w=0 fwd_w=0 local_w_blk_fwd=2882 local_w_stg_fwd=0 cpool_ins_w=0 cp_evict=568 cp_set_stale=0 cp_lru_evict=0 rh_served=0
# PATH host=0 label=after_LOAD tid=140396387358400 r0_tls=0 r2hit=0 r2miss_local=0 r3=0 cpool_ins_r=0 local_w=0 fwd_w=0 local_w_blk_fwd=2860 local_w_stg_fwd=0 cpool_ins_w=0 cp_evict=608 cp_set_stale=0 cp_lru_evict=0 rh_served=0
# PATH host=0 label=after_LOAD tid=140396370572992 r0_tls=0 r2hit=0 r2miss_local=0 r3=0 cpool_ins_r=0 local_w=0 fwd_w=0 local_w_blk_fwd=2878 local_w_stg_fwd=0 cpool_ins_w=0 cp_evict=595 cp_set_stale=0 cp_lru_evict=0 rh_served=0
# PATH host=0 label=after_LOAD tid=140396395751104 r0_tls=0 r2hit=0 r2miss_local=0 r3=0 cpool_ins_r=0 local_w=0 fwd_w=0 local_w_blk_fwd=2710 local_w_stg_fwd=0 cpool_ins_w=0 cp_evict=577 cp_set_stale=0 cp_lru_evict=0 rh_served=0
# PATH host=0 label=after_LOAD tid=140396454164160 r0_tls=0 r2hit=0 r2miss_local=0 r3=0 cpool_ins_r=0 local_w=0 fwd_w=0 local_w_blk_fwd=2988 local_w_stg_fwd=0 cpool_ins_w=0 cp_evict=647 cp_set_stale=0 cp_lru_evict=0 rh_served=0
# PATH host=0 label=after_LOAD tid=140396445771456 r0_tls=0 r2hit=0 r2miss_local=0 r3=0 cpool_ins_r=0 local_w=0 fwd_w=0 local_w_blk_fwd=3190 local_w_stg_fwd=0 cpool_ins_w=0 cp_evict=662 cp_set_stale=0 cp_lru_evict=0 rh_served=0
# PATH host=0 label=after_LOAD tid=140396378965696 r0_tls=0 r2hit=0 r2miss_local=0 r3=0 cpool_ins_r=0 local_w=0 fwd_w=0 local_w_blk_fwd=2841 local_w_stg_fwd=0 cpool_ins_w=0 cp_evict=612 cp_set_stale=0 cp_lru_evict=0 rh_served=0
# PATH host=0 label=after_LOAD tid=140396462556864 r0_tls=0 r2hit=0 r2miss_local=0 r3=0 cpool_ins_r=0 local_w=0 fwd_w=0 local_w_blk_fwd=2668 local_w_stg_fwd=0 cpool_ins_w=0 cp_evict=579 cp_set_stale=0 cp_lru_evict=0 rh_served=0
# PATH host=0 label=after_LOAD AGG r0_tls=0 r2hit=0 r2miss_local=0 r3=0 cpool_ins_r=0 local_w=1000929 fwd_w=0 local_w_blk_fwd=23019 local_w_stg_fwd=0 cpool_ins_w=1000929 cp_evict=4848 cp_set_stale=0 cp_lru_evict=486621 rh_served=0
YCSB opt=A cache=1 num_hosts=2 threads=32 threads_eff=32 rep=1 load_ops=2000000 load_thpt=353533 trans_ops=20000000 trans_wall_max=4.159724 trans_agg_thpt=4808011 w_avg_ns=11740 w_p50_ns=11404 w_p99_ns=16010 r_avg_ns=0 r_p50_ns=0 r_p99_ns=0 first_op_ns_max=72070 first_op_ns_avg=32234 ops_to_first_ns_max=72330 ops_to_first_ns_avg=32767 # xhost_write_optA_t32_cacheon_rep1
bash: line 1: 45024 Segmentation fault      FUSEE_NUM_HOSTS=2 FUSEE_HOST_ID=0 FUSEE_NUM_THREADS=32 FUSEE_RUN_COOKIE=273071662 FUSEE_REP=1 FUSEE_CACHE=1 FUSEE_WORKLOAD_NAME=xhost_write FUSEE_KV_SIZE=1024 FUSEE_CACHE_BUCKETS=131072 FUSEE_RING_SHARDS_FACTOR=4 FUSEE_RING_ROUTING=worker_id ./tests/protocol_a_ycsb /dev/dax0.0 /tmp/microbench_traces/bench_xhost_write_zipf-0.99_h0.spec_load /tmp/microbench_traces/bench_xhost_write_zipf-0.99_h0.spec_trans 8388608 20000000 2>&1
