[A:cfg] ring_sharding T=64 N=0 (disabled) -> shards=1 block=64 routing=worker_id
[A:thread] Worker pinned host=1 client=1 -> cpu=1 (pid=86599)
[A:thread] Worker pinned host=1 client=2 -> cpu=2 (pid=86600)
[A:thread] Worker pinned host=1 client=3 -> cpu=3 (pid=86601)
[A:thread] Worker pinned host=1 client=4 -> cpu=4 (pid=86602)
[A:thread] Worker pinned host=1 client=5 -> cpu=5 (pid=86603)
[A:thread] Worker pinned host=1 client=6 -> cpu=6 (pid=86604)
[A:thread] Worker pinned host=1 client=7 -> cpu=7 (pid=86605)
[A:thread] Worker pinned host=1 client=8 -> cpu=8 (pid=86606)
[A:thread] Worker pinned host=1 client=9 -> cpu=9 (pid=86607)
[A:thread] Worker pinned host=1 client=10 -> cpu=10 (pid=86608)
[A:thread] Worker pinned host=1 client=11 -> cpu=11 (pid=86609)
[A:thread] Worker pinned host=1 client=12 -> cpu=12 (pid=86610)
[A:thread] Worker pinned host=1 client=13 -> cpu=13 (pid=86611)
[A:thread] Worker pinned host=1 client=14 -> cpu=14 (pid=86612)
[A:thread] Worker pinned host=1 client=15 -> cpu=15 (pid=86613)
[A:thread] Worker pinned host=1 client=16 -> cpu=16 (pid=86614)
[A:thread] Worker pinned host=1 client=17 -> cpu=17 (pid=86615)
[A:thread] Worker pinned host=1 client=18 -> cpu=18 (pid=86616)
[A:thread] Worker pinned host=1 client=19 -> cpu=19 (pid=86617)
[A:thread] Worker pinned host=1 client=20 -> cpu=20 (pid=86618)
[A:thread] Worker pinned host=1 client=21 -> cpu=21 (pid=86619)
[A:thread] Worker pinned host=1 client=22 -> cpu=22 (pid=86620)
[A:thread] Worker pinned host=1 client=23 -> cpu=23 (pid=86621)
[A:thread] Worker pinned host=1 client=24 -> cpu=24 (pid=86622)
[A:thread] Worker pinned host=1 client=25 -> cpu=25 (pid=86623)
[A:thread] Worker pinned host=1 client=26 -> cpu=26 (pid=86624)
[A:thread] Worker pinned host=1 client=27 -> cpu=27 (pid=86625)
[A:thread] Worker pinned host=1 client=28 -> cpu=28 (pid=86626)
[A:thread] Worker pinned host=1 client=29 -> cpu=29 (pid=86627)
[A:thread] Worker pinned host=1 client=30 -> cpu=30 (pid=86628)
[A:thread] Worker pinned host=1 client=31 -> cpu=31 (pid=86629)
[A:thread] Worker pinned host=1 client=32 -> cpu=32 (pid=86630)
[A:thread] Worker pinned host=1 client=33 -> cpu=33 (pid=86631)
[A:thread] Worker pinned host=1 client=34 -> cpu=34 (pid=86632)
[A:thread] Worker pinned host=1 client=35 -> cpu=35 (pid=86633)
[A:thread] Worker pinned host=1 client=36 -> cpu=36 (pid=86634)
[A:thread] Worker pinned host=1 client=37 -> cpu=37 (pid=86635)
[A:thread] Worker pinned host=1 client=38 -> cpu=38 (pid=86636)
[A:thread] Worker pinned host=1 client=39 -> cpu=39 (pid=86637)
[A:thread] Worker pinned host=1 client=40 -> cpu=40 (pid=86638)
[A:thread] Worker pinned host=1 client=41 -> cpu=41 (pid=86639)
[A:thread] Worker pinned host=1 client=42 -> cpu=42 (pid=86640)
[A:thread] Worker pinned host=1 client=43 -> cpu=43 (pid=86641)
[A:thread] Worker pinned host=1 client=44 -> cpu=44 (pid=86642)
[A:thread] Worker pinned host=1 client=45 -> cpu=45 (pid=86643)
[A:thread] Worker pinned host=1 client=46 -> cpu=46 (pid=86644)
[A:thread] Worker pinned host=1 client=47 -> cpu=47 (pid=86645)
[A:thread] Worker pinned host=1 client=48 -> cpu=48 (pid=86646)
[A:thread] Worker pinned host=1 client=49 -> cpu=49 (pid=86647)
[A:thread] Worker pinned host=1 client=50 -> cpu=50 (pid=86648)
[A:thread] Worker pinned host=1 client=51 -> cpu=51 (pid=86649)
[A:thread] Worker pinned host=1 client=52 -> cpu=52 (pid=86650)
[A:thread] Worker pinned host=1 client=53 -> cpu=53 (pid=86651)
[A:thread] Worker pinned host=1 client=54 -> cpu=54 (pid=86652)
[A:thread] Worker pinned host=1 client=55 -> cpu=55 (pid=86653)
[A:thread] Worker pinned host=1 client=56 -> cpu=56 (pid=86654)
[A:thread] Worker pinned host=1 client=57 -> cpu=57 (pid=86655)
[A:thread] Worker pinned host=1 client=58 -> cpu=58 (pid=86656)
[A:thread] Worker pinned host=1 client=59 -> cpu=59 (pid=86657)
[A:thread] Worker pinned host=1 client=60 -> cpu=60 (pid=86658)
[A:thread] Worker pinned host=1 client=61 -> cpu=61 (pid=86659)
[A:thread] Worker pinned host=1 client=62 -> cpu=62 (pid=86660)
[A:thread] Worker pinned host=1 client=0 -> cpu=0 (pid=86598)
[A:thread] Worker pinned host=1 client=63 -> cpu=63 (pid=86661)
[A:thread] WriteRecv0 pid=86598 tid=140482721294016 cpu=64 host=1 rings=[0]
[A:thread] ReadRecv0 pid=86598 tid=140482712901312 cpu=65 host=1 rings=[0]
[A:thread] InvalRecv0 pid=86598 tid=140482704508608 cpu=66 host=1 rings=[0]
[A:thread] ReservHandler pid=86598 tid=140482654488256 pinned cpu=85 (host_id=1)
[A:tls] worker host=1 client=0 entries=1024 (~1088 KiB)
[A:tls] worker host=1 client=14 entries=1024 (~1088 KiB)
[A:tls] worker host=1 client=12 entries=1024 (~1088 KiB)
[A:tls] worker host=1 client=29 entries=1024 (~1088 KiB)
[A:tls] worker host=1 client=3 entries=1024 (~1088 KiB)
[A:tls] worker host=1 client=8 entries=1024 (~1088 KiB)
[A:tls] worker host=1 client=7 entries=1024 (~1088 KiB)
[A:tls] worker host=1 client=5 entries=1024 (~1088 KiB)
[A:tls] worker host=1 client=28 entries=1024 (~1088 KiB)
[A:tls] worker host=1 client=24 entries=1024 (~1088 KiB)
[A:tls] worker host=1 client=19 entries=1024 (~1088 KiB)
[A:tls] worker host=1 client=37 entries=1024 (~1088 KiB)
[A:tls] worker host=1 client=26 entries=1024 (~1088 KiB)
[A:tls] worker host=1 client=11 entries=1024 (~1088 KiB)
[A:tls] worker host=1 client=30 entries=1024 (~1088 KiB)
[A:tls] worker host=1 client=39 entries=1024 (~1088 KiB)
[A:tls] worker host=1 client=50 entries=1024 (~1088 KiB)
[A:tls] worker host=1 client=18 entries=1024 (~1088 KiB)
[A:tls] worker host=1 client=16 entries=1024 (~1088 KiB)
[A:tls] worker host=1 client=17 entries=1024 (~1088 KiB)
[A:tls] worker host=1 client=41 entries=1024 (~1088 KiB)
[A:tls] worker host=1 client=13 entries=1024 (~1088 KiB)
[A:tls] worker host=1 client=34 entries=1024 (~1088 KiB)
[A:tls] worker host=1 client=62 entries=1024 (~1088 KiB)
[A:tls] worker host=1 client=20 entries=1024 (~1088 KiB)
[A:tls] worker host=1 client=55 entries=1024 (~1088 KiB)
[A:tls] worker host=1 client=47 entries=1024 (~1088 KiB)
[A:tls] worker host=1 client=60 entries=1024 (~1088 KiB)
[A:tls] worker host=1 client=42 entries=1024 (~1088 KiB)
[A:tls] worker host=1 client=54 entries=1024 (~1088 KiB)
[A:tls] worker host=1 client=33 entries=1024 (~1088 KiB)
[A:tls] worker host=1 client=46 entries=1024 (~1088 KiB)
[A:tls] worker host=1 client=10 entries=1024 (~1088 KiB)
[A:tls] worker host=1 client=58 entries=1024 (~1088 KiB)
[A:tls] worker host=1 client=2 entries=1024 (~1088 KiB)
[A:tls] worker host=1 client=49 entries=1024 (~1088 KiB)
[A:tls] worker host=1 client=48 entries=1024 (~1088 KiB)
[A:tls] worker host=1 client=53 entries=1024 (~1088 KiB)
[A:tls] worker host=1 client=59 entries=1024 (~1088 KiB)
[A:tls] worker host=1 client=1 entries=1024 (~1088 KiB)
[A:tls] worker host=1 client=45 entries=1024 (~1088 KiB)
[A:tls] worker host=1 client=21 entries=1024 (~1088 KiB)
[A:tls] worker host=1 client=22 entries=1024 (~1088 KiB)
[A:tls] worker host=1 client=4 entries=1024 (~1088 KiB)
[A:tls] worker host=1 client=57 entries=1024 (~1088 KiB)
[A:tls] worker host=1 client=51 entries=1024 (~1088 KiB)
[A:tls] worker host=1 client=56 entries=1024 (~1088 KiB)
[A:tls] worker host=1 client=31 entries=1024 (~1088 KiB)
[A:tls] worker host=1 client=43 entries=1024 (~1088 KiB)
[A:tls] worker host=1 client=44 entries=1024 (~1088 KiB)
[A:tls] worker host=1 client=32 entries=1024 (~1088 KiB)
[A:tls] worker host=1 client=40 entries=1024 (~1088 KiB)
[A:tls] worker host=1 client=35 entries=1024 (~1088 KiB)
[A:tls] worker host=1 client=61 entries=1024 (~1088 KiB)
[A:tls] worker host=1 client=9 entries=1024 (~1088 KiB)
[A:tls] worker host=1 client=6 entries=1024 (~1088 KiB)
[A:tls] worker host=1 client=52 entries=1024 (~1088 KiB)
[A:tls] worker host=1 client=15 entries=1024 (~1088 KiB)
[A:tls] worker host=1 client=63 entries=1024 (~1088 KiB)
[A:tls] worker host=1 client=27 entries=1024 (~1088 KiB)
[A:tls] worker host=1 client=38 entries=1024 (~1088 KiB)
[A:tls] worker host=1 client=23 entries=1024 (~1088 KiB)
[A:tls] worker host=1 client=25 entries=1024 (~1088 KiB)
[A:tls] worker host=1 client=36 entries=1024 (~1088 KiB)
# PATH host=1 label=after_LOAD tid=140482721507456 r0_tls=0 r2hit=0 r2miss_local=0 r3=0 cpool_ins_r=0 local_w=999071 fwd_w=0 local_w_blk_fwd=0 local_w_stg_fwd=0 cpool_ins_w=999069 cp_evict=0 cp_set_stale=0 cp_lru_evict=485113 rh_served=0
# PATH host=1 label=after_LOAD tid=140482712901312 r0_tls=0 r2hit=0 r2miss_local=0 r3=0 cpool_ins_r=0 local_w=0 fwd_w=0 local_w_blk_fwd=0 local_w_stg_fwd=0 cpool_ins_w=0 cp_evict=0 cp_set_stale=0 cp_lru_evict=0 rh_served=26389
# PATH host=1 label=after_LOAD AGG r0_tls=0 r2hit=0 r2miss_local=0 r3=0 cpool_ins_r=0 local_w=999071 fwd_w=0 local_w_blk_fwd=0 local_w_stg_fwd=0 cpool_ins_w=999069 cp_evict=0 cp_set_stale=0 cp_lru_evict=485113 rh_served=26389
# PATH host=1 label=after_TRANS tid=140482721507456 r0_tls=0 r2hit=23746 r2miss_local=0 r3=15316 cpool_ins_r=2930 local_w=999071 fwd_w=0 local_w_blk_fwd=0 local_w_stg_fwd=0 cpool_ins_w=999069 cp_evict=0 cp_set_stale=0 cp_lru_evict=487938 rh_served=0
# PATH host=1 label=after_TRANS tid=140482712901312 r0_tls=0 r2hit=0 r2miss_local=0 r3=0 cpool_ins_r=0 local_w=0 fwd_w=0 local_w_blk_fwd=0 local_w_stg_fwd=0 cpool_ins_w=0 cp_evict=0 cp_set_stale=0 cp_lru_evict=0 rh_served=953040
# PATH host=1 label=after_TRANS AGG r0_tls=0 r2hit=23746 r2miss_local=0 r3=15316 cpool_ins_r=2930 local_w=999071 fwd_w=0 local_w_blk_fwd=0 local_w_stg_fwd=0 cpool_ins_w=999069 cp_evict=0 cp_set_stale=0 cp_lru_evict=487938 rh_served=953040
