YCSB opt=A cache=1 num_hosts=2 threads=1 threads_eff=1 rep=1 load_ops=50000 load_thpt=235453 trans_ops=50000 trans_wall_max=0.142015 trans_agg_thpt=352075 w_avg_ns=9443 w_p50_ns=10593 w_p99_ns=18753 r_avg_ns=4314 r_p50_ns=1321 r_p99_ns=12133 # workloada_optA_t1_cacheon_rep1_kv256
YCSB opt=A cache=1 num_hosts=2 threads=2 threads_eff=2 rep=1 load_ops=50000 load_thpt=257339 trans_ops=50000 trans_wall_max=0.065394 trans_agg_thpt=764584 w_avg_ns=8026 w_p50_ns=7004 w_p99_ns=18026 r_avg_ns=3190 r_p50_ns=692 r_p99_ns=14775 # workloada_optA_t2_cacheon_rep1_kv256
YCSB opt=A cache=1 num_hosts=2 threads=4 threads_eff=4 rep=1 load_ops=50000 load_thpt=256155 trans_ops=50000 trans_wall_max=0.029916 trans_agg_thpt=1671290 w_avg_ns=7621 w_p50_ns=6390 w_p99_ns=16838 r_avg_ns=3549 r_p50_ns=735 r_p99_ns=14634 # workloada_optA_t4_cacheon_rep1_kv256
YCSB opt=A cache=1 num_hosts=2 threads=8 threads_eff=8 rep=1 load_ops=50000 load_thpt=233958 trans_ops=50000 trans_wall_max=0.016750 trans_agg_thpt=2984896 w_avg_ns=9286 w_p50_ns=8721 w_p99_ns=20890 r_avg_ns=4531 r_p50_ns=3368 r_p99_ns=16974 # workloada_optA_t8_cacheon_rep1_kv256
YCSB opt=A cache=1 num_hosts=2 threads=16 threads_eff=16 rep=1 load_ops=50000 load_thpt=212523 trans_ops=50000 trans_wall_max=0.008722 trans_agg_thpt=5732630 w_avg_ns=10202 w_p50_ns=9891 w_p99_ns=28656 r_avg_ns=5838 r_p50_ns=7545 r_p99_ns=30064 # workloada_optA_t16_cacheon_rep1_kv256
YCSB opt=A cache=1 num_hosts=2 threads=32 threads_eff=32 rep=1 load_ops=50000 load_thpt=243293 trans_ops=50000 trans_wall_max=0.005635 trans_agg_thpt=8871540 w_avg_ns=12343 w_p50_ns=11048 w_p99_ns=52789 r_avg_ns=8632 r_p50_ns=10419 r_p99_ns=33906 # workloada_optA_t32_cacheon_rep1_kv256
YCSB opt=A cache=1 num_hosts=2 threads=64 threads_eff=64 rep=1 load_ops=50000 load_thpt=170172 trans_ops=50000 trans_wall_max=0.003315 trans_agg_thpt=15078407 w_avg_ns=12880 w_p50_ns=11985 w_p99_ns=63839 r_avg_ns=10640 r_p50_ns=11083 r_p99_ns=63096 # workloada_optA_t64_cacheon_rep1_kv256
YCSB opt=A cache=1 num_hosts=2 threads=1 threads_eff=1 rep=1 load_ops=50000 load_thpt=203226 trans_ops=50000 trans_wall_max=0.147155 trans_agg_thpt=339775 w_avg_ns=10052 w_p50_ns=11086 w_p99_ns=19666 r_avg_ns=4593 r_p50_ns=1457 r_p99_ns=12302 # workloada_optA_t1_cacheon_rep1_kv512
YCSB opt=A cache=1 num_hosts=2 threads=2 threads_eff=2 rep=1 load_ops=50000 load_thpt=223134 trans_ops=50000 trans_wall_max=17.026058 trans_agg_thpt=2936 w_avg_ns=49912 w_p50_ns=6531 w_p99_ns=5010865 r_avg_ns=2973 r_p50_ns=605 r_p99_ns=15200 # workloada_optA_t2_cacheon_rep1_kv512
YCSB opt=A cache=1 num_hosts=2 threads=4 threads_eff=4 rep=1 load_ops=50000 load_thpt=232843 trans_ops=50000 trans_wall_max=0.106749 trans_agg_thpt=468388 w_avg_ns=18079 w_p50_ns=7302 w_p99_ns=16697 r_avg_ns=3688 r_p50_ns=2846 r_p99_ns=15483 # workloada_optA_t4_cacheon_rep1_kv512
YCSB opt=A cache=1 num_hosts=2 threads=8 threads_eff=8 rep=1 load_ops=50000 load_thpt=225544 trans_ops=50000 trans_wall_max=4.138913 trans_agg_thpt=12080 w_avg_ns=8774 w_p50_ns=10600 w_p99_ns=21864 r_avg_ns=5429 r_p50_ns=6537 r_p99_ns=21494 # workloada_optA_t8_cacheon_rep1_kv512
YCSB opt=A cache=1 num_hosts=2 threads=16 threads_eff=16 rep=1 load_ops=50000 load_thpt=234768 trans_ops=50000 trans_wall_max=0.007230 trans_agg_thpt=6914672 w_avg_ns=8155 w_p50_ns=8344 w_p99_ns=20297 r_avg_ns=6222 r_p50_ns=6817 r_p99_ns=20855 # workloada_optA_t16_cacheon_rep1_kv512
YCSB opt=A cache=1 num_hosts=2 threads=32 threads_eff=32 rep=1 load_ops=50000 load_thpt=228625 trans_ops=50000 trans_wall_max=0.005148 trans_agg_thpt=9712509 w_avg_ns=10851 w_p50_ns=9282 w_p99_ns=39259 r_avg_ns=8537 r_p50_ns=9973 r_p99_ns=49692 # workloada_optA_t32_cacheon_rep1_kv512
YCSB opt=A cache=1 num_hosts=2 threads=64 threads_eff=64 rep=1 load_ops=50000 load_thpt=139628 trans_ops=50000 trans_wall_max=0.522344 trans_agg_thpt=95722 w_avg_ns=13406 w_p50_ns=10525 w_p99_ns=65469 r_avg_ns=9963 r_p50_ns=11540 r_p99_ns=38805 # workloada_optA_t64_cacheon_rep1_kv512
YCSB opt=A cache=1 num_hosts=2 threads=1 threads_eff=1 rep=1 load_ops=50000 load_thpt=207047 trans_ops=50000 trans_wall_max=0.142355 trans_agg_thpt=351232 w_avg_ns=10139 w_p50_ns=11581 w_p99_ns=19432 r_avg_ns=4372 r_p50_ns=1463 r_p99_ns=11964 # workloada_optA_t1_cacheon_rep1_kv1024
YCSB opt=A cache=1 num_hosts=2 threads=2 threads_eff=2 rep=1 load_ops=50000 load_thpt=211276 trans_ops=50000 trans_wall_max=0.062423 trans_agg_thpt=800986 w_avg_ns=8004 w_p50_ns=6942 w_p99_ns=17161 r_avg_ns=3094 r_p50_ns=586 r_p99_ns=14832 # workloada_optA_t2_cacheon_rep1_kv1024
YCSB opt=A cache=1 num_hosts=2 threads=4 threads_eff=4 rep=1 load_ops=50000 load_thpt=204388 trans_ops=50000 trans_wall_max=0.032878 trans_agg_thpt=1520773 w_avg_ns=8568 w_p50_ns=8741 w_p99_ns=18042 r_avg_ns=3954 r_p50_ns=3245 r_p99_ns=15448 # workloada_optA_t4_cacheon_rep1_kv1024
YCSB opt=A cache=1 num_hosts=2 threads=8 threads_eff=8 rep=1 load_ops=50000 load_thpt=179669 trans_ops=50000 trans_wall_max=0.020449 trans_agg_thpt=2444987 w_avg_ns=10954 w_p50_ns=11068 w_p99_ns=23638 r_avg_ns=6127 r_p50_ns=8046 r_p99_ns=22055 # workloada_optA_t8_cacheon_rep1_kv1024
YCSB opt=A cache=1 num_hosts=2 threads=16 threads_eff=16 rep=1 load_ops=50000 load_thpt=208155 trans_ops=50000 trans_wall_max=0.008928 trans_agg_thpt=5600358 w_avg_ns=10198 w_p50_ns=11344 w_p99_ns=27545 r_avg_ns=6687 r_p50_ns=6843 r_p99_ns=24549 # workloada_optA_t16_cacheon_rep1_kv1024
YCSB opt=A cache=1 num_hosts=2 threads=32 threads_eff=32 rep=1 load_ops=50000 load_thpt=205295 trans_ops=50000 trans_wall_max=0.005307 trans_agg_thpt=9421518 w_avg_ns=11825 w_p50_ns=11572 w_p99_ns=54823 r_avg_ns=8991 r_p50_ns=9977 r_p99_ns=37421 # workloada_optA_t32_cacheon_rep1_kv1024
YCSB opt=A cache=1 num_hosts=2 threads=64 threads_eff=64 rep=1 load_ops=50000 load_thpt=108833 trans_ops=50000 trans_wall_max=0.003367 trans_agg_thpt=14845605 w_avg_ns=13017 w_p50_ns=12471 w_p99_ns=45695 r_avg_ns=10157 r_p50_ns=10716 r_p99_ns=56460 # workloada_optA_t64_cacheon_rep1_kv1024
YCSB opt=A cache=0 num_hosts=2 threads=1 threads_eff=1 rep=1 load_ops=50000 load_thpt=255088 trans_ops=50000 trans_wall_max=0.133011 trans_agg_thpt=375908 w_avg_ns=9130 w_p50_ns=10179 w_p99_ns=17978 r_avg_ns=4187 r_p50_ns=1469 r_p99_ns=11437 # workloada_optA_t1_cacheoff_rep1_kv256
YCSB opt=A cache=0 num_hosts=2 threads=2 threads_eff=2 rep=1 load_ops=50000 load_thpt=257331 trans_ops=50000 trans_wall_max=0.057644 trans_agg_thpt=867377 w_avg_ns=7098 w_p50_ns=6325 w_p99_ns=15837 r_avg_ns=2965 r_p50_ns=583 r_p99_ns=14352 # workloada_optA_t2_cacheoff_rep1_kv256
YCSB opt=A cache=0 num_hosts=2 threads=4 threads_eff=4 rep=1 load_ops=50000 load_thpt=226024 trans_ops=50000 trans_wall_max=0.032442 trans_agg_thpt=1541164 w_avg_ns=7695 w_p50_ns=6773 w_p99_ns=17113 r_avg_ns=3669 r_p50_ns=861 r_p99_ns=13907 # workloada_optA_t4_cacheoff_rep1_kv256
YCSB opt=A cache=0 num_hosts=2 threads=8 threads_eff=8 rep=1 load_ops=50000 load_thpt=258555 trans_ops=50000 trans_wall_max=0.016014 trans_agg_thpt=3122268 w_avg_ns=8380 w_p50_ns=9835 w_p99_ns=20439 r_avg_ns=4975 r_p50_ns=6478 r_p99_ns=17918 # workloada_optA_t8_cacheoff_rep1_kv256
YCSB opt=A cache=0 num_hosts=2 threads=16 threads_eff=16 rep=1 load_ops=50000 load_thpt=261949 trans_ops=50000 trans_wall_max=0.007281 trans_agg_thpt=6866245 w_avg_ns=7825 w_p50_ns=8020 w_p99_ns=20029 r_avg_ns=6358 r_p50_ns=6657 r_p99_ns=27636 # workloada_optA_t16_cacheoff_rep1_kv256
YCSB opt=A cache=0 num_hosts=2 threads=32 threads_eff=32 rep=1 load_ops=50000 load_thpt=255661 trans_ops=50000 trans_wall_max=0.005038 trans_agg_thpt=9924573 w_avg_ns=10516 w_p50_ns=9184 w_p99_ns=44179 r_avg_ns=7887 r_p50_ns=9936 r_p99_ns=32039 # workloada_optA_t32_cacheoff_rep1_kv256
YCSB opt=A cache=0 num_hosts=2 threads=64 threads_eff=64 rep=1 load_ops=50000 load_thpt=198965 trans_ops=50000 trans_wall_max=0.521835 trans_agg_thpt=95815 w_avg_ns=13378 w_p50_ns=9960 w_p99_ns=73584 r_avg_ns=10370 r_p50_ns=12138 r_p99_ns=38148 # workloada_optA_t64_cacheoff_rep1_kv256
YCSB opt=A cache=0 num_hosts=2 threads=1 threads_eff=1 rep=1 load_ops=50000 load_thpt=205998 trans_ops=50000 trans_wall_max=0.129893 trans_agg_thpt=384929 w_avg_ns=9978 w_p50_ns=11692 w_p99_ns=18843 r_avg_ns=4236 r_p50_ns=9553 r_p99_ns=11320 # workloada_optA_t1_cacheoff_rep1_kv512
YCSB opt=A cache=0 num_hosts=2 threads=2 threads_eff=2 rep=1 load_ops=50000 load_thpt=231833 trans_ops=50000 trans_wall_max=0.060865 trans_agg_thpt=821476 w_avg_ns=7852 w_p50_ns=5450 w_p99_ns=17816 r_avg_ns=2662 r_p50_ns=655 r_p99_ns=14446 # workloada_optA_t2_cacheoff_rep1_kv512
YCSB opt=A cache=0 num_hosts=2 threads=4 threads_eff=4 rep=1 load_ops=50000 load_thpt=231938 trans_ops=50000 trans_wall_max=0.028473 trans_agg_thpt=1756049 w_avg_ns=7208 w_p50_ns=6014 w_p99_ns=16422 r_avg_ns=3138 r_p50_ns=447 r_p99_ns=16376 # workloada_optA_t4_cacheoff_rep1_kv512
YCSB opt=A cache=0 num_hosts=2 threads=8 threads_eff=8 rep=1 load_ops=50000 load_thpt=231799 trans_ops=50000 trans_wall_max=0.014269 trans_agg_thpt=3504099 w_avg_ns=7631 w_p50_ns=6907 w_p99_ns=17815 r_avg_ns=3983 r_p50_ns=6139 r_p99_ns=17884 # workloada_optA_t8_cacheoff_rep1_kv512
YCSB opt=A cache=0 num_hosts=2 threads=16 threads_eff=16 rep=1 load_ops=50000 load_thpt=203964 trans_ops=50000 trans_wall_max=0.008270 trans_agg_thpt=6045949 w_avg_ns=9479 w_p50_ns=9313 w_p99_ns=42832 r_avg_ns=5800 r_p50_ns=8256 r_p99_ns=23511 # workloada_optA_t16_cacheoff_rep1_kv512
YCSB opt=A cache=0 num_hosts=2 threads=32 threads_eff=32 rep=1 load_ops=50000 load_thpt=228329 trans_ops=50000 trans_wall_max=0.018591 trans_agg_thpt=2689473 w_avg_ns=21241 w_p50_ns=8918 w_p99_ns=5011523 r_avg_ns=8097 r_p50_ns=9742 r_p99_ns=35351 # workloada_optA_t32_cacheoff_rep1_kv512
YCSB opt=A cache=0 num_hosts=2 threads=64 threads_eff=64 rep=1 load_ops=50000 load_thpt=142698 trans_ops=50000 trans_wall_max=0.003294 trans_agg_thpt=15179113 w_avg_ns=12344 w_p50_ns=9790 w_p99_ns=55890 r_avg_ns=9183 r_p50_ns=10831 r_p99_ns=29222 # workloada_optA_t64_cacheoff_rep1_kv512
YCSB opt=A cache=0 num_hosts=2 threads=1 threads_eff=1 rep=1 load_ops=50000 load_thpt=205085 trans_ops=50000 trans_wall_max=0.137268 trans_agg_thpt=364250 w_avg_ns=9510 w_p50_ns=10772 w_p99_ns=18562 r_avg_ns=4061 r_p50_ns=1282 r_p99_ns=10923 # workloada_optA_t1_cacheoff_rep1_kv1024
YCSB opt=A cache=0 num_hosts=2 threads=2 threads_eff=2 rep=1 load_ops=50000 load_thpt=202894 trans_ops=50000 trans_wall_max=0.063884 trans_agg_thpt=782656 w_avg_ns=8071 w_p50_ns=6827 w_p99_ns=16634 r_avg_ns=3086 r_p50_ns=563 r_p99_ns=14996 # workloada_optA_t2_cacheoff_rep1_kv1024
YCSB opt=A cache=0 num_hosts=2 threads=4 threads_eff=4 rep=1 load_ops=50000 load_thpt=202580 trans_ops=50000 trans_wall_max=0.034680 trans_agg_thpt=1441711 w_avg_ns=9243 w_p50_ns=10212 w_p99_ns=21016 r_avg_ns=4402 r_p50_ns=3370 r_p99_ns=19130 # workloada_optA_t4_cacheoff_rep1_kv1024
YCSB opt=A cache=0 num_hosts=2 threads=8 threads_eff=8 rep=1 load_ops=50000 load_thpt=207655 trans_ops=50000 trans_wall_max=0.017051 trans_agg_thpt=2932379 w_avg_ns=9531 w_p50_ns=11225 w_p99_ns=23124 r_avg_ns=5548 r_p50_ns=6540 r_p99_ns=22066 # workloada_optA_t8_cacheoff_rep1_kv1024
YCSB opt=A cache=0 num_hosts=2 threads=16 threads_eff=16 rep=1 load_ops=50000 load_thpt=168270 trans_ops=50000 trans_wall_max=0.010240 trans_agg_thpt=4882335 w_avg_ns=11906 w_p50_ns=11780 w_p99_ns=28992 r_avg_ns=7774 r_p50_ns=9304 r_p99_ns=25737 # workloada_optA_t16_cacheoff_rep1_kv1024
YCSB opt=A cache=0 num_hosts=2 threads=32 threads_eff=32 rep=1 load_ops=50000 load_thpt=206310 trans_ops=50000 trans_wall_max=0.006328 trans_agg_thpt=7900142 w_avg_ns=13417 w_p50_ns=12340 w_p99_ns=59194 r_avg_ns=10011 r_p50_ns=10652 r_p99_ns=38132 # workloada_optA_t32_cacheoff_rep1_kv1024
YCSB opt=A cache=0 num_hosts=2 threads=64 threads_eff=64 rep=1 load_ops=50000 load_thpt=113521 trans_ops=50000 trans_wall_max=0.003587 trans_agg_thpt=13935340 w_avg_ns=13390 w_p50_ns=12789 w_p99_ns=72445 r_avg_ns=10612 r_p50_ns=10903 r_p99_ns=54192 # workloada_optA_t64_cacheoff_rep1_kv1024
YCSB opt=A cache=1 num_hosts=2 threads=1 threads_eff=1 rep=1 load_ops=50000 load_thpt=252576 trans_ops=50000 trans_wall_max=0.088317 trans_agg_thpt=566142 w_avg_ns=10362 w_p50_ns=10476 w_p99_ns=17355 r_avg_ns=2301 r_p50_ns=554 r_p99_ns=10503 # workloadb_optA_t1_cacheon_rep1_kv256
YCSB opt=A cache=1 num_hosts=2 threads=2 threads_eff=2 rep=1 load_ops=50000 load_thpt=256646 trans_ops=50000 trans_wall_max=0.042483 trans_agg_thpt=1176941 w_avg_ns=7618 w_p50_ns=6988 w_p99_ns=16540 r_avg_ns=2446 r_p50_ns=315 r_p99_ns=13957 # workloadb_optA_t2_cacheon_rep1_kv256
YCSB opt=A cache=1 num_hosts=2 threads=4 threads_eff=4 rep=1 load_ops=50000 load_thpt=258377 trans_ops=50000 trans_wall_max=0.021636 trans_agg_thpt=2310963 w_avg_ns=7722 w_p50_ns=7340 w_p99_ns=21021 r_avg_ns=3086 r_p50_ns=450 r_p99_ns=13547 # workloadb_optA_t4_cacheon_rep1_kv256
YCSB opt=A cache=1 num_hosts=2 threads=8 threads_eff=8 rep=1 load_ops=50000 load_thpt=229428 trans_ops=50000 trans_wall_max=0.023110 trans_agg_thpt=2163565 w_avg_ns=27233 w_p50_ns=9927 w_p99_ns=5012107 r_avg_ns=4680 r_p50_ns=6659 r_p99_ns=17493 # workloadb_optA_t8_cacheon_rep1_kv256
YCSB opt=A cache=1 num_hosts=2 threads=16 threads_eff=16 rep=1 load_ops=50000 load_thpt=261693 trans_ops=50000 trans_wall_max=0.009407 trans_agg_thpt=5315190 w_avg_ns=8919 w_p50_ns=6585 w_p99_ns=16825 r_avg_ns=5486 r_p50_ns=6526 r_p99_ns=21167 # workloadb_optA_t16_cacheon_rep1_kv256
YCSB opt=A cache=1 num_hosts=2 threads=32 threads_eff=32 rep=1 load_ops=50000 load_thpt=257229 trans_ops=50000 trans_wall_max=0.007086 trans_agg_thpt=7055171 w_avg_ns=14508 w_p50_ns=12612 w_p99_ns=30577 r_avg_ns=8548 r_p50_ns=9858 r_p99_ns=36483 # workloadb_optA_t32_cacheon_rep1_kv256
YCSB opt=A cache=1 num_hosts=2 threads=64 threads_eff=64 rep=1 load_ops=50000 load_thpt=188369 trans_ops=50000 trans_wall_max=0.041522 trans_agg_thpt=1204180 w_avg_ns=17171 w_p50_ns=14585 w_p99_ns=28810 r_avg_ns=9897 r_p50_ns=10797 r_p99_ns=39747 # workloadb_optA_t64_cacheon_rep1_kv256
YCSB opt=A cache=1 num_hosts=2 threads=1 threads_eff=1 rep=1 load_ops=50000 load_thpt=231671 trans_ops=50000 trans_wall_max=0.088780 trans_agg_thpt=563189 w_avg_ns=10877 w_p50_ns=10912 w_p99_ns=18496 r_avg_ns=2401 r_p50_ns=561 r_p99_ns=10685 # workloadb_optA_t1_cacheon_rep1_kv512
YCSB opt=A cache=1 num_hosts=2 threads=2 threads_eff=2 rep=1 load_ops=50000 load_thpt=233967 trans_ops=50000 trans_wall_max=27.154780 trans_agg_thpt=1841 w_avg_ns=101739 w_p50_ns=7121 w_p99_ns=5011310 r_avg_ns=2114 r_p50_ns=310 r_p99_ns=14562 # workloadb_optA_t2_cacheon_rep1_kv512
YCSB opt=A cache=1 num_hosts=2 threads=4 threads_eff=4 rep=1 load_ops=50000 load_thpt=223928 trans_ops=50000 trans_wall_max=0.022527 trans_agg_thpt=2219558 w_avg_ns=8175 w_p50_ns=7323 w_p99_ns=25453 r_avg_ns=3166 r_p50_ns=503 r_p99_ns=14692 # workloadb_optA_t4_cacheon_rep1_kv512
YCSB opt=A cache=1 num_hosts=2 threads=8 threads_eff=8 rep=1 load_ops=50000 load_thpt=233958 trans_ops=50000 trans_wall_max=0.014474 trans_agg_thpt=3454470 w_avg_ns=8508 w_p50_ns=6930 w_p99_ns=21507 r_avg_ns=4395 r_p50_ns=6151 r_p99_ns=17295 # workloadb_optA_t8_cacheon_rep1_kv512
YCSB opt=A cache=1 num_hosts=2 threads=16 threads_eff=16 rep=1 load_ops=50000 load_thpt=234924 trans_ops=50000 trans_wall_max=0.008001 trans_agg_thpt=6249218 w_avg_ns=9472 w_p50_ns=6809 w_p99_ns=25733 r_avg_ns=4258 r_p50_ns=6292 r_p99_ns=19121 # workloadb_optA_t16_cacheon_rep1_kv512
YCSB opt=A cache=1 num_hosts=2 threads=32 threads_eff=32 rep=1 load_ops=50000 load_thpt=229681 trans_ops=50000 trans_wall_max=0.007449 trans_agg_thpt=6712310 w_avg_ns=14269 w_p50_ns=7415 w_p99_ns=34235 r_avg_ns=7561 r_p50_ns=9638 r_p99_ns=46971 # workloadb_optA_t32_cacheon_rep1_kv512
YCSB opt=A cache=1 num_hosts=2 threads=64 threads_eff=64 rep=1 load_ops=50000 load_thpt=128066 trans_ops=50000 trans_wall_max=0.004046 trans_agg_thpt=12354830 w_avg_ns=17668 w_p50_ns=5135 w_p99_ns=35229 r_avg_ns=8388 r_p50_ns=9632 r_p99_ns=47729 # workloadb_optA_t64_cacheon_rep1_kv512
YCSB opt=A cache=1 num_hosts=2 threads=1 threads_eff=1 rep=1 load_ops=50000 load_thpt=182409 trans_ops=50000 trans_wall_max=0.104862 trans_agg_thpt=476817 w_avg_ns=13141 w_p50_ns=17556 w_p99_ns=20448 r_avg_ns=2448 r_p50_ns=723 r_p99_ns=11445 # workloadb_optA_t1_cacheon_rep1_kv1024
YCSB opt=A cache=1 num_hosts=2 threads=2 threads_eff=2 rep=1 load_ops=50000 load_thpt=209078 trans_ops=50000 trans_wall_max=24.819983 trans_agg_thpt=2014 w_avg_ns=8493 w_p50_ns=10329 w_p99_ns=18371 r_avg_ns=2233 r_p50_ns=386 r_p99_ns=14304 # workloadb_optA_t2_cacheon_rep1_kv1024
YCSB opt=A cache=1 num_hosts=2 threads=4 threads_eff=4 rep=1 load_ops=50000 load_thpt=192950 trans_ops=50000 trans_wall_max=0.023086 trans_agg_thpt=2165720 w_avg_ns=9512 w_p50_ns=9613 w_p99_ns=31273 r_avg_ns=3422 r_p50_ns=671 r_p99_ns=15027 # workloadb_optA_t4_cacheon_rep1_kv1024
YCSB opt=A cache=1 num_hosts=2 threads=8 threads_eff=8 rep=1 load_ops=50000 load_thpt=208917 trans_ops=50000 trans_wall_max=0.380409 trans_agg_thpt=131437 w_avg_ns=10127 w_p50_ns=9460 w_p99_ns=25414 r_avg_ns=4519 r_p50_ns=6181 r_p99_ns=18782 # workloadb_optA_t8_cacheon_rep1_kv1024
YCSB opt=A cache=1 num_hosts=2 threads=16 threads_eff=16 rep=1 load_ops=50000 load_thpt=168986 trans_ops=50000 trans_wall_max=0.010171 trans_agg_thpt=4915937 w_avg_ns=12048 w_p50_ns=10716 w_p99_ns=28792 r_avg_ns=5876 r_p50_ns=6918 r_p99_ns=22595 # workloadb_optA_t16_cacheon_rep1_kv1024
YCSB opt=A cache=1 num_hosts=2 threads=32 threads_eff=32 rep=1 load_ops=50000 load_thpt=201194 trans_ops=50000 trans_wall_max=0.007592 trans_agg_thpt=6585012 w_avg_ns=16361 w_p50_ns=14576 w_p99_ns=33265 r_avg_ns=9001 r_p50_ns=10067 r_p99_ns=38757 # workloadb_optA_t32_cacheon_rep1_kv1024
YCSB opt=A cache=1 num_hosts=2 threads=64 threads_eff=64 rep=1 load_ops=50000 load_thpt=125632 trans_ops=50000 trans_wall_max=0.004270 trans_agg_thpt=11706860 w_avg_ns=16395 w_p50_ns=14230 w_p99_ns=29517 r_avg_ns=9225 r_p50_ns=9923 r_p99_ns=35588 # workloadb_optA_t64_cacheon_rep1_kv1024
YCSB opt=A cache=0 num_hosts=2 threads=1 threads_eff=1 rep=1 load_ops=50000 load_thpt=257819 trans_ops=50000 trans_wall_max=0.088299 trans_agg_thpt=566257 w_avg_ns=10455 w_p50_ns=10679 w_p99_ns=17605 r_avg_ns=2331 r_p50_ns=553 r_p99_ns=10474 # workloadb_optA_t1_cacheoff_rep1_kv256
YCSB opt=A cache=0 num_hosts=2 threads=2 threads_eff=2 rep=1 load_ops=50000 load_thpt=260046 trans_ops=50000 trans_wall_max=0.042749 trans_agg_thpt=1169618 w_avg_ns=7709 w_p50_ns=8956 w_p99_ns=16424 r_avg_ns=2401 r_p50_ns=316 r_p99_ns=13890 # workloadb_optA_t2_cacheoff_rep1_kv256
YCSB opt=A cache=0 num_hosts=2 threads=4 threads_eff=4 rep=1 load_ops=50000 load_thpt=259285 trans_ops=50000 trans_wall_max=0.021789 trans_agg_thpt=2294735 w_avg_ns=7625 w_p50_ns=7545 w_p99_ns=19244 r_avg_ns=3029 r_p50_ns=458 r_p99_ns=13197 # workloadb_optA_t4_cacheoff_rep1_kv256
YCSB opt=A cache=0 num_hosts=2 threads=8 threads_eff=8 rep=1 load_ops=50000 load_thpt=256411 trans_ops=50000 trans_wall_max=0.014925 trans_agg_thpt=3349859 w_avg_ns=9501 w_p50_ns=10404 w_p99_ns=23488 r_avg_ns=4433 r_p50_ns=6248 r_p99_ns=17513 # workloadb_optA_t8_cacheoff_rep1_kv256
YCSB opt=A cache=0 num_hosts=2 threads=16 threads_eff=16 rep=1 load_ops=50000 load_thpt=260049 trans_ops=50000 trans_wall_max=0.205466 trans_agg_thpt=243348 w_avg_ns=8864 w_p50_ns=6374 w_p99_ns=17599 r_avg_ns=5700 r_p50_ns=6763 r_p99_ns=22155 # workloadb_optA_t16_cacheoff_rep1_kv256
YCSB opt=A cache=0 num_hosts=2 threads=32 threads_eff=32 rep=1 load_ops=50000 load_thpt=255031 trans_ops=50000 trans_wall_max=0.078010 trans_agg_thpt=640943 w_avg_ns=13139 w_p50_ns=6581 w_p99_ns=25019 r_avg_ns=7105 r_p50_ns=9512 r_p99_ns=45944 # workloadb_optA_t32_cacheoff_rep1_kv256
YCSB opt=A cache=0 num_hosts=2 threads=64 threads_eff=64 rep=1 load_ops=50000 load_thpt=187502 trans_ops=50000 trans_wall_max=0.041615 trans_agg_thpt=1201489 w_avg_ns=17940 w_p50_ns=4946 w_p99_ns=39143 r_avg_ns=8495 r_p50_ns=9936 r_p99_ns=41985 # workloadb_optA_t64_cacheoff_rep1_kv256
YCSB opt=A cache=0 num_hosts=2 threads=1 threads_eff=1 rep=1 load_ops=50000 load_thpt=202832 trans_ops=50000 trans_wall_max=0.105539 trans_agg_thpt=473754 w_avg_ns=12533 w_p50_ns=17039 w_p99_ns=19162 r_avg_ns=2471 r_p50_ns=712 r_p99_ns=11260 # workloadb_optA_t1_cacheoff_rep1_kv512
YCSB opt=A cache=0 num_hosts=2 threads=2 threads_eff=2 rep=1 load_ops=50000 load_thpt=232856 trans_ops=50000 trans_wall_max=0.046484 trans_agg_thpt=1075638 w_avg_ns=7725 w_p50_ns=6564 w_p99_ns=17648 r_avg_ns=2146 r_p50_ns=572 r_p99_ns=14017 # workloadb_optA_t2_cacheoff_rep1_kv512
YCSB opt=A cache=0 num_hosts=2 threads=4 threads_eff=4 rep=1 load_ops=50000 load_thpt=234746 trans_ops=50000 trans_wall_max=0.023496 trans_agg_thpt=2128021 w_avg_ns=7647 w_p50_ns=6592 w_p99_ns=15627 r_avg_ns=2633 r_p50_ns=393 r_p99_ns=14794 # workloadb_optA_t4_cacheoff_rep1_kv512
YCSB opt=A cache=0 num_hosts=2 threads=8 threads_eff=8 rep=1 load_ops=50000 load_thpt=231260 trans_ops=50000 trans_wall_max=0.013843 trans_agg_thpt=3611672 w_avg_ns=8365 w_p50_ns=6841 w_p99_ns=16839 r_avg_ns=3541 r_p50_ns=575 r_p99_ns=17206 # workloadb_optA_t8_cacheoff_rep1_kv512
YCSB opt=A cache=0 num_hosts=2 threads=16 threads_eff=16 rep=1 load_ops=50000 load_thpt=233206 trans_ops=50000 trans_wall_max=0.009330 trans_agg_thpt=5359056 w_avg_ns=9431 w_p50_ns=7090 w_p99_ns=24913 r_avg_ns=4455 r_p50_ns=6252 r_p99_ns=24585 # workloadb_optA_t16_cacheoff_rep1_kv512
YCSB opt=A cache=0 num_hosts=2 threads=32 threads_eff=32 rep=1 load_ops=50000 load_thpt=228775 trans_ops=50000 trans_wall_max=0.006930 trans_agg_thpt=7213966 w_avg_ns=13431 w_p50_ns=8410 w_p99_ns=28004 r_avg_ns=6975 r_p50_ns=9390 r_p99_ns=33409 # workloadb_optA_t32_cacheoff_rep1_kv512
YCSB opt=A cache=0 num_hosts=2 threads=64 threads_eff=64 rep=1 load_ops=50000 load_thpt=131398 trans_ops=50000 trans_wall_max=0.004033 trans_agg_thpt=12397718 w_avg_ns=18075 w_p50_ns=5103 w_p99_ns=31196 r_avg_ns=8327 r_p50_ns=9245 r_p99_ns=30079 # workloadb_optA_t64_cacheoff_rep1_kv512
YCSB opt=A cache=0 num_hosts=2 threads=1 threads_eff=1 rep=1 load_ops=50000 load_thpt=182370 trans_ops=50000 trans_wall_max=0.099056 trans_agg_thpt=504764 w_avg_ns=12193 w_p50_ns=12076 w_p99_ns=20231 r_avg_ns=2638 r_p50_ns=644 r_p99_ns=11763 # workloadb_optA_t1_cacheoff_rep1_kv1024
YCSB opt=A cache=0 num_hosts=2 threads=2 threads_eff=2 rep=1 load_ops=50000 load_thpt=206907 trans_ops=50000 trans_wall_max=24.800053 trans_agg_thpt=2016 w_avg_ns=8351 w_p50_ns=10068 w_p99_ns=18574 r_avg_ns=2216 r_p50_ns=381 r_p99_ns=14525 # workloadb_optA_t2_cacheoff_rep1_kv1024
YCSB opt=A cache=0 num_hosts=2 threads=4 threads_eff=4 rep=1 load_ops=50000 load_thpt=169725 trans_ops=50000 trans_wall_max=12.234702 trans_agg_thpt=4086 w_avg_ns=9475 w_p50_ns=9130 w_p99_ns=18826 r_avg_ns=3362 r_p50_ns=736 r_p99_ns=15804 # workloadb_optA_t4_cacheoff_rep1_kv1024
YCSB opt=A cache=0 num_hosts=2 threads=8 threads_eff=8 rep=1 load_ops=50000 load_thpt=208205 trans_ops=50000 trans_wall_max=0.015115 trans_agg_thpt=3307972 w_avg_ns=10412 w_p50_ns=9719 w_p99_ns=27081 r_avg_ns=4552 r_p50_ns=6194 r_p99_ns=17972 # workloadb_optA_t8_cacheoff_rep1_kv1024
YCSB opt=A cache=0 num_hosts=2 threads=16 threads_eff=16 rep=1 load_ops=50000 load_thpt=208262 trans_ops=50000 trans_wall_max=0.009773 trans_agg_thpt=5115612 w_avg_ns=11609 w_p50_ns=11858 w_p99_ns=26538 r_avg_ns=5693 r_p50_ns=6695 r_p99_ns=21758 # workloadb_optA_t16_cacheoff_rep1_kv1024
YCSB opt=A cache=0 num_hosts=2 threads=32 threads_eff=32 rep=1 load_ops=50000 load_thpt=205968 trans_ops=50000 trans_wall_max=0.007851 trans_agg_thpt=6368615 w_avg_ns=16565 w_p50_ns=14878 w_p99_ns=35535 r_avg_ns=8862 r_p50_ns=9932 r_p99_ns=38661 # workloadb_optA_t32_cacheoff_rep1_kv1024
YCSB opt=A cache=0 num_hosts=2 threads=64 threads_eff=64 rep=1 load_ops=50000 load_thpt=110320 trans_ops=50000 trans_wall_max=0.004316 trans_agg_thpt=11582117 w_avg_ns=18422 w_p50_ns=15849 w_p99_ns=31264 r_avg_ns=10259 r_p50_ns=11667 r_p99_ns=34443 # workloadb_optA_t64_cacheoff_rep1_kv1024
YCSB opt=A cache=1 num_hosts=2 threads=1 threads_eff=1 rep=1 load_ops=50000 load_thpt=256809 trans_ops=50000 trans_wall_max=0.082283 trans_agg_thpt=607651 w_avg_ns=0 w_p50_ns=0 w_p99_ns=0 r_avg_ns=2027 r_p50_ns=401 r_p99_ns=10331 # workloadc_optA_t1_cacheon_rep1_kv256
YCSB opt=A cache=1 num_hosts=2 threads=2 threads_eff=2 rep=1 load_ops=50000 load_thpt=258779 trans_ops=50000 trans_wall_max=0.040788 trans_agg_thpt=1225850 w_avg_ns=0 w_p50_ns=0 w_p99_ns=0 r_avg_ns=2364 r_p50_ns=309 r_p99_ns=12958 # workloadc_optA_t2_cacheon_rep1_kv256
YCSB opt=A cache=1 num_hosts=2 threads=4 threads_eff=4 rep=1 load_ops=50000 load_thpt=256657 trans_ops=50000 trans_wall_max=0.021533 trans_agg_thpt=2321909 w_avg_ns=0 w_p50_ns=0 w_p99_ns=0 r_avg_ns=3112 r_p50_ns=465 r_p99_ns=13486 # workloadc_optA_t4_cacheon_rep1_kv256
YCSB opt=A cache=1 num_hosts=2 threads=8 threads_eff=8 rep=1 load_ops=50000 load_thpt=260514 trans_ops=50000 trans_wall_max=0.015181 trans_agg_thpt=3293590 w_avg_ns=0 w_p50_ns=0 w_p99_ns=0 r_avg_ns=4398 r_p50_ns=6082 r_p99_ns=17420 # workloadc_optA_t8_cacheon_rep1_kv256
YCSB opt=A cache=1 num_hosts=2 threads=16 threads_eff=16 rep=1 load_ops=50000 load_thpt=255150 trans_ops=50000 trans_wall_max=0.009355 trans_agg_thpt=5344164 w_avg_ns=0 w_p50_ns=0 w_p99_ns=0 r_avg_ns=5384 r_p50_ns=6474 r_p99_ns=19930 # workloadc_optA_t16_cacheon_rep1_kv256
YCSB opt=A cache=1 num_hosts=2 threads=32 threads_eff=32 rep=1 load_ops=50000 load_thpt=258483 trans_ops=50000 trans_wall_max=2.027870 trans_agg_thpt=24656 w_avg_ns=0 w_p50_ns=0 w_p99_ns=0 r_avg_ns=6690 r_p50_ns=7947 r_p99_ns=44252 # workloadc_optA_t32_cacheon_rep1_kv256
YCSB opt=A cache=1 num_hosts=2 threads=64 threads_eff=64 rep=1 load_ops=50000 load_thpt=190262 trans_ops=50000 trans_wall_max=0.004342 trans_agg_thpt=11512779 w_avg_ns=0 w_p50_ns=0 w_p99_ns=0 r_avg_ns=8765 r_p50_ns=10648 r_p99_ns=30495 # workloadc_optA_t64_cacheon_rep1_kv256
YCSB opt=A cache=1 num_hosts=2 threads=1 threads_eff=1 rep=1 load_ops=50000 load_thpt=233719 trans_ops=50000 trans_wall_max=0.091120 trans_agg_thpt=548726 w_avg_ns=0 w_p50_ns=0 w_p99_ns=0 r_avg_ns=2054 r_p50_ns=588 r_p99_ns=10659 # workloadc_optA_t1_cacheon_rep1_kv512
YCSB opt=A cache=1 num_hosts=2 threads=2 threads_eff=2 rep=1 load_ops=50000 load_thpt=232319 trans_ops=50000 trans_wall_max=0.045312 trans_agg_thpt=1103460 w_avg_ns=0 w_p50_ns=0 w_p99_ns=0 r_avg_ns=2109 r_p50_ns=563 r_p99_ns=13368 # workloadc_optA_t2_cacheon_rep1_kv512
YCSB opt=A cache=1 num_hosts=2 threads=4 threads_eff=4 rep=1 load_ops=50000 load_thpt=230933 trans_ops=50000 trans_wall_max=0.023070 trans_agg_thpt=2167222 w_avg_ns=0 w_p50_ns=0 w_p99_ns=0 r_avg_ns=2615 r_p50_ns=369 r_p99_ns=14846 # workloadc_optA_t4_cacheon_rep1_kv512
YCSB opt=A cache=1 num_hosts=2 threads=8 threads_eff=8 rep=1 load_ops=50000 load_thpt=229071 trans_ops=50000 trans_wall_max=0.012710 trans_agg_thpt=3933600 w_avg_ns=0 w_p50_ns=0 w_p99_ns=0 r_avg_ns=3337 r_p50_ns=501 r_p99_ns=14553 # workloadc_optA_t8_cacheon_rep1_kv512
YCSB opt=A cache=1 num_hosts=2 threads=16 threads_eff=16 rep=1 load_ops=50000 load_thpt=233947 trans_ops=50000 trans_wall_max=0.008532 trans_agg_thpt=5860290 w_avg_ns=0 w_p50_ns=0 w_p99_ns=0 r_avg_ns=4330 r_p50_ns=6222 r_p99_ns=20469 # workloadc_optA_t16_cacheon_rep1_kv512
YCSB opt=A cache=1 num_hosts=2 threads=32 threads_eff=32 rep=1 load_ops=50000 load_thpt=231978 trans_ops=50000 trans_wall_max=0.006282 trans_agg_thpt=7959248 w_avg_ns=0 w_p50_ns=0 w_p99_ns=0 r_avg_ns=6689 r_p50_ns=7907 r_p99_ns=31156 # workloadc_optA_t32_cacheon_rep1_kv512
YCSB opt=A cache=1 num_hosts=2 threads=64 threads_eff=64 rep=1 load_ops=50000 load_thpt=134827 trans_ops=50000 trans_wall_max=0.004302 trans_agg_thpt=11622501 w_avg_ns=0 w_p50_ns=0 w_p99_ns=0 r_avg_ns=8225 r_p50_ns=9515 r_p99_ns=32704 # workloadc_optA_t64_cacheon_rep1_kv512
YCSB opt=A cache=1 num_hosts=2 threads=1 threads_eff=1 rep=1 load_ops=50000 load_thpt=183645 trans_ops=50000 trans_wall_max=0.090872 trans_agg_thpt=550218 w_avg_ns=0 w_p50_ns=0 w_p99_ns=0 r_avg_ns=2361 r_p50_ns=617 r_p99_ns=11641 # workloadc_optA_t1_cacheon_rep1_kv1024
YCSB opt=A cache=1 num_hosts=2 threads=2 threads_eff=2 rep=1 load_ops=50000 load_thpt=207708 trans_ops=50000 trans_wall_max=26.132128 trans_agg_thpt=1913 w_avg_ns=0 w_p50_ns=0 w_p99_ns=0 r_avg_ns=2216 r_p50_ns=374 r_p99_ns=14162 # workloadc_optA_t2_cacheon_rep1_kv1024
YCSB opt=A cache=1 num_hosts=2 threads=4 threads_eff=4 rep=1 load_ops=50000 load_thpt=209603 trans_ops=50000 trans_wall_max=0.021963 trans_agg_thpt=2276452 w_avg_ns=0 w_p50_ns=0 w_p99_ns=0 r_avg_ns=3334 r_p50_ns=560 r_p99_ns=15180 # workloadc_optA_t4_cacheon_rep1_kv1024
YCSB opt=A cache=1 num_hosts=2 threads=8 threads_eff=8 rep=1 load_ops=50000 load_thpt=207130 trans_ops=50000 trans_wall_max=0.015299 trans_agg_thpt=3267973 w_avg_ns=0 w_p50_ns=0 w_p99_ns=0 r_avg_ns=4577 r_p50_ns=6263 r_p99_ns=18395 # workloadc_optA_t8_cacheon_rep1_kv1024
YCSB opt=A cache=1 num_hosts=2 threads=16 threads_eff=16 rep=1 load_ops=50000 load_thpt=209888 trans_ops=50000 trans_wall_max=0.009963 trans_agg_thpt=5018065 w_avg_ns=0 w_p50_ns=0 w_p99_ns=0 r_avg_ns=5743 r_p50_ns=6745 r_p99_ns=21340 # workloadc_optA_t16_cacheon_rep1_kv1024
YCSB opt=A cache=1 num_hosts=2 threads=32 threads_eff=32 rep=1 load_ops=50000 load_thpt=205624 trans_ops=50000 trans_wall_max=0.007460 trans_agg_thpt=6702412 w_avg_ns=0 w_p50_ns=0 w_p99_ns=0 r_avg_ns=8483 r_p50_ns=9761 r_p99_ns=36327 # workloadc_optA_t32_cacheon_rep1_kv1024
YCSB opt=A cache=1 num_hosts=2 threads=64 threads_eff=64 rep=1 load_ops=50000 load_thpt=111750 trans_ops=50000 trans_wall_max=0.004347 trans_agg_thpt=11499540 w_avg_ns=0 w_p50_ns=0 w_p99_ns=0 r_avg_ns=9439 r_p50_ns=9980 r_p99_ns=38526 # workloadc_optA_t64_cacheon_rep1_kv1024
YCSB opt=A cache=0 num_hosts=2 threads=1 threads_eff=1 rep=1 load_ops=50000 load_thpt=226484 trans_ops=50000 trans_wall_max=0.089195 trans_agg_thpt=560569 w_avg_ns=0 w_p50_ns=0 w_p99_ns=0 r_avg_ns=2164 r_p50_ns=521 r_p99_ns=11148 # workloadc_optA_t1_cacheoff_rep1_kv256
YCSB opt=A cache=0 num_hosts=2 threads=2 threads_eff=2 rep=1 load_ops=50000 load_thpt=257321 trans_ops=50000 trans_wall_max=0.040706 trans_agg_thpt=1228289 w_avg_ns=0 w_p50_ns=0 w_p99_ns=0 r_avg_ns=2339 r_p50_ns=306 r_p99_ns=14237 # workloadc_optA_t2_cacheoff_rep1_kv256
YCSB opt=A cache=0 num_hosts=2 threads=4 threads_eff=4 rep=1 load_ops=50000 load_thpt=263022 trans_ops=50000 trans_wall_max=0.022026 trans_agg_thpt=2269941 w_avg_ns=0 w_p50_ns=0 w_p99_ns=0 r_avg_ns=2976 r_p50_ns=399 r_p99_ns=12343 # workloadc_optA_t4_cacheoff_rep1_kv256
YCSB opt=A cache=0 num_hosts=2 threads=8 threads_eff=8 rep=1 load_ops=50000 load_thpt=227105 trans_ops=50000 trans_wall_max=6.694552 trans_agg_thpt=7468 w_avg_ns=0 w_p50_ns=0 w_p99_ns=0 r_avg_ns=4464 r_p50_ns=4487 r_p99_ns=16901 # workloadc_optA_t8_cacheoff_rep1_kv256
YCSB opt=A cache=0 num_hosts=2 threads=16 threads_eff=16 rep=1 load_ops=50000 load_thpt=261017 trans_ops=50000 trans_wall_max=3.364814 trans_agg_thpt=14859 w_avg_ns=0 w_p50_ns=0 w_p99_ns=0 r_avg_ns=5384 r_p50_ns=6496 r_p99_ns=21074 # workloadc_optA_t16_cacheoff_rep1_kv256
YCSB opt=A cache=0 num_hosts=2 threads=32 threads_eff=32 rep=1 load_ops=50000 load_thpt=255700 trans_ops=50000 trans_wall_max=0.007484 trans_agg_thpt=6680026 w_avg_ns=0 w_p50_ns=0 w_p99_ns=0 r_avg_ns=7442 r_p50_ns=9451 r_p99_ns=27696 # workloadc_optA_t32_cacheoff_rep1_kv256
YCSB opt=A cache=0 num_hosts=2 threads=64 threads_eff=64 rep=1 load_ops=50000 load_thpt=181064 trans_ops=50000 trans_wall_max=0.004242 trans_agg_thpt=11786892 w_avg_ns=0 w_p50_ns=0 w_p99_ns=0 r_avg_ns=7987 r_p50_ns=9300 r_p99_ns=24153 # workloadc_optA_t64_cacheoff_rep1_kv256
YCSB opt=A cache=0 num_hosts=2 threads=1 threads_eff=1 rep=1 load_ops=50000 load_thpt=206081 trans_ops=50000 trans_wall_max=0.097961 trans_agg_thpt=510401 w_avg_ns=0 w_p50_ns=0 w_p99_ns=0 r_avg_ns=2121 r_p50_ns=651 r_p99_ns=11093 # workloadc_optA_t1_cacheoff_rep1_kv512
YCSB opt=A cache=0 num_hosts=2 threads=2 threads_eff=2 rep=1 load_ops=50000 load_thpt=233044 trans_ops=50000 trans_wall_max=0.045320 trans_agg_thpt=1103265 w_avg_ns=0 w_p50_ns=0 w_p99_ns=0 r_avg_ns=2088 r_p50_ns=559 r_p99_ns=13799 # workloadc_optA_t2_cacheoff_rep1_kv512
YCSB opt=A cache=0 num_hosts=2 threads=4 threads_eff=4 rep=1 load_ops=50000 load_thpt=232248 trans_ops=50000 trans_wall_max=0.022883 trans_agg_thpt=2184932 w_avg_ns=0 w_p50_ns=0 w_p99_ns=0 r_avg_ns=2619 r_p50_ns=310 r_p99_ns=15839 # workloadc_optA_t4_cacheoff_rep1_kv512
YCSB opt=A cache=0 num_hosts=2 threads=8 threads_eff=8 rep=1 load_ops=50000 load_thpt=234858 trans_ops=50000 trans_wall_max=8.161228 trans_agg_thpt=6126 w_avg_ns=0 w_p50_ns=0 w_p99_ns=0 r_avg_ns=3431 r_p50_ns=533 r_p99_ns=16716 # workloadc_optA_t8_cacheoff_rep1_kv512
YCSB opt=A cache=0 num_hosts=2 threads=16 threads_eff=16 rep=1 load_ops=50000 load_thpt=233930 trans_ops=50000 trans_wall_max=0.008530 trans_agg_thpt=5861664 w_avg_ns=0 w_p50_ns=0 w_p99_ns=0 r_avg_ns=4269 r_p50_ns=6361 r_p99_ns=21859 # workloadc_optA_t16_cacheoff_rep1_kv512
YCSB opt=A cache=0 num_hosts=2 threads=32 threads_eff=32 rep=1 load_ops=50000 load_thpt=226869 trans_ops=50000 trans_wall_max=2.042871 trans_agg_thpt=24475 w_avg_ns=0 w_p50_ns=0 w_p99_ns=0 r_avg_ns=7277 r_p50_ns=9295 r_p99_ns=42806 # workloadc_optA_t32_cacheoff_rep1_kv512
YCSB opt=A cache=0 num_hosts=2 threads=64 threads_eff=64 rep=1 load_ops=50000 load_thpt=136109 trans_ops=50000 trans_wall_max=1.041493 trans_agg_thpt=48007 w_avg_ns=0 w_p50_ns=0 w_p99_ns=0 r_avg_ns=9057 r_p50_ns=10337 r_p99_ns=38826 # workloadc_optA_t64_cacheoff_rep1_kv512
YCSB opt=A cache=0 num_hosts=2 threads=1 threads_eff=1 rep=1 load_ops=50000 load_thpt=184917 trans_ops=50000 trans_wall_max=0.090644 trans_agg_thpt=551608 w_avg_ns=0 w_p50_ns=0 w_p99_ns=0 r_avg_ns=2347 r_p50_ns=626 r_p99_ns=11710 # workloadc_optA_t1_cacheoff_rep1_kv1024
YCSB opt=A cache=0 num_hosts=2 threads=2 threads_eff=2 rep=1 load_ops=50000 load_thpt=205396 trans_ops=50000 trans_wall_max=0.040573 trans_agg_thpt=1232346 w_avg_ns=0 w_p50_ns=0 w_p99_ns=0 r_avg_ns=2475 r_p50_ns=371 r_p99_ns=14050 # workloadc_optA_t2_cacheoff_rep1_kv1024
YCSB opt=A cache=0 num_hosts=2 threads=4 threads_eff=4 rep=1 load_ops=50000 load_thpt=184069 trans_ops=50000 trans_wall_max=0.022863 trans_agg_thpt=2186939 w_avg_ns=0 w_p50_ns=0 w_p99_ns=0 r_avg_ns=3500 r_p50_ns=694 r_p99_ns=15228 # workloadc_optA_t4_cacheoff_rep1_kv1024
YCSB opt=A cache=0 num_hosts=2 threads=8 threads_eff=8 rep=1 load_ops=50000 load_thpt=207983 trans_ops=50000 trans_wall_max=6.609661 trans_agg_thpt=7564 w_avg_ns=0 w_p50_ns=0 w_p99_ns=0 r_avg_ns=4442 r_p50_ns=6199 r_p99_ns=17525 # workloadc_optA_t8_cacheoff_rep1_kv1024
YCSB opt=A cache=0 num_hosts=2 threads=16 threads_eff=16 rep=1 load_ops=50000 load_thpt=167367 trans_ops=50000 trans_wall_max=0.009625 trans_agg_thpt=5194265 w_avg_ns=0 w_p50_ns=0 w_p99_ns=0 r_avg_ns=6299 r_p50_ns=7834 r_p99_ns=21209 # workloadc_optA_t16_cacheoff_rep1_kv1024
YCSB opt=A cache=0 num_hosts=2 threads=32 threads_eff=32 rep=1 load_ops=50000 load_thpt=203634 trans_ops=50000 trans_wall_max=0.007871 trans_agg_thpt=6351626 w_avg_ns=0 w_p50_ns=0 w_p99_ns=0 r_avg_ns=9092 r_p50_ns=9813 r_p99_ns=41500 # workloadc_optA_t32_cacheoff_rep1_kv1024
YCSB opt=A cache=0 num_hosts=2 threads=64 threads_eff=64 rep=1 load_ops=50000 load_thpt=128912 trans_ops=50000 trans_wall_max=0.004452 trans_agg_thpt=11228385 w_avg_ns=0 w_p50_ns=0 w_p99_ns=0 r_avg_ns=9610 r_p50_ns=10143 r_p99_ns=37598 # workloadc_optA_t64_cacheoff_rep1_kv1024
YCSB opt=A cache=1 num_hosts=2 threads=1 threads_eff=1 rep=1 load_ops=50000 load_thpt=250937 trans_ops=50000 trans_wall_max=0.107959 trans_agg_thpt=463138 w_avg_ns=7484 w_p50_ns=9010 w_p99_ns=11876 r_avg_ns=4862 r_p50_ns=7599 r_p99_ns=10792 # workloadd_optA_t1_cacheon_rep1_kv256
YCSB opt=A cache=1 num_hosts=2 threads=2 threads_eff=2 rep=1 load_ops=50000 load_thpt=258430 trans_ops=50000 trans_wall_max=0.059239 trans_agg_thpt=844024 w_avg_ns=9203 w_p50_ns=9177 w_p99_ns=24944 r_avg_ns=5362 r_p50_ns=6507 r_p99_ns=14940 # workloadd_optA_t2_cacheon_rep1_kv256
YCSB opt=A cache=1 num_hosts=2 threads=4 threads_eff=4 rep=1 load_ops=50000 load_thpt=257964 trans_ops=50000 trans_wall_max=0.841667 trans_agg_thpt=59405 w_avg_ns=10251 w_p50_ns=14149 w_p99_ns=24027 r_avg_ns=5631 r_p50_ns=6460 r_p99_ns=15525 # workloadd_optA_t4_cacheon_rep1_kv256
YCSB opt=A cache=1 num_hosts=2 threads=8 threads_eff=8 rep=1 load_ops=50000 load_thpt=258728 trans_ops=50000 trans_wall_max=0.016015 trans_agg_thpt=3122073 w_avg_ns=13156 w_p50_ns=14564 w_p99_ns=31461 r_avg_ns=7451 r_p50_ns=7126 r_p99_ns=22659 # workloadd_optA_t8_cacheon_rep1_kv256
YCSB opt=A cache=1 num_hosts=2 threads=16 threads_eff=16 rep=1 load_ops=50000 load_thpt=261079 trans_ops=50000 trans_wall_max=0.010323 trans_agg_thpt=4843084 w_avg_ns=14863 w_p50_ns=15142 w_p99_ns=35552 r_avg_ns=8556 r_p50_ns=8993 r_p99_ns=28469 # workloadd_optA_t16_cacheon_rep1_kv256
YCSB opt=A cache=1 num_hosts=2 threads=32 threads_eff=32 rep=1 load_ops=50000 load_thpt=255059 trans_ops=50000 trans_wall_max=0.007488 trans_agg_thpt=6676458 w_avg_ns=20028 w_p50_ns=19835 w_p99_ns=56359 r_avg_ns=11798 r_p50_ns=11082 r_p99_ns=47355 # workloadd_optA_t32_cacheon_rep1_kv256
YCSB opt=A cache=1 num_hosts=2 threads=64 threads_eff=64 rep=1 load_ops=50000 load_thpt=180931 trans_ops=50000 trans_wall_max=0.091594 trans_agg_thpt=545881 w_avg_ns=21411 w_p50_ns=20139 w_p99_ns=45139 r_avg_ns=12192 r_p50_ns=11337 r_p99_ns=28441 # workloadd_optA_t64_cacheon_rep1_kv256
YCSB opt=A cache=1 num_hosts=2 threads=1 threads_eff=1 rep=1 load_ops=50000 load_thpt=232516 trans_ops=50000 trans_wall_max=0.109166 trans_agg_thpt=458018 w_avg_ns=8054 w_p50_ns=9571 w_p99_ns=12949 r_avg_ns=4911 r_p50_ns=7741 r_p99_ns=11144 # workloadd_optA_t1_cacheon_rep1_kv512
YCSB opt=A cache=1 num_hosts=2 threads=2 threads_eff=2 rep=1 load_ops=50000 load_thpt=232899 trans_ops=50000 trans_wall_max=0.053965 trans_agg_thpt=926509 w_avg_ns=9037 w_p50_ns=8977 w_p99_ns=17530 r_avg_ns=5166 r_p50_ns=6175 r_p99_ns=14709 # workloadd_optA_t2_cacheon_rep1_kv512
YCSB opt=A cache=1 num_hosts=2 threads=4 threads_eff=4 rep=1 load_ops=50000 load_thpt=231701 trans_ops=50000 trans_wall_max=12.721597 trans_agg_thpt=3930 w_avg_ns=10570 w_p50_ns=10955 w_p99_ns=22251 r_avg_ns=5231 r_p50_ns=8624 r_p99_ns=14924 # workloadd_optA_t4_cacheon_rep1_kv512
YCSB opt=A cache=1 num_hosts=2 threads=8 threads_eff=8 rep=1 load_ops=50000 load_thpt=207260 trans_ops=50000 trans_wall_max=0.014569 trans_agg_thpt=3431708 w_avg_ns=13562 w_p50_ns=11871 w_p99_ns=39620 r_avg_ns=6360 r_p50_ns=8783 r_p99_ns=14812 # workloadd_optA_t8_cacheon_rep1_kv512
YCSB opt=A cache=1 num_hosts=2 threads=16 threads_eff=16 rep=1 load_ops=50000 load_thpt=226343 trans_ops=50000 trans_wall_max=0.008475 trans_agg_thpt=5899705 w_avg_ns=13742 w_p50_ns=11548 w_p99_ns=22416 r_avg_ns=7302 r_p50_ns=9625 r_p99_ns=18810 # workloadd_optA_t16_cacheon_rep1_kv512
YCSB opt=A cache=1 num_hosts=2 threads=32 threads_eff=32 rep=1 load_ops=50000 load_thpt=229342 trans_ops=50000 trans_wall_max=0.007665 trans_agg_thpt=6522306 w_avg_ns=18689 w_p50_ns=11281 w_p99_ns=44727 r_avg_ns=10933 r_p50_ns=10417 r_p99_ns=25043 # workloadd_optA_t32_cacheon_rep1_kv512
YCSB opt=A cache=1 num_hosts=2 threads=64 threads_eff=64 rep=1 load_ops=50000 load_thpt=143087 trans_ops=50000 trans_wall_max=0.004506 trans_agg_thpt=11096316 w_avg_ns=22982 w_p50_ns=11283 w_p99_ns=63249 r_avg_ns=11445 r_p50_ns=10779 r_p99_ns=25486 # workloadd_optA_t64_cacheon_rep1_kv512
YCSB opt=A cache=1 num_hosts=2 threads=1 threads_eff=1 rep=1 load_ops=50000 load_thpt=182211 trans_ops=50000 trans_wall_max=0.118133 trans_agg_thpt=423248 w_avg_ns=9215 w_p50_ns=11130 w_p99_ns=14555 r_avg_ns=5350 r_p50_ns=8685 r_p99_ns=12263 # workloadd_optA_t1_cacheon_rep1_kv1024
YCSB opt=A cache=1 num_hosts=2 threads=2 threads_eff=2 rep=1 load_ops=50000 load_thpt=209665 trans_ops=50000 trans_wall_max=0.059481 trans_agg_thpt=840590 w_avg_ns=9979 w_p50_ns=10009 w_p99_ns=22888 r_avg_ns=5537 r_p50_ns=6631 r_p99_ns=14976 # workloadd_optA_t2_cacheon_rep1_kv1024
YCSB opt=A cache=1 num_hosts=2 threads=4 threads_eff=4 rep=1 load_ops=50000 load_thpt=209155 trans_ops=50000 trans_wall_max=0.028831 trans_agg_thpt=1734184 w_avg_ns=11341 w_p50_ns=14738 w_p99_ns=23892 r_avg_ns=6187 r_p50_ns=6725 r_p99_ns=15767 # workloadd_optA_t4_cacheon_rep1_kv1024
YCSB opt=A cache=1 num_hosts=2 threads=8 threads_eff=8 rep=1 load_ops=50000 load_thpt=194420 trans_ops=50000 trans_wall_max=6.306196 trans_agg_thpt=7928 w_avg_ns=14251 w_p50_ns=16112 w_p99_ns=50371 r_avg_ns=8002 r_p50_ns=7574 r_p99_ns=20020 # workloadd_optA_t8_cacheon_rep1_kv1024
YCSB opt=A cache=1 num_hosts=2 threads=16 threads_eff=16 rep=1 load_ops=50000 load_thpt=210222 trans_ops=50000 trans_wall_max=0.009753 trans_agg_thpt=5126102 w_avg_ns=15631 w_p50_ns=15647 w_p99_ns=40853 r_avg_ns=9047 r_p50_ns=8777 r_p99_ns=42242 # workloadd_optA_t16_cacheon_rep1_kv1024
YCSB opt=A cache=1 num_hosts=2 threads=32 threads_eff=32 rep=1 load_ops=50000 load_thpt=197561 trans_ops=50000 trans_wall_max=1.668025 trans_agg_thpt=29975 w_avg_ns=21395 w_p50_ns=21465 w_p99_ns=54172 r_avg_ns=12535 r_p50_ns=12170 r_p99_ns=34479 # workloadd_optA_t32_cacheon_rep1_kv1024
YCSB opt=A cache=1 num_hosts=2 threads=64 threads_eff=64 rep=1 load_ops=50000 load_thpt=113062 trans_ops=50000 trans_wall_max=0.004400 trans_agg_thpt=11363636 w_avg_ns=22506 w_p50_ns=21574 w_p99_ns=55674 r_avg_ns=13254 r_p50_ns=12400 r_p99_ns=31275 # workloadd_optA_t64_cacheon_rep1_kv1024
YCSB opt=A cache=0 num_hosts=2 threads=1 threads_eff=1 rep=1 load_ops=50000 load_thpt=259218 trans_ops=50000 trans_wall_max=0.120730 trans_agg_thpt=414143 w_avg_ns=8180 w_p50_ns=10218 w_p99_ns=12796 r_avg_ns=5118 r_p50_ns=8829 r_p99_ns=11870 # workloadd_optA_t1_cacheoff_rep1_kv256
YCSB opt=A cache=0 num_hosts=2 threads=2 threads_eff=2 rep=1 load_ops=50000 load_thpt=257271 trans_ops=50000 trans_wall_max=0.054172 trans_agg_thpt=922986 w_avg_ns=8442 w_p50_ns=8648 w_p99_ns=18375 r_avg_ns=4957 r_p50_ns=6158 r_p99_ns=14476 # workloadd_optA_t2_cacheoff_rep1_kv256
YCSB opt=A cache=0 num_hosts=2 threads=4 threads_eff=4 rep=1 load_ops=50000 load_thpt=261223 trans_ops=50000 trans_wall_max=0.027617 trans_agg_thpt=1810413 w_avg_ns=10044 w_p50_ns=13678 w_p99_ns=25229 r_avg_ns=5574 r_p50_ns=6422 r_p99_ns=14923 # workloadd_optA_t4_cacheoff_rep1_kv256
YCSB opt=A cache=0 num_hosts=2 threads=8 threads_eff=8 rep=1 load_ops=50000 load_thpt=260148 trans_ops=50000 trans_wall_max=0.015944 trans_agg_thpt=3135975 w_avg_ns=13080 w_p50_ns=14260 w_p99_ns=46338 r_avg_ns=7283 r_p50_ns=6760 r_p99_ns=19420 # workloadd_optA_t8_cacheoff_rep1_kv256
YCSB opt=A cache=0 num_hosts=2 threads=16 threads_eff=16 rep=1 load_ops=50000 load_thpt=258646 trans_ops=50000 trans_wall_max=0.009179 trans_agg_thpt=5446623 w_avg_ns=13099 w_p50_ns=11432 w_p99_ns=21114 r_avg_ns=8505 r_p50_ns=9034 r_p99_ns=22349 # workloadd_optA_t16_cacheoff_rep1_kv256
YCSB opt=A cache=0 num_hosts=2 threads=32 threads_eff=32 rep=1 load_ops=50000 load_thpt=253564 trans_ops=50000 trans_wall_max=0.006754 trans_agg_thpt=7401924 w_avg_ns=18180 w_p50_ns=10127 w_p99_ns=48043 r_avg_ns=10282 r_p50_ns=10665 r_p99_ns=25896 # workloadd_optA_t32_cacheoff_rep1_kv256
YCSB opt=A cache=0 num_hosts=2 threads=64 threads_eff=64 rep=1 load_ops=50000 load_thpt=185657 trans_ops=50000 trans_wall_max=0.004325 trans_agg_thpt=11560693 w_avg_ns=23550 w_p50_ns=10306 w_p99_ns=54141 r_avg_ns=11423 r_p50_ns=11015 r_p99_ns=20906 # workloadd_optA_t64_cacheoff_rep1_kv256
YCSB opt=A cache=0 num_hosts=2 threads=1 threads_eff=1 rep=1 load_ops=50000 load_thpt=235464 trans_ops=50000 trans_wall_max=0.108440 trans_agg_thpt=461080 w_avg_ns=8006 w_p50_ns=10864 w_p99_ns=12756 r_avg_ns=4866 r_p50_ns=9406 r_p99_ns=11433 # workloadd_optA_t1_cacheoff_rep1_kv512
YCSB opt=A cache=0 num_hosts=2 threads=2 threads_eff=2 rep=1 load_ops=50000 load_thpt=231530 trans_ops=50000 trans_wall_max=0.054085 trans_agg_thpt=924453 w_avg_ns=8944 w_p50_ns=8857 w_p99_ns=22193 r_avg_ns=4850 r_p50_ns=8066 r_p99_ns=13890 # workloadd_optA_t2_cacheoff_rep1_kv512
YCSB opt=A cache=0 num_hosts=2 threads=4 threads_eff=4 rep=1 load_ops=50000 load_thpt=232265 trans_ops=50000 trans_wall_max=0.027630 trans_agg_thpt=1809627 w_avg_ns=10842 w_p50_ns=11032 w_p99_ns=27816 r_avg_ns=5183 r_p50_ns=8400 r_p99_ns=13342 # workloadd_optA_t4_cacheoff_rep1_kv512
YCSB opt=A cache=0 num_hosts=2 threads=8 threads_eff=8 rep=1 load_ops=50000 load_thpt=208581 trans_ops=50000 trans_wall_max=0.016204 trans_agg_thpt=3085657 w_avg_ns=15223 w_p50_ns=13295 w_p99_ns=56586 r_avg_ns=7029 r_p50_ns=9608 r_p99_ns=15101 # workloadd_optA_t8_cacheoff_rep1_kv512
YCSB opt=A cache=0 num_hosts=2 threads=16 threads_eff=16 rep=1 load_ops=50000 load_thpt=231771 trans_ops=50000 trans_wall_max=0.008102 trans_agg_thpt=6170554 w_avg_ns=13445 w_p50_ns=11059 w_p99_ns=32339 r_avg_ns=7249 r_p50_ns=9543 r_p99_ns=17973 # workloadd_optA_t16_cacheoff_rep1_kv512
YCSB opt=A cache=0 num_hosts=2 threads=32 threads_eff=32 rep=1 load_ops=50000 load_thpt=227604 trans_ops=50000 trans_wall_max=0.006619 trans_agg_thpt=7554011 w_avg_ns=18457 w_p50_ns=11007 w_p99_ns=48563 r_avg_ns=10440 r_p50_ns=11033 r_p99_ns=33191 # workloadd_optA_t32_cacheoff_rep1_kv512
YCSB opt=A cache=0 num_hosts=2 threads=64 threads_eff=64 rep=1 load_ops=50000 load_thpt=138925 trans_ops=50000 trans_wall_max=0.091552 trans_agg_thpt=546131 w_avg_ns=23224 w_p50_ns=11375 w_p99_ns=49383 r_avg_ns=11579 r_p50_ns=11063 r_p99_ns=24766 # workloadd_optA_t64_cacheoff_rep1_kv512
YCSB opt=A cache=0 num_hosts=2 threads=1 threads_eff=1 rep=1 load_ops=50000 load_thpt=196177 trans_ops=50000 trans_wall_max=0.108944 trans_agg_thpt=458951 w_avg_ns=8576 w_p50_ns=10088 w_p99_ns=13813 r_avg_ns=5037 r_p50_ns=8134 r_p99_ns=11359 # workloadd_optA_t1_cacheoff_rep1_kv1024
YCSB opt=A cache=0 num_hosts=2 threads=2 threads_eff=2 rep=1 load_ops=50000 load_thpt=207177 trans_ops=50000 trans_wall_max=0.054766 trans_agg_thpt=912975 w_avg_ns=9387 w_p50_ns=9002 w_p99_ns=24950 r_avg_ns=5259 r_p50_ns=6208 r_p99_ns=14632 # workloadd_optA_t2_cacheoff_rep1_kv1024
YCSB opt=A cache=0 num_hosts=2 threads=4 threads_eff=4 rep=1 load_ops=50000 load_thpt=208818 trans_ops=50000 trans_wall_max=0.029990 trans_agg_thpt=1667166 w_avg_ns=11571 w_p50_ns=14663 w_p99_ns=21374 r_avg_ns=6259 r_p50_ns=6565 r_p99_ns=16771 # workloadd_optA_t4_cacheoff_rep1_kv1024
YCSB opt=A cache=0 num_hosts=2 threads=8 threads_eff=8 rep=1 load_ops=50000 load_thpt=189163 trans_ops=50000 trans_wall_max=0.016018 trans_agg_thpt=3121488 w_avg_ns=14263 w_p50_ns=15874 w_p99_ns=35225 r_avg_ns=8023 r_p50_ns=7712 r_p99_ns=21777 # workloadd_optA_t8_cacheoff_rep1_kv1024
YCSB opt=A cache=0 num_hosts=2 threads=16 threads_eff=16 rep=1 load_ops=50000 load_thpt=188942 trans_ops=50000 trans_wall_max=3.275835 trans_agg_thpt=15263 w_avg_ns=17297 w_p50_ns=18853 w_p99_ns=33978 r_avg_ns=10134 r_p50_ns=10337 r_p99_ns=25922 # workloadd_optA_t16_cacheoff_rep1_kv1024
YCSB opt=A cache=0 num_hosts=2 threads=32 threads_eff=32 rep=1 load_ops=50000 load_thpt=204029 trans_ops=50000 trans_wall_max=0.007619 trans_agg_thpt=6561679 w_avg_ns=21021 w_p50_ns=21315 w_p99_ns=44676 r_avg_ns=12762 r_p50_ns=12339 r_p99_ns=45292 # workloadd_optA_t32_cacheoff_rep1_kv1024
YCSB opt=A cache=0 num_hosts=2 threads=64 threads_eff=64 rep=1 load_ops=50000 load_thpt=105251 trans_ops=50000 trans_wall_max=0.004387 trans_agg_thpt=11394712 w_avg_ns=22388 w_p50_ns=21277 w_p99_ns=63143 r_avg_ns=13352 r_p50_ns=12778 r_p99_ns=40188 # workloadd_optA_t64_cacheoff_rep1_kv1024
YCSB opt=A cache=1 num_hosts=2 threads=1 threads_eff=1 rep=1 load_ops=50000 load_thpt=257236 trans_ops=50000 trans_wall_max=0.124511 trans_agg_thpt=401570 w_avg_ns=10398 w_p50_ns=11038 w_p99_ns=17926 r_avg_ns=3894 r_p50_ns=1242 r_p99_ns=11251 # workloadf_optA_t1_cacheon_rep1_kv256
YCSB opt=A cache=1 num_hosts=2 threads=2 threads_eff=2 rep=1 load_ops=50000 load_thpt=259008 trans_ops=50000 trans_wall_max=11.754880 trans_agg_thpt=4253 w_avg_ns=6562 w_p50_ns=6436 w_p99_ns=16280 r_avg_ns=2658 r_p50_ns=394 r_p99_ns=14094 # workloadf_optA_t2_cacheon_rep1_kv256
YCSB opt=A cache=1 num_hosts=2 threads=4 threads_eff=4 rep=1 load_ops=50000 load_thpt=258491 trans_ops=50000 trans_wall_max=0.026616 trans_agg_thpt=1878569 w_avg_ns=7104 w_p50_ns=6733 w_p99_ns=15438 r_avg_ns=3343 r_p50_ns=607 r_p99_ns=14291 # workloadf_optA_t4_cacheon_rep1_kv256
YCSB opt=A cache=1 num_hosts=2 threads=8 threads_eff=8 rep=1 load_ops=50000 load_thpt=242204 trans_ops=50000 trans_wall_max=7.442253 trans_agg_thpt=6718 w_avg_ns=8591 w_p50_ns=9914 w_p99_ns=23900 r_avg_ns=4714 r_p50_ns=6553 r_p99_ns=16948 # workloadf_optA_t8_cacheon_rep1_kv256
YCSB opt=A cache=1 num_hosts=2 threads=16 threads_eff=16 rep=1 load_ops=50000 load_thpt=228511 trans_ops=50000 trans_wall_max=1.631799 trans_agg_thpt=30641 w_avg_ns=8795 w_p50_ns=8737 w_p99_ns=20960 r_avg_ns=5954 r_p50_ns=7079 r_p99_ns=21815 # workloadf_optA_t16_cacheon_rep1_kv256
YCSB opt=A cache=1 num_hosts=2 threads=32 threads_eff=32 rep=1 load_ops=50000 load_thpt=255204 trans_ops=50000 trans_wall_max=0.833442 trans_agg_thpt=59992 w_avg_ns=10570 w_p50_ns=9008 w_p99_ns=38390 r_avg_ns=7251 r_p50_ns=9497 r_p99_ns=34037 # workloadf_optA_t32_cacheon_rep1_kv256
YCSB opt=A cache=1 num_hosts=2 threads=64 threads_eff=64 rep=1 load_ops=50000 load_thpt=190153 trans_ops=50000 trans_wall_max=0.003829 trans_agg_thpt=13054830 w_avg_ns=12602 w_p50_ns=9353 w_p99_ns=57845 r_avg_ns=9261 r_p50_ns=10497 r_p99_ns=37031 # workloadf_optA_t64_cacheon_rep1_kv256
YCSB opt=A cache=1 num_hosts=2 threads=1 threads_eff=1 rep=1 load_ops=50000 load_thpt=220404 trans_ops=50000 trans_wall_max=0.118807 trans_agg_thpt=420850 w_avg_ns=10980 w_p50_ns=11309 w_p99_ns=18346 r_avg_ns=3818 r_p50_ns=9312 r_p99_ns=11565 # workloadf_optA_t1_cacheon_rep1_kv512
YCSB opt=A cache=1 num_hosts=2 threads=2 threads_eff=2 rep=1 load_ops=50000 load_thpt=230599 trans_ops=50000 trans_wall_max=11.760000 trans_agg_thpt=4251 w_avg_ns=7430 w_p50_ns=4981 w_p99_ns=17016 r_avg_ns=2436 r_p50_ns=600 r_p99_ns=14214 # workloadf_optA_t2_cacheon_rep1_kv512
YCSB opt=A cache=1 num_hosts=2 threads=4 threads_eff=4 rep=1 load_ops=50000 load_thpt=231970 trans_ops=50000 trans_wall_max=0.026909 trans_agg_thpt=1858114 w_avg_ns=7287 w_p50_ns=6438 w_p99_ns=16720 r_avg_ns=2928 r_p50_ns=431 r_p99_ns=14965 # workloadf_optA_t4_cacheon_rep1_kv512
YCSB opt=A cache=1 num_hosts=2 threads=8 threads_eff=8 rep=1 load_ops=50000 load_thpt=234897 trans_ops=50000 trans_wall_max=0.013801 trans_agg_thpt=3622925 w_avg_ns=7614 w_p50_ns=6996 w_p99_ns=16841 r_avg_ns=3756 r_p50_ns=695 r_p99_ns=17666 # workloadf_optA_t8_cacheon_rep1_kv512
YCSB opt=A cache=1 num_hosts=2 threads=16 threads_eff=16 rep=1 load_ops=50000 load_thpt=222611 trans_ops=50000 trans_wall_max=0.007358 trans_agg_thpt=6794401 w_avg_ns=8534 w_p50_ns=7667 w_p99_ns=23134 r_avg_ns=4755 r_p50_ns=6627 r_p99_ns=20193 # workloadf_optA_t16_cacheon_rep1_kv512
YCSB opt=A cache=1 num_hosts=2 threads=32 threads_eff=32 rep=1 load_ops=50000 load_thpt=225756 trans_ops=50000 trans_wall_max=0.005358 trans_agg_thpt=9330098 w_avg_ns=10878 w_p50_ns=9049 w_p99_ns=36801 r_avg_ns=7603 r_p50_ns=9697 r_p99_ns=24948 # workloadf_optA_t32_cacheon_rep1_kv512
YCSB opt=A cache=1 num_hosts=2 threads=64 threads_eff=64 rep=1 load_ops=50000 load_thpt=133595 trans_ops=50000 trans_wall_max=0.003648 trans_agg_thpt=13706140 w_avg_ns=13338 w_p50_ns=9793 w_p99_ns=68683 r_avg_ns=9543 r_p50_ns=11225 r_p99_ns=33779 # workloadf_optA_t64_cacheon_rep1_kv512
YCSB opt=A cache=1 num_hosts=2 threads=1 threads_eff=1 rep=1 load_ops=50000 load_thpt=198523 trans_ops=50000 trans_wall_max=0.131485 trans_agg_thpt=380268 w_avg_ns=11626 w_p50_ns=12310 w_p99_ns=19381 r_avg_ns=4185 r_p50_ns=1306 r_p99_ns=11715 # workloadf_optA_t1_cacheon_rep1_kv1024
YCSB opt=A cache=1 num_hosts=2 threads=2 threads_eff=2 rep=1 load_ops=50000 load_thpt=208640 trans_ops=50000 trans_wall_max=0.058111 trans_agg_thpt=860407 w_avg_ns=8264 w_p50_ns=7026 w_p99_ns=18108 r_avg_ns=2929 r_p50_ns=463 r_p99_ns=14621 # workloadf_optA_t2_cacheon_rep1_kv1024
YCSB opt=A cache=1 num_hosts=2 threads=4 threads_eff=4 rep=1 load_ops=50000 load_thpt=182273 trans_ops=50000 trans_wall_max=0.031449 trans_agg_thpt=1589825 w_avg_ns=8901 w_p50_ns=8175 w_p99_ns=19573 r_avg_ns=3883 r_p50_ns=850 r_p99_ns=15545 # workloadf_optA_t4_cacheon_rep1_kv1024
YCSB opt=A cache=1 num_hosts=2 threads=8 threads_eff=8 rep=1 load_ops=50000 load_thpt=208541 trans_ops=50000 trans_wall_max=0.015461 trans_agg_thpt=3233734 w_avg_ns=9566 w_p50_ns=10987 w_p99_ns=25312 r_avg_ns=4968 r_p50_ns=6299 r_p99_ns=20115 # workloadf_optA_t8_cacheon_rep1_kv1024
YCSB opt=A cache=1 num_hosts=2 threads=16 threads_eff=16 rep=1 load_ops=50000 load_thpt=197179 trans_ops=50000 trans_wall_max=0.009433 trans_agg_thpt=5299978 w_avg_ns=10545 w_p50_ns=11682 w_p99_ns=45460 r_avg_ns=6402 r_p50_ns=7066 r_p99_ns=23602 # workloadf_optA_t16_cacheon_rep1_kv1024
YCSB opt=A cache=1 num_hosts=2 threads=32 threads_eff=32 rep=1 load_ops=50000 load_thpt=204819 trans_ops=50000 trans_wall_max=0.005960 trans_agg_thpt=8389261 w_avg_ns=12213 w_p50_ns=11850 w_p99_ns=46524 r_avg_ns=8754 r_p50_ns=10176 r_p99_ns=29255 # workloadf_optA_t32_cacheon_rep1_kv1024
YCSB opt=A cache=1 num_hosts=2 threads=64 threads_eff=64 rep=1 load_ops=50000 load_thpt=118902 trans_ops=50000 trans_wall_max=0.521842 trans_agg_thpt=95814 w_avg_ns=13634 w_p50_ns=12531 w_p99_ns=59470 r_avg_ns=10124 r_p50_ns=10484 r_p99_ns=41350 # workloadf_optA_t64_cacheon_rep1_kv1024
YCSB opt=A cache=0 num_hosts=2 threads=1 threads_eff=1 rep=1 load_ops=50000 load_thpt=257996 trans_ops=50000 trans_wall_max=0.125270 trans_agg_thpt=399137 w_avg_ns=9995 w_p50_ns=10534 w_p99_ns=17616 r_avg_ns=3691 r_p50_ns=1194 r_p99_ns=11101 # workloadf_optA_t1_cacheoff_rep1_kv256
YCSB opt=A cache=0 num_hosts=2 threads=2 threads_eff=2 rep=1 load_ops=50000 load_thpt=261467 trans_ops=50000 trans_wall_max=11.755245 trans_agg_thpt=4253 w_avg_ns=6984 w_p50_ns=7256 w_p99_ns=17177 r_avg_ns=2800 r_p50_ns=553 r_p99_ns=14677 # workloadf_optA_t2_cacheoff_rep1_kv256
YCSB opt=A cache=0 num_hosts=2 threads=4 threads_eff=4 rep=1 load_ops=50000 load_thpt=256657 trans_ops=50000 trans_wall_max=0.027157 trans_agg_thpt=1841078 w_avg_ns=7611 w_p50_ns=7802 w_p99_ns=17480 r_avg_ns=3483 r_p50_ns=595 r_p99_ns=15160 # workloadf_optA_t4_cacheoff_rep1_kv256
YCSB opt=A cache=0 num_hosts=2 threads=8 threads_eff=8 rep=1 load_ops=50000 load_thpt=257158 trans_ops=50000 trans_wall_max=0.015549 trans_agg_thpt=3215640 w_avg_ns=8607 w_p50_ns=9961 w_p99_ns=23252 r_avg_ns=4920 r_p50_ns=6435 r_p99_ns=20797 # workloadf_optA_t8_cacheoff_rep1_kv256
YCSB opt=A cache=0 num_hosts=2 threads=16 threads_eff=16 rep=1 load_ops=50000 load_thpt=244845 trans_ops=50000 trans_wall_max=0.008808 trans_agg_thpt=5676657 w_avg_ns=9453 w_p50_ns=10563 w_p99_ns=24211 r_avg_ns=6161 r_p50_ns=6937 r_p99_ns=22218 # workloadf_optA_t16_cacheoff_rep1_kv256
YCSB opt=A cache=0 num_hosts=2 threads=32 threads_eff=32 rep=1 load_ops=50000 load_thpt=255710 trans_ops=50000 trans_wall_max=0.006507 trans_agg_thpt=7682851 w_avg_ns=11962 w_p50_ns=10874 w_p99_ns=53522 r_avg_ns=8951 r_p50_ns=9832 r_p99_ns=39905 # workloadf_optA_t32_cacheoff_rep1_kv256
YCSB opt=A cache=0 num_hosts=2 threads=64 threads_eff=64 rep=1 load_ops=50000 load_thpt=164730 trans_ops=50000 trans_wall_max=0.003680 trans_agg_thpt=13586956 w_avg_ns=12115 w_p50_ns=8666 w_p99_ns=41863 r_avg_ns=10000 r_p50_ns=10724 r_p99_ns=55090 # workloadf_optA_t64_cacheoff_rep1_kv256
YCSB opt=A cache=0 num_hosts=2 threads=1 threads_eff=1 rep=1 load_ops=50000 load_thpt=232811 trans_ops=50000 trans_wall_max=0.114064 trans_agg_thpt=438346 w_avg_ns=10303 w_p50_ns=10920 w_p99_ns=17957 r_avg_ns=3583 r_p50_ns=9139 r_p99_ns=11270 # workloadf_optA_t1_cacheoff_rep1_kv512
YCSB opt=A cache=0 num_hosts=2 threads=2 threads_eff=2 rep=1 load_ops=50000 load_thpt=233035 trans_ops=50000 trans_wall_max=0.054098 trans_agg_thpt=924231 w_avg_ns=7503 w_p50_ns=5070 w_p99_ns=17111 r_avg_ns=2531 r_p50_ns=593 r_p99_ns=14711 # workloadf_optA_t2_cacheoff_rep1_kv512
YCSB opt=A cache=0 num_hosts=2 threads=4 threads_eff=4 rep=1 load_ops=50000 load_thpt=213500 trans_ops=50000 trans_wall_max=0.028764 trans_agg_thpt=1738223 w_avg_ns=7936 w_p50_ns=7075 w_p99_ns=17248 r_avg_ns=3038 r_p50_ns=528 r_p99_ns=15531 # workloadf_optA_t4_cacheoff_rep1_kv512
YCSB opt=A cache=0 num_hosts=2 threads=8 threads_eff=8 rep=1 load_ops=50000 load_thpt=230927 trans_ops=50000 trans_wall_max=0.013776 trans_agg_thpt=3629237 w_avg_ns=7629 w_p50_ns=6938 w_p99_ns=18825 r_avg_ns=3733 r_p50_ns=731 r_p99_ns=16516 # workloadf_optA_t8_cacheoff_rep1_kv512
YCSB opt=A cache=0 num_hosts=2 threads=16 threads_eff=16 rep=1 load_ops=50000 load_thpt=236965 trans_ops=50000 trans_wall_max=0.007030 trans_agg_thpt=7111363 w_avg_ns=8001 w_p50_ns=7964 w_p99_ns=18527 r_avg_ns=4575 r_p50_ns=6390 r_p99_ns=19511 # workloadf_optA_t16_cacheoff_rep1_kv512
YCSB opt=A cache=0 num_hosts=2 threads=32 threads_eff=32 rep=1 load_ops=50000 load_thpt=225106 trans_ops=50000 trans_wall_max=0.006158 trans_agg_thpt=8118201 w_avg_ns=11162 w_p50_ns=9603 w_p99_ns=38626 r_avg_ns=8060 r_p50_ns=9696 r_p99_ns=39520 # workloadf_optA_t32_cacheoff_rep1_kv512
YCSB opt=A cache=0 num_hosts=2 threads=64 threads_eff=64 rep=1 load_ops=50000 load_thpt=156864 trans_ops=50000 trans_wall_max=0.003540 trans_agg_thpt=14124293 w_avg_ns=12630 w_p50_ns=9347 w_p99_ns=52929 r_avg_ns=8973 r_p50_ns=10474 r_p99_ns=31755 # workloadf_optA_t64_cacheoff_rep1_kv512
YCSB opt=A cache=0 num_hosts=2 threads=1 threads_eff=1 rep=1 load_ops=50000 load_thpt=211542 trans_ops=50000 trans_wall_max=0.132460 trans_agg_thpt=377472 w_avg_ns=11649 w_p50_ns=12388 w_p99_ns=19298 r_avg_ns=4205 r_p50_ns=1333 r_p99_ns=11788 # workloadf_optA_t1_cacheoff_rep1_kv1024
YCSB opt=A cache=0 num_hosts=2 threads=2 threads_eff=2 rep=1 load_ops=50000 load_thpt=207992 trans_ops=50000 trans_wall_max=0.058063 trans_agg_thpt=861133 w_avg_ns=8330 w_p50_ns=7144 w_p99_ns=17977 r_avg_ns=2938 r_p50_ns=440 r_p99_ns=14831 # workloadf_optA_t2_cacheoff_rep1_kv1024
YCSB opt=A cache=0 num_hosts=2 threads=4 threads_eff=4 rep=1 load_ops=50000 load_thpt=208250 trans_ops=50000 trans_wall_max=0.028432 trans_agg_thpt=1758520 w_avg_ns=8471 w_p50_ns=8589 w_p99_ns=18183 r_avg_ns=3744 r_p50_ns=946 r_p99_ns=15739 # workloadf_optA_t4_cacheoff_rep1_kv1024
YCSB opt=A cache=0 num_hosts=2 threads=8 threads_eff=8 rep=1 load_ops=50000 load_thpt=183495 trans_ops=50000 trans_wall_max=4.363545 trans_agg_thpt=11458 w_avg_ns=10756 w_p50_ns=10986 w_p99_ns=24491 r_avg_ns=5818 r_p50_ns=7602 r_p99_ns=20096 # workloadf_optA_t8_cacheoff_rep1_kv1024
YCSB opt=A cache=0 num_hosts=2 threads=16 threads_eff=16 rep=1 load_ops=50000 load_thpt=169762 trans_ops=50000 trans_wall_max=0.009471 trans_agg_thpt=5279273 w_avg_ns=10657 w_p50_ns=10971 w_p99_ns=35185 r_avg_ns=6412 r_p50_ns=6772 r_p99_ns=23046 # workloadf_optA_t16_cacheoff_rep1_kv1024
YCSB opt=A cache=0 num_hosts=2 threads=32 threads_eff=32 rep=1 load_ops=50000 load_thpt=200602 trans_ops=50000 trans_wall_max=0.006701 trans_agg_thpt=7460459 w_avg_ns=13656 w_p50_ns=12933 w_p99_ns=57668 r_avg_ns=9470 r_p50_ns=10174 r_p99_ns=38151 # workloadf_optA_t32_cacheoff_rep1_kv1024
YCSB opt=A cache=0 num_hosts=2 threads=64 threads_eff=64 rep=1 load_ops=50000 load_thpt=102393 trans_ops=50000 trans_wall_max=0.003705 trans_agg_thpt=13491635 w_avg_ns=13461 w_p50_ns=12581 w_p99_ns=55696 r_avg_ns=10017 r_p50_ns=10590 r_p99_ns=33766 # workloadf_optA_t64_cacheoff_rep1_kv1024
