[A:cfg] ring_sharding T=64 N=0 (disabled) -> shards=1 block=64 routing=worker_id
[A:thread] Worker pinned host=1 client=1 -> cpu=1 (pid=253115)
[A:thread] Worker pinned host=1 client=2 -> cpu=2 (pid=253116)
[A:thread] Worker pinned host=1 client=3 -> cpu=3 (pid=253117)
[A:thread] Worker pinned host=1 client=4 -> cpu=4 (pid=253118)
[A:thread] Worker pinned host=1 client=5 -> cpu=5 (pid=253119)
[A:thread] Worker pinned host=1 client=6 -> cpu=6 (pid=253120)
[A:thread] Worker pinned host=1 client=7 -> cpu=7 (pid=253121)
[A:thread] Worker pinned host=1 client=8 -> cpu=8 (pid=253122)
[A:thread] Worker pinned host=1 client=9 -> cpu=9 (pid=253123)
[A:thread] Worker pinned host=1 client=10 -> cpu=10 (pid=253124)
[A:thread] Worker pinned host=1 client=11 -> cpu=11 (pid=253125)
[A:thread] Worker pinned host=1 client=12 -> cpu=12 (pid=253126)
[A:thread] Worker pinned host=1 client=13 -> cpu=13 (pid=253127)
[A:thread] Worker pinned host=1 client=14 -> cpu=14 (pid=253128)
[A:thread] Worker pinned host=1 client=15 -> cpu=15 (pid=253129)
[A:thread] Worker pinned host=1 client=16 -> cpu=16 (pid=253130)
[A:thread] Worker pinned host=1 client=17 -> cpu=17 (pid=253131)
[A:thread] Worker pinned host=1 client=19 -> cpu=19 (pid=253133)
[A:thread] Worker pinned host=1 client=20 -> cpu=20 (pid=253134)
[A:thread] Worker pinned host=1 client=21 -> cpu=21 (pid=253135)
[A:thread] Worker pinned host=1 client=18 -> cpu=18 (pid=253132)
[A:thread] Worker pinned host=1 client=22 -> cpu=22 (pid=253136)
[A:thread] Worker pinned host=1 client=23 -> cpu=23 (pid=253137)
[A:thread] Worker pinned host=1 client=24 -> cpu=24 (pid=253138)
[A:thread] Worker pinned host=1 client=25 -> cpu=25 (pid=253139)
[A:thread] Worker pinned host=1 client=26 -> cpu=26 (pid=253140)
[A:thread] Worker pinned host=1 client=27 -> cpu=27 (pid=253141)
[A:thread] Worker pinned host=1 client=28 -> cpu=28 (pid=253142)
[A:thread] Worker pinned host=1 client=30 -> cpu=30 (pid=253144)
[A:thread] Worker pinned host=1 client=31 -> cpu=31 (pid=253145)
[A:thread] Worker pinned host=1 client=29 -> cpu=29 (pid=253143)
[A:thread] Worker pinned host=1 client=33 -> cpu=33 (pid=253147)
[A:thread] Worker pinned host=1 client=34 -> cpu=34 (pid=253148)
[A:thread] Worker pinned host=1 client=35 -> cpu=35 (pid=253149)
[A:thread] Worker pinned host=1 client=36 -> cpu=36 (pid=253150)
[A:thread] Worker pinned host=1 client=32 -> cpu=32 (pid=253146)
[A:thread] Worker pinned host=1 client=37 -> cpu=37 (pid=253151)
[A:thread] Worker pinned host=1 client=38 -> cpu=38 (pid=253152)
[A:thread] Worker pinned host=1 client=39 -> cpu=39 (pid=253153)
[A:thread] Worker pinned host=1 client=40 -> cpu=40 (pid=253154)
[A:thread] Worker pinned host=1 client=41 -> cpu=41 (pid=253155)
[A:thread] Worker pinned host=1 client=42 -> cpu=42 (pid=253156)
[A:thread] Worker pinned host=1 client=43 -> cpu=43 (pid=253157)
[A:thread] Worker pinned host=1 client=44 -> cpu=44 (pid=253158)
[A:thread] Worker pinned host=1 client=45 -> cpu=45 (pid=253159)
[A:thread] Worker pinned host=1 client=46 -> cpu=46 (pid=253160)
[A:thread] Worker pinned host=1 client=47 -> cpu=47 (pid=253161)
[A:thread] Worker pinned host=1 client=48 -> cpu=48 (pid=253162)
[A:thread] Worker pinned host=1 client=49 -> cpu=49 (pid=253163)
[A:thread] Worker pinned host=1 client=50 -> cpu=50 (pid=253164)
[A:thread] Worker pinned host=1 client=51 -> cpu=51 (pid=253165)
[A:thread] Worker pinned host=1 client=52 -> cpu=52 (pid=253166)
[A:thread] Worker pinned host=1 client=53 -> cpu=53 (pid=253167)
[A:thread] Worker pinned host=1 client=54 -> cpu=54 (pid=253168)
[A:thread] Worker pinned host=1 client=55 -> cpu=55 (pid=253169)
[A:thread] Worker pinned host=1 client=56 -> cpu=56 (pid=253170)
[A:thread] Worker pinned host=1 client=57 -> cpu=57 (pid=253171)
[A:thread] Worker pinned host=1 client=58 -> cpu=58 (pid=253172)
[A:thread] Worker pinned host=1 client=59 -> cpu=59 (pid=253173)
[A:thread] Worker pinned host=1 client=60 -> cpu=60 (pid=253174)
[A:thread] Worker pinned host=1 client=61 -> cpu=61 (pid=253175)
[A:thread] Worker pinned host=1 client=62 -> cpu=62 (pid=253176)
[A:thread] Worker pinned host=1 client=0 -> cpu=0 (pid=253114)
[A:thread] Worker pinned host=1 client=63 -> cpu=63 (pid=253177)
[A:thread] WriteRecv0 pid=253114 tid=140702725035712 cpu=64 host=1 rings=[0]
[A:thread] ReadRecv0 pid=253114 tid=140702716643008 cpu=65 host=1 rings=[0]
[A:thread] InvalRecv0 pid=253114 tid=140702708250304 cpu=66 host=1 rings=[0]
[A:thread] ReservHandler pid=253114 tid=140702699857600 pinned cpu=85 (host_id=1)
[A:tls] worker host=1 client=56 entries=1024 (~1088 KiB)
[A:tls] worker host=1 client=55 entries=1024 (~1088 KiB)
[A:tls] worker host=1 client=48 entries=1024 (~1088 KiB)
[A:tls] worker host=1 client=57 entries=1024 (~1088 KiB)
[A:tls] worker host=1 client=51 entries=1024 (~1088 KiB)
[A:tls] worker host=1 client=61 entries=1024 (~1088 KiB)
[A:tls] worker host=1 client=53 entries=1024 (~1088 KiB)
[A:tls] worker host=1 client=23 entries=1024 (~1088 KiB)
[A:tls] worker host=1 client=58 entries=1024 (~1088 KiB)
[A:tls] worker host=1 client=59 entries=1024 (~1088 KiB)
[A:tls] worker host=1 client=29 entries=1024 (~1088 KiB)
[A:tls] worker host=1 client=6 entries=1024 (~1088 KiB)
[A:tls] worker host=1 client=32 entries=1024 (~1088 KiB)
[A:tls] worker host=1 client=14 entries=1024 (~1088 KiB)
[A:tls] worker host=1 client=36 entries=1024 (~1088 KiB)
[A:tls] worker host=1 client=3 entries=1024 (~1088 KiB)
[A:tls] worker host=1 client=25 entries=1024 (~1088 KiB)
[A:tls] worker host=1 client=2 entries=1024 (~1088 KiB)
[A:tls] worker host=1 client=0 entries=1024 (~1088 KiB)
[A:tls] worker host=1 client=47 entries=1024 (~1088 KiB)
[A:tls] worker host=1 client=12 entries=1024 (~1088 KiB)
[A:tls] worker host=1 client=33 entries=1024 (~1088 KiB)
[A:tls] worker host=1 client=24 entries=1024 (~1088 KiB)
[A:tls] worker host=1 client=15 entries=1024 (~1088 KiB)
[A:tls] worker host=1 client=50 entries=1024 (~1088 KiB)
[A:tls] worker host=1 client=60 entries=1024 (~1088 KiB)
[A:tls] worker host=1 client=22 entries=1024 (~1088 KiB)
[A:tls] worker host=1 client=44 entries=1024 (~1088 KiB)
[A:tls] worker host=1 client=39 entries=1024 (~1088 KiB)
[A:tls] worker host=1 client=30 entries=1024 (~1088 KiB)
[A:tls] worker host=1 client=42 entries=1024 (~1088 KiB)
[A:tls] worker host=1 client=31 entries=1024 (~1088 KiB)
[A:tls] worker host=1 client=37 entries=1024 (~1088 KiB)
[A:tls] worker host=1 client=63 entries=1024 (~1088 KiB)
[A:tls] worker host=1 client=45 entries=1024 (~1088 KiB)
[A:tls] worker host=1 client=27 entries=1024 (~1088 KiB)
[A:tls] worker host=1 client=62 entries=1024 (~1088 KiB)
[A:tls] worker host=1 client=54 entries=1024 (~1088 KiB)
[A:tls] worker host=1 client=41 entries=1024 (~1088 KiB)
[A:tls] worker host=1 client=28 entries=1024 (~1088 KiB)
[A:tls] worker host=1 client=43 entries=1024 (~1088 KiB)
[A:tls] worker host=1 client=4 entries=1024 (~1088 KiB)
[A:tls] worker host=1 client=20 entries=1024 (~1088 KiB)
[A:tls] worker host=1 client=9 entries=1024 (~1088 KiB)
[A:tls] worker host=1 client=8 entries=1024 (~1088 KiB)
[A:tls] worker host=1 client=49 entries=1024 (~1088 KiB)
[A:tls] worker host=1 client=1 entries=1024 (~1088 KiB)
[A:tls] worker host=1 client=16 entries=1024 (~1088 KiB)
[A:tls] worker host=1 client=34 entries=1024 (~1088 KiB)
[A:tls] worker host=1 client=17 entries=1024 (~1088 KiB)
[A:tls] worker host=1 client=26 entries=1024 (~1088 KiB)
[A:tls] worker host=1 client=21 entries=1024 (~1088 KiB)
[A:tls] worker host=1 client=46 entries=1024 (~1088 KiB)
[A:tls] worker host=1 client=35 entries=1024 (~1088 KiB)
[A:tls] worker host=1 client=7 entries=1024 (~1088 KiB)
[A:tls] worker host=1 client=19 entries=1024 (~1088 KiB)
[A:tls] worker host=1 client=13 entries=1024 (~1088 KiB)
[A:tls] worker host=1 client=10 entries=1024 (~1088 KiB)
[A:tls] worker host=1 client=40 entries=1024 (~1088 KiB)
[A:tls] worker host=1 client=52 entries=1024 (~1088 KiB)
[A:tls] worker host=1 client=5 entries=1024 (~1088 KiB)
[A:tls] worker host=1 client=38 entries=1024 (~1088 KiB)
[A:tls] worker host=1 client=11 entries=1024 (~1088 KiB)
[A:tls] worker host=1 client=18 entries=1024 (~1088 KiB)
# PATH host=1 label=after_LOAD tid=140702725249152 r0_tls=0 r2hit=0 r2miss_local=0 r3=0 cpool_ins_r=0 local_w=2499578 fwd_w=0 local_w_blk_fwd=0 local_w_stg_fwd=0 cpool_ins_w=2499574 cp_evict=0 cp_set_stale=0 cp_lru_evict=1975288 rh_served=0 lrs2r=0 lrs4r=0
# PATH host=1 label=after_LOAD AGG r0_tls=0 r2hit=0 r2miss_local=0 r3=0 cpool_ins_r=0 local_w=2499578 fwd_w=0 local_w_blk_fwd=0 local_w_stg_fwd=0 cpool_ins_w=2499574 cp_evict=0 cp_set_stale=0 cp_lru_evict=1975288 rh_served=0 lrs2r=0 lrs4r=0
# PATH host=1 label=after_TRANS tid=140702725249152 r0_tls=0 r2hit=16337 r2miss_local=22725 r3=0 cpool_ins_r=0 local_w=2499578 fwd_w=0 local_w_blk_fwd=0 local_w_stg_fwd=0 cpool_ins_w=2499574 cp_evict=0 cp_set_stale=0 cp_lru_evict=1976456 rh_served=0 lrs2r=0 lrs4r=0
# PATH host=1 label=after_TRANS AGG r0_tls=0 r2hit=16337 r2miss_local=22725 r3=0 cpool_ins_r=0 local_w=2499578 fwd_w=0 local_w_blk_fwd=0 local_w_stg_fwd=0 cpool_ins_w=2499574 cp_evict=0 cp_set_stale=0 cp_lru_evict=1976456 rh_served=0 lrs2r=0 lrs4r=0
