[A:cfg] ring_sharding T=64 N=0 (disabled) -> shards=1 block=64 routing=worker_id
[A:thread] Worker pinned host=0 client=1 -> cpu=1 (pid=99133)
[A:thread] Worker pinned host=0 client=2 -> cpu=2 (pid=99134)
[A:thread] Worker pinned host=0 client=3 -> cpu=3 (pid=99135)
[A:thread] Worker pinned host=0 client=4 -> cpu=4 (pid=99136)
[A:thread] Worker pinned host=0 client=5 -> cpu=5 (pid=99137)
[A:thread] Worker pinned host=0 client=6 -> cpu=6 (pid=99138)
[A:thread] Worker pinned host=0 client=7 -> cpu=7 (pid=99139)
[A:thread] Worker pinned host=0 client=8 -> cpu=8 (pid=99140)
[A:thread] Worker pinned host=0 client=9 -> cpu=9 (pid=99141)
[A:thread] Worker pinned host=0 client=10 -> cpu=10 (pid=99142)
[A:thread] Worker pinned host=0 client=11 -> cpu=11 (pid=99143)
[A:thread] Worker pinned host=0 client=12 -> cpu=12 (pid=99144)
[A:thread] Worker pinned host=0 client=13 -> cpu=13 (pid=99145)
[A:thread] Worker pinned host=0 client=14 -> cpu=14 (pid=99146)
[A:thread] Worker pinned host=0 client=15 -> cpu=15 (pid=99147)
[A:thread] Worker pinned host=0 client=16 -> cpu=16 (pid=99148)
[A:thread] Worker pinned host=0 client=17 -> cpu=17 (pid=99149)
[A:thread] Worker pinned host=0 client=18 -> cpu=18 (pid=99150)
[A:thread] Worker pinned host=0 client=19 -> cpu=19 (pid=99151)
[A:thread] Worker pinned host=0 client=20 -> cpu=20 (pid=99152)
[A:thread] Worker pinned host=0 client=21 -> cpu=21 (pid=99153)
[A:thread] Worker pinned host=0 client=22 -> cpu=22 (pid=99154)
[A:thread] Worker pinned host=0 client=23 -> cpu=23 (pid=99155)
[A:thread] Worker pinned host=0 client=24 -> cpu=24 (pid=99156)
[A:thread] Worker pinned host=0 client=25 -> cpu=25 (pid=99157)
[A:thread] Worker pinned host=0 client=26 -> cpu=26 (pid=99158)
[A:thread] Worker pinned host=0 client=27 -> cpu=27 (pid=99159)
[A:thread] Worker pinned host=0 client=28 -> cpu=28 (pid=99160)
[A:thread] Worker pinned host=0 client=29 -> cpu=29 (pid=99161)
[A:thread] Worker pinned host=0 client=30 -> cpu=30 (pid=99162)
[A:thread] Worker pinned host=0 client=31 -> cpu=31 (pid=99163)
[A:thread] Worker pinned host=0 client=32 -> cpu=32 (pid=99164)
[A:thread] Worker pinned host=0 client=33 -> cpu=33 (pid=99165)
[A:thread] Worker pinned host=0 client=34 -> cpu=34 (pid=99166)
[A:thread] Worker pinned host=0 client=35 -> cpu=35 (pid=99167)
[A:thread] Worker pinned host=0 client=36 -> cpu=36 (pid=99168)
[A:thread] Worker pinned host=0 client=37 -> cpu=37 (pid=99169)
[A:thread] Worker pinned host=0 client=38 -> cpu=38 (pid=99170)
[A:thread] Worker pinned host=0 client=39 -> cpu=39 (pid=99171)
[A:thread] Worker pinned host=0 client=40 -> cpu=40 (pid=99172)
[A:thread] Worker pinned host=0 client=41 -> cpu=41 (pid=99173)
[A:thread] Worker pinned host=0 client=42 -> cpu=42 (pid=99174)
[A:thread] Worker pinned host=0 client=43 -> cpu=43 (pid=99175)
[A:thread] Worker pinned host=0 client=44 -> cpu=44 (pid=99176)
[A:thread] Worker pinned host=0 client=45 -> cpu=45 (pid=99177)
[A:thread] Worker pinned host=0 client=46 -> cpu=46 (pid=99178)
[A:thread] Worker pinned host=0 client=47 -> cpu=47 (pid=99179)
[A:thread] Worker pinned host=0 client=48 -> cpu=48 (pid=99180)
[A:thread] Worker pinned host=0 client=49 -> cpu=49 (pid=99181)
[A:thread] Worker pinned host=0 client=50 -> cpu=50 (pid=99182)
[A:thread] Worker pinned host=0 client=51 -> cpu=51 (pid=99183)
[A:thread] Worker pinned host=0 client=52 -> cpu=52 (pid=99184)
[A:thread] Worker pinned host=0 client=53 -> cpu=53 (pid=99185)
[A:thread] Worker pinned host=0 client=54 -> cpu=54 (pid=99186)
[A:thread] Worker pinned host=0 client=55 -> cpu=55 (pid=99187)
[A:thread] Worker pinned host=0 client=56 -> cpu=56 (pid=99188)
[A:thread] Worker pinned host=0 client=57 -> cpu=57 (pid=99189)
[A:thread] Worker pinned host=0 client=58 -> cpu=58 (pid=99190)
[A:thread] Worker pinned host=0 client=59 -> cpu=59 (pid=99191)
[A:thread] Worker pinned host=0 client=60 -> cpu=60 (pid=99192)
[A:thread] Worker pinned host=0 client=61 -> cpu=61 (pid=99193)
[A:thread] Worker pinned host=0 client=62 -> cpu=62 (pid=99194)
[A:thread] Worker pinned host=0 client=0 -> cpu=0 (pid=99107)
[A:thread] Worker pinned host=0 client=63 -> cpu=63 (pid=99195)
[A:thread] WriteRecv0 pid=99107 tid=140087488444096 cpu=64 host=0 rings=[0]
[A:thread] ReadRecv0 pid=99107 tid=140087480051392 cpu=65 host=0 rings=[0]
[A:thread] InvalRecv0 pid=99107 tid=140087471658688 cpu=66 host=0 rings=[0]
[A:thread] ReservHandler pid=99107 tid=140087463265984 pinned cpu=85 (host_id=0)
[A:tls] worker host=0 client=43 entries=1024 (~1088 KiB)
[A:tls] worker host=0 client=63 entries=1024 (~1088 KiB)
[A:tls] worker host=0 client=62 entries=1024 (~1088 KiB)
[A:tls] worker host=0 client=49 entries=1024 (~1088 KiB)
[A:tls] worker host=0 client=33 entries=1024 (~1088 KiB)
[A:tls] worker host=0 client=50 entries=1024 (~1088 KiB)
[A:tls] worker host=0 client=54 entries=1024 (~1088 KiB)
[A:tls] worker host=0 client=55 entries=1024 (~1088 KiB)
[A:tls] worker host=0 client=60 entries=1024 (~1088 KiB)
[A:tls] worker host=0 client=21 entries=1024 (~1088 KiB)
[A:tls] worker host=0 client=30 entries=1024 (~1088 KiB)
[A:tls] worker host=0 client=28 entries=1024 (~1088 KiB)
[A:tls] worker host=0 client=59 entries=1024 (~1088 KiB)
[A:tls] worker host=0 client=48 entries=1024 (~1088 KiB)
[A:tls] worker host=0 client=46 entries=1024 (~1088 KiB)
[A:tls] worker host=0 client=45 entries=1024 (~1088 KiB)
[A:tls] worker host=0 client=44 entries=1024 (~1088 KiB)
[A:tls] worker host=0 client=51 entries=1024 (~1088 KiB)
[A:tls] worker host=0 client=52 entries=1024 (~1088 KiB)
[A:tls] worker host=0 client=39 entries=1024 (~1088 KiB)
[A:tls] worker host=0 client=37 entries=1024 (~1088 KiB)
[A:tls] worker host=0 client=53 entries=1024 (~1088 KiB)
[A:tls] worker host=0 client=29 entries=1024 (~1088 KiB)
[A:tls] worker host=0 client=61 entries=1024 (~1088 KiB)
[A:tls] worker host=0 client=27 entries=1024 (~1088 KiB)
[A:tls] worker host=0 client=35 entries=1024 (~1088 KiB)
[A:tls] worker host=0 client=32 entries=1024 (~1088 KiB)
[A:tls] worker host=0 client=42 entries=1024 (~1088 KiB)
[A:tls] worker host=0 client=36 entries=1024 (~1088 KiB)
[A:tls] worker host=0 client=47 entries=1024 (~1088 KiB)
[A:tls] worker host=0 client=58 entries=1024 (~1088 KiB)
[A:tls] worker host=0 client=8 entries=1024 (~1088 KiB)
[A:tls] worker host=0 client=12 entries=1024 (~1088 KiB)
[A:tls] worker host=0 client=56 entries=1024 (~1088 KiB)
[A:tls] worker host=0 client=57 entries=1024 (~1088 KiB)
[A:tls] worker host=0 client=1 entries=1024 (~1088 KiB)
[A:tls] worker host=0 client=17 entries=1024 (~1088 KiB)
[A:tls] worker host=0 client=23 entries=1024 (~1088 KiB)
[A:tls] worker host=0 client=16 entries=1024 (~1088 KiB)
[A:tls] worker host=0 client=4 entries=1024 (~1088 KiB)
[A:tls] worker host=0 client=22 entries=1024 (~1088 KiB)
[A:tls] worker host=0 client=10 entries=1024 (~1088 KiB)
[A:tls] worker host=0 client=13 entries=1024 (~1088 KiB)
[A:tls] worker host=0 client=41 entries=1024 (~1088 KiB)
[A:tls] worker host=0 client=5 entries=1024 (~1088 KiB)
[A:tls] worker host=0 client=2 entries=1024 (~1088 KiB)
[A:tls] worker host=0 client=11 entries=1024 (~1088 KiB)
[A:tls] worker host=0 client=26 entries=1024 (~1088 KiB)
[A:tls] worker host=0 client=14 entries=1024 (~1088 KiB)
[A:tls] worker host=0 client=19 entries=1024 (~1088 KiB)
[A:tls] worker host=0 client=7 entries=1024 (~1088 KiB)
[A:tls] worker host=0 client=9 entries=1024 (~1088 KiB)
[A:tls] worker host=0 client=15 entries=1024 (~1088 KiB)
[A:tls] worker host=0 client=0 entries=1024 (~1088 KiB)
[A:tls] worker host=0 client=3 entries=1024 (~1088 KiB)
[A:tls] worker host=0 client=31 entries=1024 (~1088 KiB)
[A:tls] worker host=0 client=34 entries=1024 (~1088 KiB)
[A:tls] worker host=0 client=40 entries=1024 (~1088 KiB)
[A:tls] worker host=0 client=38 entries=1024 (~1088 KiB)
[A:tls] worker host=0 client=6 entries=1024 (~1088 KiB)
[A:tls] worker host=0 client=24 entries=1024 (~1088 KiB)
[A:tls] worker host=0 client=18 entries=1024 (~1088 KiB)
[A:tls] worker host=0 client=20 entries=1024 (~1088 KiB)
[A:tls] worker host=0 client=25 entries=1024 (~1088 KiB)
# PATH host=0 label=after_LOAD tid=140087488657536 r0_tls=0 r2hit=0 r2miss_local=0 r3=0 cpool_ins_r=0 local_w=2499230 fwd_w=0 local_w_blk_fwd=0 local_w_stg_fwd=0 cpool_ins_w=2499223 cp_evict=0 cp_set_stale=0 cp_lru_evict=1974938 rh_served=0 lrs2r=0 lrs4r=0
# PATH host=0 label=after_LOAD AGG r0_tls=0 r2hit=0 r2miss_local=0 r3=0 cpool_ins_r=0 local_w=2499230 fwd_w=0 local_w_blk_fwd=0 local_w_stg_fwd=0 cpool_ins_w=2499223 cp_evict=0 cp_set_stale=0 cp_lru_evict=1974938 rh_served=0 lrs2r=0 lrs4r=0
YCSB opt=A cache=1 num_hosts=2 threads=64 threads_eff=64 rep=1 load_ops=5000000 load_thpt=158352 trans_ops=5000000 trans_wall_max=0.054949 trans_agg_thpt=90991810 w_avg_ns=0 w_p50_ns=0 w_p99_ns=0 r_avg_ns=1528 r_p50_ns=438 r_p99_ns=18376 first_op_ns_max=1823440 first_op_ns_avg=259670 ops_to_first_ns_max=1841010 ops_to_first_ns_avg=931243 # local_read_optA_t64_cacheon_rep1
# PATH host=0 label=after_TRANS tid=140087488657536 r0_tls=0 r2hit=6187 r2miss_local=32876 r3=0 cpool_ins_r=0 local_w=2499230 fwd_w=0 local_w_blk_fwd=0 local_w_stg_fwd=0 cpool_ins_w=2499223 cp_evict=0 cp_set_stale=0 cp_lru_evict=1975170 rh_served=0 lrs2r=0 lrs4r=0
# PATH host=0 label=after_TRANS AGG r0_tls=0 r2hit=6187 r2miss_local=32876 r3=0 cpool_ins_r=0 local_w=2499230 fwd_w=0 local_w_blk_fwd=0 local_w_stg_fwd=0 cpool_ins_w=2499223 cp_evict=0 cp_set_stale=0 cp_lru_evict=1975170 rh_served=0 lrs2r=0 lrs4r=0
# CACHE_FILL host=0 cache_buckets=131072 capacity=524288 filled=524285 stale=0 tomb=0 fill_pct=99.999
