[A:cfg] ring_sharding T=64 N=0 (disabled) -> shards=1 block=64 routing=worker_id
[A:thread] Worker pinned host=1 client=1 -> cpu=1 (pid=254431)
[A:thread] Worker pinned host=1 client=2 -> cpu=2 (pid=254432)
[A:thread] Worker pinned host=1 client=3 -> cpu=3 (pid=254433)
[A:thread] Worker pinned host=1 client=4 -> cpu=4 (pid=254434)
[A:thread] Worker pinned host=1 client=5 -> cpu=5 (pid=254435)
[A:thread] Worker pinned host=1 client=6 -> cpu=6 (pid=254436)
[A:thread] Worker pinned host=1 client=7 -> cpu=7 (pid=254437)
[A:thread] Worker pinned host=1 client=8 -> cpu=8 (pid=254438)
[A:thread] Worker pinned host=1 client=9 -> cpu=9 (pid=254439)
[A:thread] Worker pinned host=1 client=10 -> cpu=10 (pid=254440)
[A:thread] Worker pinned host=1 client=11 -> cpu=11 (pid=254441)
[A:thread] Worker pinned host=1 client=12 -> cpu=12 (pid=254442)
[A:thread] Worker pinned host=1 client=13 -> cpu=13 (pid=254443)
[A:thread] Worker pinned host=1 client=14 -> cpu=14 (pid=254444)
[A:thread] Worker pinned host=1 client=15 -> cpu=15 (pid=254445)
[A:thread] Worker pinned host=1 client=16 -> cpu=16 (pid=254446)
[A:thread] Worker pinned host=1 client=17 -> cpu=17 (pid=254447)
[A:thread] Worker pinned host=1 client=18 -> cpu=18 (pid=254448)
[A:thread] Worker pinned host=1 client=19 -> cpu=19 (pid=254449)
[A:thread] Worker pinned host=1 client=20 -> cpu=20 (pid=254450)
[A:thread] Worker pinned host=1 client=21 -> cpu=21 (pid=254451)
[A:thread] Worker pinned host=1 client=22 -> cpu=22 (pid=254452)
[A:thread] Worker pinned host=1 client=23 -> cpu=23 (pid=254453)
[A:thread] Worker pinned host=1 client=24 -> cpu=24 (pid=254454)
[A:thread] Worker pinned host=1 client=25 -> cpu=25 (pid=254455)
[A:thread] Worker pinned host=1 client=26 -> cpu=26 (pid=254456)
[A:thread] Worker pinned host=1 client=27 -> cpu=27 (pid=254457)
[A:thread] Worker pinned host=1 client=28 -> cpu=28 (pid=254458)
[A:thread] Worker pinned host=1 client=29 -> cpu=29 (pid=254459)
[A:thread] Worker pinned host=1 client=30 -> cpu=30 (pid=254460)
[A:thread] Worker pinned host=1 client=31 -> cpu=31 (pid=254461)
[A:thread] Worker pinned host=1 client=32 -> cpu=32 (pid=254462)
[A:thread] Worker pinned host=1 client=33 -> cpu=33 (pid=254463)
[A:thread] Worker pinned host=1 client=34 -> cpu=34 (pid=254464)
[A:thread] Worker pinned host=1 client=35 -> cpu=35 (pid=254465)
[A:thread] Worker pinned host=1 client=36 -> cpu=36 (pid=254466)
[A:thread] Worker pinned host=1 client=37 -> cpu=37 (pid=254467)
[A:thread] Worker pinned host=1 client=38 -> cpu=38 (pid=254468)
[A:thread] Worker pinned host=1 client=39 -> cpu=39 (pid=254469)
[A:thread] Worker pinned host=1 client=40 -> cpu=40 (pid=254470)
[A:thread] Worker pinned host=1 client=41 -> cpu=41 (pid=254471)
[A:thread] Worker pinned host=1 client=42 -> cpu=42 (pid=254472)
[A:thread] Worker pinned host=1 client=43 -> cpu=43 (pid=254473)
[A:thread] Worker pinned host=1 client=44 -> cpu=44 (pid=254474)
[A:thread] Worker pinned host=1 client=45 -> cpu=45 (pid=254475)
[A:thread] Worker pinned host=1 client=46 -> cpu=46 (pid=254476)
[A:thread] Worker pinned host=1 client=47 -> cpu=47 (pid=254477)
[A:thread] Worker pinned host=1 client=48 -> cpu=48 (pid=254478)
[A:thread] Worker pinned host=1 client=49 -> cpu=49 (pid=254479)
[A:thread] Worker pinned host=1 client=50 -> cpu=50 (pid=254480)
[A:thread] Worker pinned host=1 client=51 -> cpu=51 (pid=254481)
[A:thread] Worker pinned host=1 client=52 -> cpu=52 (pid=254482)
[A:thread] Worker pinned host=1 client=53 -> cpu=53 (pid=254483)
[A:thread] Worker pinned host=1 client=54 -> cpu=54 (pid=254484)
[A:thread] Worker pinned host=1 client=55 -> cpu=55 (pid=254485)
[A:thread] Worker pinned host=1 client=56 -> cpu=56 (pid=254486)
[A:thread] Worker pinned host=1 client=57 -> cpu=57 (pid=254487)
[A:thread] Worker pinned host=1 client=58 -> cpu=58 (pid=254488)
[A:thread] Worker pinned host=1 client=59 -> cpu=59 (pid=254489)
[A:thread] Worker pinned host=1 client=60 -> cpu=60 (pid=254490)
[A:thread] Worker pinned host=1 client=61 -> cpu=61 (pid=254491)
[A:thread] Worker pinned host=1 client=62 -> cpu=62 (pid=254492)
[A:thread] Worker pinned host=1 client=0 -> cpu=0 (pid=254405)
[A:thread] Worker pinned host=1 client=63 -> cpu=63 (pid=254493)
[A:thread] WriteRecv0 pid=254405 tid=140231150790336 cpu=64 host=1 rings=[0]
[A:thread] ReadRecv0 pid=254405 tid=140231142397632 cpu=65 host=1 rings=[0]
[A:thread] InvalRecv0 pid=254405 tid=140231134004928 cpu=66 host=1 rings=[0]
[A:thread] ReservHandler pid=254405 tid=140231125612224 pinned cpu=85 (host_id=1)
[A:tls] worker host=1 client=54 entries=1024 (~1088 KiB)
[A:tls] worker host=1 client=57 entries=1024 (~1088 KiB)
[A:tls] worker host=1 client=56 entries=1024 (~1088 KiB)
[A:tls] worker host=1 client=52 entries=1024 (~1088 KiB)
[A:tls] worker host=1 client=48 entries=1024 (~1088 KiB)
[A:tls] worker host=1 client=59 entries=1024 (~1088 KiB)
[A:tls] worker host=1 client=63 entries=1024 (~1088 KiB)
[A:tls] worker host=1 client=43 entries=1024 (~1088 KiB)
[A:tls] worker host=1 client=58 entries=1024 (~1088 KiB)
[A:tls] worker host=1 client=46 entries=1024 (~1088 KiB)
[A:tls] worker host=1 client=45 entries=1024 (~1088 KiB)
[A:tls] worker host=1 client=35 entries=1024 (~1088 KiB)
[A:tls] worker host=1 client=39 entries=1024 (~1088 KiB)
[A:tls] worker host=1 client=49 entries=1024 (~1088 KiB)
[A:tls] worker host=1 client=41 entries=1024 (~1088 KiB)
[A:tls] worker host=1 client=51 entries=1024 (~1088 KiB)
[A:tls] worker host=1 client=16 entries=1024 (~1088 KiB)
[A:tls] worker host=1 client=44 entries=1024 (~1088 KiB)
[A:tls] worker host=1 client=30 entries=1024 (~1088 KiB)
[A:tls] worker host=1 client=19 entries=1024 (~1088 KiB)
[A:tls] worker host=1 client=17 entries=1024 (~1088 KiB)
[A:tls] worker host=1 client=28 entries=1024 (~1088 KiB)
[A:tls] worker host=1 client=53 entries=1024 (~1088 KiB)
[A:tls] worker host=1 client=27 entries=1024 (~1088 KiB)
[A:tls] worker host=1 client=42 entries=1024 (~1088 KiB)
[A:tls] worker host=1 client=23 entries=1024 (~1088 KiB)
[A:tls] worker host=1 client=14 entries=1024 (~1088 KiB)
[A:tls] worker host=1 client=38 entries=1024 (~1088 KiB)
[A:tls] worker host=1 client=0 entries=1024 (~1088 KiB)
[A:tls] worker host=1 client=20 entries=1024 (~1088 KiB)
[A:tls] worker host=1 client=37 entries=1024 (~1088 KiB)
[A:tls] worker host=1 client=36 entries=1024 (~1088 KiB)
[A:tls] worker host=1 client=8 entries=1024 (~1088 KiB)
[A:tls] worker host=1 client=25 entries=1024 (~1088 KiB)
[A:tls] worker host=1 client=11 entries=1024 (~1088 KiB)
[A:tls] worker host=1 client=31 entries=1024 (~1088 KiB)
[A:tls] worker host=1 client=15 entries=1024 (~1088 KiB)
[A:tls] worker host=1 client=7 entries=1024 (~1088 KiB)
[A:tls] worker host=1 client=9 entries=1024 (~1088 KiB)
[A:tls] worker host=1 client=33 entries=1024 (~1088 KiB)
[A:tls] worker host=1 client=55 entries=1024 (~1088 KiB)
[A:tls] worker host=1 client=61 entries=1024 (~1088 KiB)
[A:tls] worker host=1 client=47 entries=1024 (~1088 KiB)
[A:tls] worker host=1 client=50 entries=1024 (~1088 KiB)
[A:tls] worker host=1 client=4 entries=1024 (~1088 KiB)
[A:tls] worker host=1 client=22 entries=1024 (~1088 KiB)
[A:tls] worker host=1 client=60 entries=1024 (~1088 KiB)
[A:tls] worker host=1 client=62 entries=1024 (~1088 KiB)
[A:tls] worker host=1 client=1 entries=1024 (~1088 KiB)
[A:tls] worker host=1 client=10 entries=1024 (~1088 KiB)
[A:tls] worker host=1 client=26 entries=1024 (~1088 KiB)
[A:tls] worker host=1 client=21 entries=1024 (~1088 KiB)
[A:tls] worker host=1 client=5 entries=1024 (~1088 KiB)
[A:tls] worker host=1 client=12 entries=1024 (~1088 KiB)
[A:tls] worker host=1 client=29 entries=1024 (~1088 KiB)
[A:tls] worker host=1 client=13 entries=1024 (~1088 KiB)
[A:tls] worker host=1 client=24 entries=1024 (~1088 KiB)
[A:tls] worker host=1 client=34 entries=1024 (~1088 KiB)
[A:tls] worker host=1 client=2 entries=1024 (~1088 KiB)
[A:tls] worker host=1 client=32 entries=1024 (~1088 KiB)
[A:tls] worker host=1 client=3 entries=1024 (~1088 KiB)
[A:tls] worker host=1 client=40 entries=1024 (~1088 KiB)
[A:tls] worker host=1 client=18 entries=1024 (~1088 KiB)
[A:tls] worker host=1 client=6 entries=1024 (~1088 KiB)
# PATH host=1 label=after_LOAD tid=140231151003776 r0_tls=0 r2hit=0 r2miss_local=0 r3=0 cpool_ins_r=0 local_w=2501847 fwd_w=0 local_w_blk_fwd=0 local_w_stg_fwd=0 cpool_ins_w=2501841 cp_evict=0 cp_set_stale=0 cp_lru_evict=1977553 rh_served=0 lrs2r=0 lrs4r=0
# PATH host=1 label=after_LOAD AGG r0_tls=0 r2hit=0 r2miss_local=0 r3=0 cpool_ins_r=0 local_w=2501847 fwd_w=0 local_w_blk_fwd=0 local_w_stg_fwd=0 cpool_ins_w=2501841 cp_evict=0 cp_set_stale=0 cp_lru_evict=1977553 rh_served=0 lrs2r=0 lrs4r=0
# PATH host=1 label=after_TRANS tid=140231151003776 r0_tls=0 r2hit=4136 r2miss_local=34926 r3=0 cpool_ins_r=0 local_w=2501847 fwd_w=0 local_w_blk_fwd=0 local_w_stg_fwd=0 cpool_ins_w=2501841 cp_evict=0 cp_set_stale=0 cp_lru_evict=1992948 rh_served=0 lrs2r=0 lrs4r=0
# PATH host=1 label=after_TRANS AGG r0_tls=0 r2hit=4136 r2miss_local=34926 r3=0 cpool_ins_r=0 local_w=2501847 fwd_w=0 local_w_blk_fwd=0 local_w_stg_fwd=0 cpool_ins_w=2501841 cp_evict=0 cp_set_stale=0 cp_lru_evict=1992948 rh_served=0 lrs2r=0 lrs4r=0
