[A:cfg] ring_sharding T=64 N=0 (disabled) -> shards=1 block=64 routing=worker_id
[A:thread] Worker pinned host=0 client=1 -> cpu=1 (pid=92958)
[A:thread] Worker pinned host=0 client=2 -> cpu=2 (pid=92959)
[A:thread] Worker pinned host=0 client=3 -> cpu=3 (pid=92960)
[A:thread] Worker pinned host=0 client=4 -> cpu=4 (pid=92961)
[A:thread] Worker pinned host=0 client=5 -> cpu=5 (pid=92962)
[A:thread] Worker pinned host=0 client=6 -> cpu=6 (pid=92963)
[A:thread] Worker pinned host=0 client=7 -> cpu=7 (pid=92964)
[A:thread] Worker pinned host=0 client=8 -> cpu=8 (pid=92965)
[A:thread] Worker pinned host=0 client=9 -> cpu=9 (pid=92966)
[A:thread] Worker pinned host=0 client=10 -> cpu=10 (pid=92967)
[A:thread] Worker pinned host=0 client=11 -> cpu=11 (pid=92968)
[A:thread] Worker pinned host=0 client=12 -> cpu=12 (pid=92969)
[A:thread] Worker pinned host=0 client=13 -> cpu=13 (pid=92970)
[A:thread] Worker pinned host=0 client=14 -> cpu=14 (pid=92971)
[A:thread] Worker pinned host=0 client=15 -> cpu=15 (pid=92972)
[A:thread] Worker pinned host=0 client=16 -> cpu=16 (pid=92973)
[A:thread] Worker pinned host=0 client=17 -> cpu=17 (pid=92974)
[A:thread] Worker pinned host=0 client=18 -> cpu=18 (pid=92975)
[A:thread] Worker pinned host=0 client=19 -> cpu=19 (pid=92976)
[A:thread] Worker pinned host=0 client=20 -> cpu=20 (pid=92977)
[A:thread] Worker pinned host=0 client=21 -> cpu=21 (pid=92978)
[A:thread] Worker pinned host=0 client=22 -> cpu=22 (pid=92979)
[A:thread] Worker pinned host=0 client=23 -> cpu=23 (pid=92980)
[A:thread] Worker pinned host=0 client=24 -> cpu=24 (pid=92981)
[A:thread] Worker pinned host=0 client=25 -> cpu=25 (pid=92982)
[A:thread] Worker pinned host=0 client=26 -> cpu=26 (pid=92983)
[A:thread] Worker pinned host=0 client=27 -> cpu=27 (pid=92984)
[A:thread] Worker pinned host=0 client=28 -> cpu=28 (pid=92985)
[A:thread] Worker pinned host=0 client=29 -> cpu=29 (pid=92986)
[A:thread] Worker pinned host=0 client=30 -> cpu=30 (pid=92987)
[A:thread] Worker pinned host=0 client=31 -> cpu=31 (pid=92988)
[A:thread] Worker pinned host=0 client=32 -> cpu=32 (pid=92989)
[A:thread] Worker pinned host=0 client=33 -> cpu=33 (pid=92990)
[A:thread] Worker pinned host=0 client=34 -> cpu=34 (pid=92991)
[A:thread] Worker pinned host=0 client=35 -> cpu=35 (pid=92992)
[A:thread] Worker pinned host=0 client=36 -> cpu=36 (pid=92993)
[A:thread] Worker pinned host=0 client=37 -> cpu=37 (pid=92994)
[A:thread] Worker pinned host=0 client=38 -> cpu=38 (pid=92995)
[A:thread] Worker pinned host=0 client=39 -> cpu=39 (pid=92996)
[A:thread] Worker pinned host=0 client=40 -> cpu=40 (pid=92997)
[A:thread] Worker pinned host=0 client=41 -> cpu=41 (pid=92998)
[A:thread] Worker pinned host=0 client=42 -> cpu=42 (pid=92999)
[A:thread] Worker pinned host=0 client=43 -> cpu=43 (pid=93000)
[A:thread] Worker pinned host=0 client=44 -> cpu=44 (pid=93001)
[A:thread] Worker pinned host=0 client=45 -> cpu=45 (pid=93002)
[A:thread] Worker pinned host=0 client=46 -> cpu=46 (pid=93003)
[A:thread] Worker pinned host=0 client=47 -> cpu=47 (pid=93004)
[A:thread] Worker pinned host=0 client=48 -> cpu=48 (pid=93005)
[A:thread] Worker pinned host=0 client=49 -> cpu=49 (pid=93006)
[A:thread] Worker pinned host=0 client=50 -> cpu=50 (pid=93007)
[A:thread] Worker pinned host=0 client=51 -> cpu=51 (pid=93008)
[A:thread] Worker pinned host=0 client=52 -> cpu=52 (pid=93009)
[A:thread] Worker pinned host=0 client=53 -> cpu=53 (pid=93010)
[A:thread] Worker pinned host=0 client=54 -> cpu=54 (pid=93011)
[A:thread] Worker pinned host=0 client=55 -> cpu=55 (pid=93012)
[A:thread] Worker pinned host=0 client=56 -> cpu=56 (pid=93013)
[A:thread] Worker pinned host=0 client=57 -> cpu=57 (pid=93014)
[A:thread] Worker pinned host=0 client=58 -> cpu=58 (pid=93015)
[A:thread] Worker pinned host=0 client=59 -> cpu=59 (pid=93016)
[A:thread] Worker pinned host=0 client=60 -> cpu=60 (pid=93017)
[A:thread] Worker pinned host=0 client=61 -> cpu=61 (pid=93018)
[A:thread] Worker pinned host=0 client=62 -> cpu=62 (pid=93019)
[A:thread] Worker pinned host=0 client=0 -> cpu=0 (pid=92931)
[A:thread] Worker pinned host=0 client=63 -> cpu=63 (pid=93020)
[A:thread] WriteRecv0 pid=92931 tid=139899043956416 cpu=64 host=0 rings=[0]
[A:thread] ReadRecv0 pid=92931 tid=139899035563712 cpu=65 host=0 rings=[0]
[A:thread] InvalRecv0 pid=92931 tid=139899027171008 cpu=66 host=0 rings=[0]
[A:thread] ReservHandler pid=92931 tid=139899018778304 pinned cpu=85 (host_id=0)
[A:tls] worker host=0 client=56 entries=1024 (~1088 KiB)
[A:tls] worker host=0 client=10 entries=1024 (~1088 KiB)
[A:tls] worker host=0 client=0 entries=1024 (~1088 KiB)
[A:tls] worker host=0 client=19 entries=1024 (~1088 KiB)
[A:tls] worker host=0 client=22 entries=1024 (~1088 KiB)
[A:tls] worker host=0 client=16 entries=1024 (~1088 KiB)
[A:tls] worker host=0 client=7 entries=1024 (~1088 KiB)
[A:tls] worker host=0 client=6 entries=1024 (~1088 KiB)
[A:tls] worker host=0 client=15 entries=1024 (~1088 KiB)
[A:tls] worker host=0 client=45 entries=1024 (~1088 KiB)
[A:tls] worker host=0 client=2 entries=1024 (~1088 KiB)
[A:tls] worker host=0 client=25 entries=1024 (~1088 KiB)
[A:tls] worker host=0 client=17 entries=1024 (~1088 KiB)
[A:tls] worker host=0 client=61 entries=1024 (~1088 KiB)
[A:tls] worker host=0 client=12 entries=1024 (~1088 KiB)
[A:tls] worker host=0 client=9 entries=1024 (~1088 KiB)
[A:tls] worker host=0 client=18 entries=1024 (~1088 KiB)
[A:tls] worker host=0 client=13 entries=1024 (~1088 KiB)
[A:tls] worker host=0 client=4 entries=1024 (~1088 KiB)
[A:tls] worker host=0 client=23 entries=1024 (~1088 KiB)
[A:tls] worker host=0 client=32 entries=1024 (~1088 KiB)
[A:tls] worker host=0 client=51 entries=1024 (~1088 KiB)
[A:tls] worker host=0 client=27 entries=1024 (~1088 KiB)
[A:tls] worker host=0 client=50 entries=1024 (~1088 KiB)
[A:tls] worker host=0 client=34 entries=1024 (~1088 KiB)
[A:tls] worker host=0 client=33 entries=1024 (~1088 KiB)
[A:tls] worker host=0 client=47 entries=1024 (~1088 KiB)
[A:tls] worker host=0 client=63 entries=1024 (~1088 KiB)
[A:tls] worker host=0 client=53 entries=1024 (~1088 KiB)
[A:tls] worker host=0 client=37 entries=1024 (~1088 KiB)
[A:tls] worker host=0 client=49 entries=1024 (~1088 KiB)
[A:tls] worker host=0 client=48 entries=1024 (~1088 KiB)
[A:tls] worker host=0 client=39 entries=1024 (~1088 KiB)
[A:tls] worker host=0 client=31 entries=1024 (~1088 KiB)
[A:tls] worker host=0 client=28 entries=1024 (~1088 KiB)
[A:tls] worker host=0 client=46 entries=1024 (~1088 KiB)
[A:tls] worker host=0 client=57 entries=1024 (~1088 KiB)
[A:tls] worker host=0 client=26 entries=1024 (~1088 KiB)
[A:tls] worker host=0 client=30 entries=1024 (~1088 KiB)
[A:tls] worker host=0 client=36 entries=1024 (~1088 KiB)
[A:tls] worker host=0 client=42 entries=1024 (~1088 KiB)
[A:tls] worker host=0 client=29 entries=1024 (~1088 KiB)
[A:tls] worker host=0 client=14 entries=1024 (~1088 KiB)
[A:tls] worker host=0 client=20 entries=1024 (~1088 KiB)
[A:tls] worker host=0 client=5 entries=1024 (~1088 KiB)
[A:tls] worker host=0 client=21 entries=1024 (~1088 KiB)
[A:tls] worker host=0 client=43 entries=1024 (~1088 KiB)
[A:tls] worker host=0 client=62 entries=1024 (~1088 KiB)
[A:tls] worker host=0 client=52 entries=1024 (~1088 KiB)
[A:tls] worker host=0 client=54 entries=1024 (~1088 KiB)
[A:tls] worker host=0 client=40 entries=1024 (~1088 KiB)
[A:tls] worker host=0 client=55 entries=1024 (~1088 KiB)
[A:tls] worker host=0 client=41 entries=1024 (~1088 KiB)
[A:tls] worker host=0 client=44 entries=1024 (~1088 KiB)
[A:tls] worker host=0 client=8 entries=1024 (~1088 KiB)
[A:tls] worker host=0 client=11 entries=1024 (~1088 KiB)
[A:tls] worker host=0 client=58 entries=1024 (~1088 KiB)
[A:tls] worker host=0 client=24 entries=1024 (~1088 KiB)
[A:tls] worker host=0 client=59 entries=1024 (~1088 KiB)
[A:tls] worker host=0 client=38 entries=1024 (~1088 KiB)
[A:tls] worker host=0 client=3 entries=1024 (~1088 KiB)
[A:tls] worker host=0 client=35 entries=1024 (~1088 KiB)
[A:tls] worker host=0 client=1 entries=1024 (~1088 KiB)
[A:tls] worker host=0 client=60 entries=1024 (~1088 KiB)
# PATH host=0 label=after_LOAD tid=139899044169856 r0_tls=0 r2hit=0 r2miss_local=0 r3=0 cpool_ins_r=0 local_w=2500870 fwd_w=0 local_w_blk_fwd=0 local_w_stg_fwd=0 cpool_ins_w=2500869 cp_evict=0 cp_set_stale=0 cp_lru_evict=1976581 rh_served=0 lrs2r=0 lrs4r=0
# PATH host=0 label=after_LOAD AGG r0_tls=0 r2hit=0 r2miss_local=0 r3=0 cpool_ins_r=0 local_w=2500870 fwd_w=0 local_w_blk_fwd=0 local_w_stg_fwd=0 cpool_ins_w=2500869 cp_evict=0 cp_set_stale=0 cp_lru_evict=1976581 rh_served=0 lrs2r=0 lrs4r=0
YCSB opt=A cache=1 num_hosts=2 threads=64 threads_eff=64 rep=3 load_ops=5000000 load_thpt=162157 trans_ops=5000000 trans_wall_max=0.137111 trans_agg_thpt=36466538 w_avg_ns=0 w_p50_ns=0 w_p99_ns=0 r_avg_ns=3059 r_p50_ns=724 r_p99_ns=16541 first_op_ns_max=1253780 first_op_ns_avg=419422 ops_to_first_ns_max=1355155 ops_to_first_ns_avg=790188 # local_read_optA_t64_cacheon_rep3
# PATH host=0 label=after_TRANS tid=139899044169856 r0_tls=0 r2hit=12772 r2miss_local=26291 r3=0 cpool_ins_r=0 local_w=2500870 fwd_w=0 local_w_blk_fwd=0 local_w_stg_fwd=0 cpool_ins_w=2500869 cp_evict=0 cp_set_stale=0 cp_lru_evict=1983157 rh_served=0 lrs2r=2 lrs4r=0
# PATH host=0 label=after_TRANS AGG r0_tls=0 r2hit=12772 r2miss_local=26291 r3=0 cpool_ins_r=0 local_w=2500870 fwd_w=0 local_w_blk_fwd=0 local_w_stg_fwd=0 cpool_ins_w=2500869 cp_evict=0 cp_set_stale=0 cp_lru_evict=1983157 rh_served=0 lrs2r=2 lrs4r=0
# CACHE_FILL host=0 cache_buckets=131072 capacity=524288 filled=524288 stale=0 tomb=0 fill_pct=100.000
