[A:cfg] ring_sharding T=64 N=0 (disabled) -> shards=1 block=64 routing=worker_id
[A:thread] Worker pinned host=0 client=1 -> cpu=1 (pid=100271)
[A:thread] Worker pinned host=0 client=2 -> cpu=2 (pid=100272)
[A:thread] Worker pinned host=0 client=3 -> cpu=3 (pid=100273)
[A:thread] Worker pinned host=0 client=4 -> cpu=4 (pid=100274)
[A:thread] Worker pinned host=0 client=5 -> cpu=5 (pid=100275)
[A:thread] Worker pinned host=0 client=6 -> cpu=6 (pid=100276)
[A:thread] Worker pinned host=0 client=7 -> cpu=7 (pid=100277)
[A:thread] Worker pinned host=0 client=8 -> cpu=8 (pid=100278)
[A:thread] Worker pinned host=0 client=9 -> cpu=9 (pid=100279)
[A:thread] Worker pinned host=0 client=10 -> cpu=10 (pid=100280)
[A:thread] Worker pinned host=0 client=11 -> cpu=11 (pid=100281)
[A:thread] Worker pinned host=0 client=12 -> cpu=12 (pid=100282)
[A:thread] Worker pinned host=0 client=13 -> cpu=13 (pid=100283)
[A:thread] Worker pinned host=0 client=14 -> cpu=14 (pid=100284)
[A:thread] Worker pinned host=0 client=15 -> cpu=15 (pid=100285)
[A:thread] Worker pinned host=0 client=16 -> cpu=16 (pid=100286)
[A:thread] Worker pinned host=0 client=17 -> cpu=17 (pid=100287)
[A:thread] Worker pinned host=0 client=18 -> cpu=18 (pid=100288)
[A:thread] Worker pinned host=0 client=19 -> cpu=19 (pid=100289)
[A:thread] Worker pinned host=0 client=20 -> cpu=20 (pid=100290)
[A:thread] Worker pinned host=0 client=21 -> cpu=21 (pid=100291)
[A:thread] Worker pinned host=0 client=22 -> cpu=22 (pid=100292)
[A:thread] Worker pinned host=0 client=23 -> cpu=23 (pid=100293)
[A:thread] Worker pinned host=0 client=24 -> cpu=24 (pid=100294)
[A:thread] Worker pinned host=0 client=25 -> cpu=25 (pid=100295)
[A:thread] Worker pinned host=0 client=26 -> cpu=26 (pid=100296)
[A:thread] Worker pinned host=0 client=27 -> cpu=27 (pid=100297)
[A:thread] Worker pinned host=0 client=28 -> cpu=28 (pid=100298)
[A:thread] Worker pinned host=0 client=29 -> cpu=29 (pid=100299)
[A:thread] Worker pinned host=0 client=30 -> cpu=30 (pid=100300)
[A:thread] Worker pinned host=0 client=31 -> cpu=31 (pid=100301)
[A:thread] Worker pinned host=0 client=32 -> cpu=32 (pid=100302)
[A:thread] Worker pinned host=0 client=33 -> cpu=33 (pid=100303)
[A:thread] Worker pinned host=0 client=34 -> cpu=34 (pid=100304)
[A:thread] Worker pinned host=0 client=35 -> cpu=35 (pid=100305)
[A:thread] Worker pinned host=0 client=36 -> cpu=36 (pid=100306)
[A:thread] Worker pinned host=0 client=37 -> cpu=37 (pid=100307)
[A:thread] Worker pinned host=0 client=38 -> cpu=38 (pid=100308)
[A:thread] Worker pinned host=0 client=39 -> cpu=39 (pid=100309)
[A:thread] Worker pinned host=0 client=40 -> cpu=40 (pid=100310)
[A:thread] Worker pinned host=0 client=41 -> cpu=41 (pid=100311)
[A:thread] Worker pinned host=0 client=42 -> cpu=42 (pid=100312)
[A:thread] Worker pinned host=0 client=43 -> cpu=43 (pid=100313)
[A:thread] Worker pinned host=0 client=44 -> cpu=44 (pid=100314)
[A:thread] Worker pinned host=0 client=45 -> cpu=45 (pid=100315)
[A:thread] Worker pinned host=0 client=46 -> cpu=46 (pid=100316)
[A:thread] Worker pinned host=0 client=47 -> cpu=47 (pid=100317)
[A:thread] Worker pinned host=0 client=48 -> cpu=48 (pid=100318)
[A:thread] Worker pinned host=0 client=49 -> cpu=49 (pid=100319)
[A:thread] Worker pinned host=0 client=50 -> cpu=50 (pid=100320)
[A:thread] Worker pinned host=0 client=51 -> cpu=51 (pid=100321)
[A:thread] Worker pinned host=0 client=52 -> cpu=52 (pid=100322)
[A:thread] Worker pinned host=0 client=53 -> cpu=53 (pid=100323)
[A:thread] Worker pinned host=0 client=54 -> cpu=54 (pid=100324)
[A:thread] Worker pinned host=0 client=55 -> cpu=55 (pid=100325)
[A:thread] Worker pinned host=0 client=56 -> cpu=56 (pid=100326)
[A:thread] Worker pinned host=0 client=57 -> cpu=57 (pid=100327)
[A:thread] Worker pinned host=0 client=58 -> cpu=58 (pid=100328)
[A:thread] Worker pinned host=0 client=59 -> cpu=59 (pid=100329)
[A:thread] Worker pinned host=0 client=60 -> cpu=60 (pid=100330)
[A:thread] Worker pinned host=0 client=61 -> cpu=61 (pid=100331)
[A:thread] Worker pinned host=0 client=62 -> cpu=62 (pid=100332)
[A:thread] Worker pinned host=0 client=0 -> cpu=0 (pid=100227)
[A:thread] Worker pinned host=0 client=63 -> cpu=63 (pid=100333)
[A:thread] WriteRecv0 pid=100227 tid=139962682136256 cpu=64 host=0 rings=[0]
[A:thread] ReadRecv0 pid=100227 tid=139962673743552 cpu=65 host=0 rings=[0]
[A:thread] InvalRecv0 pid=100227 tid=139962665350848 cpu=66 host=0 rings=[0]
[A:thread] ReservHandler pid=100227 tid=139962656958144 pinned cpu=85 (host_id=0)
[A:tls] worker host=0 client=62 entries=1024 (~1088 KiB)
[A:tls] worker host=0 client=12 entries=1024 (~1088 KiB)
[A:tls] worker host=0 client=10 entries=1024 (~1088 KiB)
[A:tls] worker host=0 client=58 entries=1024 (~1088 KiB)
[A:tls] worker host=0 client=40 entries=1024 (~1088 KiB)
[A:tls] worker host=0 client=35 entries=1024 (~1088 KiB)
[A:tls] worker host=0 client=61 entries=1024 (~1088 KiB)
[A:tls] worker host=0 client=9 entries=1024 (~1088 KiB)
[A:tls] worker host=0 client=60 entries=1024 (~1088 KiB)
[A:tls] worker host=0 client=59 entries=1024 (~1088 KiB)
[A:tls] worker host=0 client=50 entries=1024 (~1088 KiB)
[A:tls] worker host=0 client=46 entries=1024 (~1088 KiB)
[A:tls] worker host=0 client=51 entries=1024 (~1088 KiB)
[A:tls] worker host=0 client=3 entries=1024 (~1088 KiB)
[A:tls] worker host=0 client=15 entries=1024 (~1088 KiB)
[A:tls] worker host=0 client=18 entries=1024 (~1088 KiB)
[A:tls] worker host=0 client=11 entries=1024 (~1088 KiB)
[A:tls] worker host=0 client=4 entries=1024 (~1088 KiB)
[A:tls] worker host=0 client=39 entries=1024 (~1088 KiB)
[A:tls] worker host=0 client=25 entries=1024 (~1088 KiB)
[A:tls] worker host=0 client=57 entries=1024 (~1088 KiB)
[A:tls] worker host=0 client=23 entries=1024 (~1088 KiB)
[A:tls] worker host=0 client=44 entries=1024 (~1088 KiB)
[A:tls] worker host=0 client=45 entries=1024 (~1088 KiB)
[A:tls] worker host=0 client=32 entries=1024 (~1088 KiB)
[A:tls] worker host=0 client=17 entries=1024 (~1088 KiB)
[A:tls] worker host=0 client=52 entries=1024 (~1088 KiB)
[A:tls] worker host=0 client=22 entries=1024 (~1088 KiB)
[A:tls] worker host=0 client=19 entries=1024 (~1088 KiB)
[A:tls] worker host=0 client=21 entries=1024 (~1088 KiB)
[A:tls] worker host=0 client=27 entries=1024 (~1088 KiB)
[A:tls] worker host=0 client=5 entries=1024 (~1088 KiB)
[A:tls] worker host=0 client=41 entries=1024 (~1088 KiB)
[A:tls] worker host=0 client=0 entries=1024 (~1088 KiB)
[A:tls] worker host=0 client=8 entries=1024 (~1088 KiB)
[A:tls] worker host=0 client=26 entries=1024 (~1088 KiB)
[A:tls] worker host=0 client=28 entries=1024 (~1088 KiB)
[A:tls] worker host=0 client=48 entries=1024 (~1088 KiB)
[A:tls] worker host=0 client=20 entries=1024 (~1088 KiB)
[A:tls] worker host=0 client=54 entries=1024 (~1088 KiB)
[A:tls] worker host=0 client=13 entries=1024 (~1088 KiB)
[A:tls] worker host=0 client=2 entries=1024 (~1088 KiB)
[A:tls] worker host=0 client=43 entries=1024 (~1088 KiB)
[A:tls] worker host=0 client=49 entries=1024 (~1088 KiB)
[A:tls] worker host=0 client=55 entries=1024 (~1088 KiB)
[A:tls] worker host=0 client=47 entries=1024 (~1088 KiB)
[A:tls] worker host=0 client=56 entries=1024 (~1088 KiB)
[A:tls] worker host=0 client=33 entries=1024 (~1088 KiB)
[A:tls] worker host=0 client=38 entries=1024 (~1088 KiB)
[A:tls] worker host=0 client=37 entries=1024 (~1088 KiB)
[A:tls] worker host=0 client=53 entries=1024 (~1088 KiB)
[A:tls] worker host=0 client=29 entries=1024 (~1088 KiB)
[A:tls] worker host=0 client=24 entries=1024 (~1088 KiB)
[A:tls] worker host=0 client=42 entries=1024 (~1088 KiB)
[A:tls] worker host=0 client=31 entries=1024 (~1088 KiB)
[A:tls] worker host=0 client=6 entries=1024 (~1088 KiB)
[A:tls] worker host=0 client=14 entries=1024 (~1088 KiB)
[A:tls] worker host=0 client=63 entries=1024 (~1088 KiB)
[A:tls] worker host=0 client=34 entries=1024 (~1088 KiB)
[A:tls] worker host=0 client=30 entries=1024 (~1088 KiB)
[A:tls] worker host=0 client=16 entries=1024 (~1088 KiB)
[A:tls] worker host=0 client=7 entries=1024 (~1088 KiB)
[A:tls] worker host=0 client=36 entries=1024 (~1088 KiB)
[A:tls] worker host=0 client=1 entries=1024 (~1088 KiB)
# PATH host=0 label=after_LOAD tid=139962682349696 r0_tls=0 r2hit=0 r2miss_local=0 r3=0 cpool_ins_r=0 local_w=2500278 fwd_w=0 local_w_blk_fwd=0 local_w_stg_fwd=0 cpool_ins_w=2500277 cp_evict=0 cp_set_stale=0 cp_lru_evict=1975991 rh_served=0 lrs2r=0 lrs4r=0
# PATH host=0 label=after_LOAD AGG r0_tls=0 r2hit=0 r2miss_local=0 r3=0 cpool_ins_r=0 local_w=2500278 fwd_w=0 local_w_blk_fwd=0 local_w_stg_fwd=0 cpool_ins_w=2500277 cp_evict=0 cp_set_stale=0 cp_lru_evict=1975991 rh_served=0 lrs2r=0 lrs4r=0
YCSB opt=A cache=1 num_hosts=2 threads=64 threads_eff=64 rep=3 load_ops=5000000 load_thpt=160298 trans_ops=5000000 trans_wall_max=0.180487 trans_agg_thpt=27702672 w_avg_ns=0 w_p50_ns=0 w_p99_ns=0 r_avg_ns=5039 r_p50_ns=3889 r_p99_ns=17815 first_op_ns_max=2034279 first_op_ns_avg=605886 ops_to_first_ns_max=2138871 ops_to_first_ns_avg=1235417 # local_read_optA_t64_cacheon_rep3
# PATH host=0 label=after_TRANS tid=139962682349696 r0_tls=0 r2hit=4020 r2miss_local=35043 r3=0 cpool_ins_r=0 local_w=2500278 fwd_w=0 local_w_blk_fwd=0 local_w_stg_fwd=0 cpool_ins_w=2500277 cp_evict=0 cp_set_stale=0 cp_lru_evict=1991418 rh_served=0 lrs2r=0 lrs4r=0
# PATH host=0 label=after_TRANS AGG r0_tls=0 r2hit=4020 r2miss_local=35043 r3=0 cpool_ins_r=0 local_w=2500278 fwd_w=0 local_w_blk_fwd=0 local_w_stg_fwd=0 cpool_ins_w=2500277 cp_evict=0 cp_set_stale=0 cp_lru_evict=1991418 rh_served=0 lrs2r=0 lrs4r=0
# CACHE_FILL host=0 cache_buckets=131072 capacity=524288 filled=524286 stale=0 tomb=0 fill_pct=100.000
