[A:cfg] ring_sharding T=64 N=0 (disabled) -> shards=1 block=64 routing=worker_id
[A:thread] Worker pinned host=0 client=1 -> cpu=1 (pid=102733)
[A:thread] Worker pinned host=0 client=2 -> cpu=2 (pid=102734)
[A:thread] Worker pinned host=0 client=3 -> cpu=3 (pid=102735)
[A:thread] Worker pinned host=0 client=4 -> cpu=4 (pid=102736)
[A:thread] Worker pinned host=0 client=5 -> cpu=5 (pid=102737)
[A:thread] Worker pinned host=0 client=6 -> cpu=6 (pid=102738)
[A:thread] Worker pinned host=0 client=7 -> cpu=7 (pid=102739)
[A:thread] Worker pinned host=0 client=8 -> cpu=8 (pid=102740)
[A:thread] Worker pinned host=0 client=9 -> cpu=9 (pid=102741)
[A:thread] Worker pinned host=0 client=10 -> cpu=10 (pid=102742)
[A:thread] Worker pinned host=0 client=11 -> cpu=11 (pid=102743)
[A:thread] Worker pinned host=0 client=12 -> cpu=12 (pid=102744)
[A:thread] Worker pinned host=0 client=13 -> cpu=13 (pid=102745)
[A:thread] Worker pinned host=0 client=14 -> cpu=14 (pid=102746)
[A:thread] Worker pinned host=0 client=15 -> cpu=15 (pid=102747)
[A:thread] Worker pinned host=0 client=16 -> cpu=16 (pid=102748)
[A:thread] Worker pinned host=0 client=17 -> cpu=17 (pid=102749)
[A:thread] Worker pinned host=0 client=18 -> cpu=18 (pid=102750)
[A:thread] Worker pinned host=0 client=19 -> cpu=19 (pid=102751)
[A:thread] Worker pinned host=0 client=20 -> cpu=20 (pid=102752)
[A:thread] Worker pinned host=0 client=21 -> cpu=21 (pid=102753)
[A:thread] Worker pinned host=0 client=22 -> cpu=22 (pid=102754)
[A:thread] Worker pinned host=0 client=23 -> cpu=23 (pid=102755)
[A:thread] Worker pinned host=0 client=24 -> cpu=24 (pid=102756)
[A:thread] Worker pinned host=0 client=25 -> cpu=25 (pid=102757)
[A:thread] Worker pinned host=0 client=26 -> cpu=26 (pid=102758)
[A:thread] Worker pinned host=0 client=27 -> cpu=27 (pid=102759)
[A:thread] Worker pinned host=0 client=28 -> cpu=28 (pid=102760)
[A:thread] Worker pinned host=0 client=29 -> cpu=29 (pid=102761)
[A:thread] Worker pinned host=0 client=30 -> cpu=30 (pid=102762)
[A:thread] Worker pinned host=0 client=31 -> cpu=31 (pid=102763)
[A:thread] Worker pinned host=0 client=32 -> cpu=32 (pid=102764)
[A:thread] Worker pinned host=0 client=33 -> cpu=33 (pid=102765)
[A:thread] Worker pinned host=0 client=34 -> cpu=34 (pid=102766)
[A:thread] Worker pinned host=0 client=35 -> cpu=35 (pid=102767)
[A:thread] Worker pinned host=0 client=36 -> cpu=36 (pid=102768)
[A:thread] Worker pinned host=0 client=37 -> cpu=37 (pid=102769)
[A:thread] Worker pinned host=0 client=38 -> cpu=38 (pid=102770)
[A:thread] Worker pinned host=0 client=39 -> cpu=39 (pid=102771)
[A:thread] Worker pinned host=0 client=40 -> cpu=40 (pid=102772)
[A:thread] Worker pinned host=0 client=41 -> cpu=41 (pid=102773)
[A:thread] Worker pinned host=0 client=42 -> cpu=42 (pid=102774)
[A:thread] Worker pinned host=0 client=43 -> cpu=43 (pid=102775)
[A:thread] Worker pinned host=0 client=44 -> cpu=44 (pid=102776)
[A:thread] Worker pinned host=0 client=45 -> cpu=45 (pid=102777)
[A:thread] Worker pinned host=0 client=46 -> cpu=46 (pid=102778)
[A:thread] Worker pinned host=0 client=47 -> cpu=47 (pid=102779)
[A:thread] Worker pinned host=0 client=48 -> cpu=48 (pid=102780)
[A:thread] Worker pinned host=0 client=49 -> cpu=49 (pid=102781)
[A:thread] Worker pinned host=0 client=51 -> cpu=51 (pid=102783)
[A:thread] Worker pinned host=0 client=52 -> cpu=52 (pid=102784)
[A:thread] Worker pinned host=0 client=50 -> cpu=50 (pid=102782)
[A:thread] Worker pinned host=0 client=54 -> cpu=54 (pid=102786)
[A:thread] Worker pinned host=0 client=55 -> cpu=55 (pid=102787)
[A:thread] Worker pinned host=0 client=56 -> cpu=56 (pid=102788)
[A:thread] Worker pinned host=0 client=57 -> cpu=57 (pid=102789)
[A:thread] Worker pinned host=0 client=53 -> cpu=53 (pid=102785)
[A:thread] Worker pinned host=0 client=58 -> cpu=58 (pid=102790)
[A:thread] Worker pinned host=0 client=59 -> cpu=59 (pid=102791)
[A:thread] Worker pinned host=0 client=60 -> cpu=60 (pid=102792)
[A:thread] Worker pinned host=0 client=61 -> cpu=61 (pid=102793)
[A:thread] Worker pinned host=0 client=62 -> cpu=62 (pid=102794)
[A:thread] Worker pinned host=0 client=0 -> cpu=0 (pid=102732)
[A:thread] Worker pinned host=0 client=63 -> cpu=63 (pid=102795)
[A:thread] WriteRecv0 pid=102732 tid=140534399829696 cpu=64 host=0 rings=[0]
[A:thread] ReadRecv0 pid=102732 tid=140534391436992 cpu=65 host=0 rings=[0]
[A:thread] InvalRecv0 pid=102732 tid=140534383044288 cpu=66 host=0 rings=[0]
[A:thread] ReservHandler pid=102732 tid=140534374651584 pinned cpu=85 (host_id=0)
[A:tls] worker host=0 client=59 entries=1024 (~1088 KiB)
[A:tls] worker host=0 client=40 entries=1024 (~1088 KiB)
[A:tls] worker host=0 client=44 entries=1024 (~1088 KiB)
[A:tls] worker host=0 client=33 entries=1024 (~1088 KiB)
[A:tls] worker host=0 client=24 entries=1024 (~1088 KiB)
[A:tls] worker host=0 client=32 entries=1024 (~1088 KiB)
[A:tls] worker host=0 client=17 entries=1024 (~1088 KiB)
[A:tls] worker host=0 client=50 entries=1024 (~1088 KiB)
[A:tls] worker host=0 client=14 entries=1024 (~1088 KiB)
[A:tls] worker host=0 client=23 entries=1024 (~1088 KiB)
[A:tls] worker host=0 client=22 entries=1024 (~1088 KiB)
[A:tls] worker host=0 client=21 entries=1024 (~1088 KiB)
[A:tls] worker host=0 client=48 entries=1024 (~1088 KiB)
[A:tls] worker host=0 client=2 entries=1024 (~1088 KiB)
[A:tls] worker host=0 client=55 entries=1024 (~1088 KiB)
[A:tls] worker host=0 client=51 entries=1024 (~1088 KiB)
[A:tls] worker host=0 client=5 entries=1024 (~1088 KiB)
[A:tls] worker host=0 client=10 entries=1024 (~1088 KiB)
[A:tls] worker host=0 client=12 entries=1024 (~1088 KiB)
[A:tls] worker host=0 client=39 entries=1024 (~1088 KiB)
[A:tls] worker host=0 client=20 entries=1024 (~1088 KiB)
[A:tls] worker host=0 client=18 entries=1024 (~1088 KiB)
[A:tls] worker host=0 client=7 entries=1024 (~1088 KiB)
[A:tls] worker host=0 client=60 entries=1024 (~1088 KiB)
[A:tls] worker host=0 client=34 entries=1024 (~1088 KiB)
[A:tls] worker host=0 client=26 entries=1024 (~1088 KiB)
[A:tls] worker host=0 client=38 entries=1024 (~1088 KiB)
[A:tls] worker host=0 client=0 entries=1024 (~1088 KiB)
[A:tls] worker host=0 client=43 entries=1024 (~1088 KiB)
[A:tls] worker host=0 client=36 entries=1024 (~1088 KiB)
[A:tls] worker host=0 client=62 entries=1024 (~1088 KiB)
[A:tls] worker host=0 client=8 entries=1024 (~1088 KiB)
[A:tls] worker host=0 client=57 entries=1024 (~1088 KiB)
[A:tls] worker host=0 client=9 entries=1024 (~1088 KiB)
[A:tls] worker host=0 client=47 entries=1024 (~1088 KiB)
[A:tls] worker host=0 client=31 entries=1024 (~1088 KiB)
[A:tls] worker host=0 client=46 entries=1024 (~1088 KiB)
[A:tls] worker host=0 client=52 entries=1024 (~1088 KiB)
[A:tls] worker host=0 client=61 entries=1024 (~1088 KiB)
[A:tls] worker host=0 client=45 entries=1024 (~1088 KiB)
[A:tls] worker host=0 client=42 entries=1024 (~1088 KiB)
[A:tls] worker host=0 client=56 entries=1024 (~1088 KiB)
[A:tls] worker host=0 client=30 entries=1024 (~1088 KiB)
[A:tls] worker host=0 client=41 entries=1024 (~1088 KiB)
[A:tls] worker host=0 client=37 entries=1024 (~1088 KiB)
[A:tls] worker host=0 client=35 entries=1024 (~1088 KiB)
[A:tls] worker host=0 client=13 entries=1024 (~1088 KiB)
[A:tls] worker host=0 client=25 entries=1024 (~1088 KiB)
[A:tls] worker host=0 client=27 entries=1024 (~1088 KiB)
[A:tls] worker host=0 client=1 entries=1024 (~1088 KiB)
[A:tls] worker host=0 client=6 entries=1024 (~1088 KiB)
[A:tls] worker host=0 client=19 entries=1024 (~1088 KiB)
[A:tls] worker host=0 client=11 entries=1024 (~1088 KiB)
[A:tls] worker host=0 client=16 entries=1024 (~1088 KiB)
[A:tls] worker host=0 client=4 entries=1024 (~1088 KiB)
[A:tls] worker host=0 client=54 entries=1024 (~1088 KiB)
[A:tls] worker host=0 client=63 entries=1024 (~1088 KiB)
[A:tls] worker host=0 client=15 entries=1024 (~1088 KiB)
[A:tls] worker host=0 client=29 entries=1024 (~1088 KiB)
[A:tls] worker host=0 client=58 entries=1024 (~1088 KiB)
[A:tls] worker host=0 client=28 entries=1024 (~1088 KiB)
[A:tls] worker host=0 client=3 entries=1024 (~1088 KiB)
[A:tls] worker host=0 client=53 entries=1024 (~1088 KiB)
[A:tls] worker host=0 client=49 entries=1024 (~1088 KiB)
# PATH host=0 label=after_LOAD tid=140534400043136 r0_tls=0 r2hit=0 r2miss_local=0 r3=0 cpool_ins_r=0 local_w=2500278 fwd_w=0 local_w_blk_fwd=0 local_w_stg_fwd=0 cpool_ins_w=2500277 cp_evict=0 cp_set_stale=0 cp_lru_evict=1975991 rh_served=0 lrs2r=0 lrs4r=0
# PATH host=0 label=after_LOAD AGG r0_tls=0 r2hit=0 r2miss_local=0 r3=0 cpool_ins_r=0 local_w=2500278 fwd_w=0 local_w_blk_fwd=0 local_w_stg_fwd=0 cpool_ins_w=2500277 cp_evict=0 cp_set_stale=0 cp_lru_evict=1975991 rh_served=0 lrs2r=0 lrs4r=0
YCSB opt=A cache=1 num_hosts=2 threads=64 threads_eff=64 rep=2 load_ops=5000000 load_thpt=158021 trans_ops=5000000 trans_wall_max=0.185746 trans_agg_thpt=26918335 w_avg_ns=0 w_p50_ns=0 w_p99_ns=0 r_avg_ns=5233 r_p50_ns=3989 r_p99_ns=18127 first_op_ns_max=1746707 first_op_ns_avg=504735 ops_to_first_ns_max=1748057 ops_to_first_ns_avg=973959 # local_read_optA_t64_cacheon_rep2
# PATH host=0 label=after_TRANS tid=140534400043136 r0_tls=0 r2hit=3996 r2miss_local=35067 r3=0 cpool_ins_r=0 local_w=2500278 fwd_w=0 local_w_blk_fwd=0 local_w_stg_fwd=0 cpool_ins_w=2500277 cp_evict=0 cp_set_stale=0 cp_lru_evict=1991447 rh_served=0 lrs2r=1 lrs4r=4
# PATH host=0 label=after_TRANS AGG r0_tls=0 r2hit=3996 r2miss_local=35067 r3=0 cpool_ins_r=0 local_w=2500278 fwd_w=0 local_w_blk_fwd=0 local_w_stg_fwd=0 cpool_ins_w=2500277 cp_evict=0 cp_set_stale=0 cp_lru_evict=1991447 rh_served=0 lrs2r=1 lrs4r=4
# CACHE_FILL host=0 cache_buckets=131072 capacity=524288 filled=524286 stale=0 tomb=0 fill_pct=100.000
