[A:cfg] ring_sharding T=64 N=0 (disabled) -> shards=1 block=64 routing=worker_id
[A:thread] Worker pinned host=0 client=1 -> cpu=1 (pid=104919)
[A:thread] Worker pinned host=0 client=2 -> cpu=2 (pid=104920)
[A:thread] Worker pinned host=0 client=3 -> cpu=3 (pid=104921)
[A:thread] Worker pinned host=0 client=4 -> cpu=4 (pid=104922)
[A:thread] Worker pinned host=0 client=5 -> cpu=5 (pid=104923)
[A:thread] Worker pinned host=0 client=6 -> cpu=6 (pid=104924)
[A:thread] Worker pinned host=0 client=7 -> cpu=7 (pid=104925)
[A:thread] Worker pinned host=0 client=8 -> cpu=8 (pid=104926)
[A:thread] Worker pinned host=0 client=9 -> cpu=9 (pid=104927)
[A:thread] Worker pinned host=0 client=10 -> cpu=10 (pid=104928)
[A:thread] Worker pinned host=0 client=11 -> cpu=11 (pid=104929)
[A:thread] Worker pinned host=0 client=12 -> cpu=12 (pid=104930)
[A:thread] Worker pinned host=0 client=13 -> cpu=13 (pid=104931)
[A:thread] Worker pinned host=0 client=14 -> cpu=14 (pid=104932)
[A:thread] Worker pinned host=0 client=15 -> cpu=15 (pid=104933)
[A:thread] Worker pinned host=0 client=16 -> cpu=16 (pid=104934)
[A:thread] Worker pinned host=0 client=17 -> cpu=17 (pid=104935)
[A:thread] Worker pinned host=0 client=18 -> cpu=18 (pid=104936)
[A:thread] Worker pinned host=0 client=19 -> cpu=19 (pid=104937)
[A:thread] Worker pinned host=0 client=20 -> cpu=20 (pid=104938)
[A:thread] Worker pinned host=0 client=21 -> cpu=21 (pid=104939)
[A:thread] Worker pinned host=0 client=22 -> cpu=22 (pid=104940)
[A:thread] Worker pinned host=0 client=23 -> cpu=23 (pid=104941)
[A:thread] Worker pinned host=0 client=24 -> cpu=24 (pid=104942)
[A:thread] Worker pinned host=0 client=25 -> cpu=25 (pid=104943)
[A:thread] Worker pinned host=0 client=26 -> cpu=26 (pid=104944)
[A:thread] Worker pinned host=0 client=27 -> cpu=27 (pid=104945)
[A:thread] Worker pinned host=0 client=28 -> cpu=28 (pid=104946)
[A:thread] Worker pinned host=0 client=29 -> cpu=29 (pid=104947)
[A:thread] Worker pinned host=0 client=30 -> cpu=30 (pid=104948)
[A:thread] Worker pinned host=0 client=31 -> cpu=31 (pid=104949)
[A:thread] Worker pinned host=0 client=32 -> cpu=32 (pid=104950)
[A:thread] Worker pinned host=0 client=33 -> cpu=33 (pid=104951)
[A:thread] Worker pinned host=0 client=34 -> cpu=34 (pid=104952)
[A:thread] Worker pinned host=0 client=35 -> cpu=35 (pid=104953)
[A:thread] Worker pinned host=0 client=36 -> cpu=36 (pid=104954)
[A:thread] Worker pinned host=0 client=37 -> cpu=37 (pid=104955)
[A:thread] Worker pinned host=0 client=38 -> cpu=38 (pid=104956)
[A:thread] Worker pinned host=0 client=39 -> cpu=39 (pid=104957)
[A:thread] Worker pinned host=0 client=40 -> cpu=40 (pid=104958)
[A:thread] Worker pinned host=0 client=41 -> cpu=41 (pid=104959)
[A:thread] Worker pinned host=0 client=42 -> cpu=42 (pid=104960)
[A:thread] Worker pinned host=0 client=43 -> cpu=43 (pid=104961)
[A:thread] Worker pinned host=0 client=44 -> cpu=44 (pid=104962)
[A:thread] Worker pinned host=0 client=45 -> cpu=45 (pid=104963)
[A:thread] Worker pinned host=0 client=46 -> cpu=46 (pid=104964)
[A:thread] Worker pinned host=0 client=47 -> cpu=47 (pid=104965)
[A:thread] Worker pinned host=0 client=48 -> cpu=48 (pid=104966)
[A:thread] Worker pinned host=0 client=49 -> cpu=49 (pid=104967)
[A:thread] Worker pinned host=0 client=50 -> cpu=50 (pid=104968)
[A:thread] Worker pinned host=0 client=51 -> cpu=51 (pid=104969)
[A:thread] Worker pinned host=0 client=52 -> cpu=52 (pid=104970)
[A:thread] Worker pinned host=0 client=53 -> cpu=53 (pid=104971)
[A:thread] Worker pinned host=0 client=54 -> cpu=54 (pid=104972)
[A:thread] Worker pinned host=0 client=55 -> cpu=55 (pid=104973)
[A:thread] Worker pinned host=0 client=56 -> cpu=56 (pid=104974)
[A:thread] Worker pinned host=0 client=57 -> cpu=57 (pid=104975)
[A:thread] Worker pinned host=0 client=58 -> cpu=58 (pid=104976)
[A:thread] Worker pinned host=0 client=59 -> cpu=59 (pid=104977)
[A:thread] Worker pinned host=0 client=60 -> cpu=60 (pid=104978)
[A:thread] Worker pinned host=0 client=61 -> cpu=61 (pid=104979)
[A:thread] Worker pinned host=0 client=62 -> cpu=62 (pid=104980)
[A:thread] Worker pinned host=0 client=0 -> cpu=0 (pid=104894)
[A:thread] Worker pinned host=0 client=63 -> cpu=63 (pid=104981)
[A:thread] WriteRecv0 pid=104894 tid=139731933918912 cpu=64 host=0 rings=[0]
[A:thread] ReadRecv0 pid=104894 tid=139731925526208 cpu=65 host=0 rings=[0]
[A:thread] InvalRecv0 pid=104894 tid=139731917133504 cpu=66 host=0 rings=[0]
[A:thread] ReservHandler pid=104894 tid=139731908740800 pinned cpu=85 (host_id=0)
[A:tls] worker host=0 client=7 entries=1024 (~1088 KiB)
[A:tls] worker host=0 client=56 entries=1024 (~1088 KiB)
[A:tls] worker host=0 client=57 entries=1024 (~1088 KiB)
[A:tls] worker host=0 client=43 entries=1024 (~1088 KiB)
[A:tls] worker host=0 client=47 entries=1024 (~1088 KiB)
[A:tls] worker host=0 client=50 entries=1024 (~1088 KiB)
[A:tls] worker host=0 client=15 entries=1024 (~1088 KiB)
[A:tls] worker host=0 client=14 entries=1024 (~1088 KiB)
[A:tls] worker host=0 client=58 entries=1024 (~1088 KiB)
[A:tls] worker host=0 client=27 entries=1024 (~1088 KiB)
[A:tls] worker host=0 client=35 entries=1024 (~1088 KiB)
[A:tls] worker host=0 client=1 entries=1024 (~1088 KiB)
[A:tls] worker host=0 client=36 entries=1024 (~1088 KiB)
[A:tls] worker host=0 client=12 entries=1024 (~1088 KiB)
[A:tls] worker host=0 client=8 entries=1024 (~1088 KiB)
[A:tls] worker host=0 client=44 entries=1024 (~1088 KiB)
[A:tls] worker host=0 client=45 entries=1024 (~1088 KiB)
[A:tls] worker host=0 client=54 entries=1024 (~1088 KiB)
[A:tls] worker host=0 client=33 entries=1024 (~1088 KiB)
[A:tls] worker host=0 client=51 entries=1024 (~1088 KiB)
[A:tls] worker host=0 client=63 entries=1024 (~1088 KiB)
[A:tls] worker host=0 client=2 entries=1024 (~1088 KiB)
[A:tls] worker host=0 client=62 entries=1024 (~1088 KiB)
[A:tls] worker host=0 client=61 entries=1024 (~1088 KiB)
[A:tls] worker host=0 client=29 entries=1024 (~1088 KiB)
[A:tls] worker host=0 client=49 entries=1024 (~1088 KiB)
[A:tls] worker host=0 client=20 entries=1024 (~1088 KiB)
[A:tls] worker host=0 client=0 entries=1024 (~1088 KiB)
[A:tls] worker host=0 client=42 entries=1024 (~1088 KiB)
[A:tls] worker host=0 client=6 entries=1024 (~1088 KiB)
[A:tls] worker host=0 client=34 entries=1024 (~1088 KiB)
[A:tls] worker host=0 client=30 entries=1024 (~1088 KiB)
[A:tls] worker host=0 client=59 entries=1024 (~1088 KiB)
[A:tls] worker host=0 client=46 entries=1024 (~1088 KiB)
[A:tls] worker host=0 client=53 entries=1024 (~1088 KiB)
[A:tls] worker host=0 client=3 entries=1024 (~1088 KiB)
[A:tls] worker host=0 client=23 entries=1024 (~1088 KiB)
[A:tls] worker host=0 client=37 entries=1024 (~1088 KiB)
[A:tls] worker host=0 client=9 entries=1024 (~1088 KiB)
[A:tls] worker host=0 client=31 entries=1024 (~1088 KiB)
[A:tls] worker host=0 client=4 entries=1024 (~1088 KiB)
[A:tls] worker host=0 client=55 entries=1024 (~1088 KiB)
[A:tls] worker host=0 client=11 entries=1024 (~1088 KiB)
[A:tls] worker host=0 client=24 entries=1024 (~1088 KiB)
[A:tls] worker host=0 client=52 entries=1024 (~1088 KiB)
[A:tls] worker host=0 client=28 entries=1024 (~1088 KiB)
[A:tls] worker host=0 client=17 entries=1024 (~1088 KiB)
[A:tls] worker host=0 client=22 entries=1024 (~1088 KiB)
[A:tls] worker host=0 client=48 entries=1024 (~1088 KiB)
[A:tls] worker host=0 client=39 entries=1024 (~1088 KiB)
[A:tls] worker host=0 client=38 entries=1024 (~1088 KiB)
[A:tls] worker host=0 client=5 entries=1024 (~1088 KiB)
[A:tls] worker host=0 client=60 entries=1024 (~1088 KiB)
[A:tls] worker host=0 client=41 entries=1024 (~1088 KiB)
[A:tls] worker host=0 client=40 entries=1024 (~1088 KiB)
[A:tls] worker host=0 client=13 entries=1024 (~1088 KiB)
[A:tls] worker host=0 client=21 entries=1024 (~1088 KiB)
[A:tls] worker host=0 client=19 entries=1024 (~1088 KiB)
[A:tls] worker host=0 client=32 entries=1024 (~1088 KiB)
[A:tls] worker host=0 client=25 entries=1024 (~1088 KiB)
[A:tls] worker host=0 client=16 entries=1024 (~1088 KiB)
[A:tls] worker host=0 client=26 entries=1024 (~1088 KiB)
[A:tls] worker host=0 client=10 entries=1024 (~1088 KiB)
[A:tls] worker host=0 client=18 entries=1024 (~1088 KiB)
# PATH host=0 label=after_LOAD tid=139731934132352 r0_tls=0 r2hit=0 r2miss_local=0 r3=0 cpool_ins_r=0 local_w=2499230 fwd_w=0 local_w_blk_fwd=0 local_w_stg_fwd=0 cpool_ins_w=2499228 cp_evict=0 cp_set_stale=0 cp_lru_evict=1974943 rh_served=0 lrs2r=0 lrs4r=0
# PATH host=0 label=after_LOAD AGG r0_tls=0 r2hit=0 r2miss_local=0 r3=0 cpool_ins_r=0 local_w=2499230 fwd_w=0 local_w_blk_fwd=0 local_w_stg_fwd=0 cpool_ins_w=2499228 cp_evict=0 cp_set_stale=0 cp_lru_evict=1974943 rh_served=0 lrs2r=0 lrs4r=0
YCSB opt=A cache=1 num_hosts=2 threads=64 threads_eff=64 rep=3 load_ops=5000000 load_thpt=158066 trans_ops=5000000 trans_wall_max=0.315995 trans_agg_thpt=15822985 w_avg_ns=0 w_p50_ns=0 w_p99_ns=0 r_avg_ns=2298 r_p50_ns=249 r_p99_ns=51893 first_op_ns_max=1485748 first_op_ns_avg=257809 ops_to_first_ns_max=1652762 ops_to_first_ns_avg=926860 # local_read_optA_t64_cacheon_rep3
# PATH host=0 label=after_TRANS tid=139731934132352 r0_tls=0 r2hit=6238 r2miss_local=32825 r3=0 cpool_ins_r=0 local_w=2499230 fwd_w=0 local_w_blk_fwd=0 local_w_stg_fwd=0 cpool_ins_w=2499228 cp_evict=0 cp_set_stale=0 cp_lru_evict=1975124 rh_served=0 lrs2r=0 lrs4r=0
# PATH host=0 label=after_TRANS AGG r0_tls=0 r2hit=6238 r2miss_local=32825 r3=0 cpool_ins_r=0 local_w=2499230 fwd_w=0 local_w_blk_fwd=0 local_w_stg_fwd=0 cpool_ins_w=2499228 cp_evict=0 cp_set_stale=0 cp_lru_evict=1975124 rh_served=0 lrs2r=0 lrs4r=0
# CACHE_FILL host=0 cache_buckets=131072 capacity=524288 filled=524285 stale=0 tomb=0 fill_pct=99.999
