[A:cfg] ring_sharding T=64 N=0 (disabled) -> shards=1 block=64 routing=worker_id
[A:thread] Worker pinned host=0 client=1 -> cpu=1 (pid=103101)
[A:thread] Worker pinned host=0 client=2 -> cpu=2 (pid=103102)
[A:thread] Worker pinned host=0 client=3 -> cpu=3 (pid=103103)
[A:thread] Worker pinned host=0 client=4 -> cpu=4 (pid=103104)
[A:thread] Worker pinned host=0 client=5 -> cpu=5 (pid=103105)
[A:thread] Worker pinned host=0 client=6 -> cpu=6 (pid=103106)
[A:thread] Worker pinned host=0 client=8 -> cpu=8 (pid=103108)
[A:thread] Worker pinned host=0 client=9 -> cpu=9 (pid=103109)
[A:thread] Worker pinned host=0 client=10 -> cpu=10 (pid=103110)
[A:thread] Worker pinned host=0 client=7 -> cpu=7 (pid=103107)
[A:thread] Worker pinned host=0 client=11 -> cpu=11 (pid=103111)
[A:thread] Worker pinned host=0 client=12 -> cpu=12 (pid=103112)
[A:thread] Worker pinned host=0 client=13 -> cpu=13 (pid=103113)
[A:thread] Worker pinned host=0 client=14 -> cpu=14 (pid=103114)
[A:thread] Worker pinned host=0 client=15 -> cpu=15 (pid=103115)
[A:thread] Worker pinned host=0 client=16 -> cpu=16 (pid=103116)
[A:thread] Worker pinned host=0 client=17 -> cpu=17 (pid=103117)
[A:thread] Worker pinned host=0 client=19 -> cpu=19 (pid=103119)
[A:thread] Worker pinned host=0 client=20 -> cpu=20 (pid=103120)
[A:thread] Worker pinned host=0 client=21 -> cpu=21 (pid=103121)
[A:thread] Worker pinned host=0 client=18 -> cpu=18 (pid=103118)
[A:thread] Worker pinned host=0 client=22 -> cpu=22 (pid=103122)
[A:thread] Worker pinned host=0 client=23 -> cpu=23 (pid=103123)
[A:thread] Worker pinned host=0 client=24 -> cpu=24 (pid=103124)
[A:thread] Worker pinned host=0 client=25 -> cpu=25 (pid=103125)
[A:thread] Worker pinned host=0 client=26 -> cpu=26 (pid=103126)
[A:thread] Worker pinned host=0 client=28 -> cpu=28 (pid=103128)
[A:thread] Worker pinned host=0 client=29 -> cpu=29 (pid=103129)
[A:thread] Worker pinned host=0 client=30 -> cpu=30 (pid=103130)
[A:thread] Worker pinned host=0 client=31 -> cpu=31 (pid=103131)
[A:thread] Worker pinned host=0 client=27 -> cpu=27 (pid=103127)
[A:thread] Worker pinned host=0 client=32 -> cpu=32 (pid=103132)
[A:thread] Worker pinned host=0 client=33 -> cpu=33 (pid=103133)
[A:thread] Worker pinned host=0 client=34 -> cpu=34 (pid=103134)
[A:thread] Worker pinned host=0 client=35 -> cpu=35 (pid=103135)
[A:thread] Worker pinned host=0 client=36 -> cpu=36 (pid=103136)
[A:thread] Worker pinned host=0 client=37 -> cpu=37 (pid=103137)
[A:thread] Worker pinned host=0 client=38 -> cpu=38 (pid=103138)
[A:thread] Worker pinned host=0 client=39 -> cpu=39 (pid=103139)
[A:thread] Worker pinned host=0 client=40 -> cpu=40 (pid=103140)
[A:thread] Worker pinned host=0 client=41 -> cpu=41 (pid=103141)
[A:thread] Worker pinned host=0 client=42 -> cpu=42 (pid=103142)
[A:thread] Worker pinned host=0 client=43 -> cpu=43 (pid=103143)
[A:thread] Worker pinned host=0 client=44 -> cpu=44 (pid=103144)
[A:thread] Worker pinned host=0 client=45 -> cpu=45 (pid=103145)
[A:thread] Worker pinned host=0 client=46 -> cpu=46 (pid=103146)
[A:thread] Worker pinned host=0 client=47 -> cpu=47 (pid=103147)
[A:thread] Worker pinned host=0 client=48 -> cpu=48 (pid=103148)
[A:thread] Worker pinned host=0 client=49 -> cpu=49 (pid=103149)
[A:thread] Worker pinned host=0 client=50 -> cpu=50 (pid=103150)
[A:thread] Worker pinned host=0 client=51 -> cpu=51 (pid=103151)
[A:thread] Worker pinned host=0 client=52 -> cpu=52 (pid=103152)
[A:thread] Worker pinned host=0 client=53 -> cpu=53 (pid=103153)
[A:thread] Worker pinned host=0 client=54 -> cpu=54 (pid=103154)
[A:thread] Worker pinned host=0 client=55 -> cpu=55 (pid=103155)
[A:thread] Worker pinned host=0 client=56 -> cpu=56 (pid=103156)
[A:thread] Worker pinned host=0 client=57 -> cpu=57 (pid=103157)
[A:thread] Worker pinned host=0 client=58 -> cpu=58 (pid=103158)
[A:thread] Worker pinned host=0 client=59 -> cpu=59 (pid=103159)
[A:thread] Worker pinned host=0 client=60 -> cpu=60 (pid=103160)
[A:thread] Worker pinned host=0 client=61 -> cpu=61 (pid=103161)
[A:thread] Worker pinned host=0 client=62 -> cpu=62 (pid=103162)
[A:thread] Worker pinned host=0 client=0 -> cpu=0 (pid=103100)
[A:thread] Worker pinned host=0 client=63 -> cpu=63 (pid=103163)
[A:thread] WriteRecv0 pid=103100 tid=139767908284096 cpu=64 host=0 rings=[0]
[A:thread] ReadRecv0 pid=103100 tid=139767899891392 cpu=65 host=0 rings=[0]
[A:thread] InvalRecv0 pid=103100 tid=139767891498688 cpu=66 host=0 rings=[0]
[A:thread] ReservHandler pid=103100 tid=139767883105984 pinned cpu=85 (host_id=0)
[A:tls] worker host=0 client=18 entries=1024 (~1088 KiB)
[A:tls] worker host=0 client=17 entries=1024 (~1088 KiB)
[A:tls] worker host=0 client=1 entries=1024 (~1088 KiB)
[A:tls] worker host=0 client=0 entries=1024 (~1088 KiB)
[A:tls] worker host=0 client=51 entries=1024 (~1088 KiB)
[A:tls] worker host=0 client=15 entries=1024 (~1088 KiB)
[A:tls] worker host=0 client=46 entries=1024 (~1088 KiB)
[A:tls] worker host=0 client=52 entries=1024 (~1088 KiB)
[A:tls] worker host=0 client=6 entries=1024 (~1088 KiB)
[A:tls] worker host=0 client=43 entries=1024 (~1088 KiB)
[A:tls] worker host=0 client=62 entries=1024 (~1088 KiB)
[A:tls] worker host=0 client=60 entries=1024 (~1088 KiB)
[A:tls] worker host=0 client=45 entries=1024 (~1088 KiB)
[A:tls] worker host=0 client=2 entries=1024 (~1088 KiB)
[A:tls] worker host=0 client=55 entries=1024 (~1088 KiB)
[A:tls] worker host=0 client=40 entries=1024 (~1088 KiB)
[A:tls] worker host=0 client=50 entries=1024 (~1088 KiB)
[A:tls] worker host=0 client=14 entries=1024 (~1088 KiB)
[A:tls] worker host=0 client=63 entries=1024 (~1088 KiB)
[A:tls] worker host=0 client=61 entries=1024 (~1088 KiB)
[A:tls] worker host=0 client=30 entries=1024 (~1088 KiB)
[A:tls] worker host=0 client=35 entries=1024 (~1088 KiB)
[A:tls] worker host=0 client=19 entries=1024 (~1088 KiB)
[A:tls] worker host=0 client=11 entries=1024 (~1088 KiB)
[A:tls] worker host=0 client=13 entries=1024 (~1088 KiB)
[A:tls] worker host=0 client=36 entries=1024 (~1088 KiB)
[A:tls] worker host=0 client=21 entries=1024 (~1088 KiB)
[A:tls] worker host=0 client=16 entries=1024 (~1088 KiB)
[A:tls] worker host=0 client=29 entries=1024 (~1088 KiB)
[A:tls] worker host=0 client=38 entries=1024 (~1088 KiB)
[A:tls] worker host=0 client=7 entries=1024 (~1088 KiB)
[A:tls] worker host=0 client=42 entries=1024 (~1088 KiB)
[A:tls] worker host=0 client=49 entries=1024 (~1088 KiB)
[A:tls] worker host=0 client=59 entries=1024 (~1088 KiB)
[A:tls] worker host=0 client=58 entries=1024 (~1088 KiB)
[A:tls] worker host=0 client=3 entries=1024 (~1088 KiB)
[A:tls] worker host=0 client=54 entries=1024 (~1088 KiB)
[A:tls] worker host=0 client=56 entries=1024 (~1088 KiB)
[A:tls] worker host=0 client=47 entries=1024 (~1088 KiB)
[A:tls] worker host=0 client=22 entries=1024 (~1088 KiB)
[A:tls] worker host=0 client=57 entries=1024 (~1088 KiB)
[A:tls] worker host=0 client=8 entries=1024 (~1088 KiB)
[A:tls] worker host=0 client=9 entries=1024 (~1088 KiB)
[A:tls] worker host=0 client=12 entries=1024 (~1088 KiB)
[A:tls] worker host=0 client=53 entries=1024 (~1088 KiB)
[A:tls] worker host=0 client=27 entries=1024 (~1088 KiB)
[A:tls] worker host=0 client=10 entries=1024 (~1088 KiB)
[A:tls] worker host=0 client=32 entries=1024 (~1088 KiB)
[A:tls] worker host=0 client=48 entries=1024 (~1088 KiB)
[A:tls] worker host=0 client=31 entries=1024 (~1088 KiB)
[A:tls] worker host=0 client=28 entries=1024 (~1088 KiB)
[A:tls] worker host=0 client=25 entries=1024 (~1088 KiB)
[A:tls] worker host=0 client=37 entries=1024 (~1088 KiB)
[A:tls] worker host=0 client=23 entries=1024 (~1088 KiB)
[A:tls] worker host=0 client=4 entries=1024 (~1088 KiB)
[A:tls] worker host=0 client=24 entries=1024 (~1088 KiB)
[A:tls] worker host=0 client=41 entries=1024 (~1088 KiB)
[A:tls] worker host=0 client=44 entries=1024 (~1088 KiB)
[A:tls] worker host=0 client=34 entries=1024 (~1088 KiB)
[A:tls] worker host=0 client=33 entries=1024 (~1088 KiB)
[A:tls] worker host=0 client=39 entries=1024 (~1088 KiB)
[A:tls] worker host=0 client=5 entries=1024 (~1088 KiB)
[A:tls] worker host=0 client=26 entries=1024 (~1088 KiB)
[A:tls] worker host=0 client=20 entries=1024 (~1088 KiB)
# PATH host=0 label=after_LOAD tid=139767908497536 r0_tls=0 r2hit=0 r2miss_local=0 r3=0 cpool_ins_r=0 local_w=2500870 fwd_w=0 local_w_blk_fwd=0 local_w_stg_fwd=0 cpool_ins_w=2500870 cp_evict=0 cp_set_stale=0 cp_lru_evict=1976582 rh_served=0 lrs2r=0 lrs4r=0
# PATH host=0 label=after_LOAD AGG r0_tls=0 r2hit=0 r2miss_local=0 r3=0 cpool_ins_r=0 local_w=2500870 fwd_w=0 local_w_blk_fwd=0 local_w_stg_fwd=0 cpool_ins_w=2500870 cp_evict=0 cp_set_stale=0 cp_lru_evict=1976582 rh_served=0 lrs2r=0 lrs4r=0
YCSB opt=A cache=1 num_hosts=2 threads=64 threads_eff=64 rep=1 load_ops=5000000 load_thpt=159416 trans_ops=5000000 trans_wall_max=0.145491 trans_agg_thpt=34366150 w_avg_ns=0 w_p50_ns=0 w_p99_ns=0 r_avg_ns=3257 r_p50_ns=729 r_p99_ns=17597 first_op_ns_max=3062296 first_op_ns_avg=953522 ops_to_first_ns_max=3063560 ops_to_first_ns_avg=1822253 # local_read_optA_t64_cacheon_rep1
# PATH host=0 label=after_TRANS tid=139767908497536 r0_tls=0 r2hit=12597 r2miss_local=26466 r3=0 cpool_ins_r=0 local_w=2500870 fwd_w=0 local_w_blk_fwd=0 local_w_stg_fwd=0 cpool_ins_w=2500870 cp_evict=0 cp_set_stale=0 cp_lru_evict=1983332 rh_served=0 lrs2r=0 lrs4r=2
# PATH host=0 label=after_TRANS AGG r0_tls=0 r2hit=12597 r2miss_local=26466 r3=0 cpool_ins_r=0 local_w=2500870 fwd_w=0 local_w_blk_fwd=0 local_w_stg_fwd=0 cpool_ins_w=2500870 cp_evict=0 cp_set_stale=0 cp_lru_evict=1983332 rh_served=0 lrs2r=0 lrs4r=2
# CACHE_FILL host=0 cache_buckets=131072 capacity=524288 filled=524288 stale=0 tomb=0 fill_pct=100.000
