[A:cfg] ring_sharding T=64 N=0 (disabled) -> shards=1 block=64 routing=worker_id
[A:thread] Worker pinned host=0 client=1 -> cpu=1 (pid=106265)
[A:thread] Worker pinned host=0 client=2 -> cpu=2 (pid=106266)
[A:thread] Worker pinned host=0 client=4 -> cpu=4 (pid=106268)
[A:thread] Worker pinned host=0 client=5 -> cpu=5 (pid=106269)
[A:thread] Worker pinned host=0 client=6 -> cpu=6 (pid=106270)
[A:thread] Worker pinned host=0 client=3 -> cpu=3 (pid=106267)
[A:thread] Worker pinned host=0 client=7 -> cpu=7 (pid=106271)
[A:thread] Worker pinned host=0 client=8 -> cpu=8 (pid=106272)
[A:thread] Worker pinned host=0 client=9 -> cpu=9 (pid=106273)
[A:thread] Worker pinned host=0 client=10 -> cpu=10 (pid=106274)
[A:thread] Worker pinned host=0 client=11 -> cpu=11 (pid=106275)
[A:thread] Worker pinned host=0 client=12 -> cpu=12 (pid=106276)
[A:thread] Worker pinned host=0 client=13 -> cpu=13 (pid=106277)
[A:thread] Worker pinned host=0 client=14 -> cpu=14 (pid=106278)
[A:thread] Worker pinned host=0 client=15 -> cpu=15 (pid=106279)
[A:thread] Worker pinned host=0 client=16 -> cpu=16 (pid=106280)
[A:thread] Worker pinned host=0 client=17 -> cpu=17 (pid=106281)
[A:thread] Worker pinned host=0 client=18 -> cpu=18 (pid=106282)
[A:thread] Worker pinned host=0 client=19 -> cpu=19 (pid=106283)
[A:thread] Worker pinned host=0 client=20 -> cpu=20 (pid=106284)
[A:thread] Worker pinned host=0 client=21 -> cpu=21 (pid=106285)
[A:thread] Worker pinned host=0 client=22 -> cpu=22 (pid=106286)
[A:thread] Worker pinned host=0 client=23 -> cpu=23 (pid=106287)
[A:thread] Worker pinned host=0 client=24 -> cpu=24 (pid=106288)
[A:thread] Worker pinned host=0 client=25 -> cpu=25 (pid=106289)
[A:thread] Worker pinned host=0 client=26 -> cpu=26 (pid=106290)
[A:thread] Worker pinned host=0 client=27 -> cpu=27 (pid=106291)
[A:thread] Worker pinned host=0 client=28 -> cpu=28 (pid=106292)
[A:thread] Worker pinned host=0 client=29 -> cpu=29 (pid=106293)
[A:thread] Worker pinned host=0 client=30 -> cpu=30 (pid=106294)
[A:thread] Worker pinned host=0 client=31 -> cpu=31 (pid=106295)
[A:thread] Worker pinned host=0 client=32 -> cpu=32 (pid=106296)
[A:thread] Worker pinned host=0 client=33 -> cpu=33 (pid=106297)
[A:thread] Worker pinned host=0 client=34 -> cpu=34 (pid=106298)
[A:thread] Worker pinned host=0 client=35 -> cpu=35 (pid=106299)
[A:thread] Worker pinned host=0 client=36 -> cpu=36 (pid=106300)
[A:thread] Worker pinned host=0 client=37 -> cpu=37 (pid=106301)
[A:thread] Worker pinned host=0 client=38 -> cpu=38 (pid=106302)
[A:thread] Worker pinned host=0 client=39 -> cpu=39 (pid=106303)
[A:thread] Worker pinned host=0 client=40 -> cpu=40 (pid=106304)
[A:thread] Worker pinned host=0 client=41 -> cpu=41 (pid=106305)
[A:thread] Worker pinned host=0 client=42 -> cpu=42 (pid=106306)
[A:thread] Worker pinned host=0 client=43 -> cpu=43 (pid=106307)
[A:thread] Worker pinned host=0 client=44 -> cpu=44 (pid=106308)
[A:thread] Worker pinned host=0 client=45 -> cpu=45 (pid=106309)
[A:thread] Worker pinned host=0 client=46 -> cpu=46 (pid=106310)
[A:thread] Worker pinned host=0 client=47 -> cpu=47 (pid=106311)
[A:thread] Worker pinned host=0 client=48 -> cpu=48 (pid=106312)
[A:thread] Worker pinned host=0 client=49 -> cpu=49 (pid=106313)
[A:thread] Worker pinned host=0 client=50 -> cpu=50 (pid=106314)
[A:thread] Worker pinned host=0 client=51 -> cpu=51 (pid=106315)
[A:thread] Worker pinned host=0 client=52 -> cpu=52 (pid=106316)
[A:thread] Worker pinned host=0 client=53 -> cpu=53 (pid=106317)
[A:thread] Worker pinned host=0 client=54 -> cpu=54 (pid=106318)
[A:thread] Worker pinned host=0 client=55 -> cpu=55 (pid=106319)
[A:thread] Worker pinned host=0 client=56 -> cpu=56 (pid=106320)
[A:thread] Worker pinned host=0 client=57 -> cpu=57 (pid=106321)
[A:thread] Worker pinned host=0 client=58 -> cpu=58 (pid=106322)
[A:thread] Worker pinned host=0 client=59 -> cpu=59 (pid=106323)
[A:thread] Worker pinned host=0 client=60 -> cpu=60 (pid=106324)
[A:thread] Worker pinned host=0 client=61 -> cpu=61 (pid=106325)
[A:thread] Worker pinned host=0 client=62 -> cpu=62 (pid=106326)
[A:thread] Worker pinned host=0 client=0 -> cpu=0 (pid=106240)
[A:thread] Worker pinned host=0 client=63 -> cpu=63 (pid=106327)
[A:thread] WriteRecv0 pid=106240 tid=140268418823872 cpu=64 host=0 rings=[0]
[A:thread] ReadRecv0 pid=106240 tid=140268410431168 cpu=65 host=0 rings=[0]
[A:thread] InvalRecv0 pid=106240 tid=140268402038464 cpu=66 host=0 rings=[0]
[A:thread] ReservHandler pid=106240 tid=140268393645760 pinned cpu=85 (host_id=0)
[A:tls] worker host=0 client=6 entries=1024 (~1088 KiB)
[A:tls] worker host=0 client=0 entries=1024 (~1088 KiB)
[A:tls] worker host=0 client=5 entries=1024 (~1088 KiB)
[A:tls] worker host=0 client=45 entries=1024 (~1088 KiB)
[A:tls] worker host=0 client=9 entries=1024 (~1088 KiB)
[A:tls] worker host=0 client=17 entries=1024 (~1088 KiB)
[A:tls] worker host=0 client=52 entries=1024 (~1088 KiB)
[A:tls] worker host=0 client=14 entries=1024 (~1088 KiB)
[A:tls] worker host=0 client=47 entries=1024 (~1088 KiB)
[A:tls] worker host=0 client=8 entries=1024 (~1088 KiB)
[A:tls] worker host=0 client=41 entries=1024 (~1088 KiB)
[A:tls] worker host=0 client=32 entries=1024 (~1088 KiB)
[A:tls] worker host=0 client=44 entries=1024 (~1088 KiB)
[A:tls] worker host=0 client=19 entries=1024 (~1088 KiB)
[A:tls] worker host=0 client=51 entries=1024 (~1088 KiB)
[A:tls] worker host=0 client=43 entries=1024 (~1088 KiB)
[A:tls] worker host=0 client=20 entries=1024 (~1088 KiB)
[A:tls] worker host=0 client=60 entries=1024 (~1088 KiB)
[A:tls] worker host=0 client=39 entries=1024 (~1088 KiB)
[A:tls] worker host=0 client=55 entries=1024 (~1088 KiB)
[A:tls] worker host=0 client=49 entries=1024 (~1088 KiB)
[A:tls] worker host=0 client=62 entries=1024 (~1088 KiB)
[A:tls] worker host=0 client=22 entries=1024 (~1088 KiB)
[A:tls] worker host=0 client=40 entries=1024 (~1088 KiB)
[A:tls] worker host=0 client=12 entries=1024 (~1088 KiB)
[A:tls] worker host=0 client=18 entries=1024 (~1088 KiB)
[A:tls] worker host=0 client=36 entries=1024 (~1088 KiB)
[A:tls] worker host=0 client=25 entries=1024 (~1088 KiB)
[A:tls] worker host=0 client=35 entries=1024 (~1088 KiB)
[A:tls] worker host=0 client=27 entries=1024 (~1088 KiB)
[A:tls] worker host=0 client=28 entries=1024 (~1088 KiB)
[A:tls] worker host=0 client=30 entries=1024 (~1088 KiB)
[A:tls] worker host=0 client=3 entries=1024 (~1088 KiB)
[A:tls] worker host=0 client=58 entries=1024 (~1088 KiB)
[A:tls] worker host=0 client=46 entries=1024 (~1088 KiB)
[A:tls] worker host=0 client=53 entries=1024 (~1088 KiB)
[A:tls] worker host=0 client=54 entries=1024 (~1088 KiB)
[A:tls] worker host=0 client=48 entries=1024 (~1088 KiB)
[A:tls] worker host=0 client=16 entries=1024 (~1088 KiB)
[A:tls] worker host=0 client=10 entries=1024 (~1088 KiB)
[A:tls] worker host=0 client=13 entries=1024 (~1088 KiB)
[A:tls] worker host=0 client=21 entries=1024 (~1088 KiB)
[A:tls] worker host=0 client=34 entries=1024 (~1088 KiB)
[A:tls] worker host=0 client=29 entries=1024 (~1088 KiB)
[A:tls] worker host=0 client=33 entries=1024 (~1088 KiB)
[A:tls] worker host=0 client=11 entries=1024 (~1088 KiB)
[A:tls] worker host=0 client=37 entries=1024 (~1088 KiB)
[A:tls] worker host=0 client=31 entries=1024 (~1088 KiB)
[A:tls] worker host=0 client=24 entries=1024 (~1088 KiB)
[A:tls] worker host=0 client=56 entries=1024 (~1088 KiB)
[A:tls] worker host=0 client=59 entries=1024 (~1088 KiB)
[A:tls] worker host=0 client=7 entries=1024 (~1088 KiB)
[A:tls] worker host=0 client=50 entries=1024 (~1088 KiB)
[A:tls] worker host=0 client=23 entries=1024 (~1088 KiB)
[A:tls] worker host=0 client=15 entries=1024 (~1088 KiB)
[A:tls] worker host=0 client=61 entries=1024 (~1088 KiB)
[A:tls] worker host=0 client=4 entries=1024 (~1088 KiB)
[A:tls] worker host=0 client=26 entries=1024 (~1088 KiB)
[A:tls] worker host=0 client=57 entries=1024 (~1088 KiB)
[A:tls] worker host=0 client=1 entries=1024 (~1088 KiB)
[A:tls] worker host=0 client=38 entries=1024 (~1088 KiB)
[A:tls] worker host=0 client=2 entries=1024 (~1088 KiB)
[A:tls] worker host=0 client=42 entries=1024 (~1088 KiB)
[A:tls] worker host=0 client=63 entries=1024 (~1088 KiB)
# PATH host=0 label=after_LOAD tid=140268419037312 r0_tls=0 r2hit=0 r2miss_local=0 r3=0 cpool_ins_r=0 local_w=2500870 fwd_w=0 local_w_blk_fwd=0 local_w_stg_fwd=0 cpool_ins_w=2500870 cp_evict=0 cp_set_stale=0 cp_lru_evict=1976582 rh_served=0 lrs2r=0 lrs4r=0
# PATH host=0 label=after_LOAD AGG r0_tls=0 r2hit=0 r2miss_local=0 r3=0 cpool_ins_r=0 local_w=2500870 fwd_w=0 local_w_blk_fwd=0 local_w_stg_fwd=0 cpool_ins_w=2500870 cp_evict=0 cp_set_stale=0 cp_lru_evict=1976582 rh_served=0 lrs2r=0 lrs4r=0
YCSB opt=A cache=1 num_hosts=2 threads=64 threads_eff=64 rep=3 load_ops=5000000 load_thpt=157010 trans_ops=5000000 trans_wall_max=0.138869 trans_agg_thpt=36005155 w_avg_ns=0 w_p50_ns=0 w_p99_ns=0 r_avg_ns=3036 r_p50_ns=492 r_p99_ns=17361 first_op_ns_max=1534612 first_op_ns_avg=471306 ops_to_first_ns_max=1597321 ops_to_first_ns_avg=901885 # local_read_optA_t64_cacheon_rep3
# PATH host=0 label=after_TRANS tid=140268419037312 r0_tls=0 r2hit=12891 r2miss_local=26172 r3=0 cpool_ins_r=0 local_w=2500870 fwd_w=0 local_w_blk_fwd=0 local_w_stg_fwd=0 cpool_ins_w=2500870 cp_evict=0 cp_set_stale=0 cp_lru_evict=1983040 rh_served=0 lrs2r=0 lrs4r=0
# PATH host=0 label=after_TRANS AGG r0_tls=0 r2hit=12891 r2miss_local=26172 r3=0 cpool_ins_r=0 local_w=2500870 fwd_w=0 local_w_blk_fwd=0 local_w_stg_fwd=0 cpool_ins_w=2500870 cp_evict=0 cp_set_stale=0 cp_lru_evict=1983040 rh_served=0 lrs2r=0 lrs4r=0
# CACHE_FILL host=0 cache_buckets=131072 capacity=524288 filled=524288 stale=0 tomb=0 fill_pct=100.000
