[A:thread] Worker pinned host=0 client=1 -> cpu=1 (pid=65385)
[A:thread] Worker pinned host=0 client=2 -> cpu=2 (pid=65386)
[A:thread] Worker pinned host=0 client=3 -> cpu=3 (pid=65387)
[A:thread] Worker pinned host=0 client=4 -> cpu=4 (pid=65388)
[A:thread] Worker pinned host=0 client=5 -> cpu=5 (pid=65389)
[A:thread] Worker pinned host=0 client=6 -> cpu=6 (pid=65390)
[A:thread] Worker pinned host=0 client=7 -> cpu=7 (pid=65391)
[A:thread] Worker pinned host=0 client=8 -> cpu=8 (pid=65392)
[A:thread] Worker pinned host=0 client=9 -> cpu=9 (pid=65393)
[A:thread] Worker pinned host=0 client=10 -> cpu=10 (pid=65394)
[A:thread] Worker pinned host=0 client=11 -> cpu=11 (pid=65395)
[A:thread] Worker pinned host=0 client=12 -> cpu=12 (pid=65396)
[A:thread] Worker pinned host=0 client=13 -> cpu=13 (pid=65397)
[A:thread] Worker pinned host=0 client=14 -> cpu=14 (pid=65398)
[A:thread] Worker pinned host=0 client=15 -> cpu=15 (pid=65399)
[A:thread] Worker pinned host=0 client=16 -> cpu=16 (pid=65400)
[A:thread] Worker pinned host=0 client=17 -> cpu=17 (pid=65401)
[A:thread] Worker pinned host=0 client=18 -> cpu=18 (pid=65402)
[A:thread] Worker pinned host=0 client=19 -> cpu=19 (pid=65403)
[A:thread] Worker pinned host=0 client=20 -> cpu=20 (pid=65404)
[A:thread] Worker pinned host=0 client=21 -> cpu=21 (pid=65405)
[A:thread] Worker pinned host=0 client=22 -> cpu=22 (pid=65406)
[A:thread] Worker pinned host=0 client=23 -> cpu=23 (pid=65407)
[A:thread] Worker pinned host=0 client=24 -> cpu=24 (pid=65408)
[A:thread] Worker pinned host=0 client=25 -> cpu=25 (pid=65409)
[A:thread] Worker pinned host=0 client=26 -> cpu=26 (pid=65410)
[A:thread] Worker pinned host=0 client=27 -> cpu=27 (pid=65411)
[A:thread] Worker pinned host=0 client=28 -> cpu=28 (pid=65412)
[A:thread] Worker pinned host=0 client=29 -> cpu=29 (pid=65413)
[A:thread] Worker pinned host=0 client=0 -> cpu=0 (pid=65384)
[A:thread] Worker pinned host=0 client=30 -> cpu=30 (pid=65414)
[A:thread] Worker pinned host=0 client=31 -> cpu=31 (pid=65415)
[A:thread] WriteReceiver pid=65384 tid=140116354328256 pinned cpu=65 (host_id=0)
[A:thread] ReadReceiver pid=65384 tid=140116345935552 pinned cpu=67 (host_id=0)
[A:thread] InvalReceiver pid=65384 tid=140116202878656 pinned cpu=69 (host_id=0)
[A:thread] WriteSender pid=65384 tid=140116337542848 pinned cpu=64 (host_id=0)
[A:sender] kind=0 policy=P0 K=16 T_us=100 host_id=0
[A:tls] worker host=0 client=0 entries=1024 (~1088 KiB)
[A:tls] worker host=0 client=5 entries=1024 (~1088 KiB)
[A:tls] worker host=0 client=9 entries=1024 (~1088 KiB)
[A:tls] worker host=0 client=11 entries=1024 (~1088 KiB)
[A:tls] worker host=0 client=8 entries=1024 (~1088 KiB)
[A:tls] worker host=0 client=4 entries=1024 (~1088 KiB)
[A:tls] worker host=0 client=12 entries=1024 (~1088 KiB)
[A:tls] worker host=0 client=10 entries=1024 (~1088 KiB)
[A:tls] worker host=0 client=14 entries=1024 (~1088 KiB)
[A:tls] worker host=0 client=3 entries=1024 (~1088 KiB)
[A:tls] worker host=0 client=15 entries=1024 (~1088 KiB)
[A:tls] worker host=0 client=6 entries=1024 (~1088 KiB)
[A:tls] worker host=0 client=7 entries=1024 (~1088 KiB)
[A:tls] worker host=0 client=2 entries=1024 (~1088 KiB)
[A:tls] worker host=0 client=13 entries=1024 (~1088 KiB)
[A:tls] worker host=0 client=1 entries=1024 (~1088 KiB)
[A:tls] worker host=0 client=19 entries=1024 (~1088 KiB)
[A:tls] worker host=0 client=18 entries=1024 (~1088 KiB)
[A:tls] worker host=0 client=20 entries=1024 (~1088 KiB)
[A:tls] worker host=0 client=17 entries=1024 (~1088 KiB)
[A:tls] worker host=0 client=23 entries=1024 (~1088 KiB)
[A:tls] worker host=0 client=16 entries=1024 (~1088 KiB)
[A:tls] worker host=0 client=21 entries=1024 (~1088 KiB)
[A:tls] worker host=0 client=22 entries=1024 (~1088 KiB)
[A:tls] worker host=0 client=24 entries=1024 (~1088 KiB)
[A:thread] InvalSender pid=65384 tid=140116253206208 pinned cpu=68 (host_id=0)
[A:tls] worker host=0 client=25 entries=1024 (~1088 KiB)
[A:sender] kind=2 policy=P0 K=16 T_us=100 host_id=0
[A:thread] ReadSender pid=65384 tid=140116261598912 pinned cpu=66 (host_id=0)
[A:sender] kind=1 policy=P0 K=16 T_us=100 host_id=0
[A:tls] worker host=0 client=26 entries=1024 (~1088 KiB)
[A:tls] worker host=0 client=27 entries=1024 (~1088 KiB)
[A:tls] worker host=0 client=31 entries=1024 (~1088 KiB)
[A:tls] worker host=0 client=29 entries=1024 (~1088 KiB)
[A:tls] worker host=0 client=28 entries=1024 (~1088 KiB)
[A:tls] worker host=0 client=30 entries=1024 (~1088 KiB)
[A] inval timeout #1 (key=95981d4f0c576b04 tpos=0)
YCSB opt=A cache=0 num_hosts=2 threads=32 threads_eff=32 rep=5 load_ops=50000 load_thpt=202491 trans_ops=50000 trans_wall_max=33.408322 trans_agg_thpt=1496 w_avg_ns=17566 w_p50_ns=17946 w_p99_ns=87805 r_avg_ns=9778 r_p50_ns=10292 r_p99_ns=35469 first_op_ns_max=249662 first_op_ns_avg=40176 ops_to_first_ns_max=311121 ops_to_first_ns_avg=67166 # workloada_optA_t32_cacheoff_rep5
