# g3+g4 scaling sweep: threads x workloads x opts x cache
# host0=g3 host1=g4 dev=/dev/dax0.0
# threads=1 2 4 8 16 32 64 86 workloads=workloada workloadb workloadc workloadd workloadf opts=C cache=on off
# num_buckets=65536 max_ops=200000 timeout=300
# started=2026-04-24T18:08:08-05:00
--- workloada_optC_t1_cacheon cookie=1777072088809305819 ---
YCSB opt=C cache=1 value_size=256 num_hosts=2 threads=1 threads_eff=1 load_ops=100000 load_thpt=62625 trans_ops=200000 trans_wall_max=0.224s trans_agg_thpt=891395 w_avg_ns=1849 w_p50_ns=1747 w_p99_ns=2892 r_avg_ns=2585 r_p50_ns=2965 r_p99_ns=5303  # workloada_optC_t1_cacheon
--- workloada_optC_t2_cacheon cookie=1777072108833289047 ---
YCSB opt=C cache=1 value_size=256 num_hosts=2 threads=2 threads_eff=2 load_ops=100000 load_thpt=66163 trans_ops=200000 trans_wall_max=0.173s trans_agg_thpt=1156119 w_avg_ns=2848 w_p50_ns=2426 w_p99_ns=9828 r_avg_ns=3140 r_p50_ns=3287 r_p99_ns=6234  # workloada_optC_t2_cacheon
--- workloada_optC_t4_cacheon cookie=1777072128905497451 ---
YCSB opt=C cache=1 value_size=256 num_hosts=2 threads=4 threads_eff=4 load_ops=100000 load_thpt=76122 trans_ops=200000 trans_wall_max=0.100s trans_agg_thpt=2007536 w_avg_ns=3587 w_p50_ns=2585 w_p99_ns=10354 r_avg_ns=3303 r_p50_ns=3347 r_p99_ns=6390  # workloada_optC_t4_cacheon
--- workloada_optC_t8_cacheon cookie=1777072148733441917 ---
YCSB opt=C cache=1 value_size=256 num_hosts=2 threads=8 threads_eff=8 load_ops=100000 load_thpt=71488 trans_ops=200000 trans_wall_max=0.058s trans_agg_thpt=3467331 w_avg_ns=4639 w_p50_ns=3127 w_p99_ns=10969 r_avg_ns=3553 r_p50_ns=3440 r_p99_ns=6741  # workloada_optC_t8_cacheon
--- workloada_optC_t16_cacheon cookie=1777072169313353086 ---
YCSB opt=C cache=1 value_size=256 num_hosts=2 threads=16 threads_eff=16 load_ops=100000 load_thpt=66495 trans_ops=200000 trans_wall_max=0.035s trans_agg_thpt=5648254 w_avg_ns=6679 w_p50_ns=5983 w_p99_ns=14210 r_avg_ns=4157 r_p50_ns=4650 r_p99_ns=9052  # workloada_optC_t16_cacheon
--- workloada_optC_t32_cacheon cookie=1777072192364378464 ---
YCSB opt=C cache=1 value_size=256 num_hosts=2 threads=32 threads_eff=32 load_ops=100000 load_thpt=79328 trans_ops=200000 trans_wall_max=0.019s trans_agg_thpt=10309685 w_avg_ns=6917 w_p50_ns=5612 w_p99_ns=16999 r_avg_ns=3891 r_p50_ns=4126 r_p99_ns=8322  # workloada_optC_t32_cacheon
--- workloada_optC_t64_cacheon cookie=1777072221187940580 ---
YCSB opt=C cache=1 value_size=256 num_hosts=2 threads=64 threads_eff=64 load_ops=100000 load_thpt=83352 trans_ops=200000 trans_wall_max=0.012s trans_agg_thpt=17179737 w_avg_ns=8756 w_p50_ns=9448 w_p99_ns=83697 r_avg_ns=3975 r_p50_ns=4322 r_p99_ns=12923  # workloada_optC_t64_cacheon
--- workloada_optC_t86_cacheon cookie=1777072257155528404 ---
YCSB opt=C cache=1 value_size=256 num_hosts=2 threads=86 threads_eff=86 load_ops=100000 load_thpt=45342 trans_ops=200000 trans_wall_max=0.016s trans_agg_thpt=12397023 w_avg_ns=11535 w_p50_ns=10096 w_p99_ns=146791 r_avg_ns=4402 r_p50_ns=4528 r_p99_ns=16587  # workloada_optC_t86_cacheon
--- workloadb_optC_t1_cacheon cookie=1777072303817614053 ---
YCSB opt=C cache=1 value_size=256 num_hosts=2 threads=1 threads_eff=1 load_ops=100000 load_thpt=65841 trans_ops=200000 trans_wall_max=0.203s trans_agg_thpt=986592 w_avg_ns=1909 w_p50_ns=1774 w_p99_ns=2874 r_avg_ns=1911 r_p50_ns=1688 r_p99_ns=4774  # workloadb_optC_t1_cacheon
--- workloadb_optC_t2_cacheon cookie=1777072323661589665 ---
YCSB opt=C cache=1 value_size=256 num_hosts=2 threads=2 threads_eff=2 load_ops=100000 load_thpt=74893 trans_ops=200000 trans_wall_max=0.125s trans_agg_thpt=1595018 w_avg_ns=3574 w_p50_ns=4267 w_p99_ns=10425 r_avg_ns=2177 r_p50_ns=1765 r_p99_ns=5133  # workloadb_optC_t2_cacheon
--- workloadb_optC_t4_cacheon cookie=1777072343547576605 ---
YCSB opt=C cache=1 value_size=256 num_hosts=2 threads=4 threads_eff=4 load_ops=100000 load_thpt=73512 trans_ops=200000 trans_wall_max=0.072s trans_agg_thpt=2790582 w_avg_ns=4956 w_p50_ns=6695 w_p99_ns=11716 r_avg_ns=2489 r_p50_ns=2169 r_p99_ns=5204  # workloadb_optC_t4_cacheon
--- workloadb_optC_t8_cacheon cookie=1777072363484037390 ---
YCSB opt=C cache=1 value_size=256 num_hosts=2 threads=8 threads_eff=8 load_ops=100000 load_thpt=68450 trans_ops=200000 trans_wall_max=0.041s trans_agg_thpt=4912402 w_avg_ns=6108 w_p50_ns=8454 w_p99_ns=13678 r_avg_ns=2906 r_p50_ns=3081 r_p99_ns=5581  # workloadb_optC_t8_cacheon
--- workloadb_optC_t16_cacheon cookie=1777072383892553749 ---
YCSB opt=C cache=1 value_size=256 num_hosts=2 threads=16 threads_eff=16 load_ops=100000 load_thpt=65039 trans_ops=200000 trans_wall_max=0.024s trans_agg_thpt=8380997 w_avg_ns=7468 w_p50_ns=8747 w_p99_ns=16876 r_avg_ns=3467 r_p50_ns=3627 r_p99_ns=8000  # workloadb_optC_t16_cacheon
--- workloadb_optC_t32_cacheon cookie=1777072407302354950 ---
YCSB opt=C cache=1 value_size=256 num_hosts=2 threads=32 threads_eff=32 load_ops=100000 load_thpt=82157 trans_ops=200000 trans_wall_max=0.013s trans_agg_thpt=15793806 w_avg_ns=8060 w_p50_ns=9068 w_p99_ns=29328 r_avg_ns=3530 r_p50_ns=3838 r_p99_ns=6729  # workloadb_optC_t32_cacheon
--- workloadb_optC_t64_cacheon cookie=1777072436159059875 ---
YCSB opt=C cache=1 value_size=256 num_hosts=2 threads=64 threads_eff=64 load_ops=100000 load_thpt=79642 trans_ops=200000 trans_wall_max=0.007s trans_agg_thpt=28888722 w_avg_ns=9708 w_p50_ns=10100 w_p99_ns=52873 r_avg_ns=3924 r_p50_ns=4270 r_p99_ns=10784  # workloadb_optC_t64_cacheon
--- workloadb_optC_t86_cacheon cookie=1777072477215108942 ---
YCSB opt=C cache=1 value_size=256 num_hosts=2 threads=86 threads_eff=86 load_ops=100000 load_thpt=45186 trans_ops=200000 trans_wall_max=0.012s trans_agg_thpt=16488787 w_avg_ns=11727 w_p50_ns=10349 w_p99_ns=78775 r_avg_ns=4349 r_p50_ns=4427 r_p99_ns=15976  # workloadb_optC_t86_cacheon
--- workloadc_optC_t1_cacheon cookie=1777072521121223199 ---
YCSB opt=C cache=1 value_size=256 num_hosts=2 threads=1 threads_eff=1 load_ops=100000 load_thpt=66774 trans_ops=200000 trans_wall_max=0.192s trans_agg_thpt=1041397 w_avg_ns=0 w_p50_ns=0 w_p99_ns=0 r_avg_ns=1793 r_p50_ns=1668 r_p99_ns=4659  # workloadc_optC_t1_cacheon
--- workloadc_optC_t2_cacheon cookie=1777072540977990279 ---
YCSB opt=C cache=1 value_size=256 num_hosts=2 threads=2 threads_eff=2 load_ops=100000 load_thpt=70378 trans_ops=200000 trans_wall_max=0.111s trans_agg_thpt=1801413 w_avg_ns=0 w_p50_ns=0 w_p99_ns=0 r_avg_ns=2012 r_p50_ns=1676 r_p99_ns=4840  # workloadc_optC_t2_cacheon
--- workloadc_optC_t4_cacheon cookie=1777072560893480296 ---
YCSB opt=C cache=1 value_size=256 num_hosts=2 threads=4 threads_eff=4 load_ops=100000 load_thpt=75517 trans_ops=200000 trans_wall_max=0.061s trans_agg_thpt=3296206 w_avg_ns=0 w_p50_ns=0 w_p99_ns=0 r_avg_ns=2259 r_p50_ns=1746 r_p99_ns=4904  # workloadc_optC_t4_cacheon
--- workloadc_optC_t8_cacheon cookie=1777072580516487871 ---
YCSB opt=C cache=1 value_size=256 num_hosts=2 threads=8 threads_eff=8 load_ops=100000 load_thpt=73493 trans_ops=200000 trans_wall_max=0.034s trans_agg_thpt=5915597 w_avg_ns=0 w_p50_ns=0 w_p99_ns=0 r_avg_ns=2526 r_p50_ns=1861 r_p99_ns=5538  # workloadc_optC_t8_cacheon
--- workloadc_optC_t16_cacheon cookie=1777072600621179929 ---
YCSB opt=C cache=1 value_size=256 num_hosts=2 threads=16 threads_eff=16 load_ops=100000 load_thpt=65391 trans_ops=200000 trans_wall_max=0.021s trans_agg_thpt=9571416 w_avg_ns=0 w_p50_ns=0 w_p99_ns=0 r_avg_ns=3113 r_p50_ns=2393 r_p99_ns=6798  # workloadc_optC_t16_cacheon
--- workloadc_optC_t32_cacheon cookie=1777072622747040931 ---
YCSB opt=C cache=1 value_size=256 num_hosts=2 threads=32 threads_eff=32 load_ops=100000 load_thpt=86067 trans_ops=200000 trans_wall_max=0.010s trans_agg_thpt=20051078 w_avg_ns=0 w_p50_ns=0 w_p99_ns=0 r_avg_ns=3030 r_p50_ns=2637 r_p99_ns=6085  # workloadc_optC_t32_cacheon
--- workloadc_optC_t64_cacheon cookie=1777072648203916064 ---
YCSB opt=C cache=1 value_size=256 num_hosts=2 threads=64 threads_eff=64 load_ops=100000 load_thpt=10243 trans_ops=200000 trans_wall_max=0.006s trans_agg_thpt=31250132 w_avg_ns=0 w_p50_ns=0 w_p99_ns=0 r_avg_ns=3705 r_p50_ns=4239 r_p99_ns=15967  # workloadc_optC_t64_cacheon
--- workloadc_optC_t86_cacheon cookie=1777072685857275555 ---
YCSB opt=C cache=1 value_size=256 num_hosts=2 threads=86 threads_eff=86 load_ops=100000 load_thpt=91296 trans_ops=200000 trans_wall_max=0.008s trans_agg_thpt=26403651 w_avg_ns=0 w_p50_ns=0 w_p99_ns=0 r_avg_ns=4090 r_p50_ns=4432 r_p99_ns=37125  # workloadc_optC_t86_cacheon
--- workloadd_optC_t1_cacheon cookie=1777072727808506887 ---
YCSB opt=C cache=1 value_size=256 num_hosts=2 threads=1 threads_eff=1 load_ops=100000 load_thpt=63133 trans_ops=200000 trans_wall_max=0.254s trans_agg_thpt=788061 w_avg_ns=11916 w_p50_ns=12088 w_p99_ns=15663 r_avg_ns=1798 r_p50_ns=1691 r_p99_ns=4700  # workloadd_optC_t1_cacheon
--- workloadd_optC_t2_cacheon cookie=1777072747454382269 ---
YCSB opt=C cache=1 value_size=256 num_hosts=2 threads=2 threads_eff=2 load_ops=100000 load_thpt=75872 trans_ops=200000 trans_wall_max=0.137s trans_agg_thpt=1461920 w_avg_ns=12277 w_p50_ns=12161 w_p99_ns=16202 r_avg_ns=1987 r_p50_ns=1663 r_p99_ns=4817  # workloadd_optC_t2_cacheon
--- workloadd_optC_t4_cacheon cookie=1777072767085690280 ---
YCSB opt=C cache=1 value_size=256 num_hosts=2 threads=4 threads_eff=4 load_ops=100000 load_thpt=73870 trans_ops=200000 trans_wall_max=0.080s trans_agg_thpt=2512367 w_avg_ns=13019 w_p50_ns=13222 w_p99_ns=17164 r_avg_ns=2277 r_p50_ns=1721 r_p99_ns=5239  # workloadd_optC_t4_cacheon
--- workloadd_optC_t8_cacheon cookie=1777072786895382380 ---
YCSB opt=C cache=1 value_size=256 num_hosts=2 threads=8 threads_eff=8 load_ops=100000 load_thpt=73902 trans_ops=200000 trans_wall_max=0.042s trans_agg_thpt=4795373 w_avg_ns=13213 w_p50_ns=13109 w_p99_ns=18520 r_avg_ns=2585 r_p50_ns=1946 r_p99_ns=5515  # workloadd_optC_t8_cacheon
--- workloadd_optC_t16_cacheon cookie=1777072807189632995 ---
YCSB opt=C cache=1 value_size=256 num_hosts=2 threads=16 threads_eff=16 load_ops=100000 load_thpt=68624 trans_ops=200000 trans_wall_max=0.024s trans_agg_thpt=8213973 w_avg_ns=14530 w_p50_ns=14188 w_p99_ns=21890 r_avg_ns=3070 r_p50_ns=2419 r_p99_ns=6426  # workloadd_optC_t16_cacheon
--- workloadd_optC_t32_cacheon cookie=1777072829878012286 ---
YCSB opt=C cache=1 value_size=256 num_hosts=2 threads=32 threads_eff=32 load_ops=100000 load_thpt=75962 trans_ops=200000 trans_wall_max=0.012s trans_agg_thpt=16871881 w_avg_ns=13336 w_p50_ns=13061 w_p99_ns=20840 r_avg_ns=3089 r_p50_ns=2928 r_p99_ns=6778  # workloadd_optC_t32_cacheon
--- workloadd_optC_t64_cacheon cookie=1777072856414625004 ---
YCSB opt=C cache=1 value_size=256 num_hosts=2 threads=64 threads_eff=64 load_ops=100000 load_thpt=72445 trans_ops=200000 trans_wall_max=0.007s trans_agg_thpt=27022689 w_avg_ns=13919 w_p50_ns=13291 w_p99_ns=46483 r_avg_ns=3696 r_p50_ns=4193 r_p99_ns=16856  # workloadd_optC_t64_cacheon
--- workloadd_optC_t86_cacheon cookie=1777072893299338664 ---
YCSB opt=C cache=1 value_size=256 num_hosts=2 threads=86 threads_eff=86 load_ops=100000 load_thpt=47827 trans_ops=200000 trans_wall_max=0.006s trans_agg_thpt=34372311 w_avg_ns=14076 w_p50_ns=13570 w_p99_ns=35793 r_avg_ns=3959 r_p50_ns=4403 r_p99_ns=13637  # workloadd_optC_t86_cacheon
--- workloadf_optC_t1_cacheon cookie=1777072940512323320 ---
YCSB opt=C cache=1 value_size=256 num_hosts=2 threads=1 threads_eff=1 load_ops=100000 load_thpt=62233 trans_ops=200000 trans_wall_max=0.229s trans_agg_thpt=874125 w_avg_ns=1809 w_p50_ns=1654 w_p99_ns=2839 r_avg_ns=2395 r_p50_ns=2347 r_p99_ns=5171  # workloadf_optC_t1_cacheon
--- workloadf_optC_t2_cacheon cookie=1777072961154695943 ---
YCSB opt=C cache=1 value_size=256 num_hosts=2 threads=2 threads_eff=2 load_ops=100000 load_thpt=76171 trans_ops=200000 trans_wall_max=0.153s trans_agg_thpt=1304566 w_avg_ns=2658 w_p50_ns=2255 w_p99_ns=9551 r_avg_ns=2702 r_p50_ns=2878 r_p99_ns=5215  # workloadf_optC_t2_cacheon
--- workloadf_optC_t4_cacheon cookie=1777072981714208043 ---
YCSB opt=C cache=1 value_size=256 num_hosts=2 threads=4 threads_eff=4 load_ops=100000 load_thpt=72853 trans_ops=200000 trans_wall_max=0.093s trans_agg_thpt=2145400 w_avg_ns=3772 w_p50_ns=2708 w_p99_ns=10674 r_avg_ns=3147 r_p50_ns=3111 r_p99_ns=6181  # workloadf_optC_t4_cacheon
--- workloadf_optC_t8_cacheon cookie=1777073002186709387 ---
YCSB opt=C cache=1 value_size=256 num_hosts=2 threads=8 threads_eff=8 load_ops=100000 load_thpt=69680 trans_ops=200000 trans_wall_max=0.055s trans_agg_thpt=3638723 w_avg_ns=5187 w_p50_ns=4381 w_p99_ns=11349 r_avg_ns=3646 r_p50_ns=3613 r_p99_ns=6931  # workloadf_optC_t8_cacheon
--- workloadf_optC_t16_cacheon cookie=1777073023357238282 ---
YCSB opt=C cache=1 value_size=256 num_hosts=2 threads=16 threads_eff=16 load_ops=100000 load_thpt=66488 trans_ops=200000 trans_wall_max=0.034s trans_agg_thpt=5859464 w_avg_ns=7101 w_p50_ns=6170 w_p99_ns=14634 r_avg_ns=4188 r_p50_ns=4424 r_p99_ns=9162  # workloadf_optC_t16_cacheon
--- workloadf_optC_t32_cacheon cookie=1777073047019313512 ---
YCSB opt=C cache=1 value_size=256 num_hosts=2 threads=32 threads_eff=32 load_ops=100000 load_thpt=42594 trans_ops=200000 trans_wall_max=0.019s trans_agg_thpt=10262193 w_avg_ns=7605 w_p50_ns=8931 w_p99_ns=28615 r_avg_ns=3950 r_p50_ns=4307 r_p99_ns=11014  # workloadf_optC_t32_cacheon
--- workloadf_optC_t64_cacheon cookie=1777073073039780841 ---
YCSB opt=C cache=1 value_size=256 num_hosts=2 threads=64 threads_eff=64 load_ops=100000 load_thpt=21072 trans_ops=200000 trans_wall_max=0.009s trans_agg_thpt=21235494 w_avg_ns=8911 w_p50_ns=9490 w_p99_ns=76510 r_avg_ns=3882 r_p50_ns=4213 r_p99_ns=17607  # workloadf_optC_t64_cacheon
--- workloadf_optC_t86_cacheon cookie=1777073105962604743 ---
YCSB opt=C cache=1 value_size=256 num_hosts=2 threads=86 threads_eff=86 load_ops=100000 load_thpt=46013 trans_ops=200000 trans_wall_max=0.014s trans_agg_thpt=14062157 w_avg_ns=11699 w_p50_ns=10146 w_p99_ns=140988 r_avg_ns=4192 r_p50_ns=4443 r_p99_ns=14934  # workloadf_optC_t86_cacheon
--- workloada_optC_t1_cacheoff cookie=1777073149798137649 ---
YCSB opt=C cache=0 value_size=256 num_hosts=2 threads=1 threads_eff=1 load_ops=100000 load_thpt=64701 trans_ops=200000 trans_wall_max=0.224s trans_agg_thpt=892088 w_avg_ns=1897 w_p50_ns=1857 w_p99_ns=2929 r_avg_ns=2533 r_p50_ns=2425 r_p99_ns=5311  # workloada_optC_t1_cacheoff
--- workloada_optC_t2_cacheoff cookie=1777073169530448315 ---
YCSB opt=C cache=0 value_size=256 num_hosts=2 threads=2 threads_eff=2 load_ops=100000 load_thpt=72398 trans_ops=200000 trans_wall_max=0.162s trans_agg_thpt=1238124 w_avg_ns=2717 w_p50_ns=2368 w_p99_ns=9589 r_avg_ns=2762 r_p50_ns=2582 r_p99_ns=6000  # workloada_optC_t2_cacheoff
--- workloada_optC_t4_cacheoff cookie=1777073189574199274 ---
YCSB opt=C cache=0 value_size=256 num_hosts=2 threads=4 threads_eff=4 load_ops=100000 load_thpt=72161 trans_ops=200000 trans_wall_max=0.096s trans_agg_thpt=2085575 w_avg_ns=3888 w_p50_ns=2974 w_p99_ns=10736 r_avg_ns=3138 r_p50_ns=2703 r_p99_ns=6448  # workloada_optC_t4_cacheoff
--- workloada_optC_t8_cacheoff cookie=1777073209746218717 ---
YCSB opt=C cache=0 value_size=256 num_hosts=2 threads=8 threads_eff=8 load_ops=100000 load_thpt=71870 trans_ops=200000 trans_wall_max=0.056s trans_agg_thpt=3577676 w_avg_ns=4920 w_p50_ns=3456 w_p99_ns=11348 r_avg_ns=3458 r_p50_ns=2933 r_p99_ns=6862  # workloada_optC_t8_cacheoff
--- workloada_optC_t16_cacheoff cookie=1777073230188936117 ---
YCSB opt=C cache=0 value_size=256 num_hosts=2 threads=16 threads_eff=16 load_ops=100000 load_thpt=65101 trans_ops=200000 trans_wall_max=0.037s trans_agg_thpt=5393283 w_avg_ns=6840 w_p50_ns=6027 w_p99_ns=15798 r_avg_ns=4289 r_p50_ns=4013 r_p99_ns=9598  # workloada_optC_t16_cacheoff
--- workloada_optC_t32_cacheoff cookie=1777073253018942079 ---
YCSB opt=C cache=0 value_size=256 num_hosts=2 threads=32 threads_eff=32 load_ops=100000 load_thpt=72205 trans_ops=200000 trans_wall_max=0.021s trans_agg_thpt=9498393 w_avg_ns=7075 w_p50_ns=5636 w_p99_ns=28692 r_avg_ns=4054 r_p50_ns=4310 r_p99_ns=11160  # workloada_optC_t32_cacheoff
--- workloada_optC_t64_cacheoff cookie=1777073278940119960 ---
YCSB opt=C cache=0 value_size=256 num_hosts=2 threads=64 threads_eff=64 load_ops=100000 load_thpt=29151 trans_ops=200000 trans_wall_max=0.012s trans_agg_thpt=16283106 w_avg_ns=9531 w_p50_ns=9640 w_p99_ns=89242 r_avg_ns=4317 r_p50_ns=4263 r_p99_ns=22560  # workloada_optC_t64_cacheoff
--- workloada_optC_t86_cacheoff cookie=1777073318557379441 ---
YCSB opt=C cache=0 value_size=256 num_hosts=2 threads=86 threads_eff=86 load_ops=100000 load_thpt=89626 trans_ops=200000 trans_wall_max=0.015s trans_agg_thpt=13508533 w_avg_ns=11618 w_p50_ns=10266 w_p99_ns=157256 r_avg_ns=4419 r_p50_ns=4468 r_p99_ns=14949  # workloada_optC_t86_cacheoff
--- workloadb_optC_t1_cacheoff cookie=1777073364450355202 ---
YCSB opt=C cache=0 value_size=256 num_hosts=2 threads=1 threads_eff=1 load_ops=100000 load_thpt=63952 trans_ops=200000 trans_wall_max=0.248s trans_agg_thpt=805879 w_avg_ns=1903 w_p50_ns=1729 w_p99_ns=2932 r_avg_ns=2473 r_p50_ns=2412 r_p99_ns=4763  # workloadb_optC_t1_cacheoff
--- workloadb_optC_t2_cacheoff cookie=1777073384361634028 ---
YCSB opt=C cache=0 value_size=256 num_hosts=2 threads=2 threads_eff=2 load_ops=100000 load_thpt=75894 trans_ops=200000 trans_wall_max=0.144s trans_agg_thpt=1391528 w_avg_ns=3698 w_p50_ns=4421 w_p99_ns=10610 r_avg_ns=2662 r_p50_ns=2474 r_p99_ns=5153  # workloadb_optC_t2_cacheoff
--- workloadb_optC_t4_cacheoff cookie=1777073404405418027 ---
YCSB opt=C cache=0 value_size=256 num_hosts=2 threads=4 threads_eff=4 load_ops=100000 load_thpt=73967 trans_ops=200000 trans_wall_max=0.078s trans_agg_thpt=2560277 w_avg_ns=4968 w_p50_ns=6887 w_p99_ns=11606 r_avg_ns=2763 r_p50_ns=2430 r_p99_ns=5277  # workloadb_optC_t4_cacheoff
--- workloadb_optC_t8_cacheoff cookie=1777073424568465880 ---
YCSB opt=C cache=0 value_size=256 num_hosts=2 threads=8 threads_eff=8 load_ops=100000 load_thpt=70550 trans_ops=200000 trans_wall_max=0.042s trans_agg_thpt=4771352 w_avg_ns=6043 w_p50_ns=8387 w_p99_ns=15567 r_avg_ns=3011 r_p50_ns=2552 r_p99_ns=6005  # workloadb_optC_t8_cacheoff
--- workloadb_optC_t16_cacheoff cookie=1777073444949202936 ---
YCSB opt=C cache=0 value_size=256 num_hosts=2 threads=16 threads_eff=16 load_ops=100000 load_thpt=66935 trans_ops=200000 trans_wall_max=0.024s trans_agg_thpt=8420145 w_avg_ns=7324 w_p50_ns=8807 w_p99_ns=21264 r_avg_ns=3423 r_p50_ns=3035 r_p99_ns=7637  # workloadb_optC_t16_cacheoff
--- workloadb_optC_t32_cacheoff cookie=1777073467491357717 ---
YCSB opt=C cache=0 value_size=256 num_hosts=2 threads=32 threads_eff=32 load_ops=100000 load_thpt=82250 trans_ops=200000 trans_wall_max=0.012s trans_agg_thpt=17159237 w_avg_ns=8013 w_p50_ns=8948 w_p99_ns=24873 r_avg_ns=3351 r_p50_ns=3468 r_p99_ns=6866  # workloadb_optC_t32_cacheoff
--- workloadb_optC_t64_cacheoff cookie=1777073492850594866 ---
YCSB opt=C cache=0 value_size=256 num_hosts=2 threads=64 threads_eff=64 load_ops=100000 load_thpt=79252 trans_ops=200000 trans_wall_max=0.007s trans_agg_thpt=28946212 w_avg_ns=9506 w_p50_ns=9972 w_p99_ns=41487 r_avg_ns=3854 r_p50_ns=4165 r_p99_ns=10501  # workloadb_optC_t64_cacheoff
--- workloadb_optC_t86_cacheoff cookie=1777073540450652936 ---
YCSB opt=C cache=0 value_size=256 num_hosts=2 threads=86 threads_eff=86 load_ops=100000 load_thpt=19027 trans_ops=200000 trans_wall_max=0.007s trans_agg_thpt=29252421 w_avg_ns=10612 w_p50_ns=10247 w_p99_ns=57132 r_avg_ns=4115 r_p50_ns=4292 r_p99_ns=12716  # workloadb_optC_t86_cacheoff
--- workloadc_optC_t1_cacheoff cookie=1777073583875180001 ---
YCSB opt=C cache=0 value_size=256 num_hosts=2 threads=1 threads_eff=1 load_ops=100000 load_thpt=63458 trans_ops=200000 trans_wall_max=0.254s trans_agg_thpt=788776 w_avg_ns=0 w_p50_ns=0 w_p99_ns=0 r_avg_ns=2397 r_p50_ns=2318 r_p99_ns=4650  # workloadc_optC_t1_cacheoff
--- workloadc_optC_t2_cacheoff cookie=1777073603518189312 ---
YCSB opt=C cache=0 value_size=256 num_hosts=2 threads=2 threads_eff=2 load_ops=100000 load_thpt=73718 trans_ops=200000 trans_wall_max=0.140s trans_agg_thpt=1428159 w_avg_ns=0 w_p50_ns=0 w_p99_ns=0 r_avg_ns=2654 r_p50_ns=2443 r_p99_ns=4860  # workloadc_optC_t2_cacheoff
--- workloadc_optC_t4_cacheoff cookie=1777073623383010024 ---
YCSB opt=C cache=0 value_size=256 num_hosts=2 threads=4 threads_eff=4 load_ops=100000 load_thpt=75885 trans_ops=200000 trans_wall_max=0.075s trans_agg_thpt=2661701 w_avg_ns=0 w_p50_ns=0 w_p99_ns=0 r_avg_ns=2820 r_p50_ns=2479 r_p99_ns=5181  # workloadc_optC_t4_cacheoff
--- workloadc_optC_t8_cacheoff cookie=1777073643130699008 ---
YCSB opt=C cache=0 value_size=256 num_hosts=2 threads=8 threads_eff=8 load_ops=100000 load_thpt=71497 trans_ops=200000 trans_wall_max=0.041s trans_agg_thpt=4912095 w_avg_ns=0 w_p50_ns=0 w_p99_ns=0 r_avg_ns=3088 r_p50_ns=2622 r_p99_ns=5652  # workloadc_optC_t8_cacheoff
--- workloadc_optC_t16_cacheoff cookie=1777073663343801315 ---
YCSB opt=C cache=0 value_size=256 num_hosts=2 threads=16 threads_eff=16 load_ops=100000 load_thpt=65797 trans_ops=200000 trans_wall_max=0.022s trans_agg_thpt=9205487 w_avg_ns=0 w_p50_ns=0 w_p99_ns=0 r_avg_ns=3216 r_p50_ns=2636 r_p99_ns=6390  # workloadc_optC_t16_cacheoff
--- workloadc_optC_t32_cacheoff cookie=1777073686072405958 ---
YCSB opt=C cache=0 value_size=256 num_hosts=2 threads=32 threads_eff=32 load_ops=100000 load_thpt=30388 trans_ops=200000 trans_wall_max=0.011s trans_agg_thpt=18240727 w_avg_ns=0 w_p50_ns=0 w_p99_ns=0 r_avg_ns=3348 r_p50_ns=3485 r_p99_ns=8009  # workloadc_optC_t32_cacheoff
--- workloadc_optC_t64_cacheoff cookie=1777073712294487731 ---
YCSB opt=C cache=0 value_size=256 num_hosts=2 threads=64 threads_eff=64 load_ops=100000 load_thpt=7334 trans_ops=200000 trans_wall_max=0.007s trans_agg_thpt=28653841 w_avg_ns=0 w_p50_ns=0 w_p99_ns=0 r_avg_ns=3991 r_p50_ns=4186 r_p99_ns=16617  # workloadc_optC_t64_cacheoff
--- workloadc_optC_t86_cacheoff cookie=1777073752182268413 ---
YCSB opt=C cache=0 value_size=256 num_hosts=2 threads=86 threads_eff=86 load_ops=100000 load_thpt=90247 trans_ops=200000 trans_wall_max=0.008s trans_agg_thpt=23667914 w_avg_ns=0 w_p50_ns=0 w_p99_ns=0 r_avg_ns=4266 r_p50_ns=4386 r_p99_ns=13736  # workloadc_optC_t86_cacheoff
--- workloadd_optC_t1_cacheoff cookie=1777073798194890283 ---
YCSB opt=C cache=0 value_size=256 num_hosts=2 threads=1 threads_eff=1 load_ops=100000 load_thpt=60967 trans_ops=200000 trans_wall_max=0.297s trans_agg_thpt=672585 w_avg_ns=11882 w_p50_ns=11852 w_p99_ns=16130 r_avg_ns=2387 r_p50_ns=2264 r_p99_ns=4513  # workloadd_optC_t1_cacheoff
--- workloadd_optC_t2_cacheoff cookie=1777073818073980705 ---
YCSB opt=C cache=0 value_size=256 num_hosts=2 threads=2 threads_eff=2 load_ops=100000 load_thpt=76398 trans_ops=200000 trans_wall_max=0.165s trans_agg_thpt=1212838 w_avg_ns=12349 w_p50_ns=12384 w_p99_ns=18113 r_avg_ns=2642 r_p50_ns=2427 r_p99_ns=5109  # workloadd_optC_t2_cacheoff
--- workloadd_optC_t4_cacheoff cookie=1777073837907769268 ---
YCSB opt=C cache=0 value_size=256 num_hosts=2 threads=4 threads_eff=4 load_ops=100000 load_thpt=77598 trans_ops=200000 trans_wall_max=0.086s trans_agg_thpt=2323585 w_avg_ns=12627 w_p50_ns=12802 w_p99_ns=16788 r_avg_ns=2744 r_p50_ns=2382 r_p99_ns=4921  # workloadd_optC_t4_cacheoff
--- workloadd_optC_t8_cacheoff cookie=1777073857758829370 ---
YCSB opt=C cache=0 value_size=256 num_hosts=2 threads=8 threads_eff=8 load_ops=100000 load_thpt=72173 trans_ops=200000 trans_wall_max=0.047s trans_agg_thpt=4276033 w_avg_ns=13179 w_p50_ns=13032 w_p99_ns=17803 r_avg_ns=3006 r_p50_ns=2510 r_p99_ns=5482  # workloadd_optC_t8_cacheoff
--- workloadd_optC_t16_cacheoff cookie=1777073878176597301 ---
YCSB opt=C cache=0 value_size=256 num_hosts=2 threads=16 threads_eff=16 load_ops=100000 load_thpt=64133 trans_ops=200000 trans_wall_max=0.027s trans_agg_thpt=7436064 w_avg_ns=14442 w_p50_ns=14042 w_p99_ns=21402 r_avg_ns=3456 r_p50_ns=3085 r_p99_ns=6683  # workloadd_optC_t16_cacheoff
--- workloadd_optC_t32_cacheoff cookie=1777073901414436713 ---
YCSB opt=C cache=0 value_size=256 num_hosts=2 threads=32 threads_eff=32 load_ops=100000 load_thpt=78376 trans_ops=200000 trans_wall_max=0.013s trans_agg_thpt=15888282 w_avg_ns=13237 w_p50_ns=13071 w_p99_ns=20741 r_avg_ns=3364 r_p50_ns=3295 r_p99_ns=7047  # workloadd_optC_t32_cacheoff
--- workloadd_optC_t64_cacheoff cookie=1777073928423571843 ---
YCSB opt=C cache=0 value_size=256 num_hosts=2 threads=64 threads_eff=64 load_ops=100000 load_thpt=81326 trans_ops=200000 trans_wall_max=0.007s trans_agg_thpt=27539837 w_avg_ns=13663 w_p50_ns=13322 w_p99_ns=51203 r_avg_ns=3874 r_p50_ns=4194 r_p99_ns=10374  # workloadd_optC_t64_cacheoff
--- workloadd_optC_t86_cacheoff cookie=1777073957833362030 ---
YCSB opt=C cache=0 value_size=256 num_hosts=2 threads=86 threads_eff=86 load_ops=100000 load_thpt=95768 trans_ops=200000 trans_wall_max=0.006s trans_agg_thpt=31764188 w_avg_ns=14089 w_p50_ns=13714 w_p99_ns=62909 r_avg_ns=4201 r_p50_ns=4351 r_p99_ns=13564  # workloadd_optC_t86_cacheoff
--- workloadf_optC_t1_cacheoff cookie=1777073999664331457 ---
YCSB opt=C cache=0 value_size=256 num_hosts=2 threads=1 threads_eff=1 load_ops=100000 load_thpt=64139 trans_ops=200000 trans_wall_max=0.227s trans_agg_thpt=882284 w_avg_ns=1791 w_p50_ns=1648 w_p99_ns=2705 r_avg_ns=2354 r_p50_ns=2260 r_p99_ns=5028  # workloadf_optC_t1_cacheoff
--- workloadf_optC_t2_cacheoff cookie=1777074020086079797 ---
YCSB opt=C cache=0 value_size=256 num_hosts=2 threads=2 threads_eff=2 load_ops=100000 load_thpt=67323 trans_ops=200000 trans_wall_max=0.146s trans_agg_thpt=1373332 w_avg_ns=2668 w_p50_ns=2250 w_p99_ns=9972 r_avg_ns=2596 r_p50_ns=2313 r_p99_ns=5161  # workloadf_optC_t2_cacheoff
--- workloadf_optC_t4_cacheoff cookie=1777074040916132460 ---
YCSB opt=C cache=0 value_size=256 num_hosts=2 threads=4 threads_eff=4 load_ops=100000 load_thpt=71088 trans_ops=200000 trans_wall_max=0.089s trans_agg_thpt=2237420 w_avg_ns=3797 w_p50_ns=2792 w_p99_ns=10796 r_avg_ns=2934 r_p50_ns=2564 r_p99_ns=5378  # workloadf_optC_t4_cacheoff
--- workloadf_optC_t8_cacheoff cookie=1777074061528758964 ---
YCSB opt=C cache=0 value_size=256 num_hosts=2 threads=8 threads_eff=8 load_ops=100000 load_thpt=72538 trans_ops=200000 trans_wall_max=0.053s trans_agg_thpt=3754810 w_avg_ns=5277 w_p50_ns=4612 w_p99_ns=11552 r_avg_ns=3345 r_p50_ns=2886 r_p99_ns=6343  # workloadf_optC_t8_cacheoff
--- workloadf_optC_t16_cacheoff cookie=1777074082180657708 ---
YCSB opt=C cache=0 value_size=256 num_hosts=2 threads=16 threads_eff=16 load_ops=100000 load_thpt=65219 trans_ops=200000 trans_wall_max=0.033s trans_agg_thpt=5994199 w_avg_ns=6960 w_p50_ns=6119 w_p99_ns=15293 r_avg_ns=4098 r_p50_ns=3607 r_p99_ns=8785  # workloadf_optC_t16_cacheoff
--- workloadf_optC_t32_cacheoff cookie=1777074104908177136 ---
YCSB opt=C cache=0 value_size=256 num_hosts=2 threads=32 threads_eff=32 load_ops=100000 load_thpt=43268 trans_ops=200000 trans_wall_max=0.019s trans_agg_thpt=10696114 w_avg_ns=7277 w_p50_ns=8510 w_p99_ns=22707 r_avg_ns=3916 r_p50_ns=3802 r_p99_ns=11169  # workloadf_optC_t32_cacheoff
--- workloadf_optC_t64_cacheoff cookie=1777074131104198212 ---
YCSB opt=C cache=0 value_size=256 num_hosts=2 threads=64 threads_eff=64 load_ops=100000 load_thpt=7383 trans_ops=200000 trans_wall_max=0.019s trans_agg_thpt=10500897 w_avg_ns=9352 w_p50_ns=9763 w_p99_ns=98408 r_avg_ns=4122 r_p50_ns=4222 r_p99_ns=21230  # workloadf_optC_t64_cacheoff
--- workloadf_optC_t86_cacheoff cookie=1777074171600790940 ---
YCSB opt=C cache=0 value_size=256 num_hosts=2 threads=86 threads_eff=86 load_ops=100000 load_thpt=26433 trans_ops=200000 trans_wall_max=0.013s trans_agg_thpt=15516391 w_avg_ns=11789 w_p50_ns=10345 w_p99_ns=154283 r_avg_ns=4301 r_p50_ns=4410 r_p99_ns=15488  # workloadf_optC_t86_cacheoff
# finished=2026-04-24T18:43:34-05:00
# ok=80 fail=0
