[A:thread] Worker pinned host=1 client=1 -> cpu=1 (pid=30503)
[A:thread] Worker pinned host=1 client=2 -> cpu=2 (pid=30504)
[A:thread] Worker pinned host=1 client=3 -> cpu=3 (pid=30505)
[A:thread] Worker pinned host=1 client=4 -> cpu=4 (pid=30506)
[A:thread] Worker pinned host=1 client=5 -> cpu=5 (pid=30507)
[A:thread] Worker pinned host=1 client=7 -> cpu=7 (pid=30509)
[A:thread] Worker pinned host=1 client=6 -> cpu=6 (pid=30508)
[A:thread] Worker pinned host=1 client=8 -> cpu=8 (pid=30510)
[A:thread] Worker pinned host=1 client=9 -> cpu=9 (pid=30511)
[A:thread] Worker pinned host=1 client=10 -> cpu=10 (pid=30512)
[A:thread] Worker pinned host=1 client=11 -> cpu=11 (pid=30513)
[A:thread] Worker pinned host=1 client=13 -> cpu=13 (pid=30515)
[A:thread] Worker pinned host=1 client=14 -> cpu=14 (pid=30516)
[A:thread] Worker pinned host=1 client=12 -> cpu=12 (pid=30514)
[A:thread] Worker pinned host=1 client=15 -> cpu=15 (pid=30517)
[A:thread] Worker pinned host=1 client=17 -> cpu=17 (pid=30519)
[A:thread] Worker pinned host=1 client=18 -> cpu=18 (pid=30520)
[A:thread] Worker pinned host=1 client=19 -> cpu=19 (pid=30521)
[A:thread] Worker pinned host=1 client=20 -> cpu=20 (pid=30522)
[A:thread] Worker pinned host=1 client=21 -> cpu=21 (pid=30523)
[A:thread] Worker pinned host=1 client=22 -> cpu=22 (pid=30524)
[A:thread] Worker pinned host=1 client=16 -> cpu=16 (pid=30518)
[A:thread] Worker pinned host=1 client=24 -> cpu=24 (pid=30526)
[A:thread] Worker pinned host=1 client=25 -> cpu=25 (pid=30527)
[A:thread] Worker pinned host=1 client=26 -> cpu=26 (pid=30528)
[A:thread] Worker pinned host=1 client=27 -> cpu=27 (pid=30529)
[A:thread] Worker pinned host=1 client=28 -> cpu=28 (pid=30530)
[A:thread] Worker pinned host=1 client=23 -> cpu=23 (pid=30525)
[A:thread] Worker pinned host=1 client=29 -> cpu=29 (pid=30531)
[A:thread] Worker pinned host=1 client=30 -> cpu=30 (pid=30532)
[A:thread] Worker pinned host=1 client=31 -> cpu=31 (pid=30533)
[A:thread] Worker pinned host=1 client=32 -> cpu=32 (pid=30534)
[A:thread] Worker pinned host=1 client=33 -> cpu=33 (pid=30535)
[A:thread] Worker pinned host=1 client=34 -> cpu=34 (pid=30536)
[A:thread] Worker pinned host=1 client=35 -> cpu=35 (pid=30537)
[A:thread] Worker pinned host=1 client=36 -> cpu=36 (pid=30538)
[A:thread] Worker pinned host=1 client=37 -> cpu=37 (pid=30539)
[A:thread] Worker pinned host=1 client=38 -> cpu=38 (pid=30540)
[A:thread] Worker pinned host=1 client=39 -> cpu=39 (pid=30541)
[A:thread] Worker pinned host=1 client=40 -> cpu=40 (pid=30542)
[A:thread] Worker pinned host=1 client=41 -> cpu=41 (pid=30543)
[A:thread] Worker pinned host=1 client=42 -> cpu=42 (pid=30544)
[A:thread] Worker pinned host=1 client=43 -> cpu=43 (pid=30545)
[A:thread] Worker pinned host=1 client=44 -> cpu=44 (pid=30546)
[A:thread] Worker pinned host=1 client=45 -> cpu=45 (pid=30547)
[A:thread] Worker pinned host=1 client=46 -> cpu=46 (pid=30548)
[A:thread] Worker pinned host=1 client=47 -> cpu=47 (pid=30549)
[A:thread] Worker pinned host=1 client=48 -> cpu=48 (pid=30550)
[A:thread] Worker pinned host=1 client=49 -> cpu=49 (pid=30551)
[A:thread] Worker pinned host=1 client=50 -> cpu=50 (pid=30552)
[A:thread] Worker pinned host=1 client=51 -> cpu=51 (pid=30553)
[A:thread] Worker pinned host=1 client=52 -> cpu=52 (pid=30554)
[A:thread] Worker pinned host=1 client=53 -> cpu=53 (pid=30555)
[A:thread] Worker pinned host=1 client=55 -> cpu=55 (pid=30557)
[A:thread] Worker pinned host=1 client=54 -> cpu=54 (pid=30556)
[A:thread] Worker pinned host=1 client=56 -> cpu=56 (pid=30558)
[A:thread] Worker pinned host=1 client=57 -> cpu=57 (pid=30559)
[A:thread] Worker pinned host=1 client=58 -> cpu=58 (pid=30560)
[A:thread] Worker pinned host=1 client=59 -> cpu=59 (pid=30561)
[A:thread] Worker pinned host=1 client=60 -> cpu=60 (pid=30562)
[A:thread] Worker pinned host=1 client=61 -> cpu=61 (pid=30563)
[A:thread] Worker pinned host=1 client=0 -> cpu=0 (pid=30502)
[A:thread] Worker pinned host=1 client=62 -> cpu=62 (pid=30564)
[A:thread] Worker pinned host=1 client=63 -> cpu=63 (pid=30565)
[A:thread] WriteReceiver pid=30502 tid=140342728967872 pinned cpu=65 (host_id=1)
[A:thread] ReadReceiver pid=30502 tid=140342720575168 pinned cpu=67 (host_id=1)
[A:thread] InvalReceiver pid=30502 tid=140342712182464 pinned cpu=69 (host_id=1)
[A:thread] ReservHandler pid=30502 tid=140342703789760 pinned cpu=70 (host_id=1)
[A:tls] worker host=1 client=63 entries=1024 (~1088 KiB)
[A:tls] worker host=1 client=58 entries=1024 (~1088 KiB)
[A:tls] worker host=1 client=45 entries=1024 (~1088 KiB)
[A:tls] worker host=1 client=24 entries=1024 (~1088 KiB)
[A:tls] worker host=1 client=60 entries=1024 (~1088 KiB)
[A:tls] worker host=1 client=40 entries=1024 (~1088 KiB)
[A:tls] worker host=1 client=56 entries=1024 (~1088 KiB)
[A:tls] worker host=1 client=48 entries=1024 (~1088 KiB)
[A:tls] worker host=1 client=27 entries=1024 (~1088 KiB)
[A:tls] worker host=1 client=49 entries=1024 (~1088 KiB)
[A:tls] worker host=1 client=51 entries=1024 (~1088 KiB)
[A:tls] worker host=1 client=50 entries=1024 (~1088 KiB)
[A:tls] worker host=1 client=18 entries=1024 (~1088 KiB)
[A:tls] worker host=1 client=59 entries=1024 (~1088 KiB)
[A:tls] worker host=1 client=22 entries=1024 (~1088 KiB)
[A:tls] worker host=1 client=34 entries=1024 (~1088 KiB)
[A:tls] worker host=1 client=55 entries=1024 (~1088 KiB)
[A:tls] worker host=1 client=8 entries=1024 (~1088 KiB)
[A:tls] worker host=1 client=61 entries=1024 (~1088 KiB)
[A:tls] worker host=1 client=15 entries=1024 (~1088 KiB)
[A:tls] worker host=1 client=2 entries=1024 (~1088 KiB)
[A:tls] worker host=1 client=46 entries=1024 (~1088 KiB)
[A:tls] worker host=1 client=37 entries=1024 (~1088 KiB)
[A:tls] worker host=1 client=32 entries=1024 (~1088 KiB)
[A:tls] worker host=1 client=44 entries=1024 (~1088 KiB)
[A:tls] worker host=1 client=42 entries=1024 (~1088 KiB)
[A:tls] worker host=1 client=57 entries=1024 (~1088 KiB)
[A:tls] worker host=1 client=54 entries=1024 (~1088 KiB)
[A:tls] worker host=1 client=7 entries=1024 (~1088 KiB)
[A:tls] worker host=1 client=5 entries=1024 (~1088 KiB)
[A:tls] worker host=1 client=30 entries=1024 (~1088 KiB)
[A:tls] worker host=1 client=16 entries=1024 (~1088 KiB)
[A:tls] worker host=1 client=36 entries=1024 (~1088 KiB)
[A:tls] worker host=1 client=28 entries=1024 (~1088 KiB)
[A:tls] worker host=1 client=0 entries=1024 (~1088 KiB)
[A:tls] worker host=1 client=35 entries=1024 (~1088 KiB)
[A:tls] worker host=1 client=47 entries=1024 (~1088 KiB)
[A:tls] worker host=1 client=11 entries=1024 (~1088 KiB)
[A:thread] WriteSender pid=30502 tid=140342695397056 pinned cpu=64 (host_id=1)
[A:tls] worker host=1 client=3 entries=1024 (~1088 KiB)
[A:tls] worker host=1 client=43 entries=1024 (~1088 KiB)
[A:tls] worker host=1 client=21 entries=1024 (~1088 KiB)
[A:sender] kind=0 policy=P0 K=16 T_us=100 host_id=1
[A:tls] worker host=1 client=14 entries=1024 (~1088 KiB)
[A:tls] worker host=1 client=26 entries=1024 (~1088 KiB)
[A:tls] worker host=1 client=62 entries=1024 (~1088 KiB)
[A:tls] worker host=1 client=39 entries=1024 (~1088 KiB)
[A:thread] InvalSender pid=30502 tid=140333459437248 pinned cpu=68 (host_id=1)
[A:tls] worker host=1 client=29 entries=1024 (~1088 KiB)
[A:tls] worker host=1 client=19 entries=1024 (~1088 KiB)
[A:tls] worker host=1 client=38 entries=1024 (~1088 KiB)
[A:sender] kind=2 policy=P0 K=16 T_us=100 host_id=1
[A:tls] worker host=1 client=41 entries=1024 (~1088 KiB)
[A:tls] worker host=1 client=1 entries=1024 (~1088 KiB)
[A:tls] worker host=1 client=33 entries=1024 (~1088 KiB)
[A:tls] worker host=1 client=10 entries=1024 (~1088 KiB)
[A:thread] ReadSender pid=30502 tid=140342485579456 pinned cpu=66 (host_id=1)
[A:tls] worker host=1 client=52 entries=1024 (~1088 KiB)
[A:tls] worker host=1 client=12 entries=1024 (~1088 KiB)
[A:sender] kind=1 policy=P0 K=16 T_us=100 host_id=1
[A:tls] worker host=1 client=20 entries=1024 (~1088 KiB)
[A:tls] worker host=1 client=9 entries=1024 (~1088 KiB)
[A:tls] worker host=1 client=4 entries=1024 (~1088 KiB)
[A:tls] worker host=1 client=13 entries=1024 (~1088 KiB)
[A:tls] worker host=1 client=53 entries=1024 (~1088 KiB)
[A:tls] worker host=1 client=23 entries=1024 (~1088 KiB)
[A:tls] worker host=1 client=25 entries=1024 (~1088 KiB)
[A:tls] worker host=1 client=31 entries=1024 (~1088 KiB)
[A:tls] worker host=1 client=17 entries=1024 (~1088 KiB)
[A:tls] worker host=1 client=6 entries=1024 (~1088 KiB)
