[A:thread] Worker pinned host=0 client=1 -> cpu=1 (pid=30653)
[A:thread] Worker pinned host=0 client=2 -> cpu=2 (pid=30654)
[A:thread] Worker pinned host=0 client=3 -> cpu=3 (pid=30655)
[A:thread] Worker pinned host=0 client=4 -> cpu=4 (pid=30656)
[A:thread] Worker pinned host=0 client=5 -> cpu=5 (pid=30657)
[A:thread] Worker pinned host=0 client=6 -> cpu=6 (pid=30658)
[A:thread] Worker pinned host=0 client=7 -> cpu=7 (pid=30659)
[A:thread] Worker pinned host=0 client=8 -> cpu=8 (pid=30660)
[A:thread] Worker pinned host=0 client=9 -> cpu=9 (pid=30661)
[A:thread] Worker pinned host=0 client=10 -> cpu=10 (pid=30662)
[A:thread] Worker pinned host=0 client=11 -> cpu=11 (pid=30663)
[A:thread] Worker pinned host=0 client=12 -> cpu=12 (pid=30664)
[A:thread] Worker pinned host=0 client=13 -> cpu=13 (pid=30665)
[A:thread] Worker pinned host=0 client=14 -> cpu=14 (pid=30666)
[A:thread] Worker pinned host=0 client=15 -> cpu=15 (pid=30667)
[A:thread] Worker pinned host=0 client=16 -> cpu=16 (pid=30668)
[A:thread] Worker pinned host=0 client=17 -> cpu=17 (pid=30669)
[A:thread] Worker pinned host=0 client=18 -> cpu=18 (pid=30670)
[A:thread] Worker pinned host=0 client=19 -> cpu=19 (pid=30671)
[A:thread] Worker pinned host=0 client=20 -> cpu=20 (pid=30672)
[A:thread] Worker pinned host=0 client=21 -> cpu=21 (pid=30673)
[A:thread] Worker pinned host=0 client=22 -> cpu=22 (pid=30674)
[A:thread] Worker pinned host=0 client=23 -> cpu=23 (pid=30675)
[A:thread] Worker pinned host=0 client=24 -> cpu=24 (pid=30676)
[A:thread] Worker pinned host=0 client=25 -> cpu=25 (pid=30677)
[A:thread] Worker pinned host=0 client=26 -> cpu=26 (pid=30678)
[A:thread] Worker pinned host=0 client=27 -> cpu=27 (pid=30679)
[A:thread] Worker pinned host=0 client=28 -> cpu=28 (pid=30680)
[A:thread] Worker pinned host=0 client=29 -> cpu=29 (pid=30681)
[A:thread] Worker pinned host=0 client=30 -> cpu=30 (pid=30682)
[A:thread] Worker pinned host=0 client=31 -> cpu=31 (pid=30683)
[A:thread] Worker pinned host=0 client=32 -> cpu=32 (pid=30684)
[A:thread] Worker pinned host=0 client=33 -> cpu=33 (pid=30685)
[A:thread] Worker pinned host=0 client=34 -> cpu=34 (pid=30686)
[A:thread] Worker pinned host=0 client=35 -> cpu=35 (pid=30687)
[A:thread] Worker pinned host=0 client=36 -> cpu=36 (pid=30688)
[A:thread] Worker pinned host=0 client=38 -> cpu=38 (pid=30690)
[A:thread] Worker pinned host=0 client=39 -> cpu=39 (pid=30691)
[A:thread] Worker pinned host=0 client=40 -> cpu=40 (pid=30692)
[A:thread] Worker pinned host=0 client=37 -> cpu=37 (pid=30689)
[A:thread] Worker pinned host=0 client=41 -> cpu=41 (pid=30693)
[A:thread] Worker pinned host=0 client=42 -> cpu=42 (pid=30694)
[A:thread] Worker pinned host=0 client=43 -> cpu=43 (pid=30695)
[A:thread] Worker pinned host=0 client=44 -> cpu=44 (pid=30696)
[A:thread] Worker pinned host=0 client=45 -> cpu=45 (pid=30697)
[A:thread] Worker pinned host=0 client=46 -> cpu=46 (pid=30698)
[A:thread] Worker pinned host=0 client=47 -> cpu=47 (pid=30699)
[A:thread] Worker pinned host=0 client=48 -> cpu=48 (pid=30701)
[A:thread] Worker pinned host=0 client=49 -> cpu=49 (pid=30702)
[A:thread] Worker pinned host=0 client=50 -> cpu=50 (pid=30703)
[A:thread] Worker pinned host=0 client=51 -> cpu=51 (pid=30705)
[A:thread] Worker pinned host=0 client=52 -> cpu=52 (pid=30706)
[A:thread] Worker pinned host=0 client=53 -> cpu=53 (pid=30707)
[A:thread] Worker pinned host=0 client=54 -> cpu=54 (pid=30708)
[A:thread] Worker pinned host=0 client=55 -> cpu=55 (pid=30709)
[A:thread] Worker pinned host=0 client=56 -> cpu=56 (pid=30710)
[A:thread] Worker pinned host=0 client=57 -> cpu=57 (pid=30711)
[A:thread] Worker pinned host=0 client=58 -> cpu=58 (pid=30712)
[A:thread] Worker pinned host=0 client=59 -> cpu=59 (pid=30713)
[A:thread] Worker pinned host=0 client=60 -> cpu=60 (pid=30714)
[A:thread] Worker pinned host=0 client=61 -> cpu=61 (pid=30715)
[A:thread] Worker pinned host=0 client=62 -> cpu=62 (pid=30716)
[A:thread] Worker pinned host=0 client=0 -> cpu=0 (pid=30648)
[A:thread] Worker pinned host=0 client=63 -> cpu=63 (pid=30717)
[A:thread] WriteReceiver pid=30648 tid=139815578928832 pinned cpu=65 (host_id=0)
[A:thread] ReadReceiver pid=30648 tid=139815570536128 pinned cpu=67 (host_id=0)
[A:thread] InvalReceiver pid=30648 tid=139815427241664 pinned cpu=69 (host_id=0)
[A:thread] ReservHandler pid=30648 tid=139815562143424 pinned cpu=70 (host_id=0)
[A:thread] WriteSender pid=30648 tid=139815479670464 pinned cpu=64 (host_id=0)
[A:sender] kind=0 policy=P0 K=16 T_us=100 host_id=0
[A:thread] ReadSender pid=30648 tid=139815471277760 pinned cpu=66 (host_id=0)
[A:tls] worker host=0 client=59 entries=1024 (~1088 KiB)
[A:sender] kind=1 policy=P0 K=16 T_us=100 host_id=0
[A:thread] InvalSender pid=30648 tid=139815462885056 pinned cpu=68 (host_id=0)
[A:sender] kind=2 policy=P0 K=16 T_us=100 host_id=0
[A:tls] worker host=0 client=60 entries=1024 (~1088 KiB)
[A:tls] worker host=0 client=63 entries=1024 (~1088 KiB)
[A:tls] worker host=0 client=11 entries=1024 (~1088 KiB)
[A:tls] worker host=0 client=61 entries=1024 (~1088 KiB)
[A:tls] worker host=0 client=27 entries=1024 (~1088 KiB)
[A:tls] worker host=0 client=10 entries=1024 (~1088 KiB)
[A:tls] worker host=0 client=32 entries=1024 (~1088 KiB)
[A:tls] worker host=0 client=16 entries=1024 (~1088 KiB)
[A:tls] worker host=0 client=36 entries=1024 (~1088 KiB)
[A:tls] worker host=0 client=20 entries=1024 (~1088 KiB)
[A:tls] worker host=0 client=21 entries=1024 (~1088 KiB)
[A:tls] worker host=0 client=6 entries=1024 (~1088 KiB)
[A:tls] worker host=0 client=7 entries=1024 (~1088 KiB)
[A:tls] worker host=0 client=4 entries=1024 (~1088 KiB)
[A:tls] worker host=0 client=41 entries=1024 (~1088 KiB)
[A:tls] worker host=0 client=29 entries=1024 (~1088 KiB)
[A:tls] worker host=0 client=28 entries=1024 (~1088 KiB)
[A:tls] worker host=0 client=0 entries=1024 (~1088 KiB)
[A:tls] worker host=0 client=22 entries=1024 (~1088 KiB)
[A:tls] worker host=0 client=31 entries=1024 (~1088 KiB)
[A:tls] worker host=0 client=12 entries=1024 (~1088 KiB)
[A:tls] worker host=0 client=13 entries=1024 (~1088 KiB)
[A:tls] worker host=0 client=9 entries=1024 (~1088 KiB)
[A:tls] worker host=0 client=1 entries=1024 (~1088 KiB)
[A:tls] worker host=0 client=26 entries=1024 (~1088 KiB)
[A:tls] worker host=0 client=15 entries=1024 (~1088 KiB)
[A:tls] worker host=0 client=39 entries=1024 (~1088 KiB)
[A:tls] worker host=0 client=49 entries=1024 (~1088 KiB)
[A:tls] worker host=0 client=35 entries=1024 (~1088 KiB)
[A:tls] worker host=0 client=8 entries=1024 (~1088 KiB)
[A:tls] worker host=0 client=19 entries=1024 (~1088 KiB)
[A:tls] worker host=0 client=24 entries=1024 (~1088 KiB)
[A:tls] worker host=0 client=25 entries=1024 (~1088 KiB)
[A:tls] worker host=0 client=3 entries=1024 (~1088 KiB)
[A:tls] worker host=0 client=30 entries=1024 (~1088 KiB)
[A:tls] worker host=0 client=17 entries=1024 (~1088 KiB)
[A:tls] worker host=0 client=38 entries=1024 (~1088 KiB)
[A:tls] worker host=0 client=46 entries=1024 (~1088 KiB)
[A:tls] worker host=0 client=23 entries=1024 (~1088 KiB)
[A:tls] worker host=0 client=43 entries=1024 (~1088 KiB)
[A:tls] worker host=0 client=57 entries=1024 (~1088 KiB)
[A:tls] worker host=0 client=44 entries=1024 (~1088 KiB)
[A:tls] worker host=0 client=47 entries=1024 (~1088 KiB)
[A:tls] worker host=0 client=34 entries=1024 (~1088 KiB)
[A:tls] worker host=0 client=45 entries=1024 (~1088 KiB)
[A:tls] worker host=0 client=2 entries=1024 (~1088 KiB)
[A:tls] worker host=0 client=53 entries=1024 (~1088 KiB)
[A:tls] worker host=0 client=54 entries=1024 (~1088 KiB)
[A:tls] worker host=0 client=48 entries=1024 (~1088 KiB)
[A:tls] worker host=0 client=37 entries=1024 (~1088 KiB)
[A:tls] worker host=0 client=62 entries=1024 (~1088 KiB)
[A:tls] worker host=0 client=42 entries=1024 (~1088 KiB)
[A:tls] worker host=0 client=51 entries=1024 (~1088 KiB)
[A:tls] worker host=0 client=58 entries=1024 (~1088 KiB)
[A:tls] worker host=0 client=56 entries=1024 (~1088 KiB)
[A:tls] worker host=0 client=18 entries=1024 (~1088 KiB)
[A:tls] worker host=0 client=5 entries=1024 (~1088 KiB)
[A:tls] worker host=0 client=55 entries=1024 (~1088 KiB)
[A:tls] worker host=0 client=52 entries=1024 (~1088 KiB)
[A:tls] worker host=0 client=14 entries=1024 (~1088 KiB)
[A:tls] worker host=0 client=33 entries=1024 (~1088 KiB)
[A:tls] worker host=0 client=40 entries=1024 (~1088 KiB)
[A:tls] worker host=0 client=50 entries=1024 (~1088 KiB)
