[A:thread] Worker pinned host=0 client=1 -> cpu=1 (pid=31180)
[A:thread] Worker pinned host=0 client=2 -> cpu=2 (pid=31181)
[A:thread] Worker pinned host=0 client=3 -> cpu=3 (pid=31182)
[A:thread] Worker pinned host=0 client=4 -> cpu=4 (pid=31183)
[A:thread] Worker pinned host=0 client=5 -> cpu=5 (pid=31184)
[A:thread] Worker pinned host=0 client=6 -> cpu=6 (pid=31185)
[A:thread] Worker pinned host=0 client=7 -> cpu=7 (pid=31186)
[A:thread] Worker pinned host=0 client=8 -> cpu=8 (pid=31187)
[A:thread] Worker pinned host=0 client=9 -> cpu=9 (pid=31188)
[A:thread] Worker pinned host=0 client=10 -> cpu=10 (pid=31189)
[A:thread] Worker pinned host=0 client=11 -> cpu=11 (pid=31190)
[A:thread] Worker pinned host=0 client=12 -> cpu=12 (pid=31191)
[A:thread] Worker pinned host=0 client=13 -> cpu=13 (pid=31192)
[A:thread] Worker pinned host=0 client=14 -> cpu=14 (pid=31193)
[A:thread] Worker pinned host=0 client=15 -> cpu=15 (pid=31194)
[A:thread] Worker pinned host=0 client=16 -> cpu=16 (pid=31195)
[A:thread] Worker pinned host=0 client=17 -> cpu=17 (pid=31196)
[A:thread] Worker pinned host=0 client=18 -> cpu=18 (pid=31197)
[A:thread] Worker pinned host=0 client=19 -> cpu=19 (pid=31198)
[A:thread] Worker pinned host=0 client=20 -> cpu=20 (pid=31199)
[A:thread] Worker pinned host=0 client=21 -> cpu=21 (pid=31200)
[A:thread] Worker pinned host=0 client=22 -> cpu=22 (pid=31201)
[A:thread] Worker pinned host=0 client=23 -> cpu=23 (pid=31202)
[A:thread] Worker pinned host=0 client=24 -> cpu=24 (pid=31203)
[A:thread] Worker pinned host=0 client=25 -> cpu=25 (pid=31204)
[A:thread] Worker pinned host=0 client=26 -> cpu=26 (pid=31205)
[A:thread] Worker pinned host=0 client=27 -> cpu=27 (pid=31206)
[A:thread] Worker pinned host=0 client=28 -> cpu=28 (pid=31207)
[A:thread] Worker pinned host=0 client=29 -> cpu=29 (pid=31208)
[A:thread] Worker pinned host=0 client=30 -> cpu=30 (pid=31209)
[A:thread] Worker pinned host=0 client=31 -> cpu=31 (pid=31210)
[A:thread] Worker pinned host=0 client=32 -> cpu=32 (pid=31211)
[A:thread] Worker pinned host=0 client=33 -> cpu=33 (pid=31212)
[A:thread] Worker pinned host=0 client=34 -> cpu=34 (pid=31213)
[A:thread] Worker pinned host=0 client=35 -> cpu=35 (pid=31214)
[A:thread] Worker pinned host=0 client=36 -> cpu=36 (pid=31215)
[A:thread] Worker pinned host=0 client=37 -> cpu=37 (pid=31216)
[A:thread] Worker pinned host=0 client=38 -> cpu=38 (pid=31217)
[A:thread] Worker pinned host=0 client=39 -> cpu=39 (pid=31218)
[A:thread] Worker pinned host=0 client=40 -> cpu=40 (pid=31219)
[A:thread] Worker pinned host=0 client=41 -> cpu=41 (pid=31220)
[A:thread] Worker pinned host=0 client=42 -> cpu=42 (pid=31221)
[A:thread] Worker pinned host=0 client=43 -> cpu=43 (pid=31222)
[A:thread] Worker pinned host=0 client=44 -> cpu=44 (pid=31223)
[A:thread] Worker pinned host=0 client=45 -> cpu=45 (pid=31224)
[A:thread] Worker pinned host=0 client=46 -> cpu=46 (pid=31225)
[A:thread] Worker pinned host=0 client=47 -> cpu=47 (pid=31226)
[A:thread] Worker pinned host=0 client=48 -> cpu=48 (pid=31227)
[A:thread] Worker pinned host=0 client=49 -> cpu=49 (pid=31228)
[A:thread] Worker pinned host=0 client=50 -> cpu=50 (pid=31229)
[A:thread] Worker pinned host=0 client=51 -> cpu=51 (pid=31230)
[A:thread] Worker pinned host=0 client=52 -> cpu=52 (pid=31231)
[A:thread] Worker pinned host=0 client=53 -> cpu=53 (pid=31232)
[A:thread] Worker pinned host=0 client=54 -> cpu=54 (pid=31233)
[A:thread] Worker pinned host=0 client=55 -> cpu=55 (pid=31234)
[A:thread] Worker pinned host=0 client=56 -> cpu=56 (pid=31235)
[A:thread] Worker pinned host=0 client=57 -> cpu=57 (pid=31236)
[A:thread] Worker pinned host=0 client=58 -> cpu=58 (pid=31237)
[A:thread] Worker pinned host=0 client=59 -> cpu=59 (pid=31238)
[A:thread] Worker pinned host=0 client=60 -> cpu=60 (pid=31239)
[A:thread] Worker pinned host=0 client=61 -> cpu=61 (pid=31240)
[A:thread] Worker pinned host=0 client=62 -> cpu=62 (pid=31241)
[A:thread] Worker pinned host=0 client=0 -> cpu=0 (pid=31179)
[A:thread] Worker pinned host=0 client=63 -> cpu=63 (pid=31242)
[A:thread] WriteReceiver pid=31179 tid=140356241643200 pinned cpu=65 (host_id=0)
[A:thread] ReadReceiver pid=31179 tid=140356233250496 pinned cpu=67 (host_id=0)
[A:thread] InvalReceiver pid=31179 tid=140356224857792 pinned cpu=69 (host_id=0)
[A:thread] ReservHandler pid=31179 tid=140356216465088 pinned cpu=70 (host_id=0)
[A:thread] WriteSender pid=31179 tid=140356208072384 pinned cpu=64 (host_id=0)
[A:sender] kind=0 policy=P0 K=16 T_us=100 host_id=0
[A:thread] ReadSender pid=31179 tid=140356199679680 pinned cpu=66 (host_id=0)
[A:sender] kind=1 policy=P0 K=16 T_us=100 host_id=0
[A:thread] InvalSender pid=31179 tid=140356191286976 pinned cpu=68 (host_id=0)
[A:sender] kind=2 policy=P0 K=16 T_us=100 host_id=0
[A:tls] worker host=0 client=63 entries=1024 (~1088 KiB)
[A:tls] worker host=0 client=62 entries=1024 (~1088 KiB)
[A:tls] worker host=0 client=49 entries=1024 (~1088 KiB)
[A:tls] worker host=0 client=54 entries=1024 (~1088 KiB)
[A:tls] worker host=0 client=51 entries=1024 (~1088 KiB)
[A:tls] worker host=0 client=61 entries=1024 (~1088 KiB)
[A:tls] worker host=0 client=47 entries=1024 (~1088 KiB)
[A:tls] worker host=0 client=50 entries=1024 (~1088 KiB)
[A:tls] worker host=0 client=44 entries=1024 (~1088 KiB)
[A:tls] worker host=0 client=53 entries=1024 (~1088 KiB)
[A:tls] worker host=0 client=43 entries=1024 (~1088 KiB)
[A:tls] worker host=0 client=59 entries=1024 (~1088 KiB)
[A:tls] worker host=0 client=45 entries=1024 (~1088 KiB)
[A:tls] worker host=0 client=40 entries=1024 (~1088 KiB)
[A:tls] worker host=0 client=38 entries=1024 (~1088 KiB)
[A:tls] worker host=0 client=52 entries=1024 (~1088 KiB)
[A:tls] worker host=0 client=3 entries=1024 (~1088 KiB)
[A:tls] worker host=0 client=5 entries=1024 (~1088 KiB)
[A:tls] worker host=0 client=33 entries=1024 (~1088 KiB)
[A:tls] worker host=0 client=41 entries=1024 (~1088 KiB)
[A:tls] worker host=0 client=39 entries=1024 (~1088 KiB)
[A:tls] worker host=0 client=55 entries=1024 (~1088 KiB)
[A:tls] worker host=0 client=20 entries=1024 (~1088 KiB)
[A:tls] worker host=0 client=14 entries=1024 (~1088 KiB)
[A:tls] worker host=0 client=17 entries=1024 (~1088 KiB)
[A:tls] worker host=0 client=57 entries=1024 (~1088 KiB)
[A:tls] worker host=0 client=15 entries=1024 (~1088 KiB)
[A:tls] worker host=0 client=48 entries=1024 (~1088 KiB)
[A:tls] worker host=0 client=19 entries=1024 (~1088 KiB)
[A:tls] worker host=0 client=32 entries=1024 (~1088 KiB)
[A:tls] worker host=0 client=10 entries=1024 (~1088 KiB)
[A:tls] worker host=0 client=26 entries=1024 (~1088 KiB)
[A:tls] worker host=0 client=24 entries=1024 (~1088 KiB)
[A:tls] worker host=0 client=37 entries=1024 (~1088 KiB)
[A:tls] worker host=0 client=46 entries=1024 (~1088 KiB)
[A:tls] worker host=0 client=25 entries=1024 (~1088 KiB)
[A:tls] worker host=0 client=31 entries=1024 (~1088 KiB)
[A:tls] worker host=0 client=22 entries=1024 (~1088 KiB)
[A:tls] worker host=0 client=36 entries=1024 (~1088 KiB)
[A:tls] worker host=0 client=29 entries=1024 (~1088 KiB)
[A:tls] worker host=0 client=30 entries=1024 (~1088 KiB)
[A:tls] worker host=0 client=23 entries=1024 (~1088 KiB)
[A:tls] worker host=0 client=35 entries=1024 (~1088 KiB)
[A:tls] worker host=0 client=6 entries=1024 (~1088 KiB)
[A:tls] worker host=0 client=21 entries=1024 (~1088 KiB)
[A:tls] worker host=0 client=0 entries=1024 (~1088 KiB)
[A:tls] worker host=0 client=4 entries=1024 (~1088 KiB)
[A:tls] worker host=0 client=28 entries=1024 (~1088 KiB)
[A:tls] worker host=0 client=16 entries=1024 (~1088 KiB)
[A:tls] worker host=0 client=7 entries=1024 (~1088 KiB)
[A:tls] worker host=0 client=56 entries=1024 (~1088 KiB)
[A:tls] worker host=0 client=27 entries=1024 (~1088 KiB)
[A:tls] worker host=0 client=60 entries=1024 (~1088 KiB)
[A:tls] worker host=0 client=18 entries=1024 (~1088 KiB)
[A:tls] worker host=0 client=9 entries=1024 (~1088 KiB)
[A:tls] worker host=0 client=12 entries=1024 (~1088 KiB)
[A:tls] worker host=0 client=13 entries=1024 (~1088 KiB)
[A:tls] worker host=0 client=11 entries=1024 (~1088 KiB)
[A:tls] worker host=0 client=8 entries=1024 (~1088 KiB)
[A:tls] worker host=0 client=2 entries=1024 (~1088 KiB)
[A:tls] worker host=0 client=42 entries=1024 (~1088 KiB)
[A:tls] worker host=0 client=34 entries=1024 (~1088 KiB)
[A:tls] worker host=0 client=58 entries=1024 (~1088 KiB)
[A:tls] worker host=0 client=1 entries=1024 (~1088 KiB)
