[A:thread] Worker pinned host=0 client=1 -> cpu=1 (pid=30974)
[A:thread] Worker pinned host=0 client=2 -> cpu=2 (pid=30975)
[A:thread] Worker pinned host=0 client=3 -> cpu=3 (pid=30976)
[A:thread] Worker pinned host=0 client=4 -> cpu=4 (pid=30977)
[A:thread] Worker pinned host=0 client=5 -> cpu=5 (pid=30978)
[A:thread] Worker pinned host=0 client=6 -> cpu=6 (pid=30979)
[A:thread] Worker pinned host=0 client=7 -> cpu=7 (pid=30980)
[A:thread] Worker pinned host=0 client=8 -> cpu=8 (pid=30981)
[A:thread] Worker pinned host=0 client=9 -> cpu=9 (pid=30982)
[A:thread] Worker pinned host=0 client=10 -> cpu=10 (pid=30983)
[A:thread] Worker pinned host=0 client=11 -> cpu=11 (pid=30984)
[A:thread] Worker pinned host=0 client=12 -> cpu=12 (pid=30985)
[A:thread] Worker pinned host=0 client=13 -> cpu=13 (pid=30986)
[A:thread] Worker pinned host=0 client=14 -> cpu=14 (pid=30987)
[A:thread] Worker pinned host=0 client=15 -> cpu=15 (pid=30988)
[A:thread] Worker pinned host=0 client=16 -> cpu=16 (pid=30989)
[A:thread] Worker pinned host=0 client=17 -> cpu=17 (pid=30990)
[A:thread] Worker pinned host=0 client=18 -> cpu=18 (pid=30991)
[A:thread] Worker pinned host=0 client=19 -> cpu=19 (pid=30992)
[A:thread] Worker pinned host=0 client=20 -> cpu=20 (pid=30993)
[A:thread] Worker pinned host=0 client=21 -> cpu=21 (pid=30994)
[A:thread] Worker pinned host=0 client=22 -> cpu=22 (pid=30995)
[A:thread] Worker pinned host=0 client=23 -> cpu=23 (pid=30996)
[A:thread] Worker pinned host=0 client=24 -> cpu=24 (pid=30997)
[A:thread] Worker pinned host=0 client=25 -> cpu=25 (pid=30998)
[A:thread] Worker pinned host=0 client=26 -> cpu=26 (pid=30999)
[A:thread] Worker pinned host=0 client=27 -> cpu=27 (pid=31000)
[A:thread] Worker pinned host=0 client=28 -> cpu=28 (pid=31001)
[A:thread] Worker pinned host=0 client=29 -> cpu=29 (pid=31002)
[A:thread] Worker pinned host=0 client=30 -> cpu=30 (pid=31003)
[A:thread] Worker pinned host=0 client=31 -> cpu=31 (pid=31004)
[A:thread] Worker pinned host=0 client=32 -> cpu=32 (pid=31005)
[A:thread] Worker pinned host=0 client=33 -> cpu=33 (pid=31006)
[A:thread] Worker pinned host=0 client=34 -> cpu=34 (pid=31007)
[A:thread] Worker pinned host=0 client=35 -> cpu=35 (pid=31008)
[A:thread] Worker pinned host=0 client=36 -> cpu=36 (pid=31009)
[A:thread] Worker pinned host=0 client=37 -> cpu=37 (pid=31010)
[A:thread] Worker pinned host=0 client=38 -> cpu=38 (pid=31011)
[A:thread] Worker pinned host=0 client=39 -> cpu=39 (pid=31012)
[A:thread] Worker pinned host=0 client=40 -> cpu=40 (pid=31013)
[A:thread] Worker pinned host=0 client=41 -> cpu=41 (pid=31014)
[A:thread] Worker pinned host=0 client=42 -> cpu=42 (pid=31015)
[A:thread] Worker pinned host=0 client=43 -> cpu=43 (pid=31016)
[A:thread] Worker pinned host=0 client=44 -> cpu=44 (pid=31017)
[A:thread] Worker pinned host=0 client=45 -> cpu=45 (pid=31018)
[A:thread] Worker pinned host=0 client=46 -> cpu=46 (pid=31019)
[A:thread] Worker pinned host=0 client=47 -> cpu=47 (pid=31020)
[A:thread] Worker pinned host=0 client=48 -> cpu=48 (pid=31021)
[A:thread] Worker pinned host=0 client=49 -> cpu=49 (pid=31022)
[A:thread] Worker pinned host=0 client=50 -> cpu=50 (pid=31023)
[A:thread] Worker pinned host=0 client=51 -> cpu=51 (pid=31024)
[A:thread] Worker pinned host=0 client=52 -> cpu=52 (pid=31025)
[A:thread] Worker pinned host=0 client=53 -> cpu=53 (pid=31026)
[A:thread] Worker pinned host=0 client=54 -> cpu=54 (pid=31027)
[A:thread] Worker pinned host=0 client=55 -> cpu=55 (pid=31028)
[A:thread] Worker pinned host=0 client=56 -> cpu=56 (pid=31029)
[A:thread] Worker pinned host=0 client=57 -> cpu=57 (pid=31030)
[A:thread] Worker pinned host=0 client=58 -> cpu=58 (pid=31031)
[A:thread] Worker pinned host=0 client=59 -> cpu=59 (pid=31032)
[A:thread] Worker pinned host=0 client=0 -> cpu=0 (pid=30973)
[A:thread] Worker pinned host=0 client=61 -> cpu=61 (pid=31034)
[A:thread] Worker pinned host=0 client=60 -> cpu=60 (pid=31033)
[A:thread] Worker pinned host=0 client=62 -> cpu=62 (pid=31035)
[A:thread] Worker pinned host=0 client=63 -> cpu=63 (pid=31036)
[A:thread] WriteReceiver pid=30973 tid=139662411843264 pinned cpu=65 (host_id=0)
[A:thread] ReadReceiver pid=30973 tid=139662403450560 pinned cpu=67 (host_id=0)
[A:thread] InvalReceiver pid=30973 tid=139662395057856 pinned cpu=69 (host_id=0)
[A:thread] ReservHandler pid=30973 tid=139662386665152 pinned cpu=70 (host_id=0)
[A:tls] worker host=0 client=58 entries=1024 (~1088 KiB)
[A:tls] worker host=0 client=62 entries=1024 (~1088 KiB)
[A:tls] worker host=0 client=60 entries=1024 (~1088 KiB)
[A:tls] worker host=0 client=51 entries=1024 (~1088 KiB)
[A:tls] worker host=0 client=40 entries=1024 (~1088 KiB)
[A:tls] worker host=0 client=63 entries=1024 (~1088 KiB)
[A:tls] worker host=0 client=61 entries=1024 (~1088 KiB)
[A:tls] worker host=0 client=9 entries=1024 (~1088 KiB)
[A:tls] worker host=0 client=55 entries=1024 (~1088 KiB)
[A:tls] worker host=0 client=54 entries=1024 (~1088 KiB)
[A:tls] worker host=0 client=0 entries=1024 (~1088 KiB)
[A:tls] worker host=0 client=41 entries=1024 (~1088 KiB)
[A:tls] worker host=0 client=42 entries=1024 (~1088 KiB)
[A:tls] worker host=0 client=10 entries=1024 (~1088 KiB)
[A:tls] worker host=0 client=15 entries=1024 (~1088 KiB)
[A:tls] worker host=0 client=49 entries=1024 (~1088 KiB)
[A:tls] worker host=0 client=12 entries=1024 (~1088 KiB)
[A:tls] worker host=0 client=53 entries=1024 (~1088 KiB)
[A:tls] worker host=0 client=4 entries=1024 (~1088 KiB)
[A:tls] worker host=0 client=45 entries=1024 (~1088 KiB)
[A:tls] worker host=0 client=39 entries=1024 (~1088 KiB)
[A:tls] worker host=0 client=1 entries=1024 (~1088 KiB)
[A:tls] worker host=0 client=13 entries=1024 (~1088 KiB)
[A:tls] worker host=0 client=8 entries=1024 (~1088 KiB)
[A:tls] worker host=0 client=29 entries=1024 (~1088 KiB)
[A:tls] worker host=0 client=14 entries=1024 (~1088 KiB)
[A:tls] worker host=0 client=22 entries=1024 (~1088 KiB)
[A:tls] worker host=0 client=2 entries=1024 (~1088 KiB)
[A:tls] worker host=0 client=52 entries=1024 (~1088 KiB)
[A:tls] worker host=0 client=3 entries=1024 (~1088 KiB)
[A:thread] WriteSender pid=30973 tid=139662378272448 pinned cpu=64 (host_id=0)
[A:tls] worker host=0 client=43 entries=1024 (~1088 KiB)
[A:tls] worker host=0 client=44 entries=1024 (~1088 KiB)
[A:tls] worker host=0 client=5 entries=1024 (~1088 KiB)
[A:tls] worker host=0 client=57 entries=1024 (~1088 KiB)
[A:sender] kind=0 policy=P0 K=16 T_us=100 host_id=0
[A:tls] worker host=0 client=35 entries=1024 (~1088 KiB)
[A:tls] worker host=0 client=30 entries=1024 (~1088 KiB)
[A:tls] worker host=0 client=21 entries=1024 (~1088 KiB)
[A:thread] ReadSender pid=30973 tid=139662369879744 pinned cpu=66 (host_id=0)
[A:tls] worker host=0 client=7 entries=1024 (~1088 KiB)
[A:sender] kind=1 policy=P0 K=16 T_us=100 host_id=0
[A:tls] worker host=0 client=20 entries=1024 (~1088 KiB)
[A:tls] worker host=0 client=56 entries=1024 (~1088 KiB)
[A:tls] worker host=0 client=32 entries=1024 (~1088 KiB)
[A:tls] worker host=0 client=11 entries=1024 (~1088 KiB)
[A:tls] worker host=0 client=6 entries=1024 (~1088 KiB)
[A:tls] worker host=0 client=59 entries=1024 (~1088 KiB)
[A:tls] worker host=0 client=46 entries=1024 (~1088 KiB)
[A:tls] worker host=0 client=50 entries=1024 (~1088 KiB)
[A:tls] worker host=0 client=19 entries=1024 (~1088 KiB)
[A:tls] worker host=0 client=48 entries=1024 (~1088 KiB)
[A:tls] worker host=0 client=24 entries=1024 (~1088 KiB)
[A:tls] worker host=0 client=23 entries=1024 (~1088 KiB)
[A:tls] worker host=0 client=37 entries=1024 (~1088 KiB)
[A:tls] worker host=0 client=28 entries=1024 (~1088 KiB)
[A:tls] worker host=0 client=18 entries=1024 (~1088 KiB)
[A:thread] InvalSender pid=30973 tid=139662361487040 pinned cpu=68 (host_id=0)
[A:tls] worker host=0 client=36 entries=1024 (~1088 KiB)
[A:tls] worker host=0 client=47 entries=1024 (~1088 KiB)
[A:tls] worker host=0 client=27 entries=1024 (~1088 KiB)
[A:tls] worker host=0 client=26 entries=1024 (~1088 KiB)
[A:tls] worker host=0 client=16 entries=1024 (~1088 KiB)
[A:tls] worker host=0 client=17 entries=1024 (~1088 KiB)
[A:tls] worker host=0 client=33 entries=1024 (~1088 KiB)
[A:tls] worker host=0 client=34 entries=1024 (~1088 KiB)
[A:tls] worker host=0 client=31 entries=1024 (~1088 KiB)
[A:sender] kind=2 policy=P0 K=16 T_us=100 host_id=0
[A:tls] worker host=0 client=38 entries=1024 (~1088 KiB)
[A:tls] worker host=0 client=25 entries=1024 (~1088 KiB)
