[A:thread] Worker pinned host=0 client=1 -> cpu=1 (pid=67958)
[A:thread] Worker pinned host=0 client=2 -> cpu=2 (pid=67959)
[A:thread] Worker pinned host=0 client=3 -> cpu=3 (pid=67960)
[A:thread] Worker pinned host=0 client=4 -> cpu=4 (pid=67961)
[A:thread] Worker pinned host=0 client=5 -> cpu=5 (pid=67962)
[A:thread] Worker pinned host=0 client=6 -> cpu=6 (pid=67963)
[A:thread] Worker pinned host=0 client=7 -> cpu=7 (pid=67964)
[A:thread] Worker pinned host=0 client=8 -> cpu=8 (pid=67965)
[A:thread] Worker pinned host=0 client=9 -> cpu=9 (pid=67966)
[A:thread] Worker pinned host=0 client=10 -> cpu=10 (pid=67967)
[A:thread] Worker pinned host=0 client=12 -> cpu=12 (pid=67969)
[A:thread] Worker pinned host=0 client=11 -> cpu=11 (pid=67968)
[A:thread] Worker pinned host=0 client=13 -> cpu=13 (pid=67970)
[A:thread] Worker pinned host=0 client=14 -> cpu=14 (pid=67971)
[A:thread] Worker pinned host=0 client=15 -> cpu=15 (pid=67972)
[A:thread] Worker pinned host=0 client=16 -> cpu=16 (pid=67973)
[A:thread] Worker pinned host=0 client=17 -> cpu=17 (pid=67974)
[A:thread] Worker pinned host=0 client=18 -> cpu=18 (pid=67975)
[A:thread] Worker pinned host=0 client=19 -> cpu=19 (pid=67976)
[A:thread] Worker pinned host=0 client=20 -> cpu=20 (pid=67977)
[A:thread] Worker pinned host=0 client=21 -> cpu=21 (pid=67978)
[A:thread] Worker pinned host=0 client=22 -> cpu=22 (pid=67979)
[A:thread] Worker pinned host=0 client=23 -> cpu=23 (pid=67980)
[A:thread] Worker pinned host=0 client=24 -> cpu=24 (pid=67981)
[A:thread] Worker pinned host=0 client=25 -> cpu=25 (pid=67982)
[A:thread] Worker pinned host=0 client=26 -> cpu=26 (pid=67983)
[A:thread] Worker pinned host=0 client=27 -> cpu=27 (pid=67984)
[A:thread] Worker pinned host=0 client=28 -> cpu=28 (pid=67985)
[A:thread] Worker pinned host=0 client=29 -> cpu=29 (pid=67986)
[A:thread] Worker pinned host=0 client=30 -> cpu=30 (pid=67987)
[A:thread] Worker pinned host=0 client=31 -> cpu=31 (pid=67988)
[A:thread] Worker pinned host=0 client=32 -> cpu=32 (pid=67989)
[A:thread] Worker pinned host=0 client=33 -> cpu=33 (pid=67990)
[A:thread] Worker pinned host=0 client=34 -> cpu=34 (pid=67991)
[A:thread] Worker pinned host=0 client=35 -> cpu=35 (pid=67992)
[A:thread] Worker pinned host=0 client=36 -> cpu=36 (pid=67993)
[A:thread] Worker pinned host=0 client=37 -> cpu=37 (pid=67994)
[A:thread] Worker pinned host=0 client=38 -> cpu=38 (pid=67995)
[A:thread] Worker pinned host=0 client=39 -> cpu=39 (pid=67996)
[A:thread] Worker pinned host=0 client=40 -> cpu=40 (pid=67997)
[A:thread] Worker pinned host=0 client=42 -> cpu=42 (pid=67999)
[A:thread] Worker pinned host=0 client=43 -> cpu=43 (pid=68000)
[A:thread] Worker pinned host=0 client=44 -> cpu=44 (pid=68001)
[A:thread] Worker pinned host=0 client=41 -> cpu=41 (pid=67998)
[A:thread] Worker pinned host=0 client=45 -> cpu=45 (pid=68002)
[A:thread] Worker pinned host=0 client=46 -> cpu=46 (pid=68003)
[A:thread] Worker pinned host=0 client=47 -> cpu=47 (pid=68004)
[A:thread] Worker pinned host=0 client=49 -> cpu=49 (pid=68006)
[A:thread] Worker pinned host=0 client=48 -> cpu=48 (pid=68005)
[A:thread] Worker pinned host=0 client=51 -> cpu=51 (pid=68008)
[A:thread] Worker pinned host=0 client=50 -> cpu=50 (pid=68007)
[A:thread] Worker pinned host=0 client=52 -> cpu=52 (pid=68009)
[A:thread] Worker pinned host=0 client=53 -> cpu=53 (pid=68010)
[A:thread] Worker pinned host=0 client=54 -> cpu=54 (pid=68011)
[A:thread] Worker pinned host=0 client=55 -> cpu=55 (pid=68012)
[A:thread] Worker pinned host=0 client=56 -> cpu=56 (pid=68013)
[A:thread] Worker pinned host=0 client=57 -> cpu=57 (pid=68014)
[A:thread] Worker pinned host=0 client=58 -> cpu=58 (pid=68015)
[A:thread] Worker pinned host=0 client=59 -> cpu=59 (pid=68016)
[A:thread] Worker pinned host=0 client=60 -> cpu=60 (pid=68017)
[A:thread] Worker pinned host=0 client=61 -> cpu=61 (pid=68018)
[A:thread] Worker pinned host=0 client=0 -> cpu=0 (pid=67941)
[A:thread] Worker pinned host=0 client=62 -> cpu=62 (pid=68019)
[A:thread] Worker pinned host=0 client=63 -> cpu=63 (pid=68020)
[A:thread] WriteReceiver pid=67941 tid=140669879133888 pinned cpu=65 (host_id=0)
[A:thread] ReadReceiver pid=67941 tid=140669870741184 pinned cpu=67 (host_id=0)
[A:thread] InvalReceiver pid=67941 tid=140669862348480 pinned cpu=69 (host_id=0)
[A:thread] WriteSender pid=67941 tid=140669853955776 pinned cpu=64 (host_id=0)
[A:sender] kind=0 policy=P0 K=16 T_us=100 host_id=0
[A:tls] worker host=0 client=37 entries=1024 (~1088 KiB)
[A:tls] worker host=0 client=36 entries=1024 (~1088 KiB)
[A:tls] worker host=0 client=54 entries=1024 (~1088 KiB)
[A:tls] worker host=0 client=51 entries=1024 (~1088 KiB)
[A:tls] worker host=0 client=2 entries=1024 (~1088 KiB)
[A:tls] worker host=0 client=52 entries=1024 (~1088 KiB)
[A:tls] worker host=0 client=32 entries=1024 (~1088 KiB)
[A:tls] worker host=0 client=6 entries=1024 (~1088 KiB)
[A:tls] worker host=0 client=40 entries=1024 (~1088 KiB)
[A:tls] worker host=0 client=41 entries=1024 (~1088 KiB)
[A:tls] worker host=0 client=33 entries=1024 (~1088 KiB)
[A:tls] worker host=0 client=55 entries=1024 (~1088 KiB)
[A:tls] worker host=0 client=30 entries=1024 (~1088 KiB)
[A:tls] worker host=0 client=20 entries=1024 (~1088 KiB)
[A:tls] worker host=0 client=24 entries=1024 (~1088 KiB)
[A:tls] worker host=0 client=28 entries=1024 (~1088 KiB)
[A:tls] worker host=0 client=7 entries=1024 (~1088 KiB)
[A:tls] worker host=0 client=27 entries=1024 (~1088 KiB)
[A:tls] worker host=0 client=31 entries=1024 (~1088 KiB)
[A:tls] worker host=0 client=3 entries=1024 (~1088 KiB)
[A:tls] worker host=0 client=48 entries=1024 (~1088 KiB)
[A:tls] worker host=0 client=26 entries=1024 (~1088 KiB)
[A:tls] worker host=0 client=0 entries=1024 (~1088 KiB)
[A:tls] worker host=0 client=1 entries=1024 (~1088 KiB)
[A:tls] worker host=0 client=39 entries=1024 (~1088 KiB)
[A:tls] worker host=0 client=29 entries=1024 (~1088 KiB)
[A:tls] worker host=0 client=34 entries=1024 (~1088 KiB)
[A:tls] worker host=0 client=4 entries=1024 (~1088 KiB)
[A:tls] worker host=0 client=50 entries=1024 (~1088 KiB)
[A:tls] worker host=0 client=5 entries=1024 (~1088 KiB)
[A:tls] worker host=0 client=38 entries=1024 (~1088 KiB)
[A:tls] worker host=0 client=56 entries=1024 (~1088 KiB)
[A:thread] ReadSender pid=67941 tid=140669775509184 pinned cpu=66 (host_id=0)
[A:tls] worker host=0 client=35 entries=1024 (~1088 KiB)
[A:tls] worker host=0 client=25 entries=1024 (~1088 KiB)
[A:tls] worker host=0 client=44 entries=1024 (~1088 KiB)
[A:sender] kind=1 policy=P0 K=16 T_us=100 host_id=0
[A:tls] worker host=0 client=43 entries=1024 (~1088 KiB)
[A:tls] worker host=0 client=42 entries=1024 (~1088 KiB)
[A:tls] worker host=0 client=47 entries=1024 (~1088 KiB)
[A:tls] worker host=0 client=49 entries=1024 (~1088 KiB)
[A:tls] worker host=0 client=8 entries=1024 (~1088 KiB)
[A:tls] worker host=0 client=15 entries=1024 (~1088 KiB)
[A:tls] worker host=0 client=19 entries=1024 (~1088 KiB)
[A:tls] worker host=0 client=46 entries=1024 (~1088 KiB)
[A:tls] worker host=0 client=23 entries=1024 (~1088 KiB)
[A:thread] InvalSender pid=67941 tid=140669767116480 pinned cpu=68 (host_id=0)
[A:tls] worker host=0 client=10 entries=1024 (~1088 KiB)
[A:tls] worker host=0 client=18 entries=1024 (~1088 KiB)
[A:tls] worker host=0 client=60 entries=1024 (~1088 KiB)
[A:tls] worker host=0 client=59 entries=1024 (~1088 KiB)
[A:tls] worker host=0 client=16 entries=1024 (~1088 KiB)
[A:tls] worker host=0 client=11 entries=1024 (~1088 KiB)
[A:sender] kind=2 policy=P0 K=16 T_us=100 host_id=0
[A:tls] worker host=0 client=13 entries=1024 (~1088 KiB)
[A:tls] worker host=0 client=12 entries=1024 (~1088 KiB)
[A:tls] worker host=0 client=57 entries=1024 (~1088 KiB)
[A:tls] worker host=0 client=61 entries=1024 (~1088 KiB)
[A:tls] worker host=0 client=22 entries=1024 (~1088 KiB)
[A:tls] worker host=0 client=62 entries=1024 (~1088 KiB)
[A:tls] worker host=0 client=21 entries=1024 (~1088 KiB)
[A:tls] worker host=0 client=9 entries=1024 (~1088 KiB)
[A:tls] worker host=0 client=45 entries=1024 (~1088 KiB)
[A:tls] worker host=0 client=53 entries=1024 (~1088 KiB)
[A:tls] worker host=0 client=58 entries=1024 (~1088 KiB)
[A:tls] worker host=0 client=14 entries=1024 (~1088 KiB)
[A:tls] worker host=0 client=63 entries=1024 (~1088 KiB)
[A:tls] worker host=0 client=17 entries=1024 (~1088 KiB)
YCSB opt=A cache=0 num_hosts=2 threads=64 threads_eff=64 rep=4 load_ops=50000 load_thpt=112058 trans_ops=50000 trans_wall_max=0.004619 trans_agg_thpt=10824853 w_avg_ns=23138 w_p50_ns=19651 w_p99_ns=76555 r_avg_ns=9772 r_p50_ns=10248 r_p99_ns=32746 first_op_ns_max=328695 first_op_ns_avg=30935 ops_to_first_ns_max=462322 ops_to_first_ns_avg=57596 # workloadb_optA_t64_cacheoff_rep4
