[A:thread] Worker pinned host=1 client=1 -> cpu=1 (pid=216840)
[A:thread] Worker pinned host=1 client=2 -> cpu=2 (pid=216841)
[A:thread] Worker pinned host=1 client=3 -> cpu=3 (pid=216842)
[A:thread] Worker pinned host=1 client=4 -> cpu=4 (pid=216843)
[A:thread] Worker pinned host=1 client=5 -> cpu=5 (pid=216844)
[A:thread] Worker pinned host=1 client=6 -> cpu=6 (pid=216845)
[A:thread] Worker pinned host=1 client=7 -> cpu=7 (pid=216846)
[A:thread] Worker pinned host=1 client=8 -> cpu=8 (pid=216847)
[A:thread] Worker pinned host=1 client=9 -> cpu=9 (pid=216848)
[A:thread] Worker pinned host=1 client=10 -> cpu=10 (pid=216849)
[A:thread] Worker pinned host=1 client=11 -> cpu=11 (pid=216850)
[A:thread] Worker pinned host=1 client=12 -> cpu=12 (pid=216851)
[A:thread] Worker pinned host=1 client=13 -> cpu=13 (pid=216852)
[A:thread] Worker pinned host=1 client=0 -> cpu=0 (pid=216839)
[A:thread] Worker pinned host=1 client=14 -> cpu=14 (pid=216853)
[A:thread] Worker pinned host=1 client=15 -> cpu=15 (pid=216854)
[A:tls] worker host=1 client=1 entries=1024 (~1088 KiB)
[A:tls] worker host=1 client=2 entries=1024 (~1088 KiB)
[A:tls] worker host=1 client=3 entries=1024 (~1088 KiB)
[A:tls] worker host=1 client=4 entries=1024 (~1088 KiB)
[A:tls] worker host=1 client=5 entries=1024 (~1088 KiB)
[A:tls] worker host=1 client=6 entries=1024 (~1088 KiB)
[A:tls] worker host=1 client=7 entries=1024 (~1088 KiB)
[A:thread] WriteReceiver pid=216839 tid=139898599241408 pinned cpu=65 (host_id=1)
[A:thread] ReadReceiver pid=216839 tid=139898590848704 pinned cpu=67 (host_id=1)
[A:thread] InvalReceiver pid=216839 tid=139898582456000 pinned cpu=69 (host_id=1)
[A:thread] WriteSender pid=216839 tid=139898574063296 pinned cpu=64 (host_id=1)
[A:sender] kind=0 policy=P0 K=16 T_us=100 host_id=1
[A:thread] ReadSender pid=216839 tid=139898565670592 pinned cpu=66 (host_id=1)
[A:sender] kind=1 policy=P0 K=16 T_us=100 host_id=1
[A:thread] InvalSender pid=216839 tid=139898557277888 pinned cpu=68 (host_id=1)
[A:sender] kind=2 policy=P0 K=16 T_us=100 host_id=1
[A:tls] worker host=1 client=8 entries=1024 (~1088 KiB)
[A:tls] worker host=1 client=9 entries=1024 (~1088 KiB)
[A:tls] worker host=1 client=12 entries=1024 (~1088 KiB)
[A:tls] worker host=1 client=15 entries=1024 (~1088 KiB)
[A:tls] worker host=1 client=13 entries=1024 (~1088 KiB)
[A:tls] worker host=1 client=14 entries=1024 (~1088 KiB)
[A:tls] worker host=1 client=10 entries=1024 (~1088 KiB)
[A:tls] worker host=1 client=11 entries=1024 (~1088 KiB)
[A:tls] worker host=1 client=0 entries=1024 (~1088 KiB)
