[A:thread] Worker pinned host=0 client=1 -> cpu=1 (pid=217139)
[A:thread] Worker pinned host=0 client=2 -> cpu=2 (pid=217140)
[A:thread] Worker pinned host=0 client=3 -> cpu=3 (pid=217141)
[A:thread] Worker pinned host=0 client=4 -> cpu=4 (pid=217142)
[A:thread] Worker pinned host=0 client=5 -> cpu=5 (pid=217143)
[A:thread] Worker pinned host=0 client=6 -> cpu=6 (pid=217144)
[A:thread] Worker pinned host=0 client=7 -> cpu=7 (pid=217145)
[A:thread] Worker pinned host=0 client=8 -> cpu=8 (pid=217146)
[A:thread] Worker pinned host=0 client=9 -> cpu=9 (pid=217147)
[A:thread] Worker pinned host=0 client=10 -> cpu=10 (pid=217148)
[A:thread] Worker pinned host=0 client=11 -> cpu=11 (pid=217149)
[A:thread] Worker pinned host=0 client=12 -> cpu=12 (pid=217150)
[A:thread] Worker pinned host=0 client=13 -> cpu=13 (pid=217151)
[A:thread] Worker pinned host=0 client=0 -> cpu=0 (pid=217115)
[A:thread] Worker pinned host=0 client=14 -> cpu=14 (pid=217152)
[A:thread] Worker pinned host=0 client=15 -> cpu=15 (pid=217153)
[A:thread] WriteReceiver pid=217115 tid=140277728671424 pinned cpu=65 (host_id=0)
[A:thread] ReadReceiver pid=217115 tid=140277720278720 pinned cpu=67 (host_id=0)
[A:thread] InvalReceiver pid=217115 tid=140277711886016 pinned cpu=69 (host_id=0)
[A:thread] WriteSender pid=217115 tid=140277703493312 pinned cpu=64 (host_id=0)
[A:sender] kind=0 policy=P0 K=16 T_us=100 host_id=0
[A:thread] ReadSender pid=217115 tid=140277695100608 pinned cpu=66 (host_id=0)
[A:sender] kind=1 policy=P0 K=16 T_us=100 host_id=0
[A:tls] worker host=0 client=1 entries=1024 (~1088 KiB)
[A:tls] worker host=0 client=2 entries=1024 (~1088 KiB)
[A:tls] worker host=0 client=3 entries=1024 (~1088 KiB)
[A:tls] worker host=0 client=4 entries=1024 (~1088 KiB)
[A:tls] worker host=0 client=5 entries=1024 (~1088 KiB)
[A:tls] worker host=0 client=8 entries=1024 (~1088 KiB)
[A:tls] worker host=0 client=6 entries=1024 (~1088 KiB)
[A:tls] worker host=0 client=9 entries=1024 (~1088 KiB)
[A:tls] worker host=0 client=7 entries=1024 (~1088 KiB)
[A:tls] worker host=0 client=10 entries=1024 (~1088 KiB)
[A:tls] worker host=0 client=11 entries=1024 (~1088 KiB)
[A:thread] InvalSender pid=217115 tid=140277686707904 pinned cpu=68 (host_id=0)
[A:sender] kind=2 policy=P0 K=16 T_us=100 host_id=0
[A:tls] worker host=0 client=13 entries=1024 (~1088 KiB)
[A:tls] worker host=0 client=14 entries=1024 (~1088 KiB)
[A:tls] worker host=0 client=0 entries=1024 (~1088 KiB)
[A:tls] worker host=0 client=15 entries=1024 (~1088 KiB)
[A:tls] worker host=0 client=12 entries=1024 (~1088 KiB)
YCSB opt=A cache=0 num_hosts=2 threads=16 threads_eff=16 rep=3 load_ops=50000 load_thpt=208607 trans_ops=50000 trans_wall_max=0.007998 trans_agg_thpt=6250781 w_avg_ns=11590 w_p50_ns=11750 w_p99_ns=26532 r_avg_ns=5198 r_p50_ns=7031 r_p99_ns=20716 # workloadf_optA_t16_cacheoff_rep3
