[A:thread] Worker pinned host=1 client=1 -> cpu=1 (pid=214816)
[A:thread] Worker pinned host=1 client=2 -> cpu=2 (pid=214817)
[A:thread] Worker pinned host=1 client=3 -> cpu=3 (pid=214818)
[A:thread] Worker pinned host=1 client=4 -> cpu=4 (pid=214819)
[A:thread] Worker pinned host=1 client=5 -> cpu=5 (pid=214820)
[A:thread] Worker pinned host=1 client=6 -> cpu=6 (pid=214821)
[A:thread] Worker pinned host=1 client=7 -> cpu=7 (pid=214822)
[A:thread] Worker pinned host=1 client=8 -> cpu=8 (pid=214823)
[A:thread] Worker pinned host=1 client=9 -> cpu=9 (pid=214824)
[A:thread] Worker pinned host=1 client=10 -> cpu=10 (pid=214825)
[A:thread] Worker pinned host=1 client=11 -> cpu=11 (pid=214826)
[A:thread] Worker pinned host=1 client=12 -> cpu=12 (pid=214827)
[A:thread] Worker pinned host=1 client=0 -> cpu=0 (pid=214815)
[A:thread] Worker pinned host=1 client=13 -> cpu=13 (pid=214828)
[A:thread] Worker pinned host=1 client=14 -> cpu=14 (pid=214829)
[A:thread] Worker pinned host=1 client=15 -> cpu=15 (pid=214830)
[A:thread] WriteReceiver pid=214815 tid=140619631556288 pinned cpu=65 (host_id=1)
[A:thread] ReadReceiver pid=214815 tid=140619623163584 pinned cpu=67 (host_id=1)
[A:tls] worker host=1 client=0 entries=1024 (~1088 KiB)
[A:tls] worker host=1 client=1 entries=1024 (~1088 KiB)
[A:tls] worker host=1 client=2 entries=1024 (~1088 KiB)
[A:tls] worker host=1 client=3 entries=1024 (~1088 KiB)
[A:tls] worker host=1 client=4 entries=1024 (~1088 KiB)
[A:tls] worker host=1 client=6 entries=1024 (~1088 KiB)
[A:tls] worker host=1 client=5 entries=1024 (~1088 KiB)
[A:thread] InvalReceiver pid=214815 tid=140619614770880 pinned cpu=69 (host_id=1)
[A:tls] worker host=1 client=7 entries=1024 (~1088 KiB)
[A:tls] worker host=1 client=8 entries=1024 (~1088 KiB)
[A:thread] WriteSender pid=214815 tid=140619606378176 pinned cpu=64 (host_id=1)
[A:sender] kind=0 policy=P0 K=16 T_us=100 host_id=1
[A:tls] worker host=1 client=9 entries=1024 (~1088 KiB)
[A:thread] InvalSender pid=214815 tid=140619589592768 pinned cpu=68 (host_id=1)
[A:sender] kind=2 policy=P0 K=16 T_us=100 host_id=1
[A:thread] ReadSender pid=214815 tid=140619597985472 pinned cpu=66 (host_id=1)
[A:sender] kind=1 policy=P0 K=16 T_us=100 host_id=1
[A:tls] worker host=1 client=10 entries=1024 (~1088 KiB)
[A:tls] worker host=1 client=11 entries=1024 (~1088 KiB)
[A:tls] worker host=1 client=12 entries=1024 (~1088 KiB)
[A:tls] worker host=1 client=13 entries=1024 (~1088 KiB)
[A:tls] worker host=1 client=14 entries=1024 (~1088 KiB)
[A:tls] worker host=1 client=15 entries=1024 (~1088 KiB)
