[A:thread] Worker pinned host=0 client=1 -> cpu=1 (pid=217225)
[A:thread] Worker pinned host=0 client=2 -> cpu=2 (pid=217226)
[A:thread] Worker pinned host=0 client=3 -> cpu=3 (pid=217227)
[A:thread] Worker pinned host=0 client=4 -> cpu=4 (pid=217228)
[A:thread] Worker pinned host=0 client=5 -> cpu=5 (pid=217229)
[A:thread] Worker pinned host=0 client=6 -> cpu=6 (pid=217230)
[A:thread] Worker pinned host=0 client=7 -> cpu=7 (pid=217231)
[A:thread] Worker pinned host=0 client=8 -> cpu=8 (pid=217232)
[A:thread] Worker pinned host=0 client=9 -> cpu=9 (pid=217233)
[A:thread] Worker pinned host=0 client=10 -> cpu=10 (pid=217234)
[A:thread] Worker pinned host=0 client=11 -> cpu=11 (pid=217235)
[A:thread] Worker pinned host=0 client=12 -> cpu=12 (pid=217236)
[A:thread] Worker pinned host=0 client=13 -> cpu=13 (pid=217237)
[A:thread] Worker pinned host=0 client=14 -> cpu=14 (pid=217238)
[A:thread] Worker pinned host=0 client=0 -> cpu=0 (pid=217224)
[A:thread] Worker pinned host=0 client=15 -> cpu=15 (pid=217239)
[A:thread] WriteReceiver pid=217224 tid=139674587756224 pinned cpu=65 (host_id=0)
[A:thread] ReadReceiver pid=217224 tid=139674579363520 pinned cpu=67 (host_id=0)
[A:thread] InvalReceiver pid=217224 tid=139674570970816 pinned cpu=69 (host_id=0)
[A:thread] WriteSender pid=217224 tid=139674562578112 pinned cpu=64 (host_id=0)
[A:sender] kind=0 policy=P0 K=16 T_us=100 host_id=0
[A:thread] ReadSender pid=217224 tid=139674554185408 pinned cpu=66 (host_id=0)
[A:sender] kind=1 policy=P0 K=16 T_us=100 host_id=0
[A:thread] InvalSender pid=217224 tid=139674545792704 pinned cpu=68 (host_id=0)
[A:sender] kind=2 policy=P0 K=16 T_us=100 host_id=0
[A:tls] worker host=0 client=2 entries=1024 (~1088 KiB)
[A:tls] worker host=0 client=1 entries=1024 (~1088 KiB)
[A:tls] worker host=0 client=5 entries=1024 (~1088 KiB)
[A:tls] worker host=0 client=3 entries=1024 (~1088 KiB)
[A:tls] worker host=0 client=4 entries=1024 (~1088 KiB)
[A:tls] worker host=0 client=7 entries=1024 (~1088 KiB)
[A:tls] worker host=0 client=6 entries=1024 (~1088 KiB)
[A:tls] worker host=0 client=0 entries=1024 (~1088 KiB)
[A:tls] worker host=0 client=8 entries=1024 (~1088 KiB)
[A:tls] worker host=0 client=9 entries=1024 (~1088 KiB)
[A:tls] worker host=0 client=11 entries=1024 (~1088 KiB)
[A:tls] worker host=0 client=15 entries=1024 (~1088 KiB)
[A:tls] worker host=0 client=12 entries=1024 (~1088 KiB)
[A:tls] worker host=0 client=10 entries=1024 (~1088 KiB)
[A:tls] worker host=0 client=13 entries=1024 (~1088 KiB)
[A:tls] worker host=0 client=14 entries=1024 (~1088 KiB)
YCSB opt=A cache=0 num_hosts=2 threads=16 threads_eff=16 rep=5 load_ops=50000 load_thpt=208241 trans_ops=50000 trans_wall_max=0.007947 trans_agg_thpt=6290890 w_avg_ns=11503 w_p50_ns=11681 w_p99_ns=26450 r_avg_ns=5358 r_p50_ns=7366 r_p99_ns=24790 # workloadf_optA_t16_cacheoff_rep5
