[A:thread] Worker pinned host=1 client=1 -> cpu=1 (pid=213137)
[A:thread] Worker pinned host=1 client=2 -> cpu=2 (pid=213138)
[A:thread] Worker pinned host=1 client=3 -> cpu=3 (pid=213139)
[A:thread] Worker pinned host=1 client=4 -> cpu=4 (pid=213140)
[A:thread] Worker pinned host=1 client=5 -> cpu=5 (pid=213141)
[A:thread] Worker pinned host=1 client=6 -> cpu=6 (pid=213142)
[A:thread] Worker pinned host=1 client=7 -> cpu=7 (pid=213143)
[A:thread] Worker pinned host=1 client=8 -> cpu=8 (pid=213144)
[A:thread] Worker pinned host=1 client=9 -> cpu=9 (pid=213145)
[A:thread] Worker pinned host=1 client=10 -> cpu=10 (pid=213146)
[A:thread] Worker pinned host=1 client=11 -> cpu=11 (pid=213147)
[A:thread] Worker pinned host=1 client=12 -> cpu=12 (pid=213148)
[A:thread] Worker pinned host=1 client=13 -> cpu=13 (pid=213149)
[A:thread] Worker pinned host=1 client=0 -> cpu=0 (pid=213136)
[A:thread] Worker pinned host=1 client=14 -> cpu=14 (pid=213150)
[A:thread] Worker pinned host=1 client=15 -> cpu=15 (pid=213151)
[A:thread] WriteReceiver pid=213136 tid=140063070512832 pinned cpu=65 (host_id=1)
[A:thread] ReadReceiver pid=213136 tid=140063062120128 pinned cpu=67 (host_id=1)
[A:thread] InvalReceiver pid=213136 tid=140063053727424 pinned cpu=69 (host_id=1)
[A:thread] WriteSender pid=213136 tid=140063045334720 pinned cpu=64 (host_id=1)
[A:sender] kind=0 policy=P0 K=16 T_us=100 host_id=1
[A:thread] ReadSender pid=213136 tid=140063036942016 pinned cpu=66 (host_id=1)
[A:sender] kind=1 policy=P0 K=16 T_us=100 host_id=1
[A:thread] InvalSender pid=213136 tid=140063028549312 pinned cpu=68 (host_id=1)
[A:sender] kind=2 policy=P0 K=16 T_us=100 host_id=1
[A:tls] worker host=1 client=2 entries=1024 (~1088 KiB)
[A:tls] worker host=1 client=3 entries=1024 (~1088 KiB)
[A:tls] worker host=1 client=1 entries=1024 (~1088 KiB)
[A:tls] worker host=1 client=4 entries=1024 (~1088 KiB)
[A:tls] worker host=1 client=6 entries=1024 (~1088 KiB)
[A:tls] worker host=1 client=5 entries=1024 (~1088 KiB)
[A:tls] worker host=1 client=10 entries=1024 (~1088 KiB)
[A:tls] worker host=1 client=12 entries=1024 (~1088 KiB)
[A:tls] worker host=1 client=11 entries=1024 (~1088 KiB)
[A:tls] worker host=1 client=9 entries=1024 (~1088 KiB)
[A:tls] worker host=1 client=7 entries=1024 (~1088 KiB)
[A:tls] worker host=1 client=8 entries=1024 (~1088 KiB)
[A:tls] worker host=1 client=0 entries=1024 (~1088 KiB)
[A:tls] worker host=1 client=13 entries=1024 (~1088 KiB)
[A:tls] worker host=1 client=15 entries=1024 (~1088 KiB)
[A:tls] worker host=1 client=14 entries=1024 (~1088 KiB)
