[A:thread] Worker pinned host=0 client=1 -> cpu=1 (pid=211720)
[A:thread] Worker pinned host=0 client=2 -> cpu=2 (pid=211721)
[A:thread] Worker pinned host=0 client=3 -> cpu=3 (pid=211722)
[A:thread] Worker pinned host=0 client=4 -> cpu=4 (pid=211723)
[A:thread] Worker pinned host=0 client=5 -> cpu=5 (pid=211724)
[A:thread] Worker pinned host=0 client=6 -> cpu=6 (pid=211725)
[A:thread] Worker pinned host=0 client=7 -> cpu=7 (pid=211726)
[A:thread] Worker pinned host=0 client=8 -> cpu=8 (pid=211727)
[A:thread] Worker pinned host=0 client=9 -> cpu=9 (pid=211728)
[A:thread] Worker pinned host=0 client=10 -> cpu=10 (pid=211729)
[A:thread] Worker pinned host=0 client=11 -> cpu=11 (pid=211730)
[A:thread] Worker pinned host=0 client=12 -> cpu=12 (pid=211731)
[A:thread] Worker pinned host=0 client=0 -> cpu=0 (pid=211696)
[A:thread] Worker pinned host=0 client=13 -> cpu=13 (pid=211732)
[A:thread] Worker pinned host=0 client=14 -> cpu=14 (pid=211733)
[A:thread] Worker pinned host=0 client=15 -> cpu=15 (pid=211734)
[A:thread] WriteReceiver pid=211696 tid=140676076402368 pinned cpu=65 (host_id=0)
[A:thread] ReadReceiver pid=211696 tid=140676068009664 pinned cpu=67 (host_id=0)
[A:thread] InvalReceiver pid=211696 tid=140676059616960 pinned cpu=69 (host_id=0)
[A:thread] WriteSender pid=211696 tid=140676051224256 pinned cpu=64 (host_id=0)
[A:sender] kind=0 policy=P0 K=16 T_us=100 host_id=0
[A:thread] ReadSender pid=211696 tid=140676042831552 pinned cpu=66 (host_id=0)
[A:sender] kind=1 policy=P0 K=16 T_us=100 host_id=0
[A:thread] InvalSender pid=211696 tid=140676034438848 pinned cpu=68 (host_id=0)
[A:sender] kind=2 policy=P0 K=16 T_us=100 host_id=0
[A:tls] worker host=0 client=13 entries=1024 (~1088 KiB)
[A:tls] worker host=0 client=6 entries=1024 (~1088 KiB)
[A:tls] worker host=0 client=2 entries=1024 (~1088 KiB)
[A:tls] worker host=0 client=14 entries=1024 (~1088 KiB)
[A:tls] worker host=0 client=5 entries=1024 (~1088 KiB)
[A:tls] worker host=0 client=0 entries=1024 (~1088 KiB)
[A:tls] worker host=0 client=7 entries=1024 (~1088 KiB)
[A:tls] worker host=0 client=4 entries=1024 (~1088 KiB)
[A:tls] worker host=0 client=15 entries=1024 (~1088 KiB)
[A:tls] worker host=0 client=3 entries=1024 (~1088 KiB)
[A:tls] worker host=0 client=8 entries=1024 (~1088 KiB)
[A:tls] worker host=0 client=12 entries=1024 (~1088 KiB)
[A:tls] worker host=0 client=1 entries=1024 (~1088 KiB)
[A:tls] worker host=0 client=10 entries=1024 (~1088 KiB)
[A:tls] worker host=0 client=9 entries=1024 (~1088 KiB)
[A:tls] worker host=0 client=11 entries=1024 (~1088 KiB)
YCSB opt=A cache=0 num_hosts=2 threads=16 threads_eff=16 rep=1 load_ops=50000 load_thpt=207969 trans_ops=50000 trans_wall_max=0.008618 trans_agg_thpt=5801810 w_avg_ns=13168 w_p50_ns=8113 w_p99_ns=25019 r_avg_ns=4773 r_p50_ns=7051 r_p99_ns=23184 # workloadb_optA_t16_cacheoff_rep1
