[A:thread] Worker pinned host=0 client=1 -> cpu=1 (pid=218199)
[A:thread] Worker pinned host=0 client=2 -> cpu=2 (pid=218200)
[A:thread] Worker pinned host=0 client=3 -> cpu=3 (pid=218201)
[A:thread] Worker pinned host=0 client=4 -> cpu=4 (pid=218202)
[A:thread] Worker pinned host=0 client=5 -> cpu=5 (pid=218203)
[A:thread] Worker pinned host=0 client=6 -> cpu=6 (pid=218204)
[A:thread] Worker pinned host=0 client=7 -> cpu=7 (pid=218205)
[A:thread] Worker pinned host=0 client=8 -> cpu=8 (pid=218206)
[A:thread] Worker pinned host=0 client=9 -> cpu=9 (pid=218207)
[A:thread] Worker pinned host=0 client=10 -> cpu=10 (pid=218208)
[A:thread] Worker pinned host=0 client=11 -> cpu=11 (pid=218209)
[A:thread] Worker pinned host=0 client=12 -> cpu=12 (pid=218210)
[A:thread] Worker pinned host=0 client=13 -> cpu=13 (pid=218211)
[A:thread] Worker pinned host=0 client=14 -> cpu=14 (pid=218212)
[A:thread] Worker pinned host=0 client=0 -> cpu=0 (pid=218175)
[A:thread] Worker pinned host=0 client=15 -> cpu=15 (pid=218213)
[A:thread] WriteReceiver pid=218175 tid=140065875429056 pinned cpu=65 (host_id=0)
[A:tls] worker host=0 client=1 entries=1024 (~1088 KiB)
[A:tls] worker host=0 client=2 entries=1024 (~1088 KiB)
[A:tls] worker host=0 client=3 entries=1024 (~1088 KiB)
[A:tls] worker host=0 client=4 entries=1024 (~1088 KiB)
[A:tls] worker host=0 client=5 entries=1024 (~1088 KiB)
[A:tls] worker host=0 client=8 entries=1024 (~1088 KiB)
[A:tls] worker host=0 client=6 entries=1024 (~1088 KiB)
[A:tls] worker host=0 client=14 entries=1024 (~1088 KiB)
[A:tls] worker host=0 client=0 entries=1024 (~1088 KiB)
[A:tls] worker host=0 client=12 entries=1024 (~1088 KiB)
[A:tls] worker host=0 client=9 entries=1024 (~1088 KiB)
[A:tls] worker host=0 client=10 entries=1024 (~1088 KiB)
[A:tls] worker host=0 client=15 entries=1024 (~1088 KiB)
[A:tls] worker host=0 client=7 entries=1024 (~1088 KiB)
[A:tls] worker host=0 client=11 entries=1024 (~1088 KiB)
[A:tls] worker host=0 client=13 entries=1024 (~1088 KiB)
[A:thread] ReadReceiver pid=218175 tid=140065795733184 pinned cpu=67 (host_id=0)
[A:thread] WriteSender pid=218175 tid=140065778947776 pinned cpu=64 (host_id=0)
[A:sender] kind=0 policy=P0 K=16 T_us=100 host_id=0
[A:thread] ReadSender pid=218175 tid=140065770555072 pinned cpu=66 (host_id=0)
[A:sender] kind=1 policy=P0 K=16 T_us=100 host_id=0
[A:thread] InvalReceiver pid=218175 tid=140065787340480 pinned cpu=69 (host_id=0)
[A:thread] InvalSender pid=218175 tid=140065762162368 pinned cpu=68 (host_id=0)
[A:sender] kind=2 policy=P0 K=16 T_us=100 host_id=0
YCSB opt=A cache=0 num_hosts=2 threads=16 threads_eff=16 rep=2 load_ops=50000 load_thpt=209339 trans_ops=50000 trans_wall_max=2.142203 trans_agg_thpt=23340 w_avg_ns=12757 w_p50_ns=13351 w_p99_ns=40732 r_avg_ns=6331 r_p50_ns=6948 r_p99_ns=22130 # workloadf_optA_t16_cacheoff_rep2
