[A:thread] Worker pinned host=0 client=1 -> cpu=1 (pid=211788)
[A:thread] Worker pinned host=0 client=2 -> cpu=2 (pid=211789)
[A:thread] Worker pinned host=0 client=3 -> cpu=3 (pid=211790)
[A:thread] Worker pinned host=0 client=4 -> cpu=4 (pid=211791)
[A:thread] Worker pinned host=0 client=5 -> cpu=5 (pid=211792)
[A:thread] Worker pinned host=0 client=6 -> cpu=6 (pid=211793)
[A:thread] Worker pinned host=0 client=7 -> cpu=7 (pid=211794)
[A:thread] Worker pinned host=0 client=8 -> cpu=8 (pid=211795)
[A:thread] Worker pinned host=0 client=9 -> cpu=9 (pid=211796)
[A:thread] Worker pinned host=0 client=10 -> cpu=10 (pid=211797)
[A:thread] Worker pinned host=0 client=11 -> cpu=11 (pid=211798)
[A:thread] Worker pinned host=0 client=12 -> cpu=12 (pid=211799)
[A:thread] Worker pinned host=0 client=13 -> cpu=13 (pid=211800)
[A:thread] Worker pinned host=0 client=0 -> cpu=0 (pid=211783)
[A:thread] Worker pinned host=0 client=14 -> cpu=14 (pid=211801)
[A:thread] Worker pinned host=0 client=15 -> cpu=15 (pid=211802)
[A:thread] WriteReceiver pid=211783 tid=140420418893504 pinned cpu=65 (host_id=0)
[A:thread] ReadReceiver pid=211783 tid=140420410500800 pinned cpu=67 (host_id=0)
[A:thread] InvalReceiver pid=211783 tid=140420402108096 pinned cpu=69 (host_id=0)
[A:tls] worker host=0 client=1 entries=1024 (~1088 KiB)
[A:tls] worker host=0 client=2 entries=1024 (~1088 KiB)
[A:tls] worker host=0 client=3 entries=1024 (~1088 KiB)
[A:tls] worker host=0 client=5 entries=1024 (~1088 KiB)
[A:tls] worker host=0 client=4 entries=1024 (~1088 KiB)
[A:tls] worker host=0 client=7 entries=1024 (~1088 KiB)
[A:tls] worker host=0 client=6 entries=1024 (~1088 KiB)
[A:thread] WriteSender pid=211783 tid=140420393715392 pinned cpu=64 (host_id=0)
[A:sender] kind=0 policy=P0 K=16 T_us=100 host_id=0
[A:tls] worker host=0 client=0 entries=1024 (~1088 KiB)
[A:thread] InvalSender pid=211783 tid=140420376929984 pinned cpu=68 (host_id=0)
[A:sender] kind=2 policy=P0 K=16 T_us=100 host_id=0
[A:thread] ReadSender pid=211783 tid=140420385322688 pinned cpu=66 (host_id=0)
[A:sender] kind=1 policy=P0 K=16 T_us=100 host_id=0
[A:tls] worker host=0 client=15 entries=1024 (~1088 KiB)
[A:tls] worker host=0 client=12 entries=1024 (~1088 KiB)
[A:tls] worker host=0 client=10 entries=1024 (~1088 KiB)
[A:tls] worker host=0 client=13 entries=1024 (~1088 KiB)
[A:tls] worker host=0 client=11 entries=1024 (~1088 KiB)
[A:tls] worker host=0 client=9 entries=1024 (~1088 KiB)
[A:tls] worker host=0 client=14 entries=1024 (~1088 KiB)
[A:tls] worker host=0 client=8 entries=1024 (~1088 KiB)
YCSB opt=A cache=0 num_hosts=2 threads=16 threads_eff=16 rep=2 load_ops=50000 load_thpt=237807 trans_ops=50000 trans_wall_max=0.008271 trans_agg_thpt=6045218 w_avg_ns=11323 w_p50_ns=6810 w_p99_ns=21085 r_avg_ns=4366 r_p50_ns=6418 r_p99_ns=20178 # workloadb_optA_t16_cacheoff_rep2
