[A:thread] Worker pinned host=0 client=1 -> cpu=1 (pid=214010)
[A:thread] Worker pinned host=0 client=2 -> cpu=2 (pid=214011)
[A:thread] Worker pinned host=0 client=3 -> cpu=3 (pid=214012)
[A:thread] Worker pinned host=0 client=4 -> cpu=4 (pid=214013)
[A:thread] Worker pinned host=0 client=5 -> cpu=5 (pid=214014)
[A:thread] Worker pinned host=0 client=6 -> cpu=6 (pid=214015)
[A:thread] Worker pinned host=0 client=7 -> cpu=7 (pid=214016)
[A:thread] Worker pinned host=0 client=8 -> cpu=8 (pid=214017)
[A:thread] Worker pinned host=0 client=9 -> cpu=9 (pid=214018)
[A:thread] Worker pinned host=0 client=10 -> cpu=10 (pid=214019)
[A:thread] Worker pinned host=0 client=11 -> cpu=11 (pid=214020)
[A:thread] Worker pinned host=0 client=12 -> cpu=12 (pid=214021)
[A:thread] Worker pinned host=0 client=13 -> cpu=13 (pid=214022)
[A:thread] Worker pinned host=0 client=0 -> cpu=0 (pid=214009)
[A:thread] Worker pinned host=0 client=14 -> cpu=14 (pid=214023)
[A:thread] Worker pinned host=0 client=15 -> cpu=15 (pid=214024)
[A:thread] WriteReceiver pid=214009 tid=139991513560768 pinned cpu=65 (host_id=0)
[A:thread] ReadReceiver pid=214009 tid=139991505168064 pinned cpu=67 (host_id=0)
[A:thread] InvalReceiver pid=214009 tid=139991496775360 pinned cpu=69 (host_id=0)
[A:tls] worker host=0 client=1 entries=1024 (~1088 KiB)
[A:thread] WriteSender pid=214009 tid=139991488382656 pinned cpu=64 (host_id=0)
[A:tls] worker host=0 client=3 entries=1024 (~1088 KiB)
[A:tls] worker host=0 client=5 entries=1024 (~1088 KiB)
[A:sender] kind=0 policy=P0 K=16 T_us=100 host_id=0
[A:thread] ReadSender pid=214009 tid=139991479989952 pinned cpu=66 (host_id=0)
[A:tls] worker host=0 client=2 entries=1024 (~1088 KiB)
[A:sender] kind=1 policy=P0 K=16 T_us=100 host_id=0
[A:tls] worker host=0 client=4 entries=1024 (~1088 KiB)
[A:thread] InvalSender pid=214009 tid=139991471597248 pinned cpu=68 (host_id=0)
[A:sender] kind=2 policy=P0 K=16 T_us=100 host_id=0
[A:tls] worker host=0 client=7 entries=1024 (~1088 KiB)
[A:tls] worker host=0 client=6 entries=1024 (~1088 KiB)
[A:tls] worker host=0 client=0 entries=1024 (~1088 KiB)
[A:tls] worker host=0 client=10 entries=1024 (~1088 KiB)
[A:tls] worker host=0 client=8 entries=1024 (~1088 KiB)
[A:tls] worker host=0 client=9 entries=1024 (~1088 KiB)
[A:tls] worker host=0 client=11 entries=1024 (~1088 KiB)
[A:tls] worker host=0 client=13 entries=1024 (~1088 KiB)
[A:tls] worker host=0 client=12 entries=1024 (~1088 KiB)
[A:tls] worker host=0 client=14 entries=1024 (~1088 KiB)
[A:tls] worker host=0 client=15 entries=1024 (~1088 KiB)
YCSB opt=A cache=0 num_hosts=2 threads=16 threads_eff=16 rep=5 load_ops=50000 load_thpt=237956 trans_ops=50000 trans_wall_max=0.008416 trans_agg_thpt=5941064 w_avg_ns=0 w_p50_ns=0 w_p99_ns=0 r_avg_ns=4235 r_p50_ns=6243 r_p99_ns=22351 # workloadc_optA_t16_cacheoff_rep5
