[A:thread] Worker pinned host=0 client=1 -> cpu=1 (pid=213902)
[A:thread] Worker pinned host=0 client=2 -> cpu=2 (pid=213903)
[A:thread] Worker pinned host=0 client=3 -> cpu=3 (pid=213904)
[A:thread] Worker pinned host=0 client=4 -> cpu=4 (pid=213905)
[A:thread] Worker pinned host=0 client=5 -> cpu=5 (pid=213906)
[A:thread] Worker pinned host=0 client=6 -> cpu=6 (pid=213907)
[A:thread] Worker pinned host=0 client=7 -> cpu=7 (pid=213908)
[A:thread] Worker pinned host=0 client=8 -> cpu=8 (pid=213909)
[A:thread] Worker pinned host=0 client=9 -> cpu=9 (pid=213910)
[A:thread] Worker pinned host=0 client=10 -> cpu=10 (pid=213911)
[A:thread] Worker pinned host=0 client=11 -> cpu=11 (pid=213912)
[A:thread] Worker pinned host=0 client=12 -> cpu=12 (pid=213913)
[A:thread] Worker pinned host=0 client=0 -> cpu=0 (pid=213901)
[A:thread] Worker pinned host=0 client=13 -> cpu=13 (pid=213914)
[A:thread] Worker pinned host=0 client=14 -> cpu=14 (pid=213915)
[A:thread] Worker pinned host=0 client=15 -> cpu=15 (pid=213916)
[A:thread] WriteReceiver pid=213901 tid=140196877170368 pinned cpu=65 (host_id=0)
[A:tls] worker host=0 client=8 entries=1024 (~1088 KiB)
[A:thread] ReadReceiver pid=213901 tid=140196868777664 pinned cpu=67 (host_id=0)
[A:thread] InvalReceiver pid=213901 tid=140196860384960 pinned cpu=69 (host_id=0)
[A:thread] WriteSender pid=213901 tid=140196851992256 pinned cpu=64 (host_id=0)
[A:sender] kind=0 policy=P0 K=16 T_us=100 host_id=0
[A:thread] ReadSender pid=213901 tid=140196843599552 pinned cpu=66 (host_id=0)
[A:sender] kind=1 policy=P0 K=16 T_us=100 host_id=0
[A:thread] InvalSender pid=213901 tid=140196835206848 pinned cpu=68 (host_id=0)
[A:sender] kind=2 policy=P0 K=16 T_us=100 host_id=0
[A:tls] worker host=0 client=2 entries=1024 (~1088 KiB)
[A:tls] worker host=0 client=4 entries=1024 (~1088 KiB)
[A:tls] worker host=0 client=3 entries=1024 (~1088 KiB)
[A:tls] worker host=0 client=5 entries=1024 (~1088 KiB)
[A:tls] worker host=0 client=1 entries=1024 (~1088 KiB)
[A:tls] worker host=0 client=6 entries=1024 (~1088 KiB)
[A:tls] worker host=0 client=7 entries=1024 (~1088 KiB)
[A:tls] worker host=0 client=0 entries=1024 (~1088 KiB)
[A:tls] worker host=0 client=10 entries=1024 (~1088 KiB)
[A:tls] worker host=0 client=12 entries=1024 (~1088 KiB)
[A:tls] worker host=0 client=9 entries=1024 (~1088 KiB)
[A:tls] worker host=0 client=11 entries=1024 (~1088 KiB)
[A:tls] worker host=0 client=14 entries=1024 (~1088 KiB)
[A:tls] worker host=0 client=15 entries=1024 (~1088 KiB)
[A:tls] worker host=0 client=13 entries=1024 (~1088 KiB)
YCSB opt=A cache=0 num_hosts=2 threads=16 threads_eff=16 rep=3 load_ops=50000 load_thpt=208367 trans_ops=50000 trans_wall_max=0.008587 trans_agg_thpt=5822077 w_avg_ns=0 w_p50_ns=0 w_p99_ns=0 r_avg_ns=4555 r_p50_ns=6677 r_p99_ns=19938 # workloadc_optA_t16_cacheoff_rep3
