[A:thread] Worker pinned host=0 client=1 -> cpu=1 (pid=212987)
[A:thread] Worker pinned host=0 client=2 -> cpu=2 (pid=212988)
[A:thread] Worker pinned host=0 client=4 -> cpu=4 (pid=212990)
[A:thread] Worker pinned host=0 client=5 -> cpu=5 (pid=212991)
[A:thread] Worker pinned host=0 client=6 -> cpu=6 (pid=212992)
[A:thread] Worker pinned host=0 client=3 -> cpu=3 (pid=212989)
[A:thread] Worker pinned host=0 client=7 -> cpu=7 (pid=212993)
[A:thread] Worker pinned host=0 client=8 -> cpu=8 (pid=212994)
[A:thread] Worker pinned host=0 client=9 -> cpu=9 (pid=212995)
[A:thread] Worker pinned host=0 client=10 -> cpu=10 (pid=212996)
[A:thread] Worker pinned host=0 client=11 -> cpu=11 (pid=212997)
[A:thread] Worker pinned host=0 client=12 -> cpu=12 (pid=212998)
[A:thread] Worker pinned host=0 client=13 -> cpu=13 (pid=212999)
[A:thread] Worker pinned host=0 client=14 -> cpu=14 (pid=213000)
[A:thread] Worker pinned host=0 client=15 -> cpu=15 (pid=213001)
[A:thread] Worker pinned host=0 client=16 -> cpu=16 (pid=213002)
[A:thread] Worker pinned host=0 client=17 -> cpu=17 (pid=213003)
[A:thread] Worker pinned host=0 client=18 -> cpu=18 (pid=213004)
[A:thread] Worker pinned host=0 client=19 -> cpu=19 (pid=213005)
[A:thread] Worker pinned host=0 client=20 -> cpu=20 (pid=213006)
[A:thread] Worker pinned host=0 client=21 -> cpu=21 (pid=213007)
[A:thread] Worker pinned host=0 client=22 -> cpu=22 (pid=213008)
[A:thread] Worker pinned host=0 client=23 -> cpu=23 (pid=213009)
[A:thread] Worker pinned host=0 client=24 -> cpu=24 (pid=213010)
[A:thread] Worker pinned host=0 client=25 -> cpu=25 (pid=213011)
[A:thread] Worker pinned host=0 client=26 -> cpu=26 (pid=213012)
[A:thread] Worker pinned host=0 client=27 -> cpu=27 (pid=213013)
[A:thread] Worker pinned host=0 client=28 -> cpu=28 (pid=213014)
[A:thread] Worker pinned host=0 client=29 -> cpu=29 (pid=213015)
[A:thread] Worker pinned host=0 client=30 -> cpu=30 (pid=213016)
[A:thread] Worker pinned host=0 client=31 -> cpu=31 (pid=213017)
[A:thread] Worker pinned host=0 client=33 -> cpu=33 (pid=213019)
[A:thread] Worker pinned host=0 client=32 -> cpu=32 (pid=213018)
[A:thread] Worker pinned host=0 client=34 -> cpu=34 (pid=213020)
[A:thread] Worker pinned host=0 client=35 -> cpu=35 (pid=213021)
[A:thread] Worker pinned host=0 client=36 -> cpu=36 (pid=213022)
[A:thread] Worker pinned host=0 client=37 -> cpu=37 (pid=213023)
[A:thread] Worker pinned host=0 client=38 -> cpu=38 (pid=213024)
[A:thread] Worker pinned host=0 client=39 -> cpu=39 (pid=213025)
[A:thread] Worker pinned host=0 client=40 -> cpu=40 (pid=213026)
[A:thread] Worker pinned host=0 client=41 -> cpu=41 (pid=213027)
[A:thread] Worker pinned host=0 client=42 -> cpu=42 (pid=213028)
[A:thread] Worker pinned host=0 client=43 -> cpu=43 (pid=213029)
[A:thread] Worker pinned host=0 client=44 -> cpu=44 (pid=213030)
[A:thread] Worker pinned host=0 client=45 -> cpu=45 (pid=213031)
[A:thread] Worker pinned host=0 client=46 -> cpu=46 (pid=213032)
[A:thread] Worker pinned host=0 client=47 -> cpu=47 (pid=213033)
[A:thread] Worker pinned host=0 client=48 -> cpu=48 (pid=213034)
[A:thread] Worker pinned host=0 client=49 -> cpu=49 (pid=213035)
[A:thread] Worker pinned host=0 client=50 -> cpu=50 (pid=213036)
[A:thread] Worker pinned host=0 client=51 -> cpu=51 (pid=213037)
[A:thread] Worker pinned host=0 client=52 -> cpu=52 (pid=213038)
[A:thread] Worker pinned host=0 client=53 -> cpu=53 (pid=213039)
[A:thread] Worker pinned host=0 client=54 -> cpu=54 (pid=213040)
[A:thread] Worker pinned host=0 client=55 -> cpu=55 (pid=213041)
[A:thread] Worker pinned host=0 client=57 -> cpu=57 (pid=213043)
[A:thread] Worker pinned host=0 client=56 -> cpu=56 (pid=213042)
[A:thread] Worker pinned host=0 client=58 -> cpu=58 (pid=213044)
[A:thread] Worker pinned host=0 client=59 -> cpu=59 (pid=213045)
[A:thread] Worker pinned host=0 client=60 -> cpu=60 (pid=213046)
[A:thread] Worker pinned host=0 client=61 -> cpu=61 (pid=213047)
[A:thread] Worker pinned host=0 client=0 -> cpu=0 (pid=212986)
[A:thread] Worker pinned host=0 client=62 -> cpu=62 (pid=213048)
[A:thread] Worker pinned host=0 client=63 -> cpu=63 (pid=213049)
[A:thread] WriteReceiver pid=212986 tid=140055348770496 pinned cpu=65 (host_id=0)
[A:thread] ReadReceiver pid=212986 tid=140055340377792 pinned cpu=67 (host_id=0)
[A:thread] InvalReceiver pid=212986 tid=140055331985088 pinned cpu=69 (host_id=0)
[A:thread] ReadSender pid=212986 tid=140055315199680 pinned cpu=66 (host_id=0)
[A:thread] WriteSender pid=212986 tid=140055323592384 pinned cpu=64 (host_id=0)
[A:sender] kind=0 policy=P0 K=16 T_us=100 host_id=0
[A:sender] kind=1 policy=P0 K=16 T_us=100 host_id=0
[A:thread] InvalSender pid=212986 tid=140055306806976 pinned cpu=68 (host_id=0)
[A:sender] kind=2 policy=P0 K=16 T_us=100 host_id=0
[A:tls] worker host=0 client=45 entries=1024 (~1088 KiB)
[A:tls] worker host=0 client=19 entries=1024 (~1088 KiB)
[A:tls] worker host=0 client=47 entries=1024 (~1088 KiB)
[A:tls] worker host=0 client=2 entries=1024 (~1088 KiB)
[A:tls] worker host=0 client=26 entries=1024 (~1088 KiB)
[A:tls] worker host=0 client=14 entries=1024 (~1088 KiB)
[A:tls] worker host=0 client=37 entries=1024 (~1088 KiB)
[A:tls] worker host=0 client=27 entries=1024 (~1088 KiB)
[A:tls] worker host=0 client=41 entries=1024 (~1088 KiB)
[A:tls] worker host=0 client=31 entries=1024 (~1088 KiB)
[A:tls] worker host=0 client=46 entries=1024 (~1088 KiB)
[A:tls] worker host=0 client=25 entries=1024 (~1088 KiB)
[A:tls] worker host=0 client=0 entries=1024 (~1088 KiB)
[A:tls] worker host=0 client=12 entries=1024 (~1088 KiB)
[A:tls] worker host=0 client=29 entries=1024 (~1088 KiB)
[A:tls] worker host=0 client=21 entries=1024 (~1088 KiB)
[A:tls] worker host=0 client=30 entries=1024 (~1088 KiB)
[A:tls] worker host=0 client=20 entries=1024 (~1088 KiB)
[A:tls] worker host=0 client=49 entries=1024 (~1088 KiB)
[A:tls] worker host=0 client=39 entries=1024 (~1088 KiB)
[A:tls] worker host=0 client=42 entries=1024 (~1088 KiB)
[A:tls] worker host=0 client=48 entries=1024 (~1088 KiB)
[A:tls] worker host=0 client=23 entries=1024 (~1088 KiB)
[A:tls] worker host=0 client=44 entries=1024 (~1088 KiB)
[A:tls] worker host=0 client=22 entries=1024 (~1088 KiB)
[A:tls] worker host=0 client=34 entries=1024 (~1088 KiB)
[A:tls] worker host=0 client=28 entries=1024 (~1088 KiB)
[A:tls] worker host=0 client=9 entries=1024 (~1088 KiB)
[A:tls] worker host=0 client=35 entries=1024 (~1088 KiB)
[A:tls] worker host=0 client=7 entries=1024 (~1088 KiB)
[A:tls] worker host=0 client=53 entries=1024 (~1088 KiB)
[A:tls] worker host=0 client=3 entries=1024 (~1088 KiB)
[A:tls] worker host=0 client=4 entries=1024 (~1088 KiB)
[A:tls] worker host=0 client=11 entries=1024 (~1088 KiB)
[A:tls] worker host=0 client=8 entries=1024 (~1088 KiB)
[A:tls] worker host=0 client=5 entries=1024 (~1088 KiB)
[A:tls] worker host=0 client=50 entries=1024 (~1088 KiB)
[A:tls] worker host=0 client=15 entries=1024 (~1088 KiB)
[A:tls] worker host=0 client=43 entries=1024 (~1088 KiB)
[A:tls] worker host=0 client=51 entries=1024 (~1088 KiB)
[A:tls] worker host=0 client=13 entries=1024 (~1088 KiB)
[A:tls] worker host=0 client=1 entries=1024 (~1088 KiB)
[A:tls] worker host=0 client=24 entries=1024 (~1088 KiB)
[A:tls] worker host=0 client=10 entries=1024 (~1088 KiB)
[A:tls] worker host=0 client=17 entries=1024 (~1088 KiB)
[A:tls] worker host=0 client=38 entries=1024 (~1088 KiB)
[A:tls] worker host=0 client=52 entries=1024 (~1088 KiB)
[A:tls] worker host=0 client=54 entries=1024 (~1088 KiB)
[A:tls] worker host=0 client=55 entries=1024 (~1088 KiB)
[A:tls] worker host=0 client=18 entries=1024 (~1088 KiB)
[A:tls] worker host=0 client=36 entries=1024 (~1088 KiB)
[A:tls] worker host=0 client=16 entries=1024 (~1088 KiB)
[A:tls] worker host=0 client=56 entries=1024 (~1088 KiB)
[A:tls] worker host=0 client=57 entries=1024 (~1088 KiB)
[A:tls] worker host=0 client=32 entries=1024 (~1088 KiB)
[A:tls] worker host=0 client=6 entries=1024 (~1088 KiB)
[A:tls] worker host=0 client=40 entries=1024 (~1088 KiB)
[A:tls] worker host=0 client=58 entries=1024 (~1088 KiB)
[A:tls] worker host=0 client=59 entries=1024 (~1088 KiB)
[A:tls] worker host=0 client=33 entries=1024 (~1088 KiB)
[A:tls] worker host=0 client=60 entries=1024 (~1088 KiB)
[A:tls] worker host=0 client=61 entries=1024 (~1088 KiB)
[A:tls] worker host=0 client=63 entries=1024 (~1088 KiB)
[A:tls] worker host=0 client=62 entries=1024 (~1088 KiB)
YCSB opt=A cache=1 num_hosts=2 threads=64 threads_eff=64 rep=3 load_ops=50000 load_thpt=125633 trans_ops=50000 trans_wall_max=0.004980 trans_agg_thpt=10040160 w_avg_ns=0 w_p50_ns=0 w_p99_ns=0 r_avg_ns=9321 r_p50_ns=10293 r_p99_ns=26713 # workloadc_optA_t64_cacheon_rep3
