[A:thread] Worker pinned host=1 client=1 -> cpu=1 (pid=219050)
[A:thread] Worker pinned host=1 client=2 -> cpu=2 (pid=219051)
[A:thread] Worker pinned host=1 client=3 -> cpu=3 (pid=219052)
[A:thread] Worker pinned host=1 client=4 -> cpu=4 (pid=219053)
[A:thread] Worker pinned host=1 client=5 -> cpu=5 (pid=219054)
[A:thread] Worker pinned host=1 client=0 -> cpu=0 (pid=219030)
[A:thread] Worker pinned host=1 client=6 -> cpu=6 (pid=219055)
[A:thread] Worker pinned host=1 client=7 -> cpu=7 (pid=219056)
[A:thread] WriteReceiver pid=219030 tid=139920474633920 pinned cpu=65 (host_id=1)
[A:thread] ReadReceiver pid=219030 tid=139920466241216 pinned cpu=67 (host_id=1)
[A:tls] worker host=1 client=3 entries=1024 (~1088 KiB)
[A:tls] worker host=1 client=1 entries=1024 (~1088 KiB)
[A:tls] worker host=1 client=6 entries=1024 (~1088 KiB)
[A:tls] worker host=1 client=2 entries=1024 (~1088 KiB)
[A:tls] worker host=1 client=7 entries=1024 (~1088 KiB)
[A:tls] worker host=1 client=4 entries=1024 (~1088 KiB)
[A:tls] worker host=1 client=5 entries=1024 (~1088 KiB)
[A:tls] worker host=1 client=0 entries=1024 (~1088 KiB)
[A:thread] WriteSender pid=219030 tid=139920449455808 pinned cpu=64 (host_id=1)
[A:sender] kind=0 policy=P0 K=16 T_us=100 host_id=1
[A:thread] ReadSender pid=219030 tid=139920441063104 pinned cpu=66 (host_id=1)
[A:sender] kind=1 policy=P0 K=16 T_us=100 host_id=1
[A:thread] InvalSender pid=219030 tid=139920432670400 pinned cpu=68 (host_id=1)
[A:sender] kind=2 policy=P0 K=16 T_us=100 host_id=1
[A:thread] InvalReceiver pid=219030 tid=139920457848512 pinned cpu=69 (host_id=1)
