[A:thread] Worker pinned host=0 client=1 -> cpu=1 (pid=209513)
[A:thread] Worker pinned host=0 client=2 -> cpu=2 (pid=209514)
[A:thread] Worker pinned host=0 client=3 -> cpu=3 (pid=209515)
[A:thread] Worker pinned host=0 client=4 -> cpu=4 (pid=209516)
[A:thread] Worker pinned host=0 client=0 -> cpu=0 (pid=209512)
[A:thread] Worker pinned host=0 client=5 -> cpu=5 (pid=209517)
[A:thread] Worker pinned host=0 client=6 -> cpu=6 (pid=209518)
[A:thread] Worker pinned host=0 client=7 -> cpu=7 (pid=209519)
[A:thread] WriteReceiver pid=209512 tid=140094771033792 pinned cpu=65 (host_id=0)
[A:tls] worker host=0 client=1 entries=1024 (~1088 KiB)
[A:tls] worker host=0 client=2 entries=1024 (~1088 KiB)
[A:tls] worker host=0 client=3 entries=1024 (~1088 KiB)
[A:thread] ReadReceiver pid=209512 tid=140094762641088 pinned cpu=67 (host_id=0)
[A:thread] InvalReceiver pid=209512 tid=140094754248384 pinned cpu=69 (host_id=0)
[A:thread] WriteSender pid=209512 tid=140094745855680 pinned cpu=64 (host_id=0)
[A:sender] kind=0 policy=P0 K=16 T_us=100 host_id=0
[A:thread] InvalSender pid=209512 tid=140094729070272 pinned cpu=68 (host_id=0)
[A:sender] kind=2 policy=P0 K=16 T_us=100 host_id=0
[A:thread] ReadSender pid=209512 tid=140094737462976 pinned cpu=66 (host_id=0)
[A:sender] kind=1 policy=P0 K=16 T_us=100 host_id=0
[A:tls] worker host=0 client=4 entries=1024 (~1088 KiB)
[A:tls] worker host=0 client=6 entries=1024 (~1088 KiB)
[A:tls] worker host=0 client=7 entries=1024 (~1088 KiB)
[A:tls] worker host=0 client=5 entries=1024 (~1088 KiB)
[A:tls] worker host=0 client=0 entries=1024 (~1088 KiB)
YCSB opt=A cache=0 num_hosts=2 threads=8 threads_eff=8 rep=1 load_ops=50000 load_thpt=237162 trans_ops=50000 trans_wall_max=4.139496 trans_agg_thpt=12078 w_avg_ns=8914 w_p50_ns=7146 w_p99_ns=19601 r_avg_ns=3918 r_p50_ns=6099 r_p99_ns=21345 # workloada_optA_t8_cacheoff_rep1
