[A:thread] Worker pinned host=0 client=1 -> cpu=1 (pid=216148)
[A:thread] Worker pinned host=0 client=2 -> cpu=2 (pid=216149)
[A:thread] Worker pinned host=0 client=3 -> cpu=3 (pid=216150)
[A:thread] Worker pinned host=0 client=4 -> cpu=4 (pid=216151)
[A:thread] Worker pinned host=0 client=5 -> cpu=5 (pid=216152)
[A:thread] Worker pinned host=0 client=0 -> cpu=0 (pid=216147)
[A:thread] Worker pinned host=0 client=6 -> cpu=6 (pid=216153)
[A:thread] Worker pinned host=0 client=7 -> cpu=7 (pid=216154)
[A:thread] WriteReceiver pid=216147 tid=140114951927488 pinned cpu=65 (host_id=0)
[A:thread] ReadReceiver pid=216147 tid=140114943534784 pinned cpu=67 (host_id=0)
[A:thread] InvalReceiver pid=216147 tid=140114935142080 pinned cpu=69 (host_id=0)
[A:thread] ReadSender pid=216147 tid=140114918356672 pinned cpu=66 (host_id=0)
[A:sender] kind=1 policy=P0 K=16 T_us=100 host_id=0
[A:thread] WriteSender pid=216147 tid=140114926749376 pinned cpu=64 (host_id=0)
[A:thread] InvalSender pid=216147 tid=140114909963968 pinned cpu=68 (host_id=0)
[A:sender] kind=2 policy=P0 K=16 T_us=100 host_id=0
[A:sender] kind=0 policy=P0 K=16 T_us=100 host_id=0
[A:tls] worker host=0 client=1 entries=1024 (~1088 KiB)
[A:tls] worker host=0 client=2 entries=1024 (~1088 KiB)
[A:tls] worker host=0 client=3 entries=1024 (~1088 KiB)
[A:tls] worker host=0 client=6 entries=1024 (~1088 KiB)
[A:tls] worker host=0 client=5 entries=1024 (~1088 KiB)
[A:tls] worker host=0 client=7 entries=1024 (~1088 KiB)
[A:tls] worker host=0 client=4 entries=1024 (~1088 KiB)
[A:tls] worker host=0 client=0 entries=1024 (~1088 KiB)
YCSB opt=A cache=1 num_hosts=2 threads=8 threads_eff=8 rep=5 load_ops=50000 load_thpt=211738 trans_ops=50000 trans_wall_max=2.978993 trans_agg_thpt=16784 w_avg_ns=10690 w_p50_ns=8901 w_p99_ns=22022 r_avg_ns=4271 r_p50_ns=3145 r_p99_ns=17443 # workloadf_optA_t8_cacheon_rep5
