[A:thread] Worker pinned host=0 client=1 -> cpu=1 (pid=216113)
[A:thread] Worker pinned host=0 client=2 -> cpu=2 (pid=216114)
[A:thread] Worker pinned host=0 client=3 -> cpu=3 (pid=216115)
[A:thread] Worker pinned host=0 client=4 -> cpu=4 (pid=216116)
[A:thread] Worker pinned host=0 client=5 -> cpu=5 (pid=216117)
[A:thread] Worker pinned host=0 client=0 -> cpu=0 (pid=216094)
[A:thread] Worker pinned host=0 client=6 -> cpu=6 (pid=216118)
[A:thread] Worker pinned host=0 client=7 -> cpu=7 (pid=216119)
[A:thread] WriteReceiver pid=216094 tid=139677731387072 pinned cpu=65 (host_id=0)
[A:thread] ReadReceiver pid=216094 tid=139677722994368 pinned cpu=67 (host_id=0)
[A:tls] worker host=0 client=0 entries=1024 (~1088 KiB)
[A:tls] worker host=0 client=6 entries=1024 (~1088 KiB)
[A:tls] worker host=0 client=2 entries=1024 (~1088 KiB)
[A:tls] worker host=0 client=1 entries=1024 (~1088 KiB)
[A:tls] worker host=0 client=4 entries=1024 (~1088 KiB)
[A:tls] worker host=0 client=3 entries=1024 (~1088 KiB)
[A:tls] worker host=0 client=7 entries=1024 (~1088 KiB)
[A:tls] worker host=0 client=5 entries=1024 (~1088 KiB)
[A:thread] InvalReceiver pid=216094 tid=139677714601664 pinned cpu=69 (host_id=0)
[A:thread] WriteSender pid=216094 tid=139677706208960 pinned cpu=64 (host_id=0)
[A:sender] kind=0 policy=P0 K=16 T_us=100 host_id=0
[A:thread] ReadSender pid=216094 tid=139677697816256 pinned cpu=66 (host_id=0)
[A:sender] kind=1 policy=P0 K=16 T_us=100 host_id=0
[A:thread] InvalSender pid=216094 tid=139677689423552 pinned cpu=68 (host_id=0)
[A:sender] kind=2 policy=P0 K=16 T_us=100 host_id=0
YCSB opt=A cache=1 num_hosts=2 threads=8 threads_eff=8 rep=4 load_ops=50000 load_thpt=236985 trans_ops=50000 trans_wall_max=2.978918 trans_agg_thpt=16784 w_avg_ns=8947 w_p50_ns=7119 w_p99_ns=21254 r_avg_ns=3755 r_p50_ns=806 r_p99_ns=17798 # workloadf_optA_t8_cacheon_rep4
