[A:thread] Worker pinned host=0 client=1 -> cpu=1 (pid=209605)
[A:thread] Worker pinned host=0 client=2 -> cpu=2 (pid=209606)
[A:thread] Worker pinned host=0 client=3 -> cpu=3 (pid=209607)
[A:thread] Worker pinned host=0 client=4 -> cpu=4 (pid=209608)
[A:thread] Worker pinned host=0 client=5 -> cpu=5 (pid=209609)
[A:thread] Worker pinned host=0 client=0 -> cpu=0 (pid=209604)
[A:thread] Worker pinned host=0 client=6 -> cpu=6 (pid=209610)
[A:thread] Worker pinned host=0 client=7 -> cpu=7 (pid=209611)
[A:thread] ReadReceiver pid=209604 tid=139752004118208 pinned cpu=67 (host_id=0)
[A:thread] WriteReceiver pid=209604 tid=139752012510912 pinned cpu=65 (host_id=0)
[A:tls] worker host=0 client=1 entries=1024 (~1088 KiB)
[A:tls] worker host=0 client=2 entries=1024 (~1088 KiB)
[A:tls] worker host=0 client=3 entries=1024 (~1088 KiB)
[A:tls] worker host=0 client=4 entries=1024 (~1088 KiB)
[A:tls] worker host=0 client=5 entries=1024 (~1088 KiB)
[A:tls] worker host=0 client=0 entries=1024 (~1088 KiB)
[A:tls] worker host=0 client=6 entries=1024 (~1088 KiB)
[A:thread] InvalReceiver pid=209604 tid=139751995725504 pinned cpu=69 (host_id=0)
[A:tls] worker host=0 client=7 entries=1024 (~1088 KiB)
[A:thread] ReadSender pid=209604 tid=139751978940096 pinned cpu=66 (host_id=0)
[A:sender] kind=1 policy=P0 K=16 T_us=100 host_id=0
[A:thread] WriteSender pid=209604 tid=139751987332800 pinned cpu=64 (host_id=0)
[A:sender] kind=0 policy=P0 K=16 T_us=100 host_id=0
[A:thread] InvalSender pid=209604 tid=139751970547392 pinned cpu=68 (host_id=0)
[A:sender] kind=2 policy=P0 K=16 T_us=100 host_id=0
[A] inval timeout #1 (key=a8aa9e8929194ae3 tpos=0)
YCSB opt=A cache=0 num_hosts=2 threads=8 threads_eff=8 rep=3 load_ops=50000 load_thpt=237287 trans_ops=50000 trans_wall_max=8.189606 trans_agg_thpt=6105 w_avg_ns=34749 w_p50_ns=6822 w_p99_ns=39285 r_avg_ns=3942 r_p50_ns=6169 r_p99_ns=17648 # workloada_optA_t8_cacheoff_rep3
