[A:thread] Worker pinned host=0 client=1 -> cpu=1 (pid=218133)
[A:thread] Worker pinned host=0 client=2 -> cpu=2 (pid=218134)
[A:thread] Worker pinned host=0 client=3 -> cpu=3 (pid=218135)
[A:thread] Worker pinned host=0 client=4 -> cpu=4 (pid=218136)
[A:thread] Worker pinned host=0 client=5 -> cpu=5 (pid=218137)
[A:thread] Worker pinned host=0 client=6 -> cpu=6 (pid=218138)
[A:thread] Worker pinned host=0 client=7 -> cpu=7 (pid=218139)
[A:thread] Worker pinned host=0 client=8 -> cpu=8 (pid=218140)
[A:thread] Worker pinned host=0 client=9 -> cpu=9 (pid=218141)
[A:thread] Worker pinned host=0 client=10 -> cpu=10 (pid=218142)
[A:thread] Worker pinned host=0 client=11 -> cpu=11 (pid=218143)
[A:thread] Worker pinned host=0 client=12 -> cpu=12 (pid=218144)
[A:thread] Worker pinned host=0 client=13 -> cpu=13 (pid=218145)
[A:thread] Worker pinned host=0 client=14 -> cpu=14 (pid=218146)
[A:thread] Worker pinned host=0 client=0 -> cpu=0 (pid=218132)
[A:thread] Worker pinned host=0 client=15 -> cpu=15 (pid=218147)
[A:thread] WriteReceiver pid=218132 tid=139684114130624 pinned cpu=65 (host_id=0)
[A:tls] worker host=0 client=1 entries=1024 (~1088 KiB)
[A:tls] worker host=0 client=14 entries=1024 (~1088 KiB)
[A:tls] worker host=0 client=2 entries=1024 (~1088 KiB)
[A:tls] worker host=0 client=3 entries=1024 (~1088 KiB)
[A:tls] worker host=0 client=4 entries=1024 (~1088 KiB)
[A:tls] worker host=0 client=5 entries=1024 (~1088 KiB)
[A:tls] worker host=0 client=6 entries=1024 (~1088 KiB)
[A:tls] worker host=0 client=8 entries=1024 (~1088 KiB)
[A:thread] ReadReceiver pid=218132 tid=139684105737920 pinned cpu=67 (host_id=0)
[A:thread] WriteSender pid=218132 tid=139684088952512 pinned cpu=64 (host_id=0)
[A:thread] InvalReceiver pid=218132 tid=139684097345216 pinned cpu=69 (host_id=0)
[A:thread] ReadSender pid=218132 tid=139684013405888 pinned cpu=66 (host_id=0)
[A:sender] kind=1 policy=P0 K=16 T_us=100 host_id=0
[A:sender] kind=0 policy=P0 K=16 T_us=100 host_id=0
[A:thread] InvalSender pid=218132 tid=139684005013184 pinned cpu=68 (host_id=0)
[A:sender] kind=2 policy=P0 K=16 T_us=100 host_id=0
[A:tls] worker host=0 client=9 entries=1024 (~1088 KiB)
[A:tls] worker host=0 client=7 entries=1024 (~1088 KiB)
[A:tls] worker host=0 client=0 entries=1024 (~1088 KiB)
[A:tls] worker host=0 client=11 entries=1024 (~1088 KiB)
[A:tls] worker host=0 client=13 entries=1024 (~1088 KiB)
[A:tls] worker host=0 client=15 entries=1024 (~1088 KiB)
[A:tls] worker host=0 client=10 entries=1024 (~1088 KiB)
[A:tls] worker host=0 client=12 entries=1024 (~1088 KiB)
YCSB opt=A cache=0 num_hosts=2 threads=16 threads_eff=16 rep=1 load_ops=50000 load_thpt=211623 trans_ops=50000 trans_wall_max=0.009966 trans_agg_thpt=5016554 w_avg_ns=12890 w_p50_ns=13501 w_p99_ns=38624 r_avg_ns=6396 r_p50_ns=7006 r_p99_ns=23262 # workloadf_optA_t16_cacheoff_rep1
