[A:thread] Worker pinned host=1 client=1 -> cpu=1 (pid=216883)
[A:thread] Worker pinned host=1 client=2 -> cpu=2 (pid=216884)
[A:thread] Worker pinned host=1 client=3 -> cpu=3 (pid=216885)
[A:thread] Worker pinned host=1 client=4 -> cpu=4 (pid=216886)
[A:thread] Worker pinned host=1 client=5 -> cpu=5 (pid=216887)
[A:thread] Worker pinned host=1 client=6 -> cpu=6 (pid=216888)
[A:thread] Worker pinned host=1 client=7 -> cpu=7 (pid=216889)
[A:thread] Worker pinned host=1 client=8 -> cpu=8 (pid=216890)
[A:thread] Worker pinned host=1 client=9 -> cpu=9 (pid=216891)
[A:thread] Worker pinned host=1 client=10 -> cpu=10 (pid=216892)
[A:thread] Worker pinned host=1 client=11 -> cpu=11 (pid=216893)
[A:thread] Worker pinned host=1 client=12 -> cpu=12 (pid=216894)
[A:thread] Worker pinned host=1 client=13 -> cpu=13 (pid=216895)
[A:thread] Worker pinned host=1 client=0 -> cpu=0 (pid=216882)
[A:thread] Worker pinned host=1 client=14 -> cpu=14 (pid=216896)
[A:thread] Worker pinned host=1 client=15 -> cpu=15 (pid=216897)
[A:thread] WriteReceiver pid=216882 tid=140566990943936 pinned cpu=65 (host_id=1)
[A:thread] ReadReceiver pid=216882 tid=140566982551232 pinned cpu=67 (host_id=1)
[A:tls] worker host=1 client=1 entries=1024 (~1088 KiB)
[A:tls] worker host=1 client=2 entries=1024 (~1088 KiB)
[A:tls] worker host=1 client=3 entries=1024 (~1088 KiB)
[A:tls] worker host=1 client=5 entries=1024 (~1088 KiB)
[A:tls] worker host=1 client=7 entries=1024 (~1088 KiB)
[A:tls] worker host=1 client=4 entries=1024 (~1088 KiB)
[A:tls] worker host=1 client=6 entries=1024 (~1088 KiB)
[A:thread] InvalReceiver pid=216882 tid=140566974158528 pinned cpu=69 (host_id=1)
[A:thread] WriteSender pid=216882 tid=140566965765824 pinned cpu=64 (host_id=1)
[A:sender] kind=0 policy=P0 K=16 T_us=100 host_id=1
[A:thread] InvalSender pid=216882 tid=140566948980416 pinned cpu=68 (host_id=1)
[A:sender] kind=2 policy=P0 K=16 T_us=100 host_id=1
[A:thread] ReadSender pid=216882 tid=140566957373120 pinned cpu=66 (host_id=1)
[A:sender] kind=1 policy=P0 K=16 T_us=100 host_id=1
[A:tls] worker host=1 client=8 entries=1024 (~1088 KiB)
[A:tls] worker host=1 client=0 entries=1024 (~1088 KiB)
[A:tls] worker host=1 client=10 entries=1024 (~1088 KiB)
[A:tls] worker host=1 client=9 entries=1024 (~1088 KiB)
[A:tls] worker host=1 client=13 entries=1024 (~1088 KiB)
[A:tls] worker host=1 client=11 entries=1024 (~1088 KiB)
[A:tls] worker host=1 client=12 entries=1024 (~1088 KiB)
[A:tls] worker host=1 client=15 entries=1024 (~1088 KiB)
[A:tls] worker host=1 client=14 entries=1024 (~1088 KiB)
