[A:thread] Worker pinned host=1 client=1 -> cpu=1 (pid=218932)
[A:thread] Worker pinned host=1 client=2 -> cpu=2 (pid=218933)
[A:thread] Worker pinned host=1 client=3 -> cpu=3 (pid=218934)
[A:thread] Worker pinned host=1 client=4 -> cpu=4 (pid=218935)
[A:thread] Worker pinned host=1 client=5 -> cpu=5 (pid=218936)
[A:thread] Worker pinned host=1 client=0 -> cpu=0 (pid=218931)
[A:thread] Worker pinned host=1 client=6 -> cpu=6 (pid=218937)
[A:thread] Worker pinned host=1 client=7 -> cpu=7 (pid=218938)
[A:thread] WriteReceiver pid=218931 tid=140341383526080 pinned cpu=65 (host_id=1)
[A:thread] ReadReceiver pid=218931 tid=140341375133376 pinned cpu=67 (host_id=1)
[A:thread] InvalReceiver pid=218931 tid=140341366740672 pinned cpu=69 (host_id=1)
[A:thread] WriteSender pid=218931 tid=140341358347968 pinned cpu=64 (host_id=1)
[A:sender] kind=0 policy=P0 K=16 T_us=100 host_id=1
[A:thread] ReadSender pid=218931 tid=140341349955264 pinned cpu=66 (host_id=1)
[A:sender] kind=1 policy=P0 K=16 T_us=100 host_id=1
[A:tls] worker host=1 client=1 entries=1024 (~1088 KiB)
[A:tls] worker host=1 client=0 entries=1024 (~1088 KiB)
[A:tls] worker host=1 client=2 entries=1024 (~1088 KiB)
[A:tls] worker host=1 client=3 entries=1024 (~1088 KiB)
[A:tls] worker host=1 client=4 entries=1024 (~1088 KiB)
[A:tls] worker host=1 client=5 entries=1024 (~1088 KiB)
[A:tls] worker host=1 client=6 entries=1024 (~1088 KiB)
[A:tls] worker host=1 client=7 entries=1024 (~1088 KiB)
[A:thread] InvalSender pid=218931 tid=140341341562560 pinned cpu=68 (host_id=1)
[A:sender] kind=2 policy=P0 K=16 T_us=100 host_id=1
