[A:thread] Worker pinned host=0 client=1 -> cpu=1 (pid=213105)
[A:thread] Worker pinned host=0 client=2 -> cpu=2 (pid=213106)
[A:thread] Worker pinned host=0 client=3 -> cpu=3 (pid=213107)
[A:thread] Worker pinned host=0 client=4 -> cpu=4 (pid=213108)
[A:thread] Worker pinned host=0 client=5 -> cpu=5 (pid=213109)
[A:thread] Worker pinned host=0 client=6 -> cpu=6 (pid=213110)
[A:thread] Worker pinned host=0 client=7 -> cpu=7 (pid=213111)
[A:thread] Worker pinned host=0 client=8 -> cpu=8 (pid=213112)
[A:thread] Worker pinned host=0 client=9 -> cpu=9 (pid=213113)
[A:thread] Worker pinned host=0 client=10 -> cpu=10 (pid=213114)
[A:thread] Worker pinned host=0 client=11 -> cpu=11 (pid=213115)
[A:thread] Worker pinned host=0 client=12 -> cpu=12 (pid=213116)
[A:thread] Worker pinned host=0 client=13 -> cpu=13 (pid=213117)
[A:thread] Worker pinned host=0 client=14 -> cpu=14 (pid=213118)
[A:thread] Worker pinned host=0 client=15 -> cpu=15 (pid=213119)
[A:thread] Worker pinned host=0 client=16 -> cpu=16 (pid=213120)
[A:thread] Worker pinned host=0 client=17 -> cpu=17 (pid=213121)
[A:thread] Worker pinned host=0 client=18 -> cpu=18 (pid=213122)
[A:thread] Worker pinned host=0 client=19 -> cpu=19 (pid=213123)
[A:thread] Worker pinned host=0 client=20 -> cpu=20 (pid=213124)
[A:thread] Worker pinned host=0 client=21 -> cpu=21 (pid=213125)
[A:thread] Worker pinned host=0 client=22 -> cpu=22 (pid=213126)
[A:thread] Worker pinned host=0 client=23 -> cpu=23 (pid=213127)
[A:thread] Worker pinned host=0 client=24 -> cpu=24 (pid=213128)
[A:thread] Worker pinned host=0 client=25 -> cpu=25 (pid=213129)
[A:thread] Worker pinned host=0 client=26 -> cpu=26 (pid=213130)
[A:thread] Worker pinned host=0 client=27 -> cpu=27 (pid=213131)
[A:thread] Worker pinned host=0 client=28 -> cpu=28 (pid=213132)
[A:thread] Worker pinned host=0 client=29 -> cpu=29 (pid=213133)
[A:thread] Worker pinned host=0 client=30 -> cpu=30 (pid=213134)
[A:thread] Worker pinned host=0 client=31 -> cpu=31 (pid=213135)
[A:thread] Worker pinned host=0 client=32 -> cpu=32 (pid=213136)
[A:thread] Worker pinned host=0 client=33 -> cpu=33 (pid=213137)
[A:thread] Worker pinned host=0 client=34 -> cpu=34 (pid=213138)
[A:thread] Worker pinned host=0 client=35 -> cpu=35 (pid=213139)
[A:thread] Worker pinned host=0 client=36 -> cpu=36 (pid=213140)
[A:thread] Worker pinned host=0 client=37 -> cpu=37 (pid=213141)
[A:thread] Worker pinned host=0 client=38 -> cpu=38 (pid=213142)
[A:thread] Worker pinned host=0 client=39 -> cpu=39 (pid=213143)
[A:thread] Worker pinned host=0 client=40 -> cpu=40 (pid=213144)
[A:thread] Worker pinned host=0 client=41 -> cpu=41 (pid=213145)
[A:thread] Worker pinned host=0 client=42 -> cpu=42 (pid=213146)
[A:thread] Worker pinned host=0 client=43 -> cpu=43 (pid=213147)
[A:thread] Worker pinned host=0 client=44 -> cpu=44 (pid=213148)
[A:thread] Worker pinned host=0 client=45 -> cpu=45 (pid=213149)
[A:thread] Worker pinned host=0 client=46 -> cpu=46 (pid=213150)
[A:thread] Worker pinned host=0 client=47 -> cpu=47 (pid=213151)
[A:thread] Worker pinned host=0 client=48 -> cpu=48 (pid=213152)
[A:thread] Worker pinned host=0 client=49 -> cpu=49 (pid=213153)
[A:thread] Worker pinned host=0 client=50 -> cpu=50 (pid=213154)
[A:thread] Worker pinned host=0 client=51 -> cpu=51 (pid=213155)
[A:thread] Worker pinned host=0 client=52 -> cpu=52 (pid=213156)
[A:thread] Worker pinned host=0 client=53 -> cpu=53 (pid=213157)
[A:thread] Worker pinned host=0 client=54 -> cpu=54 (pid=213158)
[A:thread] Worker pinned host=0 client=55 -> cpu=55 (pid=213159)
[A:thread] Worker pinned host=0 client=56 -> cpu=56 (pid=213160)
[A:thread] Worker pinned host=0 client=57 -> cpu=57 (pid=213161)
[A:thread] Worker pinned host=0 client=58 -> cpu=58 (pid=213162)
[A:thread] Worker pinned host=0 client=59 -> cpu=59 (pid=213163)
[A:thread] Worker pinned host=0 client=60 -> cpu=60 (pid=213164)
[A:thread] Worker pinned host=0 client=61 -> cpu=61 (pid=213165)
[A:thread] Worker pinned host=0 client=0 -> cpu=0 (pid=213100)
[A:thread] Worker pinned host=0 client=62 -> cpu=62 (pid=213166)
[A:thread] Worker pinned host=0 client=63 -> cpu=63 (pid=213167)
[A:tls] worker host=0 client=0 entries=1024 (~1088 KiB)
[A:tls] worker host=0 client=4 entries=1024 (~1088 KiB)
[A:tls] worker host=0 client=41 entries=1024 (~1088 KiB)
[A:tls] worker host=0 client=5 entries=1024 (~1088 KiB)
[A:tls] worker host=0 client=9 entries=1024 (~1088 KiB)
[A:tls] worker host=0 client=13 entries=1024 (~1088 KiB)
[A:thread] WriteReceiver pid=213100 tid=139660985628352 pinned cpu=65 (host_id=0)
[A:thread] ReadSender pid=213100 tid=139660952057536 pinned cpu=66 (host_id=0)
[A:sender] kind=1 policy=P0 K=16 T_us=100 host_id=0
[A:thread] ReadReceiver pid=213100 tid=139660977235648 pinned cpu=67 (host_id=0)
[A:tls] worker host=0 client=15 entries=1024 (~1088 KiB)
[A:thread] InvalSender pid=213100 tid=139660943664832 pinned cpu=68 (host_id=0)
[A:thread] InvalReceiver pid=213100 tid=139660968842944 pinned cpu=69 (host_id=0)
[A:tls] worker host=0 client=3 entries=1024 (~1088 KiB)
[A:sender] kind=2 policy=P0 K=16 T_us=100 host_id=0
[A:tls] worker host=0 client=28 entries=1024 (~1088 KiB)
[A:tls] worker host=0 client=7 entries=1024 (~1088 KiB)
[A:tls] worker host=0 client=2 entries=1024 (~1088 KiB)
[A:tls] worker host=0 client=14 entries=1024 (~1088 KiB)
[A:thread] WriteSender pid=213100 tid=139660960450240 pinned cpu=64 (host_id=0)
[A:sender] kind=0 policy=P0 K=16 T_us=100 host_id=0
[A:tls] worker host=0 client=1 entries=1024 (~1088 KiB)
[A:tls] worker host=0 client=20 entries=1024 (~1088 KiB)
[A:tls] worker host=0 client=31 entries=1024 (~1088 KiB)
[A:tls] worker host=0 client=8 entries=1024 (~1088 KiB)
[A:tls] worker host=0 client=6 entries=1024 (~1088 KiB)
[A:tls] worker host=0 client=21 entries=1024 (~1088 KiB)
[A:tls] worker host=0 client=11 entries=1024 (~1088 KiB)
[A:tls] worker host=0 client=10 entries=1024 (~1088 KiB)
[A:tls] worker host=0 client=25 entries=1024 (~1088 KiB)
[A:tls] worker host=0 client=12 entries=1024 (~1088 KiB)
[A:tls] worker host=0 client=16 entries=1024 (~1088 KiB)
[A:tls] worker host=0 client=34 entries=1024 (~1088 KiB)
[A:tls] worker host=0 client=39 entries=1024 (~1088 KiB)
[A:tls] worker host=0 client=29 entries=1024 (~1088 KiB)
[A:tls] worker host=0 client=19 entries=1024 (~1088 KiB)
[A:tls] worker host=0 client=45 entries=1024 (~1088 KiB)
[A:tls] worker host=0 client=26 entries=1024 (~1088 KiB)
[A:tls] worker host=0 client=33 entries=1024 (~1088 KiB)
[A:tls] worker host=0 client=17 entries=1024 (~1088 KiB)
[A:tls] worker host=0 client=40 entries=1024 (~1088 KiB)
[A:tls] worker host=0 client=35 entries=1024 (~1088 KiB)
[A:tls] worker host=0 client=46 entries=1024 (~1088 KiB)
[A:tls] worker host=0 client=38 entries=1024 (~1088 KiB)
[A:tls] worker host=0 client=42 entries=1024 (~1088 KiB)
[A:tls] worker host=0 client=49 entries=1024 (~1088 KiB)
[A:tls] worker host=0 client=48 entries=1024 (~1088 KiB)
[A:tls] worker host=0 client=37 entries=1024 (~1088 KiB)
[A:tls] worker host=0 client=24 entries=1024 (~1088 KiB)
[A:tls] worker host=0 client=36 entries=1024 (~1088 KiB)
[A:tls] worker host=0 client=32 entries=1024 (~1088 KiB)
[A:tls] worker host=0 client=27 entries=1024 (~1088 KiB)
[A:tls] worker host=0 client=44 entries=1024 (~1088 KiB)
[A:tls] worker host=0 client=43 entries=1024 (~1088 KiB)
[A:tls] worker host=0 client=51 entries=1024 (~1088 KiB)
[A:tls] worker host=0 client=23 entries=1024 (~1088 KiB)
[A:tls] worker host=0 client=61 entries=1024 (~1088 KiB)
[A:tls] worker host=0 client=52 entries=1024 (~1088 KiB)
[A:tls] worker host=0 client=47 entries=1024 (~1088 KiB)
[A:tls] worker host=0 client=18 entries=1024 (~1088 KiB)
[A:tls] worker host=0 client=22 entries=1024 (~1088 KiB)
[A:tls] worker host=0 client=30 entries=1024 (~1088 KiB)
[A:tls] worker host=0 client=55 entries=1024 (~1088 KiB)
[A:tls] worker host=0 client=50 entries=1024 (~1088 KiB)
[A:tls] worker host=0 client=54 entries=1024 (~1088 KiB)
[A:tls] worker host=0 client=53 entries=1024 (~1088 KiB)
[A:tls] worker host=0 client=60 entries=1024 (~1088 KiB)
[A:tls] worker host=0 client=59 entries=1024 (~1088 KiB)
[A:tls] worker host=0 client=63 entries=1024 (~1088 KiB)
[A:tls] worker host=0 client=56 entries=1024 (~1088 KiB)
[A:tls] worker host=0 client=62 entries=1024 (~1088 KiB)
[A:tls] worker host=0 client=58 entries=1024 (~1088 KiB)
[A:tls] worker host=0 client=57 entries=1024 (~1088 KiB)
YCSB opt=A cache=1 num_hosts=2 threads=64 threads_eff=64 rep=4 load_ops=50000 load_thpt=159713 trans_ops=50000 trans_wall_max=0.004389 trans_agg_thpt=11392116 w_avg_ns=0 w_p50_ns=0 w_p99_ns=0 r_avg_ns=9752 r_p50_ns=10986 r_p99_ns=68558 # workloadc_optA_t64_cacheon_rep4
