[A:thread] Worker pinned host=1 client=1 -> cpu=1 (pid=210132)
[A:thread] Worker pinned host=1 client=2 -> cpu=2 (pid=210133)
[A:thread] Worker pinned host=1 client=3 -> cpu=3 (pid=210134)
[A:thread] Worker pinned host=1 client=4 -> cpu=4 (pid=210135)
[A:thread] Worker pinned host=1 client=5 -> cpu=5 (pid=210136)
[A:thread] Worker pinned host=1 client=6 -> cpu=6 (pid=210137)
[A:thread] Worker pinned host=1 client=7 -> cpu=7 (pid=210138)
[A:thread] Worker pinned host=1 client=8 -> cpu=8 (pid=210139)
[A:thread] Worker pinned host=1 client=9 -> cpu=9 (pid=210140)
[A:thread] Worker pinned host=1 client=10 -> cpu=10 (pid=210141)
[A:thread] Worker pinned host=1 client=12 -> cpu=12 (pid=210143)
[A:thread] Worker pinned host=1 client=11 -> cpu=11 (pid=210142)
[A:thread] Worker pinned host=1 client=0 -> cpu=0 (pid=210131)
[A:thread] Worker pinned host=1 client=13 -> cpu=13 (pid=210144)
[A:thread] Worker pinned host=1 client=14 -> cpu=14 (pid=210145)
[A:thread] Worker pinned host=1 client=15 -> cpu=15 (pid=210146)
[A:thread] WriteReceiver pid=210131 tid=139956004583104 pinned cpu=65 (host_id=1)
[A:thread] ReadReceiver pid=210131 tid=139955996190400 pinned cpu=67 (host_id=1)
[A:thread] InvalReceiver pid=210131 tid=139955987797696 pinned cpu=69 (host_id=1)
[A:thread] WriteSender pid=210131 tid=139955979404992 pinned cpu=64 (host_id=1)
[A:sender] kind=0 policy=P0 K=16 T_us=100 host_id=1
[A:tls] worker host=1 client=1 entries=1024 (~1088 KiB)
[A:tls] worker host=1 client=2 entries=1024 (~1088 KiB)
[A:tls] worker host=1 client=3 entries=1024 (~1088 KiB)
[A:tls] worker host=1 client=4 entries=1024 (~1088 KiB)
[A:tls] worker host=1 client=5 entries=1024 (~1088 KiB)
[A:tls] worker host=1 client=6 entries=1024 (~1088 KiB)
[A:tls] worker host=1 client=7 entries=1024 (~1088 KiB)
[A:tls] worker host=1 client=8 entries=1024 (~1088 KiB)
[A:tls] worker host=1 client=0 entries=1024 (~1088 KiB)
[A:thread] ReadSender pid=210131 tid=139955971012288 pinned cpu=66 (host_id=1)
[A:sender] kind=1 policy=P0 K=16 T_us=100 host_id=1
[A:tls] worker host=1 client=10 entries=1024 (~1088 KiB)
[A:tls] worker host=1 client=9 entries=1024 (~1088 KiB)
[A:thread] InvalSender pid=210131 tid=139955962619584 pinned cpu=68 (host_id=1)
[A:sender] kind=2 policy=P0 K=16 T_us=100 host_id=1
[A:tls] worker host=1 client=11 entries=1024 (~1088 KiB)
[A:tls] worker host=1 client=12 entries=1024 (~1088 KiB)
[A:tls] worker host=1 client=13 entries=1024 (~1088 KiB)
[A:tls] worker host=1 client=15 entries=1024 (~1088 KiB)
[A:tls] worker host=1 client=14 entries=1024 (~1088 KiB)
