[A:thread] Worker pinned host=0 client=1 -> cpu=1 (pid=218242)
[A:thread] Worker pinned host=0 client=2 -> cpu=2 (pid=218243)
[A:thread] Worker pinned host=0 client=3 -> cpu=3 (pid=218244)
[A:thread] Worker pinned host=0 client=4 -> cpu=4 (pid=218245)
[A:thread] Worker pinned host=0 client=5 -> cpu=5 (pid=218246)
[A:thread] Worker pinned host=0 client=6 -> cpu=6 (pid=218247)
[A:thread] Worker pinned host=0 client=7 -> cpu=7 (pid=218248)
[A:thread] Worker pinned host=0 client=8 -> cpu=8 (pid=218249)
[A:thread] Worker pinned host=0 client=9 -> cpu=9 (pid=218250)
[A:thread] Worker pinned host=0 client=10 -> cpu=10 (pid=218251)
[A:thread] Worker pinned host=0 client=11 -> cpu=11 (pid=218252)
[A:thread] Worker pinned host=0 client=12 -> cpu=12 (pid=218253)
[A:thread] Worker pinned host=0 client=13 -> cpu=13 (pid=218254)
[A:thread] Worker pinned host=0 client=0 -> cpu=0 (pid=218241)
[A:thread] Worker pinned host=0 client=14 -> cpu=14 (pid=218255)
[A:thread] Worker pinned host=0 client=15 -> cpu=15 (pid=218256)
[A:thread] WriteReceiver pid=218241 tid=140363950757568 pinned cpu=65 (host_id=0)
[A:tls] worker host=0 client=1 entries=1024 (~1088 KiB)
[A:tls] worker host=0 client=2 entries=1024 (~1088 KiB)
[A:tls] worker host=0 client=3 entries=1024 (~1088 KiB)
[A:tls] worker host=0 client=4 entries=1024 (~1088 KiB)
[A:tls] worker host=0 client=5 entries=1024 (~1088 KiB)
[A:thread] ReadReceiver pid=218241 tid=140363942364864 pinned cpu=67 (host_id=0)
[A:tls] worker host=0 client=6 entries=1024 (~1088 KiB)
[A:thread] InvalReceiver pid=218241 tid=140363933972160 pinned cpu=69 (host_id=0)
[A:thread] WriteSender pid=218241 tid=140363925579456 pinned cpu=64 (host_id=0)
[A:sender] kind=0 policy=P0 K=16 T_us=100 host_id=0
[A:tls] worker host=0 client=7 entries=1024 (~1088 KiB)
[A:thread] ReadSender pid=218241 tid=140363917186752 pinned cpu=66 (host_id=0)
[A:sender] kind=1 policy=P0 K=16 T_us=100 host_id=0
[A:thread] InvalSender pid=218241 tid=140363908794048 pinned cpu=68 (host_id=0)
[A:sender] kind=2 policy=P0 K=16 T_us=100 host_id=0
[A:tls] worker host=0 client=0 entries=1024 (~1088 KiB)
[A:tls] worker host=0 client=14 entries=1024 (~1088 KiB)
[A:tls] worker host=0 client=11 entries=1024 (~1088 KiB)
[A:tls] worker host=0 client=15 entries=1024 (~1088 KiB)
[A:tls] worker host=0 client=12 entries=1024 (~1088 KiB)
[A:tls] worker host=0 client=13 entries=1024 (~1088 KiB)
[A:tls] worker host=0 client=9 entries=1024 (~1088 KiB)
[A:tls] worker host=0 client=8 entries=1024 (~1088 KiB)
[A:tls] worker host=0 client=10 entries=1024 (~1088 KiB)
YCSB opt=A cache=0 num_hosts=2 threads=16 threads_eff=16 rep=3 load_ops=50000 load_thpt=173527 trans_ops=50000 trans_wall_max=1.631926 trans_agg_thpt=30638 w_avg_ns=13158 w_p50_ns=14151 w_p99_ns=36158 r_avg_ns=6296 r_p50_ns=7157 r_p99_ns=21370 # workloadf_optA_t16_cacheoff_rep3
