[A:thread] Worker pinned host=1 client=1 -> cpu=1 (pid=214729)
[A:thread] Worker pinned host=1 client=2 -> cpu=2 (pid=214730)
[A:thread] Worker pinned host=1 client=3 -> cpu=3 (pid=214731)
[A:thread] Worker pinned host=1 client=4 -> cpu=4 (pid=214732)
[A:thread] Worker pinned host=1 client=5 -> cpu=5 (pid=214733)
[A:thread] Worker pinned host=1 client=6 -> cpu=6 (pid=214734)
[A:thread] Worker pinned host=1 client=7 -> cpu=7 (pid=214735)
[A:thread] Worker pinned host=1 client=8 -> cpu=8 (pid=214736)
[A:thread] Worker pinned host=1 client=9 -> cpu=9 (pid=214737)
[A:thread] Worker pinned host=1 client=10 -> cpu=10 (pid=214738)
[A:thread] Worker pinned host=1 client=11 -> cpu=11 (pid=214739)
[A:thread] Worker pinned host=1 client=12 -> cpu=12 (pid=214740)
[A:thread] Worker pinned host=1 client=13 -> cpu=13 (pid=214741)
[A:thread] Worker pinned host=1 client=14 -> cpu=14 (pid=214742)
[A:thread] Worker pinned host=1 client=0 -> cpu=0 (pid=214727)
[A:thread] Worker pinned host=1 client=15 -> cpu=15 (pid=214743)
[A:tls] worker host=1 client=6 entries=1024 (~1088 KiB)
[A:tls] worker host=1 client=2 entries=1024 (~1088 KiB)
[A:tls] worker host=1 client=8 entries=1024 (~1088 KiB)
[A:tls] worker host=1 client=3 entries=1024 (~1088 KiB)
[A:tls] worker host=1 client=1 entries=1024 (~1088 KiB)
[A:tls] worker host=1 client=7 entries=1024 (~1088 KiB)
[A:tls] worker host=1 client=4 entries=1024 (~1088 KiB)
[A:tls] worker host=1 client=5 entries=1024 (~1088 KiB)
[A:tls] worker host=1 client=9 entries=1024 (~1088 KiB)
[A:thread] WriteReceiver pid=214727 tid=139663579805376 pinned cpu=65 (host_id=1)
[A:thread] ReadReceiver pid=214727 tid=139663571412672 pinned cpu=67 (host_id=1)
[A:thread] InvalReceiver pid=214727 tid=139663563019968 pinned cpu=69 (host_id=1)
[A:thread] WriteSender pid=214727 tid=139663554627264 pinned cpu=64 (host_id=1)
[A:sender] kind=0 policy=P0 K=16 T_us=100 host_id=1
[A:thread] ReadSender pid=214727 tid=139663546234560 pinned cpu=66 (host_id=1)
[A:sender] kind=1 policy=P0 K=16 T_us=100 host_id=1
[A:thread] InvalSender pid=214727 tid=139663537841856 pinned cpu=68 (host_id=1)
[A:sender] kind=2 policy=P0 K=16 T_us=100 host_id=1
[A:tls] worker host=1 client=11 entries=1024 (~1088 KiB)
[A:tls] worker host=1 client=15 entries=1024 (~1088 KiB)
[A:tls] worker host=1 client=14 entries=1024 (~1088 KiB)
[A:tls] worker host=1 client=10 entries=1024 (~1088 KiB)
[A:tls] worker host=1 client=12 entries=1024 (~1088 KiB)
[A:tls] worker host=1 client=13 entries=1024 (~1088 KiB)
[A:tls] worker host=1 client=0 entries=1024 (~1088 KiB)
