[A:thread] Worker pinned host=1 client=1 -> cpu=1 (pid=221178)
[A:thread] Worker pinned host=1 client=2 -> cpu=2 (pid=221179)
[A:thread] Worker pinned host=1 client=3 -> cpu=3 (pid=221180)
[A:thread] Worker pinned host=1 client=4 -> cpu=4 (pid=221181)
[A:thread] Worker pinned host=1 client=5 -> cpu=5 (pid=221182)
[A:thread] Worker pinned host=1 client=6 -> cpu=6 (pid=221183)
[A:thread] Worker pinned host=1 client=7 -> cpu=7 (pid=221184)
[A:thread] Worker pinned host=1 client=8 -> cpu=8 (pid=221185)
[A:thread] Worker pinned host=1 client=9 -> cpu=9 (pid=221186)
[A:thread] Worker pinned host=1 client=10 -> cpu=10 (pid=221187)
[A:thread] Worker pinned host=1 client=11 -> cpu=11 (pid=221188)
[A:thread] Worker pinned host=1 client=12 -> cpu=12 (pid=221189)
[A:thread] Worker pinned host=1 client=13 -> cpu=13 (pid=221190)
[A:thread] Worker pinned host=1 client=14 -> cpu=14 (pid=221191)
[A:thread] Worker pinned host=1 client=0 -> cpu=0 (pid=221177)
[A:thread] Worker pinned host=1 client=15 -> cpu=15 (pid=221192)
[A:thread] WriteReceiver pid=221177 tid=140168874948288 pinned cpu=65 (host_id=1)
[A:tls] worker host=1 client=7 entries=1024 (~1088 KiB)
[A:tls] worker host=1 client=4 entries=1024 (~1088 KiB)
[A:tls] worker host=1 client=11 entries=1024 (~1088 KiB)
[A:tls] worker host=1 client=8 entries=1024 (~1088 KiB)
[A:tls] worker host=1 client=9 entries=1024 (~1088 KiB)
[A:tls] worker host=1 client=1 entries=1024 (~1088 KiB)
[A:tls] worker host=1 client=5 entries=1024 (~1088 KiB)
[A:tls] worker host=1 client=15 entries=1024 (~1088 KiB)
[A:tls] worker host=1 client=3 entries=1024 (~1088 KiB)
[A:tls] worker host=1 client=10 entries=1024 (~1088 KiB)
[A:tls] worker host=1 client=6 entries=1024 (~1088 KiB)
[A:tls] worker host=1 client=2 entries=1024 (~1088 KiB)
[A:tls] worker host=1 client=12 entries=1024 (~1088 KiB)
[A:tls] worker host=1 client=13 entries=1024 (~1088 KiB)
[A:tls] worker host=1 client=0 entries=1024 (~1088 KiB)
[A:tls] worker host=1 client=14 entries=1024 (~1088 KiB)
[A:thread] ReadReceiver pid=221177 tid=140168866555584 pinned cpu=67 (host_id=1)
[A:thread] WriteSender pid=221177 tid=140168849770176 pinned cpu=64 (host_id=1)
[A:sender] kind=0 policy=P0 K=16 T_us=100 host_id=1
[A:thread] InvalReceiver pid=221177 tid=140168858162880 pinned cpu=69 (host_id=1)
[A:thread] ReadSender pid=221177 tid=140168841377472 pinned cpu=66 (host_id=1)
[A:sender] kind=1 policy=P0 K=16 T_us=100 host_id=1
[A:thread] InvalSender pid=221177 tid=140168832984768 pinned cpu=68 (host_id=1)
[A:sender] kind=2 policy=P0 K=16 T_us=100 host_id=1
