[A:thread] Worker pinned host=0 client=1 -> cpu=1 (pid=211119)
[A:thread] Worker pinned host=0 client=2 -> cpu=2 (pid=211120)
[A:thread] Worker pinned host=0 client=3 -> cpu=3 (pid=211121)
[A:thread] Worker pinned host=0 client=4 -> cpu=4 (pid=211122)
[A:thread] Worker pinned host=0 client=5 -> cpu=5 (pid=211123)
[A:thread] Worker pinned host=0 client=6 -> cpu=6 (pid=211124)
[A:thread] Worker pinned host=0 client=7 -> cpu=7 (pid=211125)
[A:thread] Worker pinned host=0 client=8 -> cpu=8 (pid=211126)
[A:thread] Worker pinned host=0 client=9 -> cpu=9 (pid=211127)
[A:thread] Worker pinned host=0 client=10 -> cpu=10 (pid=211128)
[A:thread] Worker pinned host=0 client=11 -> cpu=11 (pid=211129)
[A:thread] Worker pinned host=0 client=12 -> cpu=12 (pid=211130)
[A:thread] Worker pinned host=0 client=13 -> cpu=13 (pid=211131)
[A:thread] Worker pinned host=0 client=14 -> cpu=14 (pid=211132)
[A:thread] Worker pinned host=0 client=15 -> cpu=15 (pid=211133)
[A:thread] Worker pinned host=0 client=16 -> cpu=16 (pid=211134)
[A:thread] Worker pinned host=0 client=17 -> cpu=17 (pid=211135)
[A:thread] Worker pinned host=0 client=18 -> cpu=18 (pid=211136)
[A:thread] Worker pinned host=0 client=19 -> cpu=19 (pid=211137)
[A:thread] Worker pinned host=0 client=20 -> cpu=20 (pid=211138)
[A:thread] Worker pinned host=0 client=21 -> cpu=21 (pid=211139)
[A:thread] Worker pinned host=0 client=22 -> cpu=22 (pid=211140)
[A:thread] Worker pinned host=0 client=23 -> cpu=23 (pid=211141)
[A:thread] Worker pinned host=0 client=24 -> cpu=24 (pid=211142)
[A:thread] Worker pinned host=0 client=25 -> cpu=25 (pid=211143)
[A:thread] Worker pinned host=0 client=26 -> cpu=26 (pid=211144)
[A:thread] Worker pinned host=0 client=27 -> cpu=27 (pid=211145)
[A:thread] Worker pinned host=0 client=28 -> cpu=28 (pid=211146)
[A:thread] Worker pinned host=0 client=29 -> cpu=29 (pid=211147)
[A:thread] Worker pinned host=0 client=30 -> cpu=30 (pid=211148)
[A:thread] Worker pinned host=0 client=31 -> cpu=31 (pid=211149)
[A:thread] Worker pinned host=0 client=32 -> cpu=32 (pid=211150)
[A:thread] Worker pinned host=0 client=33 -> cpu=33 (pid=211151)
[A:thread] Worker pinned host=0 client=34 -> cpu=34 (pid=211152)
[A:thread] Worker pinned host=0 client=35 -> cpu=35 (pid=211153)
[A:thread] Worker pinned host=0 client=36 -> cpu=36 (pid=211154)
[A:thread] Worker pinned host=0 client=37 -> cpu=37 (pid=211155)
[A:thread] Worker pinned host=0 client=38 -> cpu=38 (pid=211156)
[A:thread] Worker pinned host=0 client=39 -> cpu=39 (pid=211157)
[A:thread] Worker pinned host=0 client=40 -> cpu=40 (pid=211158)
[A:thread] Worker pinned host=0 client=41 -> cpu=41 (pid=211159)
[A:thread] Worker pinned host=0 client=42 -> cpu=42 (pid=211160)
[A:thread] Worker pinned host=0 client=43 -> cpu=43 (pid=211161)
[A:thread] Worker pinned host=0 client=44 -> cpu=44 (pid=211162)
[A:thread] Worker pinned host=0 client=45 -> cpu=45 (pid=211163)
[A:thread] Worker pinned host=0 client=46 -> cpu=46 (pid=211164)
[A:thread] Worker pinned host=0 client=47 -> cpu=47 (pid=211165)
[A:thread] Worker pinned host=0 client=48 -> cpu=48 (pid=211166)
[A:thread] Worker pinned host=0 client=49 -> cpu=49 (pid=211167)
[A:thread] Worker pinned host=0 client=50 -> cpu=50 (pid=211168)
[A:thread] Worker pinned host=0 client=51 -> cpu=51 (pid=211169)
[A:thread] Worker pinned host=0 client=52 -> cpu=52 (pid=211170)
[A:thread] Worker pinned host=0 client=53 -> cpu=53 (pid=211171)
[A:thread] Worker pinned host=0 client=54 -> cpu=54 (pid=211172)
[A:thread] Worker pinned host=0 client=55 -> cpu=55 (pid=211173)
[A:thread] Worker pinned host=0 client=56 -> cpu=56 (pid=211174)
[A:thread] Worker pinned host=0 client=57 -> cpu=57 (pid=211175)
[A:thread] Worker pinned host=0 client=58 -> cpu=58 (pid=211176)
[A:thread] Worker pinned host=0 client=59 -> cpu=59 (pid=211177)
[A:thread] Worker pinned host=0 client=60 -> cpu=60 (pid=211178)
[A:thread] Worker pinned host=0 client=61 -> cpu=61 (pid=211179)
[A:thread] Worker pinned host=0 client=62 -> cpu=62 (pid=211180)
[A:thread] Worker pinned host=0 client=0 -> cpu=0 (pid=211118)
[A:thread] Worker pinned host=0 client=63 -> cpu=63 (pid=211181)
[A:thread] WriteReceiver pid=211118 tid=140214510024384 pinned cpu=65 (host_id=0)
[A:thread] WriteSender pid=211118 tid=140214484846272 pinned cpu=64 (host_id=0)
[A:sender] kind=0 policy=P0 K=16 T_us=100 host_id=0
[A:thread] ReadSender pid=211118 tid=140214476453568 pinned cpu=66 (host_id=0)
[A:sender] kind=1 policy=P0 K=16 T_us=100 host_id=0
[A:thread] ReadReceiver pid=211118 tid=140214501631680 pinned cpu=67 (host_id=0)
[A:thread] InvalSender pid=211118 tid=140214468060864 pinned cpu=68 (host_id=0)
[A:sender] kind=2 policy=P0 K=16 T_us=100 host_id=0
[A:thread] InvalReceiver pid=211118 tid=140214493238976 pinned cpu=69 (host_id=0)
[A:tls] worker host=0 client=46 entries=1024 (~1088 KiB)
[A:tls] worker host=0 client=53 entries=1024 (~1088 KiB)
[A:tls] worker host=0 client=40 entries=1024 (~1088 KiB)
[A:tls] worker host=0 client=15 entries=1024 (~1088 KiB)
[A:tls] worker host=0 client=1 entries=1024 (~1088 KiB)
[A:tls] worker host=0 client=22 entries=1024 (~1088 KiB)
[A:tls] worker host=0 client=60 entries=1024 (~1088 KiB)
[A:tls] worker host=0 client=8 entries=1024 (~1088 KiB)
[A:tls] worker host=0 client=45 entries=1024 (~1088 KiB)
[A:tls] worker host=0 client=7 entries=1024 (~1088 KiB)
[A:tls] worker host=0 client=44 entries=1024 (~1088 KiB)
[A:tls] worker host=0 client=11 entries=1024 (~1088 KiB)
[A:tls] worker host=0 client=3 entries=1024 (~1088 KiB)
[A:tls] worker host=0 client=5 entries=1024 (~1088 KiB)
[A:tls] worker host=0 client=17 entries=1024 (~1088 KiB)
[A:tls] worker host=0 client=4 entries=1024 (~1088 KiB)
[A:tls] worker host=0 client=47 entries=1024 (~1088 KiB)
[A:tls] worker host=0 client=6 entries=1024 (~1088 KiB)
[A:tls] worker host=0 client=42 entries=1024 (~1088 KiB)
[A:tls] worker host=0 client=16 entries=1024 (~1088 KiB)
[A:tls] worker host=0 client=48 entries=1024 (~1088 KiB)
[A:tls] worker host=0 client=25 entries=1024 (~1088 KiB)
[A:tls] worker host=0 client=21 entries=1024 (~1088 KiB)
[A:tls] worker host=0 client=50 entries=1024 (~1088 KiB)
[A:tls] worker host=0 client=2 entries=1024 (~1088 KiB)
[A:tls] worker host=0 client=55 entries=1024 (~1088 KiB)
[A:tls] worker host=0 client=56 entries=1024 (~1088 KiB)
[A:tls] worker host=0 client=12 entries=1024 (~1088 KiB)
[A:tls] worker host=0 client=19 entries=1024 (~1088 KiB)
[A:tls] worker host=0 client=59 entries=1024 (~1088 KiB)
[A:tls] worker host=0 client=49 entries=1024 (~1088 KiB)
[A:tls] worker host=0 client=14 entries=1024 (~1088 KiB)
[A:tls] worker host=0 client=36 entries=1024 (~1088 KiB)
[A:tls] worker host=0 client=54 entries=1024 (~1088 KiB)
[A:tls] worker host=0 client=41 entries=1024 (~1088 KiB)
[A:tls] worker host=0 client=13 entries=1024 (~1088 KiB)
[A:tls] worker host=0 client=18 entries=1024 (~1088 KiB)
[A:tls] worker host=0 client=61 entries=1024 (~1088 KiB)
[A:tls] worker host=0 client=9 entries=1024 (~1088 KiB)
[A:tls] worker host=0 client=20 entries=1024 (~1088 KiB)
[A:tls] worker host=0 client=0 entries=1024 (~1088 KiB)
[A:tls] worker host=0 client=43 entries=1024 (~1088 KiB)
[A:tls] worker host=0 client=57 entries=1024 (~1088 KiB)
[A:tls] worker host=0 client=10 entries=1024 (~1088 KiB)
[A:tls] worker host=0 client=58 entries=1024 (~1088 KiB)
[A:tls] worker host=0 client=52 entries=1024 (~1088 KiB)
[A:tls] worker host=0 client=39 entries=1024 (~1088 KiB)
[A:tls] worker host=0 client=23 entries=1024 (~1088 KiB)
[A:tls] worker host=0 client=29 entries=1024 (~1088 KiB)
[A:tls] worker host=0 client=63 entries=1024 (~1088 KiB)
[A:tls] worker host=0 client=62 entries=1024 (~1088 KiB)
[A:tls] worker host=0 client=31 entries=1024 (~1088 KiB)
[A:tls] worker host=0 client=34 entries=1024 (~1088 KiB)
[A:tls] worker host=0 client=24 entries=1024 (~1088 KiB)
[A:tls] worker host=0 client=35 entries=1024 (~1088 KiB)
[A:tls] worker host=0 client=26 entries=1024 (~1088 KiB)
[A:tls] worker host=0 client=30 entries=1024 (~1088 KiB)
[A:tls] worker host=0 client=32 entries=1024 (~1088 KiB)
[A:tls] worker host=0 client=28 entries=1024 (~1088 KiB)
[A:tls] worker host=0 client=51 entries=1024 (~1088 KiB)
[A:tls] worker host=0 client=27 entries=1024 (~1088 KiB)
[A:tls] worker host=0 client=38 entries=1024 (~1088 KiB)
[A:tls] worker host=0 client=37 entries=1024 (~1088 KiB)
[A:tls] worker host=0 client=33 entries=1024 (~1088 KiB)
YCSB opt=A cache=1 num_hosts=2 threads=64 threads_eff=64 rep=4 load_ops=50000 load_thpt=132718 trans_ops=50000 trans_wall_max=1.041547 trans_agg_thpt=48005 w_avg_ns=23198 w_p50_ns=5160 w_p99_ns=47776 r_avg_ns=7935 r_p50_ns=9050 r_p99_ns=58469 # workloadb_optA_t64_cacheon_rep4
