[A:thread] Worker pinned host=1 client=1 -> cpu=1 (pid=220076)
[A:thread] Worker pinned host=1 client=2 -> cpu=2 (pid=220077)
[A:thread] Worker pinned host=1 client=3 -> cpu=3 (pid=220078)
[A:thread] Worker pinned host=1 client=4 -> cpu=4 (pid=220079)
[A:thread] Worker pinned host=1 client=5 -> cpu=5 (pid=220080)
[A:thread] Worker pinned host=1 client=6 -> cpu=6 (pid=220081)
[A:thread] Worker pinned host=1 client=7 -> cpu=7 (pid=220082)
[A:thread] Worker pinned host=1 client=8 -> cpu=8 (pid=220083)
[A:thread] Worker pinned host=1 client=9 -> cpu=9 (pid=220084)
[A:thread] Worker pinned host=1 client=10 -> cpu=10 (pid=220085)
[A:thread] Worker pinned host=1 client=11 -> cpu=11 (pid=220086)
[A:thread] Worker pinned host=1 client=12 -> cpu=12 (pid=220087)
[A:thread] Worker pinned host=1 client=13 -> cpu=13 (pid=220088)
[A:thread] Worker pinned host=1 client=0 -> cpu=0 (pid=220053)
[A:thread] Worker pinned host=1 client=14 -> cpu=14 (pid=220089)
[A:thread] Worker pinned host=1 client=15 -> cpu=15 (pid=220090)
[A:thread] WriteReceiver pid=220053 tid=140416495122112 pinned cpu=65 (host_id=1)
[A:thread] ReadReceiver pid=220053 tid=140416486729408 pinned cpu=67 (host_id=1)
[A:thread] InvalReceiver pid=220053 tid=140416478336704 pinned cpu=69 (host_id=1)
[A:thread] WriteSender pid=220053 tid=140416469944000 pinned cpu=64 (host_id=1)
[A:sender] kind=0 policy=P0 K=16 T_us=100 host_id=1
[A:thread] ReadSender pid=220053 tid=140416461551296 pinned cpu=66 (host_id=1)
[A:sender] kind=1 policy=P0 K=16 T_us=100 host_id=1
[A:tls] worker host=1 client=1 entries=1024 (~1088 KiB)
[A:tls] worker host=1 client=2 entries=1024 (~1088 KiB)
[A:tls] worker host=1 client=0 entries=1024 (~1088 KiB)
[A:tls] worker host=1 client=3 entries=1024 (~1088 KiB)
[A:tls] worker host=1 client=4 entries=1024 (~1088 KiB)
[A:tls] worker host=1 client=5 entries=1024 (~1088 KiB)
[A:tls] worker host=1 client=6 entries=1024 (~1088 KiB)
[A:tls] worker host=1 client=7 entries=1024 (~1088 KiB)
[A:tls] worker host=1 client=8 entries=1024 (~1088 KiB)
[A:tls] worker host=1 client=9 entries=1024 (~1088 KiB)
[A:tls] worker host=1 client=10 entries=1024 (~1088 KiB)
[A:tls] worker host=1 client=11 entries=1024 (~1088 KiB)
[A:tls] worker host=1 client=13 entries=1024 (~1088 KiB)
[A:tls] worker host=1 client=12 entries=1024 (~1088 KiB)
[A:tls] worker host=1 client=14 entries=1024 (~1088 KiB)
[A:tls] worker host=1 client=15 entries=1024 (~1088 KiB)
[A:thread] InvalSender pid=220053 tid=140416453158592 pinned cpu=68 (host_id=1)
[A:sender] kind=2 policy=P0 K=16 T_us=100 host_id=1
