[A:thread] Worker pinned host=1 client=1 -> cpu=1 (pid=210327)
[A:thread] Worker pinned host=1 client=2 -> cpu=2 (pid=210328)
[A:thread] Worker pinned host=1 client=3 -> cpu=3 (pid=210329)
[A:thread] Worker pinned host=1 client=4 -> cpu=4 (pid=210330)
[A:thread] Worker pinned host=1 client=5 -> cpu=5 (pid=210331)
[A:thread] Worker pinned host=1 client=6 -> cpu=6 (pid=210332)
[A:thread] Worker pinned host=1 client=7 -> cpu=7 (pid=210333)
[A:thread] Worker pinned host=1 client=8 -> cpu=8 (pid=210334)
[A:thread] Worker pinned host=1 client=9 -> cpu=9 (pid=210335)
[A:thread] Worker pinned host=1 client=10 -> cpu=10 (pid=210336)
[A:thread] Worker pinned host=1 client=11 -> cpu=11 (pid=210337)
[A:thread] Worker pinned host=1 client=12 -> cpu=12 (pid=210338)
[A:thread] Worker pinned host=1 client=13 -> cpu=13 (pid=210339)
[A:thread] Worker pinned host=1 client=14 -> cpu=14 (pid=210340)
[A:thread] Worker pinned host=1 client=15 -> cpu=15 (pid=210341)
[A:thread] Worker pinned host=1 client=16 -> cpu=16 (pid=210342)
[A:thread] Worker pinned host=1 client=17 -> cpu=17 (pid=210343)
[A:thread] Worker pinned host=1 client=18 -> cpu=18 (pid=210344)
[A:thread] Worker pinned host=1 client=19 -> cpu=19 (pid=210345)
[A:thread] Worker pinned host=1 client=20 -> cpu=20 (pid=210346)
[A:thread] Worker pinned host=1 client=21 -> cpu=21 (pid=210347)
[A:thread] Worker pinned host=1 client=22 -> cpu=22 (pid=210348)
[A:thread] Worker pinned host=1 client=23 -> cpu=23 (pid=210349)
[A:thread] Worker pinned host=1 client=24 -> cpu=24 (pid=210350)
[A:thread] Worker pinned host=1 client=25 -> cpu=25 (pid=210351)
[A:thread] Worker pinned host=1 client=26 -> cpu=26 (pid=210352)
[A:thread] Worker pinned host=1 client=27 -> cpu=27 (pid=210353)
[A:thread] Worker pinned host=1 client=28 -> cpu=28 (pid=210354)
[A:thread] Worker pinned host=1 client=29 -> cpu=29 (pid=210355)
[A:thread] Worker pinned host=1 client=0 -> cpu=0 (pid=210326)
[A:thread] Worker pinned host=1 client=30 -> cpu=30 (pid=210356)
[A:thread] Worker pinned host=1 client=31 -> cpu=31 (pid=210357)
[A:tls] worker host=1 client=1 entries=1024 (~1088 KiB)
[A:tls] worker host=1 client=4 entries=1024 (~1088 KiB)
[A:tls] worker host=1 client=5 entries=1024 (~1088 KiB)
[A:tls] worker host=1 client=3 entries=1024 (~1088 KiB)
[A:tls] worker host=1 client=7 entries=1024 (~1088 KiB)
[A:thread] WriteReceiver pid=210326 tid=140273626642112 pinned cpu=65 (host_id=1)
[A:tls] worker host=1 client=2 entries=1024 (~1088 KiB)
[A:thread] ReadReceiver pid=210326 tid=140273618249408 pinned cpu=67 (host_id=1)
[A:tls] worker host=1 client=6 entries=1024 (~1088 KiB)
[A:thread] InvalReceiver pid=210326 tid=140273609856704 pinned cpu=69 (host_id=1)
[A:thread] WriteSender pid=210326 tid=140273601464000 pinned cpu=64 (host_id=1)
[A:sender] kind=0 policy=P0 K=16 T_us=100 host_id=1
[A:thread] ReadSender pid=210326 tid=140273593071296 pinned cpu=66 (host_id=1)
[A:sender] kind=1 policy=P0 K=16 T_us=100 host_id=1
[A:thread] InvalSender pid=210326 tid=140273584678592 pinned cpu=68 (host_id=1)
[A:sender] kind=2 policy=P0 K=16 T_us=100 host_id=1
[A:tls] worker host=1 client=8 entries=1024 (~1088 KiB)
[A:tls] worker host=1 client=9 entries=1024 (~1088 KiB)
[A:tls] worker host=1 client=10 entries=1024 (~1088 KiB)
[A:tls] worker host=1 client=12 entries=1024 (~1088 KiB)
[A:tls] worker host=1 client=13 entries=1024 (~1088 KiB)
[A:tls] worker host=1 client=11 entries=1024 (~1088 KiB)
[A:tls] worker host=1 client=14 entries=1024 (~1088 KiB)
[A:tls] worker host=1 client=15 entries=1024 (~1088 KiB)
[A:tls] worker host=1 client=18 entries=1024 (~1088 KiB)
[A:tls] worker host=1 client=21 entries=1024 (~1088 KiB)
[A:tls] worker host=1 client=17 entries=1024 (~1088 KiB)
[A:tls] worker host=1 client=19 entries=1024 (~1088 KiB)
[A:tls] worker host=1 client=16 entries=1024 (~1088 KiB)
[A:tls] worker host=1 client=22 entries=1024 (~1088 KiB)
[A:tls] worker host=1 client=20 entries=1024 (~1088 KiB)
[A:tls] worker host=1 client=23 entries=1024 (~1088 KiB)
[A:tls] worker host=1 client=28 entries=1024 (~1088 KiB)
[A:tls] worker host=1 client=24 entries=1024 (~1088 KiB)
[A:tls] worker host=1 client=30 entries=1024 (~1088 KiB)
[A:tls] worker host=1 client=25 entries=1024 (~1088 KiB)
[A:tls] worker host=1 client=31 entries=1024 (~1088 KiB)
[A:tls] worker host=1 client=27 entries=1024 (~1088 KiB)
[A:tls] worker host=1 client=0 entries=1024 (~1088 KiB)
[A:tls] worker host=1 client=29 entries=1024 (~1088 KiB)
[A:tls] worker host=1 client=26 entries=1024 (~1088 KiB)
