[A:thread] Worker pinned host=0 client=1 -> cpu=1 (pid=208427)
[A:thread] Worker pinned host=0 client=2 -> cpu=2 (pid=208428)
[A:thread] Worker pinned host=0 client=3 -> cpu=3 (pid=208429)
[A:thread] Worker pinned host=0 client=4 -> cpu=4 (pid=208430)
[A:thread] Worker pinned host=0 client=5 -> cpu=5 (pid=208431)
[A:thread] Worker pinned host=0 client=6 -> cpu=6 (pid=208432)
[A:thread] Worker pinned host=0 client=7 -> cpu=7 (pid=208433)
[A:thread] Worker pinned host=0 client=8 -> cpu=8 (pid=208434)
[A:thread] Worker pinned host=0 client=9 -> cpu=9 (pid=208435)
[A:thread] Worker pinned host=0 client=10 -> cpu=10 (pid=208436)
[A:thread] Worker pinned host=0 client=11 -> cpu=11 (pid=208437)
[A:thread] Worker pinned host=0 client=12 -> cpu=12 (pid=208438)
[A:thread] Worker pinned host=0 client=13 -> cpu=13 (pid=208439)
[A:thread] Worker pinned host=0 client=14 -> cpu=14 (pid=208440)
[A:thread] Worker pinned host=0 client=15 -> cpu=15 (pid=208441)
[A:thread] Worker pinned host=0 client=16 -> cpu=16 (pid=208442)
[A:thread] Worker pinned host=0 client=17 -> cpu=17 (pid=208443)
[A:thread] Worker pinned host=0 client=18 -> cpu=18 (pid=208444)
[A:thread] Worker pinned host=0 client=19 -> cpu=19 (pid=208445)
[A:thread] Worker pinned host=0 client=20 -> cpu=20 (pid=208446)
[A:thread] Worker pinned host=0 client=21 -> cpu=21 (pid=208447)
[A:thread] Worker pinned host=0 client=22 -> cpu=22 (pid=208448)
[A:thread] Worker pinned host=0 client=23 -> cpu=23 (pid=208449)
[A:thread] Worker pinned host=0 client=24 -> cpu=24 (pid=208450)
[A:thread] Worker pinned host=0 client=25 -> cpu=25 (pid=208451)
[A:thread] Worker pinned host=0 client=26 -> cpu=26 (pid=208452)
[A:thread] Worker pinned host=0 client=27 -> cpu=27 (pid=208453)
[A:thread] Worker pinned host=0 client=28 -> cpu=28 (pid=208454)
[A:thread] Worker pinned host=0 client=29 -> cpu=29 (pid=208455)
[A:thread] Worker pinned host=0 client=0 -> cpu=0 (pid=208426)
[A:thread] Worker pinned host=0 client=30 -> cpu=30 (pid=208456)
[A:thread] Worker pinned host=0 client=31 -> cpu=31 (pid=208457)
[A:thread] WriteReceiver pid=208426 tid=139753846003392 pinned cpu=65 (host_id=0)
[A:thread] ReadReceiver pid=208426 tid=139753837610688 pinned cpu=67 (host_id=0)
[A:thread] InvalReceiver pid=208426 tid=139753829217984 pinned cpu=69 (host_id=0)
[A:thread] WriteSender pid=208426 tid=139753820825280 pinned cpu=64 (host_id=0)
[A:tls] worker host=0 client=7 entries=1024 (~1088 KiB)
[A:sender] kind=0 policy=P0 K=16 T_us=100 host_id=0
[A:tls] worker host=0 client=2 entries=1024 (~1088 KiB)
[A:tls] worker host=0 client=11 entries=1024 (~1088 KiB)
[A:tls] worker host=0 client=13 entries=1024 (~1088 KiB)
[A:thread] ReadSender pid=208426 tid=139753812432576 pinned cpu=66 (host_id=0)
[A:tls] worker host=0 client=12 entries=1024 (~1088 KiB)
[A:sender] kind=1 policy=P0 K=16 T_us=100 host_id=0
[A:tls] worker host=0 client=8 entries=1024 (~1088 KiB)
[A:tls] worker host=0 client=3 entries=1024 (~1088 KiB)
[A:tls] worker host=0 client=14 entries=1024 (~1088 KiB)
[A:tls] worker host=0 client=9 entries=1024 (~1088 KiB)
[A:tls] worker host=0 client=6 entries=1024 (~1088 KiB)
[A:tls] worker host=0 client=15 entries=1024 (~1088 KiB)
[A:tls] worker host=0 client=5 entries=1024 (~1088 KiB)
[A:tls] worker host=0 client=4 entries=1024 (~1088 KiB)
[A:tls] worker host=0 client=10 entries=1024 (~1088 KiB)
[A:thread] InvalSender pid=208426 tid=139753804039872 pinned cpu=68 (host_id=0)
[A:tls] worker host=0 client=1 entries=1024 (~1088 KiB)
[A:sender] kind=2 policy=P0 K=16 T_us=100 host_id=0
[A:tls] worker host=0 client=20 entries=1024 (~1088 KiB)
[A:tls] worker host=0 client=16 entries=1024 (~1088 KiB)
[A:tls] worker host=0 client=18 entries=1024 (~1088 KiB)
[A:tls] worker host=0 client=17 entries=1024 (~1088 KiB)
[A:tls] worker host=0 client=22 entries=1024 (~1088 KiB)
[A:tls] worker host=0 client=21 entries=1024 (~1088 KiB)
[A:tls] worker host=0 client=19 entries=1024 (~1088 KiB)
[A:tls] worker host=0 client=24 entries=1024 (~1088 KiB)
[A:tls] worker host=0 client=23 entries=1024 (~1088 KiB)
[A:tls] worker host=0 client=25 entries=1024 (~1088 KiB)
[A:tls] worker host=0 client=26 entries=1024 (~1088 KiB)
[A:tls] worker host=0 client=28 entries=1024 (~1088 KiB)
[A:tls] worker host=0 client=27 entries=1024 (~1088 KiB)
[A:tls] worker host=0 client=29 entries=1024 (~1088 KiB)
[A:tls] worker host=0 client=30 entries=1024 (~1088 KiB)
[A:tls] worker host=0 client=0 entries=1024 (~1088 KiB)
[A:tls] worker host=0 client=31 entries=1024 (~1088 KiB)
[A] inval timeout #1 (key=95981d4f0c576b04 tpos=0)
YCSB opt=A cache=1 num_hosts=2 threads=32 threads_eff=32 rep=4 load_ops=50000 load_thpt=175903 trans_ops=50000 trans_wall_max=1.808550 trans_agg_thpt=27646 w_avg_ns=19908 w_p50_ns=20873 w_p99_ns=107297 r_avg_ns=10705 r_p50_ns=11833 r_p99_ns=35307 # workloada_optA_t32_cacheon_rep4
