[A:thread] Worker pinned host=0 client=1 -> cpu=1 (pid=210105)
[A:thread] Worker pinned host=0 client=2 -> cpu=2 (pid=210106)
[A:thread] Worker pinned host=0 client=3 -> cpu=3 (pid=210107)
[A:thread] Worker pinned host=0 client=4 -> cpu=4 (pid=210108)
[A:thread] Worker pinned host=0 client=5 -> cpu=5 (pid=210109)
[A:thread] Worker pinned host=0 client=6 -> cpu=6 (pid=210110)
[A:thread] Worker pinned host=0 client=7 -> cpu=7 (pid=210111)
[A:thread] Worker pinned host=0 client=8 -> cpu=8 (pid=210112)
[A:thread] Worker pinned host=0 client=9 -> cpu=9 (pid=210113)
[A:thread] Worker pinned host=0 client=10 -> cpu=10 (pid=210114)
[A:thread] Worker pinned host=0 client=11 -> cpu=11 (pid=210115)
[A:thread] Worker pinned host=0 client=12 -> cpu=12 (pid=210116)
[A:thread] Worker pinned host=0 client=13 -> cpu=13 (pid=210117)
[A:thread] Worker pinned host=0 client=0 -> cpu=0 (pid=210104)
[A:thread] Worker pinned host=0 client=14 -> cpu=14 (pid=210118)
[A:thread] Worker pinned host=0 client=15 -> cpu=15 (pid=210119)
[A:thread] WriteReceiver pid=210104 tid=140322342459072 pinned cpu=65 (host_id=0)
[A:thread] ReadReceiver pid=210104 tid=140322334066368 pinned cpu=67 (host_id=0)
[A:thread] InvalReceiver pid=210104 tid=140322325673664 pinned cpu=69 (host_id=0)
[A:thread] WriteSender pid=210104 tid=140322317280960 pinned cpu=64 (host_id=0)
[A:sender] kind=0 policy=P0 K=16 T_us=100 host_id=0
[A:thread] ReadSender pid=210104 tid=140322308888256 pinned cpu=66 (host_id=0)
[A:sender] kind=1 policy=P0 K=16 T_us=100 host_id=0
[A:thread] InvalSender pid=210104 tid=140322300495552 pinned cpu=68 (host_id=0)
[A:sender] kind=2 policy=P0 K=16 T_us=100 host_id=0
[A:tls] worker host=0 client=1 entries=1024 (~1088 KiB)
[A:tls] worker host=0 client=4 entries=1024 (~1088 KiB)
[A:tls] worker host=0 client=6 entries=1024 (~1088 KiB)
[A:tls] worker host=0 client=2 entries=1024 (~1088 KiB)
[A:tls] worker host=0 client=3 entries=1024 (~1088 KiB)
[A:tls] worker host=0 client=7 entries=1024 (~1088 KiB)
[A:tls] worker host=0 client=5 entries=1024 (~1088 KiB)
[A:tls] worker host=0 client=0 entries=1024 (~1088 KiB)
[A:tls] worker host=0 client=8 entries=1024 (~1088 KiB)
[A:tls] worker host=0 client=11 entries=1024 (~1088 KiB)
[A:tls] worker host=0 client=9 entries=1024 (~1088 KiB)
[A:tls] worker host=0 client=12 entries=1024 (~1088 KiB)
[A:tls] worker host=0 client=10 entries=1024 (~1088 KiB)
[A:tls] worker host=0 client=15 entries=1024 (~1088 KiB)
[A:tls] worker host=0 client=13 entries=1024 (~1088 KiB)
[A:tls] worker host=0 client=14 entries=1024 (~1088 KiB)
YCSB opt=A cache=0 num_hosts=2 threads=16 threads_eff=16 rep=2 load_ops=50000 load_thpt=172634 trans_ops=50000 trans_wall_max=1.607721 trans_agg_thpt=31099 w_avg_ns=14471 w_p50_ns=17179 w_p99_ns=39728 r_avg_ns=7686 r_p50_ns=9439 r_p99_ns=23630 # workloada_optA_t16_cacheoff_rep2
