[A:thread] Worker pinned host=0 client=1 -> cpu=1 (pid=210191)
[A:thread] Worker pinned host=0 client=2 -> cpu=2 (pid=210192)
[A:thread] Worker pinned host=0 client=3 -> cpu=3 (pid=210193)
[A:thread] Worker pinned host=0 client=4 -> cpu=4 (pid=210194)
[A:thread] Worker pinned host=0 client=5 -> cpu=5 (pid=210195)
[A:thread] Worker pinned host=0 client=6 -> cpu=6 (pid=210196)
[A:thread] Worker pinned host=0 client=7 -> cpu=7 (pid=210197)
[A:thread] Worker pinned host=0 client=8 -> cpu=8 (pid=210198)
[A:thread] Worker pinned host=0 client=9 -> cpu=9 (pid=210199)
[A:thread] Worker pinned host=0 client=10 -> cpu=10 (pid=210200)
[A:thread] Worker pinned host=0 client=11 -> cpu=11 (pid=210201)
[A:thread] Worker pinned host=0 client=12 -> cpu=12 (pid=210202)
[A:thread] Worker pinned host=0 client=0 -> cpu=0 (pid=210190)
[A:thread] Worker pinned host=0 client=13 -> cpu=13 (pid=210203)
[A:thread] Worker pinned host=0 client=14 -> cpu=14 (pid=210204)
[A:thread] Worker pinned host=0 client=15 -> cpu=15 (pid=210205)
[A:thread] WriteReceiver pid=210190 tid=140419602319040 pinned cpu=65 (host_id=0)
[A:thread] ReadReceiver pid=210190 tid=140419593926336 pinned cpu=67 (host_id=0)
[A:thread] InvalReceiver pid=210190 tid=140419585533632 pinned cpu=69 (host_id=0)
[A:thread] WriteSender pid=210190 tid=140419577140928 pinned cpu=64 (host_id=0)
[A:sender] kind=0 policy=P0 K=16 T_us=100 host_id=0
[A:tls] worker host=0 client=0 entries=1024 (~1088 KiB)
[A:tls] worker host=0 client=1 entries=1024 (~1088 KiB)
[A:tls] worker host=0 client=6 entries=1024 (~1088 KiB)
[A:tls] worker host=0 client=3 entries=1024 (~1088 KiB)
[A:tls] worker host=0 client=4 entries=1024 (~1088 KiB)
[A:tls] worker host=0 client=2 entries=1024 (~1088 KiB)
[A:tls] worker host=0 client=7 entries=1024 (~1088 KiB)
[A:tls] worker host=0 client=5 entries=1024 (~1088 KiB)
[A:tls] worker host=0 client=13 entries=1024 (~1088 KiB)
[A:tls] worker host=0 client=11 entries=1024 (~1088 KiB)
[A:tls] worker host=0 client=10 entries=1024 (~1088 KiB)
[A:thread] ReadSender pid=210190 tid=140419568748224 pinned cpu=66 (host_id=0)
[A:tls] worker host=0 client=12 entries=1024 (~1088 KiB)
[A:tls] worker host=0 client=14 entries=1024 (~1088 KiB)
[A:sender] kind=1 policy=P0 K=16 T_us=100 host_id=0
[A:thread] InvalSender pid=210190 tid=140419560355520 pinned cpu=68 (host_id=0)
[A:sender] kind=2 policy=P0 K=16 T_us=100 host_id=0
[A:tls] worker host=0 client=15 entries=1024 (~1088 KiB)
[A:tls] worker host=0 client=8 entries=1024 (~1088 KiB)
[A:tls] worker host=0 client=9 entries=1024 (~1088 KiB)
YCSB opt=A cache=0 num_hosts=2 threads=16 threads_eff=16 rep=4 load_ops=50000 load_thpt=215783 trans_ops=50000 trans_wall_max=0.008988 trans_agg_thpt=5562972 w_avg_ns=12543 w_p50_ns=13465 w_p99_ns=35615 r_avg_ns=6519 r_p50_ns=6834 r_p99_ns=22617 # workloada_optA_t16_cacheoff_rep4
