[A:thread] Worker pinned host=1 client=1 -> cpu=1 (pid=214772)
[A:thread] Worker pinned host=1 client=2 -> cpu=2 (pid=214773)
[A:thread] Worker pinned host=1 client=3 -> cpu=3 (pid=214774)
[A:thread] Worker pinned host=1 client=4 -> cpu=4 (pid=214775)
[A:thread] Worker pinned host=1 client=5 -> cpu=5 (pid=214776)
[A:thread] Worker pinned host=1 client=6 -> cpu=6 (pid=214777)
[A:thread] Worker pinned host=1 client=7 -> cpu=7 (pid=214778)
[A:thread] Worker pinned host=1 client=8 -> cpu=8 (pid=214779)
[A:thread] Worker pinned host=1 client=9 -> cpu=9 (pid=214780)
[A:thread] Worker pinned host=1 client=10 -> cpu=10 (pid=214781)
[A:thread] Worker pinned host=1 client=11 -> cpu=11 (pid=214782)
[A:thread] Worker pinned host=1 client=12 -> cpu=12 (pid=214783)
[A:thread] Worker pinned host=1 client=13 -> cpu=13 (pid=214784)
[A:thread] Worker pinned host=1 client=14 -> cpu=14 (pid=214785)
[A:thread] Worker pinned host=1 client=0 -> cpu=0 (pid=214771)
[A:thread] Worker pinned host=1 client=15 -> cpu=15 (pid=214786)
[A:thread] WriteReceiver pid=214771 tid=139797254371008 pinned cpu=65 (host_id=1)
[A:thread] ReadReceiver pid=214771 tid=139797245978304 pinned cpu=67 (host_id=1)
[A:thread] InvalReceiver pid=214771 tid=139797237585600 pinned cpu=69 (host_id=1)
[A:thread] WriteSender pid=214771 tid=139797229192896 pinned cpu=64 (host_id=1)
[A:sender] kind=0 policy=P0 K=16 T_us=100 host_id=1
[A:thread] ReadSender pid=214771 tid=139797220800192 pinned cpu=66 (host_id=1)
[A:sender] kind=1 policy=P0 K=16 T_us=100 host_id=1
[A:thread] InvalSender pid=214771 tid=139797212407488 pinned cpu=68 (host_id=1)
[A:sender] kind=2 policy=P0 K=16 T_us=100 host_id=1
[A:tls] worker host=1 client=1 entries=1024 (~1088 KiB)
[A:tls] worker host=1 client=2 entries=1024 (~1088 KiB)
[A:tls] worker host=1 client=3 entries=1024 (~1088 KiB)
[A:tls] worker host=1 client=4 entries=1024 (~1088 KiB)
[A:tls] worker host=1 client=5 entries=1024 (~1088 KiB)
[A:tls] worker host=1 client=6 entries=1024 (~1088 KiB)
[A:tls] worker host=1 client=7 entries=1024 (~1088 KiB)
[A:tls] worker host=1 client=9 entries=1024 (~1088 KiB)
[A:tls] worker host=1 client=8 entries=1024 (~1088 KiB)
[A:tls] worker host=1 client=11 entries=1024 (~1088 KiB)
[A:tls] worker host=1 client=10 entries=1024 (~1088 KiB)
[A:tls] worker host=1 client=12 entries=1024 (~1088 KiB)
[A:tls] worker host=1 client=14 entries=1024 (~1088 KiB)
[A:tls] worker host=1 client=0 entries=1024 (~1088 KiB)
[A:tls] worker host=1 client=13 entries=1024 (~1088 KiB)
[A:tls] worker host=1 client=15 entries=1024 (~1088 KiB)
