[A:thread] Worker pinned host=1 client=1 -> cpu=1 (pid=211814)
[A:thread] Worker pinned host=1 client=2 -> cpu=2 (pid=211815)
[A:thread] Worker pinned host=1 client=3 -> cpu=3 (pid=211816)
[A:thread] Worker pinned host=1 client=4 -> cpu=4 (pid=211817)
[A:thread] Worker pinned host=1 client=5 -> cpu=5 (pid=211818)
[A:thread] Worker pinned host=1 client=6 -> cpu=6 (pid=211819)
[A:thread] Worker pinned host=1 client=7 -> cpu=7 (pid=211820)
[A:thread] Worker pinned host=1 client=8 -> cpu=8 (pid=211821)
[A:thread] Worker pinned host=1 client=9 -> cpu=9 (pid=211822)
[A:thread] Worker pinned host=1 client=10 -> cpu=10 (pid=211823)
[A:thread] Worker pinned host=1 client=11 -> cpu=11 (pid=211824)
[A:thread] Worker pinned host=1 client=12 -> cpu=12 (pid=211825)
[A:thread] Worker pinned host=1 client=13 -> cpu=13 (pid=211826)
[A:thread] Worker pinned host=1 client=14 -> cpu=14 (pid=211827)
[A:thread] Worker pinned host=1 client=15 -> cpu=15 (pid=211828)
[A:thread] Worker pinned host=1 client=16 -> cpu=16 (pid=211829)
[A:thread] Worker pinned host=1 client=17 -> cpu=17 (pid=211830)
[A:thread] Worker pinned host=1 client=18 -> cpu=18 (pid=211831)
[A:thread] Worker pinned host=1 client=19 -> cpu=19 (pid=211832)
[A:thread] Worker pinned host=1 client=20 -> cpu=20 (pid=211833)
[A:thread] Worker pinned host=1 client=21 -> cpu=21 (pid=211834)
[A:thread] Worker pinned host=1 client=22 -> cpu=22 (pid=211835)
[A:thread] Worker pinned host=1 client=23 -> cpu=23 (pid=211836)
[A:thread] Worker pinned host=1 client=24 -> cpu=24 (pid=211837)
[A:thread] Worker pinned host=1 client=25 -> cpu=25 (pid=211838)
[A:thread] Worker pinned host=1 client=26 -> cpu=26 (pid=211839)
[A:thread] Worker pinned host=1 client=27 -> cpu=27 (pid=211840)
[A:thread] Worker pinned host=1 client=28 -> cpu=28 (pid=211841)
[A:thread] Worker pinned host=1 client=29 -> cpu=29 (pid=211842)
[A:thread] Worker pinned host=1 client=30 -> cpu=30 (pid=211843)
[A:thread] Worker pinned host=1 client=31 -> cpu=31 (pid=211844)
[A:thread] Worker pinned host=1 client=32 -> cpu=32 (pid=211845)
[A:thread] Worker pinned host=1 client=33 -> cpu=33 (pid=211846)
[A:thread] Worker pinned host=1 client=34 -> cpu=34 (pid=211847)
[A:thread] Worker pinned host=1 client=35 -> cpu=35 (pid=211848)
[A:thread] Worker pinned host=1 client=36 -> cpu=36 (pid=211849)
[A:thread] Worker pinned host=1 client=37 -> cpu=37 (pid=211850)
[A:thread] Worker pinned host=1 client=38 -> cpu=38 (pid=211851)
[A:thread] Worker pinned host=1 client=39 -> cpu=39 (pid=211852)
[A:thread] Worker pinned host=1 client=40 -> cpu=40 (pid=211853)
[A:thread] Worker pinned host=1 client=41 -> cpu=41 (pid=211854)
[A:thread] Worker pinned host=1 client=42 -> cpu=42 (pid=211855)
[A:thread] Worker pinned host=1 client=43 -> cpu=43 (pid=211856)
[A:thread] Worker pinned host=1 client=44 -> cpu=44 (pid=211857)
[A:thread] Worker pinned host=1 client=45 -> cpu=45 (pid=211858)
[A:thread] Worker pinned host=1 client=46 -> cpu=46 (pid=211859)
[A:thread] Worker pinned host=1 client=47 -> cpu=47 (pid=211860)
[A:thread] Worker pinned host=1 client=48 -> cpu=48 (pid=211861)
[A:thread] Worker pinned host=1 client=50 -> cpu=50 (pid=211863)
[A:thread] Worker pinned host=1 client=49 -> cpu=49 (pid=211862)
[A:thread] Worker pinned host=1 client=51 -> cpu=51 (pid=211864)
[A:thread] Worker pinned host=1 client=52 -> cpu=52 (pid=211865)
[A:thread] Worker pinned host=1 client=53 -> cpu=53 (pid=211866)
[A:thread] Worker pinned host=1 client=54 -> cpu=54 (pid=211867)
[A:thread] Worker pinned host=1 client=55 -> cpu=55 (pid=211868)
[A:thread] Worker pinned host=1 client=56 -> cpu=56 (pid=211869)
[A:thread] Worker pinned host=1 client=57 -> cpu=57 (pid=211870)
[A:thread] Worker pinned host=1 client=58 -> cpu=58 (pid=211871)
[A:thread] Worker pinned host=1 client=59 -> cpu=59 (pid=211872)
[A:thread] Worker pinned host=1 client=60 -> cpu=60 (pid=211873)
[A:thread] Worker pinned host=1 client=61 -> cpu=61 (pid=211874)
[A:thread] Worker pinned host=1 client=0 -> cpu=0 (pid=211796)
[A:thread] Worker pinned host=1 client=62 -> cpu=62 (pid=211875)
[A:thread] Worker pinned host=1 client=63 -> cpu=63 (pid=211876)
[A:thread] WriteReceiver pid=211796 tid=140306092979904 pinned cpu=65 (host_id=1)
[A:tls] worker host=1 client=45 entries=1024 (~1088 KiB)
[A:tls] worker host=1 client=50 entries=1024 (~1088 KiB)
[A:tls] worker host=1 client=53 entries=1024 (~1088 KiB)
[A:tls] worker host=1 client=57 entries=1024 (~1088 KiB)
[A:tls] worker host=1 client=54 entries=1024 (~1088 KiB)
[A:tls] worker host=1 client=46 entries=1024 (~1088 KiB)
[A:tls] worker host=1 client=52 entries=1024 (~1088 KiB)
[A:tls] worker host=1 client=59 entries=1024 (~1088 KiB)
[A:tls] worker host=1 client=56 entries=1024 (~1088 KiB)
[A:tls] worker host=1 client=58 entries=1024 (~1088 KiB)
[A:thread] ReadSender pid=211796 tid=140306059409088 pinned cpu=66 (host_id=1)
[A:sender] kind=1 policy=P0 K=16 T_us=100 host_id=1
[A:tls] worker host=1 client=49 entries=1024 (~1088 KiB)
[A:tls] worker host=1 client=60 entries=1024 (~1088 KiB)
[A:tls] worker host=1 client=10 entries=1024 (~1088 KiB)
[A:tls] worker host=1 client=55 entries=1024 (~1088 KiB)
[A:tls] worker host=1 client=43 entries=1024 (~1088 KiB)
[A:thread] ReadReceiver pid=211796 tid=140306084587200 pinned cpu=67 (host_id=1)
[A:tls] worker host=1 client=30 entries=1024 (~1088 KiB)
[A:tls] worker host=1 client=17 entries=1024 (~1088 KiB)
[A:tls] worker host=1 client=62 entries=1024 (~1088 KiB)
[A:thread] InvalReceiver pid=211796 tid=140306076194496 pinned cpu=69 (host_id=1)
[A:tls] worker host=1 client=22 entries=1024 (~1088 KiB)
[A:tls] worker host=1 client=24 entries=1024 (~1088 KiB)
[A:tls] worker host=1 client=8 entries=1024 (~1088 KiB)
[A:tls] worker host=1 client=14 entries=1024 (~1088 KiB)
[A:tls] worker host=1 client=28 entries=1024 (~1088 KiB)
[A:thread] WriteSender pid=211796 tid=140306067801792 pinned cpu=64 (host_id=1)
[A:tls] worker host=1 client=6 entries=1024 (~1088 KiB)
[A:sender] kind=0 policy=P0 K=16 T_us=100 host_id=1
[A:tls] worker host=1 client=11 entries=1024 (~1088 KiB)
[A:tls] worker host=1 client=41 entries=1024 (~1088 KiB)
[A:tls] worker host=1 client=21 entries=1024 (~1088 KiB)
[A:tls] worker host=1 client=20 entries=1024 (~1088 KiB)
[A:thread] InvalSender pid=211796 tid=140306051016384 pinned cpu=68 (host_id=1)
[A:tls] worker host=1 client=18 entries=1024 (~1088 KiB)
[A:tls] worker host=1 client=31 entries=1024 (~1088 KiB)
[A:tls] worker host=1 client=2 entries=1024 (~1088 KiB)
[A:sender] kind=2 policy=P0 K=16 T_us=100 host_id=1
[A:tls] worker host=1 client=7 entries=1024 (~1088 KiB)
[A:tls] worker host=1 client=25 entries=1024 (~1088 KiB)
[A:tls] worker host=1 client=12 entries=1024 (~1088 KiB)
[A:tls] worker host=1 client=27 entries=1024 (~1088 KiB)
[A:tls] worker host=1 client=40 entries=1024 (~1088 KiB)
[A:tls] worker host=1 client=19 entries=1024 (~1088 KiB)
[A:tls] worker host=1 client=0 entries=1024 (~1088 KiB)
[A:tls] worker host=1 client=3 entries=1024 (~1088 KiB)
[A:tls] worker host=1 client=42 entries=1024 (~1088 KiB)
[A:tls] worker host=1 client=5 entries=1024 (~1088 KiB)
[A:tls] worker host=1 client=61 entries=1024 (~1088 KiB)
[A:tls] worker host=1 client=4 entries=1024 (~1088 KiB)
[A:tls] worker host=1 client=23 entries=1024 (~1088 KiB)
[A:tls] worker host=1 client=47 entries=1024 (~1088 KiB)
[A:tls] worker host=1 client=9 entries=1024 (~1088 KiB)
[A:tls] worker host=1 client=51 entries=1024 (~1088 KiB)
[A:tls] worker host=1 client=1 entries=1024 (~1088 KiB)
[A:tls] worker host=1 client=32 entries=1024 (~1088 KiB)
[A:tls] worker host=1 client=48 entries=1024 (~1088 KiB)
[A:tls] worker host=1 client=44 entries=1024 (~1088 KiB)
[A:tls] worker host=1 client=29 entries=1024 (~1088 KiB)
[A:tls] worker host=1 client=63 entries=1024 (~1088 KiB)
[A:tls] worker host=1 client=38 entries=1024 (~1088 KiB)
[A:tls] worker host=1 client=35 entries=1024 (~1088 KiB)
[A:tls] worker host=1 client=37 entries=1024 (~1088 KiB)
[A:tls] worker host=1 client=33 entries=1024 (~1088 KiB)
[A:tls] worker host=1 client=39 entries=1024 (~1088 KiB)
[A:tls] worker host=1 client=34 entries=1024 (~1088 KiB)
[A:tls] worker host=1 client=16 entries=1024 (~1088 KiB)
[A:tls] worker host=1 client=13 entries=1024 (~1088 KiB)
[A:tls] worker host=1 client=36 entries=1024 (~1088 KiB)
[A:tls] worker host=1 client=15 entries=1024 (~1088 KiB)
[A:tls] worker host=1 client=26 entries=1024 (~1088 KiB)
