[A:thread] Worker pinned host=1 client=1 -> cpu=1 (pid=216949)
[A:thread] Worker pinned host=1 client=2 -> cpu=2 (pid=216950)
[A:thread] Worker pinned host=1 client=3 -> cpu=3 (pid=216951)
[A:thread] Worker pinned host=1 client=4 -> cpu=4 (pid=216952)
[A:thread] Worker pinned host=1 client=5 -> cpu=5 (pid=216953)
[A:thread] Worker pinned host=1 client=6 -> cpu=6 (pid=216954)
[A:thread] Worker pinned host=1 client=7 -> cpu=7 (pid=216955)
[A:thread] Worker pinned host=1 client=8 -> cpu=8 (pid=216956)
[A:thread] Worker pinned host=1 client=9 -> cpu=9 (pid=216957)
[A:thread] Worker pinned host=1 client=10 -> cpu=10 (pid=216958)
[A:thread] Worker pinned host=1 client=11 -> cpu=11 (pid=216959)
[A:thread] Worker pinned host=1 client=12 -> cpu=12 (pid=216960)
[A:thread] Worker pinned host=1 client=13 -> cpu=13 (pid=216961)
[A:thread] Worker pinned host=1 client=0 -> cpu=0 (pid=216948)
[A:thread] Worker pinned host=1 client=14 -> cpu=14 (pid=216962)
[A:thread] Worker pinned host=1 client=15 -> cpu=15 (pid=216963)
[A:thread] WriteReceiver pid=216948 tid=140280750667456 pinned cpu=65 (host_id=1)
[A:thread] ReadReceiver pid=216948 tid=140280742274752 pinned cpu=67 (host_id=1)
[A:thread] InvalReceiver pid=216948 tid=140280733882048 pinned cpu=69 (host_id=1)
[A:thread] WriteSender pid=216948 tid=140280725489344 pinned cpu=64 (host_id=1)
[A:sender] kind=0 policy=P0 K=16 T_us=100 host_id=1
[A:tls] worker host=1 client=1 entries=1024 (~1088 KiB)
[A:tls] worker host=1 client=3 entries=1024 (~1088 KiB)
[A:tls] worker host=1 client=2 entries=1024 (~1088 KiB)
[A:thread] ReadSender pid=216948 tid=140280717096640 pinned cpu=66 (host_id=1)
[A:sender] kind=1 policy=P0 K=16 T_us=100 host_id=1
[A:tls] worker host=1 client=4 entries=1024 (~1088 KiB)
[A:thread] InvalSender pid=216948 tid=140280708703936 pinned cpu=68 (host_id=1)
[A:sender] kind=2 policy=P0 K=16 T_us=100 host_id=1
[A:tls] worker host=1 client=5 entries=1024 (~1088 KiB)
[A:tls] worker host=1 client=6 entries=1024 (~1088 KiB)
[A:tls] worker host=1 client=7 entries=1024 (~1088 KiB)
[A:tls] worker host=1 client=8 entries=1024 (~1088 KiB)
[A:tls] worker host=1 client=9 entries=1024 (~1088 KiB)
[A:tls] worker host=1 client=10 entries=1024 (~1088 KiB)
[A:tls] worker host=1 client=14 entries=1024 (~1088 KiB)
[A:tls] worker host=1 client=12 entries=1024 (~1088 KiB)
[A:tls] worker host=1 client=13 entries=1024 (~1088 KiB)
[A:tls] worker host=1 client=0 entries=1024 (~1088 KiB)
[A:tls] worker host=1 client=15 entries=1024 (~1088 KiB)
[A:tls] worker host=1 client=11 entries=1024 (~1088 KiB)
