[A:thread] Worker pinned host=1 client=1 -> cpu=1 (pid=212551)
[A:thread] Worker pinned host=1 client=2 -> cpu=2 (pid=212552)
[A:thread] Worker pinned host=1 client=3 -> cpu=3 (pid=212553)
[A:thread] Worker pinned host=1 client=4 -> cpu=4 (pid=212554)
[A:thread] Worker pinned host=1 client=0 -> cpu=0 (pid=212550)
[A:thread] Worker pinned host=1 client=5 -> cpu=5 (pid=212555)
[A:thread] Worker pinned host=1 client=6 -> cpu=6 (pid=212556)
[A:thread] Worker pinned host=1 client=7 -> cpu=7 (pid=212557)
[A:thread] WriteReceiver pid=212550 tid=140584988702400 pinned cpu=65 (host_id=1)
[A:tls] worker host=1 client=2 entries=1024 (~1088 KiB)
[A:tls] worker host=1 client=7 entries=1024 (~1088 KiB)
[A:tls] worker host=1 client=1 entries=1024 (~1088 KiB)
[A:tls] worker host=1 client=0 entries=1024 (~1088 KiB)
[A:tls] worker host=1 client=5 entries=1024 (~1088 KiB)
[A:tls] worker host=1 client=6 entries=1024 (~1088 KiB)
[A:tls] worker host=1 client=4 entries=1024 (~1088 KiB)
[A:tls] worker host=1 client=3 entries=1024 (~1088 KiB)
[A:thread] ReadReceiver pid=212550 tid=140584980309696 pinned cpu=67 (host_id=1)
[A:thread] InvalReceiver pid=212550 tid=140584971916992 pinned cpu=69 (host_id=1)
[A:thread] ReadSender pid=212550 tid=140584955131584 pinned cpu=66 (host_id=1)
[A:sender] kind=1 policy=P0 K=16 T_us=100 host_id=1
[A:thread] WriteSender pid=212550 tid=140584963524288 pinned cpu=64 (host_id=1)
[A:sender] kind=0 policy=P0 K=16 T_us=100 host_id=1
[A:thread] InvalSender pid=212550 tid=140584946738880 pinned cpu=68 (host_id=1)
[A:sender] kind=2 policy=P0 K=16 T_us=100 host_id=1
