[A:thread] Worker pinned host=0 client=1 -> cpu=1 (pid=210062)
[A:thread] Worker pinned host=0 client=2 -> cpu=2 (pid=210063)
[A:thread] Worker pinned host=0 client=3 -> cpu=3 (pid=210064)
[A:thread] Worker pinned host=0 client=4 -> cpu=4 (pid=210065)
[A:thread] Worker pinned host=0 client=5 -> cpu=5 (pid=210066)
[A:thread] Worker pinned host=0 client=6 -> cpu=6 (pid=210067)
[A:thread] Worker pinned host=0 client=7 -> cpu=7 (pid=210068)
[A:thread] Worker pinned host=0 client=8 -> cpu=8 (pid=210069)
[A:thread] Worker pinned host=0 client=9 -> cpu=9 (pid=210070)
[A:thread] Worker pinned host=0 client=10 -> cpu=10 (pid=210071)
[A:thread] Worker pinned host=0 client=11 -> cpu=11 (pid=210072)
[A:thread] Worker pinned host=0 client=12 -> cpu=12 (pid=210073)
[A:thread] Worker pinned host=0 client=13 -> cpu=13 (pid=210074)
[A:thread] Worker pinned host=0 client=0 -> cpu=0 (pid=210039)
[A:thread] Worker pinned host=0 client=14 -> cpu=14 (pid=210075)
[A:thread] Worker pinned host=0 client=15 -> cpu=15 (pid=210076)
[A:thread] WriteReceiver pid=210039 tid=140149308315328 pinned cpu=65 (host_id=0)
[A:tls] worker host=0 client=1 entries=1024 (~1088 KiB)
[A:thread] ReadReceiver pid=210039 tid=140149163816640 pinned cpu=67 (host_id=0)
[A:thread] InvalReceiver pid=210039 tid=140149299922624 pinned cpu=69 (host_id=0)
[A:tls] worker host=0 client=2 entries=1024 (~1088 KiB)
[A:thread] WriteSender pid=210039 tid=140149291529920 pinned cpu=64 (host_id=0)
[A:sender] kind=0 policy=P0 K=16 T_us=100 host_id=0
[A:thread] ReadSender pid=210039 tid=140149212051136 pinned cpu=66 (host_id=0)
[A:sender] kind=1 policy=P0 K=16 T_us=100 host_id=0
[A:tls] worker host=0 client=3 entries=1024 (~1088 KiB)
[A:thread] InvalSender pid=210039 tid=140149203658432 pinned cpu=68 (host_id=0)
[A:sender] kind=2 policy=P0 K=16 T_us=100 host_id=0
[A:tls] worker host=0 client=4 entries=1024 (~1088 KiB)
[A:tls] worker host=0 client=8 entries=1024 (~1088 KiB)
[A:tls] worker host=0 client=5 entries=1024 (~1088 KiB)
[A:tls] worker host=0 client=9 entries=1024 (~1088 KiB)
[A:tls] worker host=0 client=6 entries=1024 (~1088 KiB)
[A:tls] worker host=0 client=14 entries=1024 (~1088 KiB)
[A:tls] worker host=0 client=12 entries=1024 (~1088 KiB)
[A:tls] worker host=0 client=15 entries=1024 (~1088 KiB)
[A:tls] worker host=0 client=13 entries=1024 (~1088 KiB)
[A:tls] worker host=0 client=7 entries=1024 (~1088 KiB)
[A:tls] worker host=0 client=10 entries=1024 (~1088 KiB)
[A:tls] worker host=0 client=11 entries=1024 (~1088 KiB)
[A:tls] worker host=0 client=0 entries=1024 (~1088 KiB)
YCSB opt=A cache=0 num_hosts=2 threads=16 threads_eff=16 rep=1 load_ops=50000 load_thpt=172651 trans_ops=50000 trans_wall_max=0.010549 trans_agg_thpt=4739336 w_avg_ns=14579 w_p50_ns=17108 w_p99_ns=32963 r_avg_ns=7613 r_p50_ns=9299 r_p99_ns=24059 # workloada_optA_t16_cacheoff_rep1
