[A:thread] Worker pinned host=0 client=1 -> cpu=1 (pid=210148)
[A:thread] Worker pinned host=0 client=2 -> cpu=2 (pid=210149)
[A:thread] Worker pinned host=0 client=3 -> cpu=3 (pid=210150)
[A:thread] Worker pinned host=0 client=4 -> cpu=4 (pid=210151)
[A:thread] Worker pinned host=0 client=5 -> cpu=5 (pid=210152)
[A:thread] Worker pinned host=0 client=6 -> cpu=6 (pid=210153)
[A:thread] Worker pinned host=0 client=7 -> cpu=7 (pid=210154)
[A:thread] Worker pinned host=0 client=8 -> cpu=8 (pid=210155)
[A:thread] Worker pinned host=0 client=9 -> cpu=9 (pid=210156)
[A:thread] Worker pinned host=0 client=10 -> cpu=10 (pid=210157)
[A:thread] Worker pinned host=0 client=11 -> cpu=11 (pid=210158)
[A:thread] Worker pinned host=0 client=12 -> cpu=12 (pid=210159)
[A:thread] Worker pinned host=0 client=0 -> cpu=0 (pid=210147)
[A:thread] Worker pinned host=0 client=13 -> cpu=13 (pid=210160)
[A:thread] Worker pinned host=0 client=14 -> cpu=14 (pid=210161)
[A:thread] Worker pinned host=0 client=15 -> cpu=15 (pid=210162)
[A:thread] WriteReceiver pid=210147 tid=140534872164032 pinned cpu=65 (host_id=0)
[A:tls] worker host=0 client=0 entries=1024 (~1088 KiB)
[A:thread] ReadReceiver pid=210147 tid=140534752474816 pinned cpu=67 (host_id=0)
[A:thread] InvalReceiver pid=210147 tid=140534863771328 pinned cpu=69 (host_id=0)
[A:thread] WriteSender pid=210147 tid=140534855378624 pinned cpu=64 (host_id=0)
[A:sender] kind=0 policy=P0 K=16 T_us=100 host_id=0
[A:thread] ReadSender pid=210147 tid=140534846985920 pinned cpu=66 (host_id=0)
[A:sender] kind=1 policy=P0 K=16 T_us=100 host_id=0
[A:thread] InvalSender pid=210147 tid=140534838593216 pinned cpu=68 (host_id=0)
[A:sender] kind=2 policy=P0 K=16 T_us=100 host_id=0
[A:tls] worker host=0 client=13 entries=1024 (~1088 KiB)
[A:tls] worker host=0 client=14 entries=1024 (~1088 KiB)
[A:tls] worker host=0 client=10 entries=1024 (~1088 KiB)
[A:tls] worker host=0 client=4 entries=1024 (~1088 KiB)
[A:tls] worker host=0 client=5 entries=1024 (~1088 KiB)
[A:tls] worker host=0 client=8 entries=1024 (~1088 KiB)
[A:tls] worker host=0 client=9 entries=1024 (~1088 KiB)
[A:tls] worker host=0 client=2 entries=1024 (~1088 KiB)
[A:tls] worker host=0 client=7 entries=1024 (~1088 KiB)
[A:tls] worker host=0 client=15 entries=1024 (~1088 KiB)
[A:tls] worker host=0 client=11 entries=1024 (~1088 KiB)
[A:tls] worker host=0 client=3 entries=1024 (~1088 KiB)
[A:tls] worker host=0 client=6 entries=1024 (~1088 KiB)
[A:tls] worker host=0 client=1 entries=1024 (~1088 KiB)
[A:tls] worker host=0 client=12 entries=1024 (~1088 KiB)
YCSB opt=A cache=0 num_hosts=2 threads=16 threads_eff=16 rep=3 load_ops=50000 load_thpt=209505 trans_ops=50000 trans_wall_max=0.008217 trans_agg_thpt=6084945 w_avg_ns=11192 w_p50_ns=13447 w_p99_ns=23220 r_avg_ns=5883 r_p50_ns=6878 r_p99_ns=19416 # workloada_optA_t16_cacheoff_rep3
