[A:thread] Worker pinned host=1 client=1 -> cpu=1 (pid=216797)
[A:thread] Worker pinned host=1 client=2 -> cpu=2 (pid=216798)
[A:thread] Worker pinned host=1 client=3 -> cpu=3 (pid=216799)
[A:thread] Worker pinned host=1 client=5 -> cpu=5 (pid=216801)
[A:thread] Worker pinned host=1 client=4 -> cpu=4 (pid=216800)
[A:thread] Worker pinned host=1 client=6 -> cpu=6 (pid=216802)
[A:thread] Worker pinned host=1 client=7 -> cpu=7 (pid=216803)
[A:thread] Worker pinned host=1 client=8 -> cpu=8 (pid=216804)
[A:thread] Worker pinned host=1 client=9 -> cpu=9 (pid=216805)
[A:thread] Worker pinned host=1 client=10 -> cpu=10 (pid=216806)
[A:thread] Worker pinned host=1 client=11 -> cpu=11 (pid=216807)
[A:thread] Worker pinned host=1 client=13 -> cpu=13 (pid=216809)
[A:thread] Worker pinned host=1 client=14 -> cpu=14 (pid=216810)
[A:thread] Worker pinned host=1 client=0 -> cpu=0 (pid=216796)
[A:thread] Worker pinned host=1 client=12 -> cpu=12 (pid=216808)
[A:thread] Worker pinned host=1 client=15 -> cpu=15 (pid=216811)
[A:thread] WriteReceiver pid=216796 tid=140408834225856 pinned cpu=65 (host_id=1)
[A:thread] ReadReceiver pid=216796 tid=140408825833152 pinned cpu=67 (host_id=1)
[A:thread] InvalReceiver pid=216796 tid=140408817440448 pinned cpu=69 (host_id=1)
[A:thread] WriteSender pid=216796 tid=140408809047744 pinned cpu=64 (host_id=1)
[A:sender] kind=0 policy=P0 K=16 T_us=100 host_id=1
[A:thread] ReadSender pid=216796 tid=140408800655040 pinned cpu=66 (host_id=1)
[A:sender] kind=1 policy=P0 K=16 T_us=100 host_id=1
[A:thread] InvalSender pid=216796 tid=140408792262336 pinned cpu=68 (host_id=1)
[A:sender] kind=2 policy=P0 K=16 T_us=100 host_id=1
[A:tls] worker host=1 client=12 entries=1024 (~1088 KiB)
[A:tls] worker host=1 client=1 entries=1024 (~1088 KiB)
[A:tls] worker host=1 client=2 entries=1024 (~1088 KiB)
[A:tls] worker host=1 client=3 entries=1024 (~1088 KiB)
[A:tls] worker host=1 client=0 entries=1024 (~1088 KiB)
[A:tls] worker host=1 client=4 entries=1024 (~1088 KiB)
[A:tls] worker host=1 client=5 entries=1024 (~1088 KiB)
[A:tls] worker host=1 client=7 entries=1024 (~1088 KiB)
[A:tls] worker host=1 client=6 entries=1024 (~1088 KiB)
[A:tls] worker host=1 client=13 entries=1024 (~1088 KiB)
[A:tls] worker host=1 client=9 entries=1024 (~1088 KiB)
[A:tls] worker host=1 client=10 entries=1024 (~1088 KiB)
[A:tls] worker host=1 client=11 entries=1024 (~1088 KiB)
[A:tls] worker host=1 client=15 entries=1024 (~1088 KiB)
[A:tls] worker host=1 client=14 entries=1024 (~1088 KiB)
[A:tls] worker host=1 client=8 entries=1024 (~1088 KiB)
