[A:thread] Worker pinned host=1 client=1 -> cpu=1 (pid=210239)
[A:thread] Worker pinned host=1 client=2 -> cpu=2 (pid=210240)
[A:thread] Worker pinned host=1 client=3 -> cpu=3 (pid=210241)
[A:thread] Worker pinned host=1 client=4 -> cpu=4 (pid=210242)
[A:thread] Worker pinned host=1 client=5 -> cpu=5 (pid=210243)
[A:thread] Worker pinned host=1 client=6 -> cpu=6 (pid=210244)
[A:thread] Worker pinned host=1 client=7 -> cpu=7 (pid=210245)
[A:thread] Worker pinned host=1 client=8 -> cpu=8 (pid=210246)
[A:thread] Worker pinned host=1 client=9 -> cpu=9 (pid=210247)
[A:thread] Worker pinned host=1 client=10 -> cpu=10 (pid=210248)
[A:thread] Worker pinned host=1 client=11 -> cpu=11 (pid=210249)
[A:thread] Worker pinned host=1 client=12 -> cpu=12 (pid=210250)
[A:thread] Worker pinned host=1 client=13 -> cpu=13 (pid=210251)
[A:thread] Worker pinned host=1 client=0 -> cpu=0 (pid=210218)
[A:thread] Worker pinned host=1 client=14 -> cpu=14 (pid=210252)
[A:thread] Worker pinned host=1 client=15 -> cpu=15 (pid=210253)
[A:thread] WriteReceiver pid=210218 tid=140501813556928 pinned cpu=65 (host_id=1)
[A:thread] WriteSender pid=210218 tid=140501788378816 pinned cpu=64 (host_id=1)
[A:sender] kind=0 policy=P0 K=16 T_us=100 host_id=1
[A:thread] ReadSender pid=210218 tid=140501779986112 pinned cpu=66 (host_id=1)
[A:sender] kind=1 policy=P0 K=16 T_us=100 host_id=1
[A:thread] ReadReceiver pid=210218 tid=140501805164224 pinned cpu=67 (host_id=1)
[A:thread] InvalReceiver pid=210218 tid=140501796771520 pinned cpu=69 (host_id=1)
[A:tls] worker host=1 client=9 entries=1024 (~1088 KiB)
[A:tls] worker host=1 client=8 entries=1024 (~1088 KiB)
[A:tls] worker host=1 client=2 entries=1024 (~1088 KiB)
[A:thread] InvalSender pid=210218 tid=140501771593408 pinned cpu=68 (host_id=1)
[A:sender] kind=2 policy=P0 K=16 T_us=100 host_id=1
[A:tls] worker host=1 client=7 entries=1024 (~1088 KiB)
[A:tls] worker host=1 client=0 entries=1024 (~1088 KiB)
[A:tls] worker host=1 client=1 entries=1024 (~1088 KiB)
[A:tls] worker host=1 client=10 entries=1024 (~1088 KiB)
[A:tls] worker host=1 client=11 entries=1024 (~1088 KiB)
[A:tls] worker host=1 client=3 entries=1024 (~1088 KiB)
[A:tls] worker host=1 client=4 entries=1024 (~1088 KiB)
[A:tls] worker host=1 client=5 entries=1024 (~1088 KiB)
[A:tls] worker host=1 client=6 entries=1024 (~1088 KiB)
[A:tls] worker host=1 client=15 entries=1024 (~1088 KiB)
[A:tls] worker host=1 client=13 entries=1024 (~1088 KiB)
[A:tls] worker host=1 client=14 entries=1024 (~1088 KiB)
[A:tls] worker host=1 client=12 entries=1024 (~1088 KiB)
