[A:thread] Worker pinned host=1 client=1 -> cpu=1 (pid=221221)
[A:thread] Worker pinned host=1 client=2 -> cpu=2 (pid=221222)
[A:thread] Worker pinned host=1 client=3 -> cpu=3 (pid=221223)
[A:thread] Worker pinned host=1 client=4 -> cpu=4 (pid=221224)
[A:thread] Worker pinned host=1 client=5 -> cpu=5 (pid=221225)
[A:thread] Worker pinned host=1 client=6 -> cpu=6 (pid=221226)
[A:thread] Worker pinned host=1 client=7 -> cpu=7 (pid=221227)
[A:thread] Worker pinned host=1 client=8 -> cpu=8 (pid=221228)
[A:thread] Worker pinned host=1 client=9 -> cpu=9 (pid=221229)
[A:thread] Worker pinned host=1 client=10 -> cpu=10 (pid=221230)
[A:thread] Worker pinned host=1 client=11 -> cpu=11 (pid=221231)
[A:thread] Worker pinned host=1 client=12 -> cpu=12 (pid=221232)
[A:thread] Worker pinned host=1 client=13 -> cpu=13 (pid=221233)
[A:thread] Worker pinned host=1 client=0 -> cpu=0 (pid=221220)
[A:thread] Worker pinned host=1 client=14 -> cpu=14 (pid=221234)
[A:thread] Worker pinned host=1 client=15 -> cpu=15 (pid=221235)
[A:thread] WriteReceiver pid=221220 tid=140193157908160 pinned cpu=65 (host_id=1)
[A:tls] worker host=1 client=8 entries=1024 (~1088 KiB)
[A:tls] worker host=1 client=11 entries=1024 (~1088 KiB)
[A:tls] worker host=1 client=2 entries=1024 (~1088 KiB)
[A:tls] worker host=1 client=7 entries=1024 (~1088 KiB)
[A:tls] worker host=1 client=15 entries=1024 (~1088 KiB)
[A:tls] worker host=1 client=12 entries=1024 (~1088 KiB)
[A:tls] worker host=1 client=6 entries=1024 (~1088 KiB)
[A:tls] worker host=1 client=0 entries=1024 (~1088 KiB)
[A:tls] worker host=1 client=9 entries=1024 (~1088 KiB)
[A:tls] worker host=1 client=13 entries=1024 (~1088 KiB)
[A:tls] worker host=1 client=14 entries=1024 (~1088 KiB)
[A:tls] worker host=1 client=4 entries=1024 (~1088 KiB)
[A:tls] worker host=1 client=10 entries=1024 (~1088 KiB)
[A:tls] worker host=1 client=5 entries=1024 (~1088 KiB)
[A:tls] worker host=1 client=3 entries=1024 (~1088 KiB)
[A:tls] worker host=1 client=1 entries=1024 (~1088 KiB)
[A:thread] ReadReceiver pid=221220 tid=140193149515456 pinned cpu=67 (host_id=1)
[A:thread] WriteSender pid=221220 tid=140193132730048 pinned cpu=64 (host_id=1)
[A:sender] kind=0 policy=P0 K=16 T_us=100 host_id=1
[A:thread] InvalReceiver pid=221220 tid=140193141122752 pinned cpu=69 (host_id=1)
[A:thread] InvalSender pid=221220 tid=140193115944640 pinned cpu=68 (host_id=1)
[A:sender] kind=2 policy=P0 K=16 T_us=100 host_id=1
[A:thread] ReadSender pid=221220 tid=140193124337344 pinned cpu=66 (host_id=1)
[A:sender] kind=1 policy=P0 K=16 T_us=100 host_id=1
