[A:thread] Worker pinned host=0 client=1 -> cpu=1 (pid=217073)
[A:thread] Worker pinned host=0 client=2 -> cpu=2 (pid=217074)
[A:thread] Worker pinned host=0 client=3 -> cpu=3 (pid=217075)
[A:thread] Worker pinned host=0 client=4 -> cpu=4 (pid=217076)
[A:thread] Worker pinned host=0 client=5 -> cpu=5 (pid=217077)
[A:thread] Worker pinned host=0 client=6 -> cpu=6 (pid=217078)
[A:thread] Worker pinned host=0 client=7 -> cpu=7 (pid=217079)
[A:thread] Worker pinned host=0 client=8 -> cpu=8 (pid=217080)
[A:thread] Worker pinned host=0 client=9 -> cpu=9 (pid=217081)
[A:thread] Worker pinned host=0 client=10 -> cpu=10 (pid=217082)
[A:thread] Worker pinned host=0 client=11 -> cpu=11 (pid=217083)
[A:thread] Worker pinned host=0 client=12 -> cpu=12 (pid=217084)
[A:thread] Worker pinned host=0 client=13 -> cpu=13 (pid=217085)
[A:thread] Worker pinned host=0 client=0 -> cpu=0 (pid=217072)
[A:thread] Worker pinned host=0 client=14 -> cpu=14 (pid=217086)
[A:thread] Worker pinned host=0 client=15 -> cpu=15 (pid=217087)
[A:thread] WriteReceiver pid=217072 tid=139873922053824 pinned cpu=65 (host_id=0)
[A:tls] worker host=0 client=1 entries=1024 (~1088 KiB)
[A:tls] worker host=0 client=2 entries=1024 (~1088 KiB)
[A:thread] ReadReceiver pid=217072 tid=139873913661120 pinned cpu=67 (host_id=0)
[A:thread] InvalReceiver pid=217072 tid=139873905268416 pinned cpu=69 (host_id=0)
[A:thread] WriteSender pid=217072 tid=139873896875712 pinned cpu=64 (host_id=0)
[A:tls] worker host=0 client=6 entries=1024 (~1088 KiB)
[A:sender] kind=0 policy=P0 K=16 T_us=100 host_id=0
[A:thread] ReadSender pid=217072 tid=139873888483008 pinned cpu=66 (host_id=0)
[A:sender] kind=1 policy=P0 K=16 T_us=100 host_id=0
[A:tls] worker host=0 client=4 entries=1024 (~1088 KiB)
[A:tls] worker host=0 client=3 entries=1024 (~1088 KiB)
[A:tls] worker host=0 client=5 entries=1024 (~1088 KiB)
[A:thread] InvalSender pid=217072 tid=139873880090304 pinned cpu=68 (host_id=0)
[A:sender] kind=2 policy=P0 K=16 T_us=100 host_id=0
[A:tls] worker host=0 client=7 entries=1024 (~1088 KiB)
[A:tls] worker host=0 client=0 entries=1024 (~1088 KiB)
[A:tls] worker host=0 client=8 entries=1024 (~1088 KiB)
[A:tls] worker host=0 client=9 entries=1024 (~1088 KiB)
[A:tls] worker host=0 client=11 entries=1024 (~1088 KiB)
[A:tls] worker host=0 client=12 entries=1024 (~1088 KiB)
[A:tls] worker host=0 client=10 entries=1024 (~1088 KiB)
[A:tls] worker host=0 client=13 entries=1024 (~1088 KiB)
[A:tls] worker host=0 client=15 entries=1024 (~1088 KiB)
[A:tls] worker host=0 client=14 entries=1024 (~1088 KiB)
YCSB opt=A cache=0 num_hosts=2 threads=16 threads_eff=16 rep=2 load_ops=50000 load_thpt=208170 trans_ops=50000 trans_wall_max=4.292162 trans_agg_thpt=11649 w_avg_ns=11997 w_p50_ns=12148 w_p99_ns=23498 r_avg_ns=5261 r_p50_ns=7309 r_p99_ns=18319 # workloadf_optA_t16_cacheoff_rep2
