[A:thread] Worker pinned host=0 client=1 -> cpu=1 (pid=209722)
[A:thread] Worker pinned host=0 client=2 -> cpu=2 (pid=209723)
[A:thread] Worker pinned host=0 client=3 -> cpu=3 (pid=209724)
[A:thread] Worker pinned host=0 client=4 -> cpu=4 (pid=209725)
[A:thread] Worker pinned host=0 client=0 -> cpu=0 (pid=209721)
[A:thread] Worker pinned host=0 client=5 -> cpu=5 (pid=209726)
[A:thread] Worker pinned host=0 client=6 -> cpu=6 (pid=209727)
[A:thread] Worker pinned host=0 client=7 -> cpu=7 (pid=209728)
[A:thread] WriteReceiver pid=209721 tid=140181270165184 pinned cpu=65 (host_id=0)
[A:thread] ReadReceiver pid=209721 tid=140181261772480 pinned cpu=67 (host_id=0)
[A:thread] ReadSender pid=209721 tid=140181236594368 pinned cpu=66 (host_id=0)
[A:sender] kind=1 policy=P0 K=16 T_us=100 host_id=0
[A:thread] WriteSender pid=209721 tid=140181244987072 pinned cpu=64 (host_id=0)
[A:sender] kind=0 policy=P0 K=16 T_us=100 host_id=0
[A:thread] InvalReceiver pid=209721 tid=140181253379776 pinned cpu=69 (host_id=0)
[A:tls] worker host=0 client=1 entries=1024 (~1088 KiB)
[A:thread] InvalSender pid=209721 tid=140181228201664 pinned cpu=68 (host_id=0)
[A:sender] kind=2 policy=P0 K=16 T_us=100 host_id=0
[A:tls] worker host=0 client=2 entries=1024 (~1088 KiB)
[A:tls] worker host=0 client=3 entries=1024 (~1088 KiB)
[A:tls] worker host=0 client=4 entries=1024 (~1088 KiB)
[A:tls] worker host=0 client=6 entries=1024 (~1088 KiB)
[A:tls] worker host=0 client=5 entries=1024 (~1088 KiB)
[A:tls] worker host=0 client=0 entries=1024 (~1088 KiB)
[A:tls] worker host=0 client=7 entries=1024 (~1088 KiB)
YCSB opt=A cache=0 num_hosts=2 threads=8 threads_eff=8 rep=5 load_ops=50000 load_thpt=229547 trans_ops=50000 trans_wall_max=0.014746 trans_agg_thpt=3390750 w_avg_ns=9251 w_p50_ns=7240 w_p99_ns=19212 r_avg_ns=4034 r_p50_ns=6383 r_p99_ns=15927 # workloada_optA_t8_cacheoff_rep5
