[A:thread] Worker pinned host=0 client=1 -> cpu=1 (pid=207142)
[A:thread] Worker pinned host=0 client=2 -> cpu=2 (pid=207143)
[A:thread] Worker pinned host=0 client=3 -> cpu=3 (pid=207144)
[A:thread] Worker pinned host=0 client=4 -> cpu=4 (pid=207145)
[A:thread] Worker pinned host=0 client=5 -> cpu=5 (pid=207146)
[A:thread] Worker pinned host=0 client=6 -> cpu=6 (pid=207147)
[A:thread] Worker pinned host=0 client=7 -> cpu=7 (pid=207148)
[A:thread] Worker pinned host=0 client=8 -> cpu=8 (pid=207149)
[A:thread] Worker pinned host=0 client=9 -> cpu=9 (pid=207150)
[A:thread] Worker pinned host=0 client=10 -> cpu=10 (pid=207151)
[A:thread] Worker pinned host=0 client=11 -> cpu=11 (pid=207152)
[A:thread] Worker pinned host=0 client=12 -> cpu=12 (pid=207153)
[A:thread] Worker pinned host=0 client=13 -> cpu=13 (pid=207154)
[A:thread] Worker pinned host=0 client=0 -> cpu=0 (pid=207118)
[A:thread] Worker pinned host=0 client=14 -> cpu=14 (pid=207155)
[A:thread] Worker pinned host=0 client=15 -> cpu=15 (pid=207156)
[A:thread] WriteReceiver pid=207118 tid=140293436339904 pinned cpu=65 (host_id=0)
[A:thread] ReadReceiver pid=207118 tid=140293427947200 pinned cpu=67 (host_id=0)
[A:thread] InvalReceiver pid=207118 tid=140293419554496 pinned cpu=69 (host_id=0)
[A:thread] WriteSender pid=207118 tid=140293411161792 pinned cpu=64 (host_id=0)
[A:sender] kind=0 policy=P0 K=16 T_us=100 host_id=0
[A:tls] worker host=0 client=2 entries=1024 (~1088 KiB)
[A:tls] worker host=0 client=0 entries=1024 (~1088 KiB)
[A:tls] worker host=0 client=1 entries=1024 (~1088 KiB)
[A:tls] worker host=0 client=3 entries=1024 (~1088 KiB)
[A:tls] worker host=0 client=4 entries=1024 (~1088 KiB)
[A:tls] worker host=0 client=5 entries=1024 (~1088 KiB)
[A:tls] worker host=0 client=12 entries=1024 (~1088 KiB)
[A:tls] worker host=0 client=14 entries=1024 (~1088 KiB)
[A:tls] worker host=0 client=9 entries=1024 (~1088 KiB)
[A:tls] worker host=0 client=7 entries=1024 (~1088 KiB)
[A:tls] worker host=0 client=11 entries=1024 (~1088 KiB)
[A:tls] worker host=0 client=10 entries=1024 (~1088 KiB)
[A:tls] worker host=0 client=15 entries=1024 (~1088 KiB)
[A:tls] worker host=0 client=6 entries=1024 (~1088 KiB)
[A:tls] worker host=0 client=8 entries=1024 (~1088 KiB)
[A:tls] worker host=0 client=13 entries=1024 (~1088 KiB)
[A:thread] ReadSender pid=207118 tid=140293402769088 pinned cpu=66 (host_id=0)
[A:sender] kind=1 policy=P0 K=16 T_us=100 host_id=0
[A:thread] InvalSender pid=207118 tid=140293394376384 pinned cpu=68 (host_id=0)
[A:sender] kind=2 policy=P0 K=16 T_us=100 host_id=0
YCSB opt=A cache=1 num_hosts=2 threads=16 threads_eff=16 rep=1 load_ops=50000 load_thpt=193841 trans_ops=50000 trans_wall_max=0.008965 trans_agg_thpt=5577244 w_avg_ns=13234 w_p50_ns=13015 w_p99_ns=33947 r_avg_ns=6303 r_p50_ns=8529 r_p99_ns=31746 # workloada_optA_t16_cacheon_rep1
