[A:thread] Worker pinned host=0 client=1 -> cpu=1 (pid=211922)
[A:thread] Worker pinned host=0 client=2 -> cpu=2 (pid=211923)
[A:thread] Worker pinned host=0 client=3 -> cpu=3 (pid=211924)
[A:thread] Worker pinned host=0 client=4 -> cpu=4 (pid=211925)
[A:thread] Worker pinned host=0 client=5 -> cpu=5 (pid=211926)
[A:thread] Worker pinned host=0 client=6 -> cpu=6 (pid=211927)
[A:thread] Worker pinned host=0 client=7 -> cpu=7 (pid=211928)
[A:thread] Worker pinned host=0 client=8 -> cpu=8 (pid=211929)
[A:thread] Worker pinned host=0 client=9 -> cpu=9 (pid=211930)
[A:thread] Worker pinned host=0 client=10 -> cpu=10 (pid=211931)
[A:thread] Worker pinned host=0 client=11 -> cpu=11 (pid=211932)
[A:thread] Worker pinned host=0 client=12 -> cpu=12 (pid=211933)
[A:thread] Worker pinned host=0 client=0 -> cpu=0 (pid=211917)
[A:thread] Worker pinned host=0 client=13 -> cpu=13 (pid=211934)
[A:thread] Worker pinned host=0 client=14 -> cpu=14 (pid=211935)
[A:thread] Worker pinned host=0 client=15 -> cpu=15 (pid=211936)
[A:thread] WriteReceiver pid=211917 tid=140093485479616 pinned cpu=65 (host_id=0)
[A:thread] ReadReceiver pid=211917 tid=140093477086912 pinned cpu=67 (host_id=0)
[A:tls] worker host=0 client=2 entries=1024 (~1088 KiB)
[A:tls] worker host=0 client=9 entries=1024 (~1088 KiB)
[A:tls] worker host=0 client=15 entries=1024 (~1088 KiB)
[A:tls] worker host=0 client=0 entries=1024 (~1088 KiB)
[A:tls] worker host=0 client=1 entries=1024 (~1088 KiB)
[A:tls] worker host=0 client=7 entries=1024 (~1088 KiB)
[A:tls] worker host=0 client=8 entries=1024 (~1088 KiB)
[A:tls] worker host=0 client=13 entries=1024 (~1088 KiB)
[A:tls] worker host=0 client=3 entries=1024 (~1088 KiB)
[A:tls] worker host=0 client=14 entries=1024 (~1088 KiB)
[A:tls] worker host=0 client=6 entries=1024 (~1088 KiB)
[A:tls] worker host=0 client=4 entries=1024 (~1088 KiB)
[A:tls] worker host=0 client=11 entries=1024 (~1088 KiB)
[A:thread] InvalReceiver pid=211917 tid=140093468694208 pinned cpu=69 (host_id=0)
[A:tls] worker host=0 client=5 entries=1024 (~1088 KiB)
[A:tls] worker host=0 client=12 entries=1024 (~1088 KiB)
[A:tls] worker host=0 client=10 entries=1024 (~1088 KiB)
[A:thread] WriteSender pid=211917 tid=140093460301504 pinned cpu=64 (host_id=0)
[A:sender] kind=0 policy=P0 K=16 T_us=100 host_id=0
[A:thread] ReadSender pid=211917 tid=140093451908800 pinned cpu=66 (host_id=0)
[A:sender] kind=1 policy=P0 K=16 T_us=100 host_id=0
[A:thread] InvalSender pid=211917 tid=140093443516096 pinned cpu=68 (host_id=0)
[A:sender] kind=2 policy=P0 K=16 T_us=100 host_id=0
YCSB opt=A cache=0 num_hosts=2 threads=16 threads_eff=16 rep=5 load_ops=50000 load_thpt=232107 trans_ops=50000 trans_wall_max=0.008132 trans_agg_thpt=6147792 w_avg_ns=11435 w_p50_ns=6996 w_p99_ns=21703 r_avg_ns=4430 r_p50_ns=6463 r_p99_ns=20125 # workloadb_optA_t16_cacheoff_rep5
