[A:cfg] ring_sharding T=64 N=0 (disabled) -> shards=1 block=64 routing=worker_id
[A:thread] Worker pinned host=0 client=1 -> cpu=1 (pid=81246)
[A:thread] Worker pinned host=0 client=2 -> cpu=2 (pid=81247)
[A:thread] Worker pinned host=0 client=3 -> cpu=3 (pid=81248)
[A:thread] Worker pinned host=0 client=4 -> cpu=4 (pid=81249)
[A:thread] Worker pinned host=0 client=5 -> cpu=5 (pid=81250)
[A:thread] Worker pinned host=0 client=6 -> cpu=6 (pid=81251)
[A:thread] Worker pinned host=0 client=7 -> cpu=7 (pid=81252)
[A:thread] Worker pinned host=0 client=8 -> cpu=8 (pid=81253)
[A:thread] Worker pinned host=0 client=9 -> cpu=9 (pid=81254)
[A:thread] Worker pinned host=0 client=10 -> cpu=10 (pid=81255)
[A:thread] Worker pinned host=0 client=12 -> cpu=12 (pid=81257)
[A:thread] Worker pinned host=0 client=11 -> cpu=11 (pid=81256)
[A:thread] Worker pinned host=0 client=13 -> cpu=13 (pid=81258)
[A:thread] Worker pinned host=0 client=14 -> cpu=14 (pid=81259)
[A:thread] Worker pinned host=0 client=15 -> cpu=15 (pid=81260)
[A:thread] Worker pinned host=0 client=16 -> cpu=16 (pid=81261)
[A:thread] Worker pinned host=0 client=17 -> cpu=17 (pid=81262)
[A:thread] Worker pinned host=0 client=18 -> cpu=18 (pid=81263)
[A:thread] Worker pinned host=0 client=19 -> cpu=19 (pid=81264)
[A:thread] Worker pinned host=0 client=20 -> cpu=20 (pid=81265)
[A:thread] Worker pinned host=0 client=21 -> cpu=21 (pid=81266)
[A:thread] Worker pinned host=0 client=22 -> cpu=22 (pid=81267)
[A:thread] Worker pinned host=0 client=23 -> cpu=23 (pid=81268)
[A:thread] Worker pinned host=0 client=24 -> cpu=24 (pid=81269)
[A:thread] Worker pinned host=0 client=25 -> cpu=25 (pid=81270)
[A:thread] Worker pinned host=0 client=26 -> cpu=26 (pid=81271)
[A:thread] Worker pinned host=0 client=27 -> cpu=27 (pid=81272)
[A:thread] Worker pinned host=0 client=28 -> cpu=28 (pid=81273)
[A:thread] Worker pinned host=0 client=29 -> cpu=29 (pid=81274)
[A:thread] Worker pinned host=0 client=30 -> cpu=30 (pid=81275)
[A:thread] Worker pinned host=0 client=31 -> cpu=31 (pid=81276)
[A:thread] Worker pinned host=0 client=32 -> cpu=32 (pid=81277)
[A:thread] Worker pinned host=0 client=33 -> cpu=33 (pid=81278)
[A:thread] Worker pinned host=0 client=34 -> cpu=34 (pid=81279)
[A:thread] Worker pinned host=0 client=35 -> cpu=35 (pid=81280)
[A:thread] Worker pinned host=0 client=36 -> cpu=36 (pid=81281)
[A:thread] Worker pinned host=0 client=37 -> cpu=37 (pid=81282)
[A:thread] Worker pinned host=0 client=38 -> cpu=38 (pid=81283)
[A:thread] Worker pinned host=0 client=39 -> cpu=39 (pid=81284)
[A:thread] Worker pinned host=0 client=40 -> cpu=40 (pid=81285)
[A:thread] Worker pinned host=0 client=41 -> cpu=41 (pid=81286)
[A:thread] Worker pinned host=0 client=42 -> cpu=42 (pid=81287)
[A:thread] Worker pinned host=0 client=43 -> cpu=43 (pid=81288)
[A:thread] Worker pinned host=0 client=44 -> cpu=44 (pid=81289)
[A:thread] Worker pinned host=0 client=45 -> cpu=45 (pid=81290)
[A:thread] Worker pinned host=0 client=46 -> cpu=46 (pid=81291)
[A:thread] Worker pinned host=0 client=47 -> cpu=47 (pid=81292)
[A:thread] Worker pinned host=0 client=48 -> cpu=48 (pid=81293)
[A:thread] Worker pinned host=0 client=49 -> cpu=49 (pid=81294)
[A:thread] Worker pinned host=0 client=50 -> cpu=50 (pid=81295)
[A:thread] Worker pinned host=0 client=51 -> cpu=51 (pid=81296)
[A:thread] Worker pinned host=0 client=52 -> cpu=52 (pid=81297)
[A:thread] Worker pinned host=0 client=53 -> cpu=53 (pid=81298)
[A:thread] Worker pinned host=0 client=54 -> cpu=54 (pid=81299)
[A:thread] Worker pinned host=0 client=55 -> cpu=55 (pid=81300)
[A:thread] Worker pinned host=0 client=56 -> cpu=56 (pid=81301)
[A:thread] Worker pinned host=0 client=57 -> cpu=57 (pid=81302)
[A:thread] Worker pinned host=0 client=58 -> cpu=58 (pid=81303)
[A:thread] Worker pinned host=0 client=59 -> cpu=59 (pid=81304)
[A:thread] Worker pinned host=0 client=60 -> cpu=60 (pid=81305)
[A:thread] Worker pinned host=0 client=61 -> cpu=61 (pid=81306)
[A:thread] Worker pinned host=0 client=0 -> cpu=0 (pid=81221)
[A:thread] Worker pinned host=0 client=62 -> cpu=62 (pid=81307)
[A:thread] Worker pinned host=0 client=63 -> cpu=63 (pid=81308)
[A:thread] WriteRecv0 pid=81221 tid=140586981336768 cpu=64 host=0 rings=[0]
[A:thread] ReadRecv0 pid=81221 tid=140586972944064 cpu=65 host=0 rings=[0]
[A:thread] InvalRecv0 pid=81221 tid=140586964551360 cpu=66 host=0 rings=[0]
[A:thread] ReservHandler pid=81221 tid=140586914531008 pinned cpu=85 (host_id=0)
[A:tls] worker host=0 client=11 entries=1024 (~1088 KiB)
[A:tls] worker host=0 client=19 entries=1024 (~1088 KiB)
[A:tls] worker host=0 client=60 entries=1024 (~1088 KiB)
[A:tls] worker host=0 client=43 entries=1024 (~1088 KiB)
[A:tls] worker host=0 client=48 entries=1024 (~1088 KiB)
[A:tls] worker host=0 client=20 entries=1024 (~1088 KiB)
[A:tls] worker host=0 client=0 entries=1024 (~1088 KiB)
[A:tls] worker host=0 client=56 entries=1024 (~1088 KiB)
[A:tls] worker host=0 client=45 entries=1024 (~1088 KiB)
[A:tls] worker host=0 client=12 entries=1024 (~1088 KiB)
[A:tls] worker host=0 client=3 entries=1024 (~1088 KiB)
[A:tls] worker host=0 client=46 entries=1024 (~1088 KiB)
[A:tls] worker host=0 client=50 entries=1024 (~1088 KiB)
[A:tls] worker host=0 client=58 entries=1024 (~1088 KiB)
[A:tls] worker host=0 client=51 entries=1024 (~1088 KiB)
[A:tls] worker host=0 client=59 entries=1024 (~1088 KiB)
[A:tls] worker host=0 client=21 entries=1024 (~1088 KiB)
[A:tls] worker host=0 client=16 entries=1024 (~1088 KiB)
[A:tls] worker host=0 client=41 entries=1024 (~1088 KiB)
[A:tls] worker host=0 client=18 entries=1024 (~1088 KiB)
[A:tls] worker host=0 client=13 entries=1024 (~1088 KiB)
[A:tls] worker host=0 client=15 entries=1024 (~1088 KiB)
[A:tls] worker host=0 client=17 entries=1024 (~1088 KiB)
[A:tls] worker host=0 client=35 entries=1024 (~1088 KiB)
[A:tls] worker host=0 client=54 entries=1024 (~1088 KiB)
[A:tls] worker host=0 client=22 entries=1024 (~1088 KiB)
[A:tls] worker host=0 client=14 entries=1024 (~1088 KiB)
[A:tls] worker host=0 client=7 entries=1024 (~1088 KiB)
[A:tls] worker host=0 client=34 entries=1024 (~1088 KiB)
[A:tls] worker host=0 client=9 entries=1024 (~1088 KiB)
[A:tls] worker host=0 client=8 entries=1024 (~1088 KiB)
[A:tls] worker host=0 client=2 entries=1024 (~1088 KiB)
[A:tls] worker host=0 client=6 entries=1024 (~1088 KiB)
[A:tls] worker host=0 client=10 entries=1024 (~1088 KiB)
[A:tls] worker host=0 client=24 entries=1024 (~1088 KiB)
[A:tls] worker host=0 client=44 entries=1024 (~1088 KiB)
[A:tls] worker host=0 client=36 entries=1024 (~1088 KiB)
[A:tls] worker host=0 client=32 entries=1024 (~1088 KiB)
[A:tls] worker host=0 client=37 entries=1024 (~1088 KiB)
[A:tls] worker host=0 client=23 entries=1024 (~1088 KiB)
[A:tls] worker host=0 client=47 entries=1024 (~1088 KiB)
[A:tls] worker host=0 client=39 entries=1024 (~1088 KiB)
[A:tls] worker host=0 client=26 entries=1024 (~1088 KiB)
[A:tls] worker host=0 client=27 entries=1024 (~1088 KiB)
[A:tls] worker host=0 client=62 entries=1024 (~1088 KiB)
[A:tls] worker host=0 client=31 entries=1024 (~1088 KiB)
[A:tls] worker host=0 client=42 entries=1024 (~1088 KiB)
[A:tls] worker host=0 client=63 entries=1024 (~1088 KiB)
[A:tls] worker host=0 client=30 entries=1024 (~1088 KiB)
[A:tls] worker host=0 client=25 entries=1024 (~1088 KiB)
[A:tls] worker host=0 client=33 entries=1024 (~1088 KiB)
[A:tls] worker host=0 client=53 entries=1024 (~1088 KiB)
[A:tls] worker host=0 client=55 entries=1024 (~1088 KiB)
[A:tls] worker host=0 client=52 entries=1024 (~1088 KiB)
[A:tls] worker host=0 client=57 entries=1024 (~1088 KiB)
[A:tls] worker host=0 client=1 entries=1024 (~1088 KiB)
[A:tls] worker host=0 client=38 entries=1024 (~1088 KiB)
[A:tls] worker host=0 client=4 entries=1024 (~1088 KiB)
[A:tls] worker host=0 client=40 entries=1024 (~1088 KiB)
[A:tls] worker host=0 client=61 entries=1024 (~1088 KiB)
[A:tls] worker host=0 client=28 entries=1024 (~1088 KiB)
[A:tls] worker host=0 client=49 entries=1024 (~1088 KiB)
[A:tls] worker host=0 client=29 entries=1024 (~1088 KiB)
[A:tls] worker host=0 client=5 entries=1024 (~1088 KiB)
# PATH host=0 label=after_LOAD tid=140586981550208 r0_tls=0 r2hit=0 r2miss_local=0 r3=0 cpool_ins_r=0 local_w=1000929 fwd_w=0 local_w_blk_fwd=0 local_w_stg_fwd=0 cpool_ins_w=1000929 cp_evict=0 cp_set_stale=0 cp_lru_evict=486677 rh_served=0
# PATH host=0 label=after_LOAD AGG r0_tls=0 r2hit=0 r2miss_local=0 r3=0 cpool_ins_r=0 local_w=1000929 fwd_w=0 local_w_blk_fwd=0 local_w_stg_fwd=0 cpool_ins_w=1000929 cp_evict=0 cp_set_stale=0 cp_lru_evict=486677 rh_served=0
YCSB opt=A cache=0 num_hosts=2 threads=64 threads_eff=64 rep=2 load_ops=2000000 load_thpt=162498 trans_ops=5000000 trans_wall_max=4.806257 trans_agg_thpt=1040310 w_avg_ns=0 w_p50_ns=0 w_p99_ns=0 r_avg_ns=32626 r_p50_ns=269 r_p99_ns=286172 first_op_ns_max=771676 first_op_ns_avg=192484 ops_to_first_ns_max=970169 ops_to_first_ns_avg=280118 # xhost_read_optA_t64_cacheoff_rep2
# PATH host=0 label=after_TRANS tid=140586981550208 r0_tls=0 r2hit=23284 r2miss_local=0 r3=15779 cpool_ins_r=2744 local_w=1000929 fwd_w=0 local_w_blk_fwd=0 local_w_stg_fwd=0 cpool_ins_w=1000929 cp_evict=0 cp_set_stale=0 cp_lru_evict=489327 rh_served=0
# PATH host=0 label=after_TRANS tid=140586972944064 r0_tls=0 r2hit=0 r2miss_local=0 r3=0 cpool_ins_r=0 local_w=0 fwd_w=0 local_w_blk_fwd=0 local_w_stg_fwd=0 cpool_ins_w=0 cp_evict=0 cp_set_stale=0 cp_lru_evict=0 rh_served=1101453
# PATH host=0 label=after_TRANS AGG r0_tls=0 r2hit=23284 r2miss_local=0 r3=15779 cpool_ins_r=2744 local_w=1000929 fwd_w=0 local_w_blk_fwd=0 local_w_stg_fwd=0 cpool_ins_w=1000929 cp_evict=0 cp_set_stale=0 cp_lru_evict=489327 rh_served=1101453
# CACHE_FILL host=0 cache_buckets=131072 capacity=524288 filled=520283 stale=0 tomb=0 fill_pct=99.236
