[A:cfg] ring_sharding T=64 N=0 (disabled) -> shards=1 block=64 routing=worker_id
[A:thread] Worker pinned host=1 client=1 -> cpu=1 (pid=80368)
[A:thread] Worker pinned host=1 client=2 -> cpu=2 (pid=80369)
[A:thread] Worker pinned host=1 client=3 -> cpu=3 (pid=80370)
[A:thread] Worker pinned host=1 client=4 -> cpu=4 (pid=80371)
[A:thread] Worker pinned host=1 client=5 -> cpu=5 (pid=80372)
[A:thread] Worker pinned host=1 client=6 -> cpu=6 (pid=80373)
[A:thread] Worker pinned host=1 client=7 -> cpu=7 (pid=80374)
[A:thread] Worker pinned host=1 client=8 -> cpu=8 (pid=80375)
[A:thread] Worker pinned host=1 client=9 -> cpu=9 (pid=80376)
[A:thread] Worker pinned host=1 client=10 -> cpu=10 (pid=80377)
[A:thread] Worker pinned host=1 client=11 -> cpu=11 (pid=80378)
[A:thread] Worker pinned host=1 client=12 -> cpu=12 (pid=80379)
[A:thread] Worker pinned host=1 client=13 -> cpu=13 (pid=80380)
[A:thread] Worker pinned host=1 client=14 -> cpu=14 (pid=80381)
[A:thread] Worker pinned host=1 client=15 -> cpu=15 (pid=80382)
[A:thread] Worker pinned host=1 client=16 -> cpu=16 (pid=80383)
[A:thread] Worker pinned host=1 client=17 -> cpu=17 (pid=80384)
[A:thread] Worker pinned host=1 client=18 -> cpu=18 (pid=80385)
[A:thread] Worker pinned host=1 client=19 -> cpu=19 (pid=80386)
[A:thread] Worker pinned host=1 client=20 -> cpu=20 (pid=80387)
[A:thread] Worker pinned host=1 client=21 -> cpu=21 (pid=80388)
[A:thread] Worker pinned host=1 client=22 -> cpu=22 (pid=80389)
[A:thread] Worker pinned host=1 client=23 -> cpu=23 (pid=80390)
[A:thread] Worker pinned host=1 client=24 -> cpu=24 (pid=80391)
[A:thread] Worker pinned host=1 client=25 -> cpu=25 (pid=80392)
[A:thread] Worker pinned host=1 client=26 -> cpu=26 (pid=80393)
[A:thread] Worker pinned host=1 client=27 -> cpu=27 (pid=80394)
[A:thread] Worker pinned host=1 client=28 -> cpu=28 (pid=80395)
[A:thread] Worker pinned host=1 client=29 -> cpu=29 (pid=80396)
[A:thread] Worker pinned host=1 client=30 -> cpu=30 (pid=80397)
[A:thread] Worker pinned host=1 client=31 -> cpu=31 (pid=80398)
[A:thread] Worker pinned host=1 client=32 -> cpu=32 (pid=80399)
[A:thread] Worker pinned host=1 client=33 -> cpu=33 (pid=80400)
[A:thread] Worker pinned host=1 client=34 -> cpu=34 (pid=80401)
[A:thread] Worker pinned host=1 client=35 -> cpu=35 (pid=80402)
[A:thread] Worker pinned host=1 client=36 -> cpu=36 (pid=80403)
[A:thread] Worker pinned host=1 client=37 -> cpu=37 (pid=80404)
[A:thread] Worker pinned host=1 client=38 -> cpu=38 (pid=80405)
[A:thread] Worker pinned host=1 client=39 -> cpu=39 (pid=80406)
[A:thread] Worker pinned host=1 client=40 -> cpu=40 (pid=80407)
[A:thread] Worker pinned host=1 client=41 -> cpu=41 (pid=80408)
[A:thread] Worker pinned host=1 client=42 -> cpu=42 (pid=80409)
[A:thread] Worker pinned host=1 client=43 -> cpu=43 (pid=80410)
[A:thread] Worker pinned host=1 client=44 -> cpu=44 (pid=80411)
[A:thread] Worker pinned host=1 client=45 -> cpu=45 (pid=80412)
[A:thread] Worker pinned host=1 client=46 -> cpu=46 (pid=80413)
[A:thread] Worker pinned host=1 client=47 -> cpu=47 (pid=80414)
[A:thread] Worker pinned host=1 client=48 -> cpu=48 (pid=80415)
[A:thread] Worker pinned host=1 client=49 -> cpu=49 (pid=80416)
[A:thread] Worker pinned host=1 client=50 -> cpu=50 (pid=80417)
[A:thread] Worker pinned host=1 client=51 -> cpu=51 (pid=80418)
[A:thread] Worker pinned host=1 client=52 -> cpu=52 (pid=80419)
[A:thread] Worker pinned host=1 client=53 -> cpu=53 (pid=80420)
[A:thread] Worker pinned host=1 client=54 -> cpu=54 (pid=80421)
[A:thread] Worker pinned host=1 client=55 -> cpu=55 (pid=80422)
[A:thread] Worker pinned host=1 client=56 -> cpu=56 (pid=80423)
[A:thread] Worker pinned host=1 client=57 -> cpu=57 (pid=80424)
[A:thread] Worker pinned host=1 client=58 -> cpu=58 (pid=80425)
[A:thread] Worker pinned host=1 client=59 -> cpu=59 (pid=80426)
[A:thread] Worker pinned host=1 client=60 -> cpu=60 (pid=80427)
[A:thread] Worker pinned host=1 client=61 -> cpu=61 (pid=80428)
[A:thread] Worker pinned host=1 client=0 -> cpu=0 (pid=80343)
[A:thread] Worker pinned host=1 client=62 -> cpu=62 (pid=80429)
[A:thread] Worker pinned host=1 client=63 -> cpu=63 (pid=80430)
[A:thread] WriteRecv0 pid=80343 tid=140690802095808 cpu=64 host=1 rings=[0]
[A:thread] ReadRecv0 pid=80343 tid=140690793703104 cpu=65 host=1 rings=[0]
[A:thread] InvalRecv0 pid=80343 tid=140690785310400 cpu=66 host=1 rings=[0]
[A:thread] ReservHandler pid=80343 tid=140690735290048 pinned cpu=85 (host_id=1)
[A:tls] worker host=1 client=37 entries=1024 (~1088 KiB)
[A:tls] worker host=1 client=33 entries=1024 (~1088 KiB)
[A:tls] worker host=1 client=5 entries=1024 (~1088 KiB)
[A:tls] worker host=1 client=32 entries=1024 (~1088 KiB)
[A:tls] worker host=1 client=36 entries=1024 (~1088 KiB)
[A:tls] worker host=1 client=24 entries=1024 (~1088 KiB)
[A:tls] worker host=1 client=44 entries=1024 (~1088 KiB)
[A:tls] worker host=1 client=21 entries=1024 (~1088 KiB)
[A:tls] worker host=1 client=34 entries=1024 (~1088 KiB)
[A:tls] worker host=1 client=13 entries=1024 (~1088 KiB)
[A:tls] worker host=1 client=1 entries=1024 (~1088 KiB)
[A:tls] worker host=1 client=35 entries=1024 (~1088 KiB)
[A:tls] worker host=1 client=4 entries=1024 (~1088 KiB)
[A:tls] worker host=1 client=11 entries=1024 (~1088 KiB)
[A:tls] worker host=1 client=14 entries=1024 (~1088 KiB)
[A:tls] worker host=1 client=12 entries=1024 (~1088 KiB)
[A:tls] worker host=1 client=18 entries=1024 (~1088 KiB)
[A:tls] worker host=1 client=27 entries=1024 (~1088 KiB)
[A:tls] worker host=1 client=15 entries=1024 (~1088 KiB)
[A:tls] worker host=1 client=56 entries=1024 (~1088 KiB)
[A:tls] worker host=1 client=60 entries=1024 (~1088 KiB)
[A:tls] worker host=1 client=0 entries=1024 (~1088 KiB)
[A:tls] worker host=1 client=26 entries=1024 (~1088 KiB)
[A:tls] worker host=1 client=30 entries=1024 (~1088 KiB)
[A:tls] worker host=1 client=58 entries=1024 (~1088 KiB)
[A:tls] worker host=1 client=28 entries=1024 (~1088 KiB)
[A:tls] worker host=1 client=63 entries=1024 (~1088 KiB)
[A:tls] worker host=1 client=20 entries=1024 (~1088 KiB)
[A:tls] worker host=1 client=16 entries=1024 (~1088 KiB)
[A:tls] worker host=1 client=29 entries=1024 (~1088 KiB)
[A:tls] worker host=1 client=53 entries=1024 (~1088 KiB)
[A:tls] worker host=1 client=62 entries=1024 (~1088 KiB)
[A:tls] worker host=1 client=25 entries=1024 (~1088 KiB)
[A:tls] worker host=1 client=43 entries=1024 (~1088 KiB)
[A:tls] worker host=1 client=52 entries=1024 (~1088 KiB)
[A:tls] worker host=1 client=59 entries=1024 (~1088 KiB)
[A:tls] worker host=1 client=9 entries=1024 (~1088 KiB)
[A:tls] worker host=1 client=47 entries=1024 (~1088 KiB)
[A:tls] worker host=1 client=23 entries=1024 (~1088 KiB)
[A:tls] worker host=1 client=2 entries=1024 (~1088 KiB)
[A:tls] worker host=1 client=3 entries=1024 (~1088 KiB)
[A:tls] worker host=1 client=55 entries=1024 (~1088 KiB)
[A:tls] worker host=1 client=8 entries=1024 (~1088 KiB)
[A:tls] worker host=1 client=51 entries=1024 (~1088 KiB)
[A:tls] worker host=1 client=57 entries=1024 (~1088 KiB)
[A:tls] worker host=1 client=41 entries=1024 (~1088 KiB)
[A:tls] worker host=1 client=22 entries=1024 (~1088 KiB)
[A:tls] worker host=1 client=48 entries=1024 (~1088 KiB)
[A:tls] worker host=1 client=39 entries=1024 (~1088 KiB)
[A:tls] worker host=1 client=54 entries=1024 (~1088 KiB)
[A:tls] worker host=1 client=31 entries=1024 (~1088 KiB)
[A:tls] worker host=1 client=17 entries=1024 (~1088 KiB)
[A:tls] worker host=1 client=50 entries=1024 (~1088 KiB)
[A:tls] worker host=1 client=6 entries=1024 (~1088 KiB)
[A:tls] worker host=1 client=10 entries=1024 (~1088 KiB)
[A:tls] worker host=1 client=61 entries=1024 (~1088 KiB)
[A:tls] worker host=1 client=19 entries=1024 (~1088 KiB)
[A:tls] worker host=1 client=42 entries=1024 (~1088 KiB)
[A:tls] worker host=1 client=45 entries=1024 (~1088 KiB)
[A:tls] worker host=1 client=46 entries=1024 (~1088 KiB)
[A:tls] worker host=1 client=7 entries=1024 (~1088 KiB)
[A:tls] worker host=1 client=49 entries=1024 (~1088 KiB)
[A:tls] worker host=1 client=40 entries=1024 (~1088 KiB)
[A:tls] worker host=1 client=38 entries=1024 (~1088 KiB)
# PATH host=1 label=after_LOAD tid=140690802309248 r0_tls=0 r2hit=0 r2miss_local=0 r3=0 cpool_ins_r=0 local_w=999071 fwd_w=0 local_w_blk_fwd=0 local_w_stg_fwd=0 cpool_ins_w=999071 cp_evict=0 cp_set_stale=0 cp_lru_evict=485115 rh_served=0
# PATH host=1 label=after_LOAD tid=140690793703104 r0_tls=0 r2hit=0 r2miss_local=0 r3=0 cpool_ins_r=0 local_w=0 fwd_w=0 local_w_blk_fwd=0 local_w_stg_fwd=0 cpool_ins_w=0 cp_evict=0 cp_set_stale=0 cp_lru_evict=0 rh_served=29995
# PATH host=1 label=after_LOAD AGG r0_tls=0 r2hit=0 r2miss_local=0 r3=0 cpool_ins_r=0 local_w=999071 fwd_w=0 local_w_blk_fwd=0 local_w_stg_fwd=0 cpool_ins_w=999071 cp_evict=0 cp_set_stale=0 cp_lru_evict=485115 rh_served=29995
# PATH host=1 label=after_TRANS tid=140690802309248 r0_tls=0 r2hit=21841 r2miss_local=0 r3=17221 cpool_ins_r=2939 local_w=999071 fwd_w=0 local_w_blk_fwd=0 local_w_stg_fwd=0 cpool_ins_w=999071 cp_evict=0 cp_set_stale=0 cp_lru_evict=487948 rh_served=0
# PATH host=1 label=after_TRANS tid=140690793703104 r0_tls=0 r2hit=0 r2miss_local=0 r3=0 cpool_ins_r=0 local_w=0 fwd_w=0 local_w_blk_fwd=0 local_w_stg_fwd=0 cpool_ins_w=0 cp_evict=0 cp_set_stale=0 cp_lru_evict=0 rh_served=1015984
# PATH host=1 label=after_TRANS AGG r0_tls=0 r2hit=21841 r2miss_local=0 r3=17221 cpool_ins_r=2939 local_w=999071 fwd_w=0 local_w_blk_fwd=0 local_w_stg_fwd=0 cpool_ins_w=999071 cp_evict=0 cp_set_stale=0 cp_lru_evict=487948 rh_served=1015984
