[A:cfg] ring_sharding T=32 N=0 (disabled) -> shards=1 block=32 routing=worker_id
[A:thread] Worker pinned host=0 client=1 -> cpu=1 (pid=68861)
[A:thread] Worker pinned host=0 client=2 -> cpu=2 (pid=68862)
[A:thread] Worker pinned host=0 client=3 -> cpu=3 (pid=68863)
[A:thread] Worker pinned host=0 client=4 -> cpu=4 (pid=68864)
[A:thread] Worker pinned host=0 client=5 -> cpu=5 (pid=68865)
[A:thread] Worker pinned host=0 client=6 -> cpu=6 (pid=68866)
[A:thread] Worker pinned host=0 client=7 -> cpu=7 (pid=68867)
[A:thread] Worker pinned host=0 client=8 -> cpu=8 (pid=68868)
[A:thread] Worker pinned host=0 client=9 -> cpu=9 (pid=68869)
[A:thread] Worker pinned host=0 client=10 -> cpu=10 (pid=68870)
[A:thread] Worker pinned host=0 client=11 -> cpu=11 (pid=68871)
[A:thread] Worker pinned host=0 client=12 -> cpu=12 (pid=68872)
[A:thread] Worker pinned host=0 client=13 -> cpu=13 (pid=68873)
[A:thread] Worker pinned host=0 client=14 -> cpu=14 (pid=68874)
[A:thread] Worker pinned host=0 client=15 -> cpu=15 (pid=68875)
[A:thread] Worker pinned host=0 client=16 -> cpu=16 (pid=68876)
[A:thread] Worker pinned host=0 client=17 -> cpu=17 (pid=68877)
[A:thread] Worker pinned host=0 client=18 -> cpu=18 (pid=68878)
[A:thread] Worker pinned host=0 client=19 -> cpu=19 (pid=68879)
[A:thread] Worker pinned host=0 client=20 -> cpu=20 (pid=68880)
[A:thread] Worker pinned host=0 client=21 -> cpu=21 (pid=68881)
[A:thread] Worker pinned host=0 client=22 -> cpu=22 (pid=68882)
[A:thread] Worker pinned host=0 client=23 -> cpu=23 (pid=68883)
[A:thread] Worker pinned host=0 client=24 -> cpu=24 (pid=68884)
[A:thread] Worker pinned host=0 client=25 -> cpu=25 (pid=68885)
[A:thread] Worker pinned host=0 client=26 -> cpu=26 (pid=68886)
[A:thread] Worker pinned host=0 client=27 -> cpu=27 (pid=68887)
[A:thread] Worker pinned host=0 client=28 -> cpu=28 (pid=68888)
[A:thread] Worker pinned host=0 client=29 -> cpu=29 (pid=68889)
[A:thread] Worker pinned host=0 client=30 -> cpu=30 (pid=68890)
[A:thread] Worker pinned host=0 client=0 -> cpu=0 (pid=68836)
[A:thread] Worker pinned host=0 client=31 -> cpu=31 (pid=68891)
[A:thread] WriteRecv0 pid=68836 tid=140672704820928 cpu=64 host=0 rings=[0]
[A:thread] ReadRecv0 pid=68836 tid=140672696428224 cpu=65 host=0 rings=[0]
[A:thread] InvalRecv0 pid=68836 tid=140672688035520 cpu=66 host=0 rings=[0]
[A:tls] worker host=0 client=15 entries=1024 (~1088 KiB)
[A:tls] worker host=0 client=0 entries=1024 (~1088 KiB)
[A:tls] worker host=0 client=7 entries=1024 (~1088 KiB)
[A:tls] worker host=0 client=5 entries=1024 (~1088 KiB)
[A:tls] worker host=0 client=14 entries=1024 (~1088 KiB)
[A:tls] worker host=0 client=13 entries=1024 (~1088 KiB)
[A:tls] worker host=0 client=12 entries=1024 (~1088 KiB)
[A:tls] worker host=0 client=1 entries=1024 (~1088 KiB)
[A:tls] worker host=0 client=8 entries=1024 (~1088 KiB)
[A:tls] worker host=0 client=3 entries=1024 (~1088 KiB)
[A:tls] worker host=0 client=6 entries=1024 (~1088 KiB)
[A:tls] worker host=0 client=9 entries=1024 (~1088 KiB)
[A:tls] worker host=0 client=10 entries=1024 (~1088 KiB)
[A:tls] worker host=0 client=2 entries=1024 (~1088 KiB)
[A:tls] worker host=0 client=11 entries=1024 (~1088 KiB)
[A:thread] ReservHandler pid=68836 tid=140672679642816 pinned cpu=85 (host_id=0)
[A:tls] worker host=0 client=4 entries=1024 (~1088 KiB)
[A:tls] worker host=0 client=31 entries=1024 (~1088 KiB)
[A:tls] worker host=0 client=21 entries=1024 (~1088 KiB)
[A:tls] worker host=0 client=19 entries=1024 (~1088 KiB)
[A:tls] worker host=0 client=26 entries=1024 (~1088 KiB)
[A:tls] worker host=0 client=17 entries=1024 (~1088 KiB)
[A:tls] worker host=0 client=18 entries=1024 (~1088 KiB)
[A:tls] worker host=0 client=28 entries=1024 (~1088 KiB)
[A:tls] worker host=0 client=27 entries=1024 (~1088 KiB)
[A:tls] worker host=0 client=22 entries=1024 (~1088 KiB)
[A:tls] worker host=0 client=16 entries=1024 (~1088 KiB)
[A:tls] worker host=0 client=20 entries=1024 (~1088 KiB)
[A:tls] worker host=0 client=23 entries=1024 (~1088 KiB)
[A:tls] worker host=0 client=30 entries=1024 (~1088 KiB)
[A:tls] worker host=0 client=29 entries=1024 (~1088 KiB)
[A:tls] worker host=0 client=24 entries=1024 (~1088 KiB)
[A:tls] worker host=0 client=25 entries=1024 (~1088 KiB)
# PATH host=0 label=after_LOAD tid=140672705034368 r0_tls=0 r2hit=0 r2miss_local=0 r3=0 cpool_ins_r=0 local_w=2500630 fwd_w=0 local_w_blk_fwd=0 local_w_stg_fwd=0 cpool_ins_w=2500629 cp_evict=0 cp_set_stale=0 cp_lru_evict=1976343 rh_served=0
# PATH host=0 label=after_LOAD AGG r0_tls=0 r2hit=0 r2miss_local=0 r3=0 cpool_ins_r=0 local_w=2500630 fwd_w=0 local_w_blk_fwd=0 local_w_stg_fwd=0 cpool_ins_w=2500629 cp_evict=0 cp_set_stale=0 cp_lru_evict=1976343 rh_served=0
YCSB opt=A cache=0 num_hosts=2 threads=32 threads_eff=32 rep=1 load_ops=5000000 load_thpt=327923 trans_ops=5000000 trans_wall_max=7.707200 trans_agg_thpt=648744 w_avg_ns=0 w_p50_ns=0 w_p99_ns=0 r_avg_ns=16964 r_p50_ns=303 r_p99_ns=137955 first_op_ns_max=196858 first_op_ns_avg=107506 ops_to_first_ns_max=1885163 ops_to_first_ns_avg=433136 # xhost_read_optA_t32_cacheoff_rep1
# PATH host=0 label=after_TRANS tid=140672705034368 r0_tls=0 r2hit=16195 r2miss_local=0 r3=61930 cpool_ins_r=2233 local_w=2500630 fwd_w=0 local_w_blk_fwd=0 local_w_stg_fwd=0 cpool_ins_w=2500629 cp_evict=0 cp_set_stale=0 cp_lru_evict=1978576 rh_served=0
# PATH host=0 label=after_TRANS tid=140672696428224 r0_tls=0 r2hit=0 r2miss_local=0 r3=0 cpool_ins_r=0 local_w=0 fwd_w=0 local_w_blk_fwd=0 local_w_stg_fwd=0 cpool_ins_w=0 cp_evict=0 cp_set_stale=0 cp_lru_evict=0 rh_served=2012961
# PATH host=0 label=after_TRANS AGG r0_tls=0 r2hit=16195 r2miss_local=0 r3=61930 cpool_ins_r=2233 local_w=2500630 fwd_w=0 local_w_blk_fwd=0 local_w_stg_fwd=0 cpool_ins_w=2500629 cp_evict=0 cp_set_stale=0 cp_lru_evict=1978576 rh_served=2012961
# CACHE_FILL host=0 cache_buckets=131072 capacity=524288 filled=524287 stale=0 tomb=0 fill_pct=100.000
