# g3+g4 scaling sweep: threads x workloads x opts x cache
# host0=g3 host1=g4 dev=/dev/dax0.0
# threads=1 2 4 8 16 32 64 86 workloads=workloada workloadb workloadc workloadd workloadf opts=C cache=on off
# num_buckets=65536 max_ops=200000 timeout=300
# started=2026-04-25T03:41:29-05:00
--- workloada_optC_t1_cacheon cookie=1777106489423743527 ---
YCSB opt=C cache=1 value_size=1024 num_flushers=2 num_hosts=2 threads=1 threads_eff=1 load_ops=100000 load_thpt=56079 trans_ops=200000 trans_wall_max=0.327s trans_agg_thpt=612228 w_avg_ns=2790 w_p50_ns=2917 w_p99_ns=3961 r_avg_ns=3534 r_p50_ns=4011 r_p99_ns=6573  # workloada_optC_t1_cacheon
--- workloada_optC_t2_cacheon cookie=1777106509629579550 ---
YCSB opt=C cache=1 value_size=1024 num_flushers=2 num_hosts=2 threads=2 threads_eff=2 load_ops=100000 load_thpt=67215 trans_ops=200000 trans_wall_max=0.204s trans_agg_thpt=982182 w_avg_ns=3536 w_p50_ns=3206 w_p99_ns=10374 r_avg_ns=3754 r_p50_ns=3937 r_p99_ns=6761  # workloada_optC_t2_cacheon
--- workloada_optC_t4_cacheon cookie=1777106529642939455 ---
YCSB opt=C cache=1 value_size=1024 num_flushers=2 num_hosts=2 threads=4 threads_eff=4 load_ops=100000 load_thpt=71937 trans_ops=200000 trans_wall_max=0.117s trans_agg_thpt=1704176 w_avg_ns=4482 w_p50_ns=3521 w_p99_ns=11075 r_avg_ns=4166 r_p50_ns=4214 r_p99_ns=7268  # workloada_optC_t4_cacheon
--- workloada_optC_t8_cacheon cookie=1777106549584528842 ---
YCSB opt=C cache=1 value_size=1024 num_flushers=2 num_hosts=2 threads=8 threads_eff=8 load_ops=100000 load_thpt=64628 trans_ops=200000 trans_wall_max=0.068s trans_agg_thpt=2961436 w_avg_ns=5173 w_p50_ns=3759 w_p99_ns=13226 r_avg_ns=4182 r_p50_ns=4395 r_p99_ns=9124  # workloada_optC_t8_cacheon
--- workloada_optC_t16_cacheon cookie=1777106569918676178 ---
YCSB opt=C cache=1 value_size=1024 num_flushers=2 num_hosts=2 threads=16 threads_eff=16 load_ops=100000 load_thpt=61695 trans_ops=200000 trans_wall_max=0.032s trans_agg_thpt=6221872 w_avg_ns=5751 w_p50_ns=4985 w_p99_ns=14046 r_avg_ns=4131 r_p50_ns=4302 r_p99_ns=11334  # workloada_optC_t16_cacheon
--- workloada_optC_t32_cacheon cookie=1777106592759208367 ---
YCSB opt=C cache=1 value_size=1024 num_flushers=2 num_hosts=2 threads=32 threads_eff=32 load_ops=100000 load_thpt=65804 trans_ops=200000 trans_wall_max=0.020s trans_agg_thpt=10179678 w_avg_ns=7049 w_p50_ns=6908 w_p99_ns=17813 r_avg_ns=4613 r_p50_ns=4738 r_p99_ns=14725  # workloada_optC_t32_cacheon
--- workloada_optC_t64_cacheon cookie=1777106618980042349 ---
YCSB opt=C cache=1 value_size=1024 num_flushers=2 num_hosts=2 threads=64 threads_eff=64 load_ops=100000 load_thpt=10962 trans_ops=200000 trans_wall_max=0.014s trans_agg_thpt=13971912 w_avg_ns=10649 w_p50_ns=10964 w_p99_ns=86186 r_avg_ns=5975 r_p50_ns=5990 r_p99_ns=23702  # workloada_optC_t64_cacheon
--- workloada_optC_t86_cacheon cookie=1777106655766673043 ---
YCSB opt=C cache=1 value_size=1024 num_flushers=2 num_hosts=2 threads=86 threads_eff=86 load_ops=100000 load_thpt=48243 trans_ops=200000 trans_wall_max=0.018s trans_agg_thpt=10995429 w_avg_ns=13802 w_p50_ns=11692 w_p99_ns=151790 r_avg_ns=7345 r_p50_ns=7137 r_p99_ns=19589  # workloada_optC_t86_cacheon
--- workloadb_optC_t1_cacheon cookie=1777106699630111792 ---
YCSB opt=C cache=1 value_size=1024 num_flushers=2 num_hosts=2 threads=1 threads_eff=1 load_ops=100000 load_thpt=58765 trans_ops=200000 trans_wall_max=0.301s trans_agg_thpt=665152 w_avg_ns=2811 w_p50_ns=3024 w_p99_ns=3711 r_avg_ns=2755 r_p50_ns=2583 r_p99_ns=5757  # workloadb_optC_t1_cacheon
--- workloadb_optC_t2_cacheon cookie=1777106719614404621 ---
YCSB opt=C cache=1 value_size=1024 num_flushers=2 num_hosts=2 threads=2 threads_eff=2 load_ops=100000 load_thpt=68730 trans_ops=200000 trans_wall_max=0.151s trans_agg_thpt=1327067 w_avg_ns=4116 w_p50_ns=4734 w_p99_ns=11344 r_avg_ns=2734 r_p50_ns=2288 r_p99_ns=5517  # workloadb_optC_t2_cacheon
--- workloadb_optC_t4_cacheon cookie=1777106739570118631 ---
YCSB opt=C cache=1 value_size=1024 num_flushers=2 num_hosts=2 threads=4 threads_eff=4 load_ops=100000 load_thpt=72528 trans_ops=200000 trans_wall_max=0.088s trans_agg_thpt=2263753 w_avg_ns=5442 w_p50_ns=7293 w_p99_ns=12188 r_avg_ns=3123 r_p50_ns=2848 r_p99_ns=5767  # workloadb_optC_t4_cacheon
--- workloadb_optC_t8_cacheon cookie=1777106759697353420 ---
YCSB opt=C cache=1 value_size=1024 num_flushers=2 num_hosts=2 threads=8 threads_eff=8 load_ops=100000 load_thpt=68405 trans_ops=200000 trans_wall_max=0.045s trans_agg_thpt=4435775 w_avg_ns=6329 w_p50_ns=8583 w_p99_ns=15494 r_avg_ns=3268 r_p50_ns=3326 r_p99_ns=6731  # workloadb_optC_t8_cacheon
--- workloadb_optC_t16_cacheon cookie=1777106780196921054 ---
YCSB opt=C cache=1 value_size=1024 num_flushers=2 num_hosts=2 threads=16 threads_eff=16 load_ops=100000 load_thpt=62897 trans_ops=200000 trans_wall_max=0.026s trans_agg_thpt=7830989 w_avg_ns=7485 w_p50_ns=9027 w_p99_ns=21824 r_avg_ns=3749 r_p50_ns=3731 r_p99_ns=8975  # workloadb_optC_t16_cacheon
--- workloadb_optC_t32_cacheon cookie=1777106802580947625 ---
YCSB opt=C cache=1 value_size=1024 num_flushers=2 num_hosts=2 threads=32 threads_eff=32 load_ops=100000 load_thpt=72900 trans_ops=200000 trans_wall_max=0.016s trans_agg_thpt=12770865 w_avg_ns=8932 w_p50_ns=9779 w_p99_ns=23341 r_avg_ns=4487 r_p50_ns=4684 r_p99_ns=8812  # workloadb_optC_t32_cacheon
--- workloadb_optC_t64_cacheon cookie=1777106828030495750 ---
YCSB opt=C cache=1 value_size=1024 num_flushers=2 num_hosts=2 threads=64 threads_eff=64 load_ops=100000 load_thpt=19824 trans_ops=200000 trans_wall_max=0.012s trans_agg_thpt=16729216 w_avg_ns=11522 w_p50_ns=11360 w_p99_ns=58554 r_avg_ns=7088 r_p50_ns=6770 r_p99_ns=24625  # workloadb_optC_t64_cacheon
--- workloadb_optC_t86_cacheon cookie=1777106861471583852 ---
YCSB opt=C cache=1 value_size=1024 num_flushers=2 num_hosts=2 threads=86 threads_eff=86 load_ops=100000 load_thpt=52636 trans_ops=200000 trans_wall_max=0.016s trans_agg_thpt=12850430 w_avg_ns=12579 w_p50_ns=12546 w_p99_ns=65347 r_avg_ns=10262 r_p50_ns=9278 r_p99_ns=83825  # workloadb_optC_t86_cacheon
--- workloadc_optC_t1_cacheon cookie=1777106904194269859 ---
YCSB opt=C cache=1 value_size=1024 num_flushers=2 num_hosts=2 threads=1 threads_eff=1 load_ops=100000 load_thpt=62588 trans_ops=200000 trans_wall_max=0.259s trans_agg_thpt=772704 w_avg_ns=0 w_p50_ns=0 w_p99_ns=0 r_avg_ns=2395 r_p50_ns=2256 r_p99_ns=5221  # workloadc_optC_t1_cacheon
--- workloadc_optC_t2_cacheon cookie=1777106923925053811 ---
YCSB opt=C cache=1 value_size=1024 num_flushers=2 num_hosts=2 threads=2 threads_eff=2 load_ops=100000 load_thpt=70009 trans_ops=200000 trans_wall_max=0.138s trans_agg_thpt=1451061 w_avg_ns=0 w_p50_ns=0 w_p99_ns=0 r_avg_ns=2558 r_p50_ns=2219 r_p99_ns=5366  # workloadc_optC_t2_cacheon
--- workloadc_optC_t4_cacheon cookie=1777106943652865576 ---
YCSB opt=C cache=1 value_size=1024 num_flushers=2 num_hosts=2 threads=4 threads_eff=4 load_ops=100000 load_thpt=76488 trans_ops=200000 trans_wall_max=0.075s trans_agg_thpt=2658291 w_avg_ns=0 w_p50_ns=0 w_p99_ns=0 r_avg_ns=2828 r_p50_ns=2285 r_p99_ns=5755  # workloadc_optC_t4_cacheon
--- workloadc_optC_t8_cacheon cookie=1777106963438176317 ---
YCSB opt=C cache=1 value_size=1024 num_flushers=2 num_hosts=2 threads=8 threads_eff=8 load_ops=100000 load_thpt=69835 trans_ops=200000 trans_wall_max=0.038s trans_agg_thpt=5218261 w_avg_ns=0 w_p50_ns=0 w_p99_ns=0 r_avg_ns=2924 r_p50_ns=2339 r_p99_ns=5989  # workloadc_optC_t8_cacheon
--- workloadc_optC_t16_cacheon cookie=1777106983596659853 ---
YCSB opt=C cache=1 value_size=1024 num_flushers=2 num_hosts=2 threads=16 threads_eff=16 load_ops=100000 load_thpt=63141 trans_ops=200000 trans_wall_max=0.021s trans_agg_thpt=9440691 w_avg_ns=0 w_p50_ns=0 w_p99_ns=0 r_avg_ns=3285 r_p50_ns=2698 r_p99_ns=7200  # workloadc_optC_t16_cacheon
--- workloadc_optC_t32_cacheon cookie=1777107006022479329 ---
YCSB opt=C cache=1 value_size=1024 num_flushers=2 num_hosts=2 threads=32 threads_eff=32 load_ops=100000 load_thpt=77092 trans_ops=200000 trans_wall_max=0.014s trans_agg_thpt=14774084 w_avg_ns=0 w_p50_ns=0 w_p99_ns=0 r_avg_ns=4157 r_p50_ns=4621 r_p99_ns=9369  # workloadc_optC_t32_cacheon
--- workloadc_optC_t64_cacheon cookie=1777107030422629607 ---
YCSB opt=C cache=1 value_size=1024 num_flushers=2 num_hosts=2 threads=64 threads_eff=64 load_ops=100000 load_thpt=75628 trans_ops=200000 trans_wall_max=0.012s trans_agg_thpt=16920530 w_avg_ns=0 w_p50_ns=0 w_p99_ns=0 r_avg_ns=7311 r_p50_ns=7059 r_p99_ns=29676  # workloadc_optC_t64_cacheon
--- workloadc_optC_t86_cacheon cookie=1777107058508598537 ---
YCSB opt=C cache=1 value_size=1024 num_flushers=2 num_hosts=2 threads=86 threads_eff=86 load_ops=100000 load_thpt=48759 trans_ops=200000 trans_wall_max=0.015s trans_agg_thpt=12904045 w_avg_ns=0 w_p50_ns=0 w_p99_ns=0 r_avg_ns=9794 r_p50_ns=8397 r_p99_ns=59756  # workloadc_optC_t86_cacheon
--- workloadd_optC_t1_cacheon cookie=1777107102007574812 ---
YCSB opt=C cache=1 value_size=1024 num_flushers=2 num_hosts=2 threads=1 threads_eff=1 load_ops=100000 load_thpt=59744 trans_ops=200000 trans_wall_max=0.310s trans_agg_thpt=644327 w_avg_ns=12577 w_p50_ns=12491 w_p99_ns=17017 r_avg_ns=2458 r_p50_ns=2294 r_p99_ns=5415  # workloadd_optC_t1_cacheon
--- workloadd_optC_t2_cacheon cookie=1777107121797371862 ---
YCSB opt=C cache=1 value_size=1024 num_flushers=2 num_hosts=2 threads=2 threads_eff=2 load_ops=100000 load_thpt=70079 trans_ops=200000 trans_wall_max=0.171s trans_agg_thpt=1168182 w_avg_ns=13023 w_p50_ns=13160 w_p99_ns=17348 r_avg_ns=2670 r_p50_ns=2328 r_p99_ns=5637  # workloadd_optC_t2_cacheon
--- workloadd_optC_t4_cacheon cookie=1777107141633460026 ---
YCSB opt=C cache=1 value_size=1024 num_flushers=2 num_hosts=2 threads=4 threads_eff=4 load_ops=100000 load_thpt=72228 trans_ops=200000 trans_wall_max=0.091s trans_agg_thpt=2201037 w_avg_ns=13294 w_p50_ns=13449 w_p99_ns=17633 r_avg_ns=2907 r_p50_ns=2396 r_p99_ns=5778  # workloadd_optC_t4_cacheon
--- workloadd_optC_t8_cacheon cookie=1777107161351114409 ---
YCSB opt=C cache=1 value_size=1024 num_flushers=2 num_hosts=2 threads=8 threads_eff=8 load_ops=100000 load_thpt=70968 trans_ops=200000 trans_wall_max=0.052s trans_agg_thpt=3850771 w_avg_ns=13876 w_p50_ns=14801 w_p99_ns=20687 r_avg_ns=3254 r_p50_ns=2719 r_p99_ns=6895  # workloadd_optC_t8_cacheon
--- workloadd_optC_t16_cacheon cookie=1777107181493234456 ---
YCSB opt=C cache=1 value_size=1024 num_flushers=2 num_hosts=2 threads=16 threads_eff=16 load_ops=100000 load_thpt=65982 trans_ops=200000 trans_wall_max=0.025s trans_agg_thpt=8065281 w_avg_ns=13328 w_p50_ns=13228 w_p99_ns=20568 r_avg_ns=3338 r_p50_ns=2757 r_p99_ns=7112  # workloadd_optC_t16_cacheon
--- workloadd_optC_t32_cacheon cookie=1777107204030391591 ---
YCSB opt=C cache=1 value_size=1024 num_flushers=2 num_hosts=2 threads=32 threads_eff=32 load_ops=100000 load_thpt=78326 trans_ops=200000 trans_wall_max=0.014s trans_agg_thpt=13948478 w_avg_ns=14364 w_p50_ns=14200 w_p99_ns=21453 r_avg_ns=3898 r_p50_ns=4335 r_p99_ns=8153  # workloadd_optC_t32_cacheon
--- workloadd_optC_t64_cacheon cookie=1777107229576397872 ---
YCSB opt=C cache=1 value_size=1024 num_flushers=2 num_hosts=2 threads=64 threads_eff=64 load_ops=100000 load_thpt=8492 trans_ops=200000 trans_wall_max=0.012s trans_agg_thpt=17216891 w_avg_ns=19969 w_p50_ns=19720 w_p99_ns=35906 r_avg_ns=6401 r_p50_ns=6510 r_p99_ns=22374  # workloadd_optC_t64_cacheon
--- workloadd_optC_t86_cacheon cookie=1777107268923805991 ---
YCSB opt=C cache=1 value_size=1024 num_flushers=2 num_hosts=2 threads=86 threads_eff=86 load_ops=100000 load_thpt=49493 trans_ops=200000 trans_wall_max=0.013s trans_agg_thpt=15332018 w_avg_ns=23826 w_p50_ns=23505 w_p99_ns=41250 r_avg_ns=9573 r_p50_ns=8522 r_p99_ns=53433  # workloadd_optC_t86_cacheon
--- workloadf_optC_t1_cacheon cookie=1777107312757656814 ---
YCSB opt=C cache=1 value_size=1024 num_flushers=2 num_hosts=2 threads=1 threads_eff=1 load_ops=100000 load_thpt=57553 trans_ops=200000 trans_wall_max=0.330s trans_agg_thpt=606017 w_avg_ns=2697 w_p50_ns=2840 w_p99_ns=3703 r_avg_ns=3297 r_p50_ns=3381 r_p99_ns=6749  # workloadf_optC_t1_cacheon
--- workloadf_optC_t2_cacheon cookie=1777107333441697108 ---
YCSB opt=C cache=1 value_size=1024 num_flushers=2 num_hosts=2 threads=2 threads_eff=2 load_ops=100000 load_thpt=66228 trans_ops=200000 trans_wall_max=0.206s trans_agg_thpt=971601 w_avg_ns=3670 w_p50_ns=3159 w_p99_ns=10674 r_avg_ns=3644 r_p50_ns=3968 r_p99_ns=6728  # workloadf_optC_t2_cacheon
--- workloadf_optC_t4_cacheon cookie=1777107354017174792 ---
YCSB opt=C cache=1 value_size=1024 num_flushers=2 num_hosts=2 threads=4 threads_eff=4 load_ops=100000 load_thpt=71092 trans_ops=200000 trans_wall_max=0.113s trans_agg_thpt=1766617 w_avg_ns=4577 w_p50_ns=3514 w_p99_ns=11204 r_avg_ns=3910 r_p50_ns=3970 r_p99_ns=6999  # workloadf_optC_t4_cacheon
--- workloadf_optC_t8_cacheon cookie=1777107374749403157 ---
YCSB opt=C cache=1 value_size=1024 num_flushers=2 num_hosts=2 threads=8 threads_eff=8 load_ops=100000 load_thpt=66174 trans_ops=200000 trans_wall_max=0.056s trans_agg_thpt=3582001 w_avg_ns=5068 w_p50_ns=4508 w_p99_ns=11603 r_avg_ns=3773 r_p50_ns=3591 r_p99_ns=7542  # workloadf_optC_t8_cacheon
--- workloadf_optC_t16_cacheon cookie=1777107395992802444 ---
YCSB opt=C cache=1 value_size=1024 num_flushers=2 num_hosts=2 threads=16 threads_eff=16 load_ops=100000 load_thpt=61089 trans_ops=200000 trans_wall_max=0.030s trans_agg_thpt=6566180 w_avg_ns=5997 w_p50_ns=5322 w_p99_ns=13900 r_avg_ns=4018 r_p50_ns=4056 r_p99_ns=9527  # workloadf_optC_t16_cacheon
--- workloadf_optC_t32_cacheon cookie=1777107419412286652 ---
YCSB opt=C cache=1 value_size=1024 num_flushers=2 num_hosts=2 threads=32 threads_eff=32 load_ops=100000 load_thpt=75670 trans_ops=200000 trans_wall_max=0.018s trans_agg_thpt=11124561 w_avg_ns=7329 w_p50_ns=8933 w_p99_ns=18714 r_avg_ns=4579 r_p50_ns=4745 r_p99_ns=10108  # workloadf_optC_t32_cacheon
--- workloadf_optC_t64_cacheon cookie=1777107445778756562 ---
YCSB opt=C cache=1 value_size=1024 num_flushers=2 num_hosts=2 threads=64 threads_eff=64 load_ops=100000 load_thpt=9817 trans_ops=200000 trans_wall_max=0.013s trans_agg_thpt=15397702 w_avg_ns=10314 w_p50_ns=11072 w_p99_ns=58686 r_avg_ns=6531 r_p50_ns=6516 r_p99_ns=22602  # workloadf_optC_t64_cacheon
--- workloadf_optC_t86_cacheon cookie=1777107484783776965 ---
YCSB opt=C cache=1 value_size=1024 num_flushers=2 num_hosts=2 threads=86 threads_eff=86 load_ops=100000 load_thpt=64824 trans_ops=200000 trans_wall_max=0.017s trans_agg_thpt=11667835 w_avg_ns=13089 w_p50_ns=12430 w_p99_ns=103633 r_avg_ns=8881 r_p50_ns=8878 r_p99_ns=26038  # workloadf_optC_t86_cacheon
--- workloada_optC_t1_cacheoff cookie=1777107528934530302 ---
YCSB opt=C cache=0 value_size=1024 num_flushers=2 num_hosts=2 threads=1 threads_eff=1 load_ops=100000 load_thpt=57790 trans_ops=200000 trans_wall_max=0.306s trans_agg_thpt=654463 w_avg_ns=2688 w_p50_ns=2749 w_p99_ns=3650 r_avg_ns=3275 r_p50_ns=3152 r_p99_ns=6559  # workloada_optC_t1_cacheoff
--- workloada_optC_t2_cacheoff cookie=1777107549152864762 ---
YCSB opt=C cache=0 value_size=1024 num_flushers=2 num_hosts=2 threads=2 threads_eff=2 load_ops=100000 load_thpt=65058 trans_ops=200000 trans_wall_max=0.198s trans_agg_thpt=1010791 w_avg_ns=3572 w_p50_ns=3268 w_p99_ns=10470 r_avg_ns=3520 r_p50_ns=3310 r_p99_ns=6742  # workloada_optC_t2_cacheoff
--- workloada_optC_t4_cacheoff cookie=1777107569465814216 ---
YCSB opt=C cache=0 value_size=1024 num_flushers=2 num_hosts=2 threads=4 threads_eff=4 load_ops=100000 load_thpt=63239 trans_ops=200000 trans_wall_max=0.113s trans_agg_thpt=1769964 w_avg_ns=4534 w_p50_ns=3591 w_p99_ns=11666 r_avg_ns=3817 r_p50_ns=3356 r_p99_ns=7194  # workloada_optC_t4_cacheoff
--- workloada_optC_t8_cacheoff cookie=1777107590073835520 ---
YCSB opt=C cache=0 value_size=1024 num_flushers=2 num_hosts=2 threads=8 threads_eff=8 load_ops=100000 load_thpt=67850 trans_ops=200000 trans_wall_max=0.055s trans_agg_thpt=3630992 w_avg_ns=4755 w_p50_ns=3537 w_p99_ns=11677 r_avg_ns=3537 r_p50_ns=3077 r_p99_ns=7765  # workloada_optC_t8_cacheoff
--- workloada_optC_t16_cacheoff cookie=1777107610745972221 ---
YCSB opt=C cache=0 value_size=1024 num_flushers=2 num_hosts=2 threads=16 threads_eff=16 load_ops=100000 load_thpt=60763 trans_ops=200000 trans_wall_max=0.031s trans_agg_thpt=6476765 w_avg_ns=5687 w_p50_ns=5001 w_p99_ns=13803 r_avg_ns=3810 r_p50_ns=3821 r_p99_ns=11380  # workloada_optC_t16_cacheoff
--- workloada_optC_t32_cacheoff cookie=1777107634519795582 ---
YCSB opt=C cache=0 value_size=1024 num_flushers=2 num_hosts=2 threads=32 threads_eff=32 load_ops=100000 load_thpt=81461 trans_ops=200000 trans_wall_max=0.019s trans_agg_thpt=10745742 w_avg_ns=6937 w_p50_ns=6852 w_p99_ns=17393 r_avg_ns=4352 r_p50_ns=4627 r_p99_ns=9672  # workloada_optC_t32_cacheoff
--- workloada_optC_t64_cacheoff cookie=1777107661892545152 ---
YCSB opt=C cache=0 value_size=1024 num_flushers=2 num_hosts=2 threads=64 threads_eff=64 load_ops=100000 load_thpt=9367 trans_ops=200000 trans_wall_max=0.014s trans_agg_thpt=14252846 w_avg_ns=10521 w_p50_ns=10782 w_p99_ns=87135 r_avg_ns=5832 r_p50_ns=5689 r_p99_ns=21582  # workloada_optC_t64_cacheoff
--- workloada_optC_t86_cacheoff cookie=1777107700935828910 ---
YCSB opt=C cache=0 value_size=1024 num_flushers=2 num_hosts=2 threads=86 threads_eff=86 load_ops=100000 load_thpt=79809 trans_ops=200000 trans_wall_max=0.017s trans_agg_thpt=12079917 w_avg_ns=13697 w_p50_ns=11652 w_p99_ns=141778 r_avg_ns=6781 r_p50_ns=6469 r_p99_ns=20447  # workloada_optC_t86_cacheoff
--- workloadb_optC_t1_cacheoff cookie=1777107743347497483 ---
YCSB opt=C cache=0 value_size=1024 num_flushers=2 num_hosts=2 threads=1 threads_eff=1 load_ops=100000 load_thpt=56677 trans_ops=200000 trans_wall_max=0.312s trans_agg_thpt=640385 w_avg_ns=2606 w_p50_ns=2721 w_p99_ns=3494 r_avg_ns=3081 r_p50_ns=3001 r_p99_ns=5344  # workloadb_optC_t1_cacheoff
--- workloadb_optC_t2_cacheoff cookie=1777107763666735622 ---
YCSB opt=C cache=0 value_size=1024 num_flushers=2 num_hosts=2 threads=2 threads_eff=2 load_ops=100000 load_thpt=66802 trans_ops=200000 trans_wall_max=0.175s trans_agg_thpt=1144354 w_avg_ns=4148 w_p50_ns=4964 w_p99_ns=11235 r_avg_ns=3199 r_p50_ns=3013 r_p99_ns=5455  # workloadb_optC_t2_cacheoff
--- workloadb_optC_t4_cacheoff cookie=1777107783748880087 ---
YCSB opt=C cache=0 value_size=1024 num_flushers=2 num_hosts=2 threads=4 threads_eff=4 load_ops=100000 load_thpt=71328 trans_ops=200000 trans_wall_max=0.099s trans_agg_thpt=2013769 w_avg_ns=5528 w_p50_ns=7417 w_p99_ns=13072 r_avg_ns=3453 r_p50_ns=3041 r_p99_ns=5896  # workloadb_optC_t4_cacheoff
--- workloadb_optC_t8_cacheoff cookie=1777107803809962932 ---
YCSB opt=C cache=0 value_size=1024 num_flushers=2 num_hosts=2 threads=8 threads_eff=8 load_ops=100000 load_thpt=68891 trans_ops=200000 trans_wall_max=0.051s trans_agg_thpt=3951318 w_avg_ns=6451 w_p50_ns=8684 w_p99_ns=15931 r_avg_ns=3464 r_p50_ns=3042 r_p99_ns=7109  # workloadb_optC_t8_cacheoff
--- workloadb_optC_t16_cacheoff cookie=1777107823934350929 ---
YCSB opt=C cache=0 value_size=1024 num_flushers=2 num_hosts=2 threads=16 threads_eff=16 load_ops=100000 load_thpt=62756 trans_ops=200000 trans_wall_max=0.027s trans_agg_thpt=7361074 w_avg_ns=7367 w_p50_ns=8984 w_p99_ns=18448 r_avg_ns=3758 r_p50_ns=3265 r_p99_ns=8550  # workloadb_optC_t16_cacheoff
--- workloadb_optC_t32_cacheoff cookie=1777107846172759789 ---
YCSB opt=C cache=0 value_size=1024 num_flushers=2 num_hosts=2 threads=32 threads_eff=32 load_ops=100000 load_thpt=47538 trans_ops=200000 trans_wall_max=0.015s trans_agg_thpt=13233436 w_avg_ns=8512 w_p50_ns=9493 w_p99_ns=23992 r_avg_ns=4316 r_p50_ns=4446 r_p99_ns=12543  # workloadb_optC_t32_cacheoff
--- workloadb_optC_t64_cacheoff cookie=1777107871373484618 ---
YCSB opt=C cache=0 value_size=1024 num_flushers=2 num_hosts=2 threads=64 threads_eff=64 load_ops=100000 load_thpt=19151 trans_ops=200000 trans_wall_max=0.012s trans_agg_thpt=16629178 w_avg_ns=11512 w_p50_ns=11700 w_p99_ns=71835 r_avg_ns=7158 r_p50_ns=6659 r_p99_ns=26447  # workloadb_optC_t64_cacheoff
--- workloadb_optC_t86_cacheoff cookie=1777107903043820266 ---
YCSB opt=C cache=0 value_size=1024 num_flushers=2 num_hosts=2 threads=86 threads_eff=86 load_ops=100000 load_thpt=83727 trans_ops=200000 trans_wall_max=0.015s trans_agg_thpt=13768782 w_avg_ns=12542 w_p50_ns=12400 w_p99_ns=82215 r_avg_ns=10113 r_p50_ns=8293 r_p99_ns=83408  # workloadb_optC_t86_cacheoff
--- workloadc_optC_t1_cacheoff cookie=1777107945647777056 ---
YCSB opt=C cache=0 value_size=1024 num_flushers=2 num_hosts=2 threads=1 threads_eff=1 load_ops=100000 load_thpt=58396 trans_ops=200000 trans_wall_max=0.307s trans_agg_thpt=650878 w_avg_ns=0 w_p50_ns=0 w_p99_ns=0 r_avg_ns=2964 r_p50_ns=2857 r_p99_ns=5110  # workloadc_optC_t1_cacheoff
--- workloadc_optC_t2_cacheoff cookie=1777107965472193371 ---
YCSB opt=C cache=0 value_size=1024 num_flushers=2 num_hosts=2 threads=2 threads_eff=2 load_ops=100000 load_thpt=66911 trans_ops=200000 trans_wall_max=0.167s trans_agg_thpt=1197696 w_avg_ns=0 w_p50_ns=0 w_p99_ns=0 r_avg_ns=3234 r_p50_ns=3033 r_p99_ns=5307  # workloadc_optC_t2_cacheoff
--- workloadc_optC_t4_cacheoff cookie=1777107985499760540 ---
YCSB opt=C cache=0 value_size=1024 num_flushers=2 num_hosts=2 threads=4 threads_eff=4 load_ops=100000 load_thpt=72799 trans_ops=200000 trans_wall_max=0.089s trans_agg_thpt=2247060 w_avg_ns=0 w_p50_ns=0 w_p99_ns=0 r_avg_ns=3414 r_p50_ns=3071 r_p99_ns=5512  # workloadc_optC_t4_cacheoff
--- workloadc_optC_t8_cacheoff cookie=1777108005196175938 ---
YCSB opt=C cache=0 value_size=1024 num_flushers=2 num_hosts=2 threads=8 threads_eff=8 load_ops=100000 load_thpt=66738 trans_ops=200000 trans_wall_max=0.047s trans_agg_thpt=4266100 w_avg_ns=0 w_p50_ns=0 w_p99_ns=0 r_avg_ns=3402 r_p50_ns=2844 r_p99_ns=6340  # workloadc_optC_t8_cacheoff
--- workloadc_optC_t16_cacheoff cookie=1777108025879557985 ---
YCSB opt=C cache=0 value_size=1024 num_flushers=2 num_hosts=2 threads=16 threads_eff=16 load_ops=100000 load_thpt=64182 trans_ops=200000 trans_wall_max=0.025s trans_agg_thpt=7913196 w_avg_ns=0 w_p50_ns=0 w_p99_ns=0 r_avg_ns=3752 r_p50_ns=3262 r_p99_ns=8190  # workloadc_optC_t16_cacheoff
--- workloadc_optC_t32_cacheoff cookie=1777108048575643008 ---
YCSB opt=C cache=0 value_size=1024 num_flushers=2 num_hosts=2 threads=32 threads_eff=32 load_ops=100000 load_thpt=77865 trans_ops=200000 trans_wall_max=0.015s trans_agg_thpt=13700095 w_avg_ns=0 w_p50_ns=0 w_p99_ns=0 r_avg_ns=4404 r_p50_ns=4547 r_p99_ns=9203  # workloadc_optC_t32_cacheoff
--- workloadc_optC_t64_cacheoff cookie=1777108074816943061 ---
YCSB opt=C cache=0 value_size=1024 num_flushers=2 num_hosts=2 threads=64 threads_eff=64 load_ops=100000 load_thpt=23532 trans_ops=200000 trans_wall_max=0.012s trans_agg_thpt=16359497 w_avg_ns=0 w_p50_ns=0 w_p99_ns=0 r_avg_ns=7441 r_p50_ns=6725 r_p99_ns=31279  # workloadc_optC_t64_cacheoff
--- workloadc_optC_t86_cacheoff cookie=1777108118087676825 ---
YCSB opt=C cache=0 value_size=1024 num_flushers=2 num_hosts=2 threads=86 threads_eff=86 load_ops=100000 load_thpt=80236 trans_ops=200000 trans_wall_max=0.013s trans_agg_thpt=15240281 w_avg_ns=0 w_p50_ns=0 w_p99_ns=0 r_avg_ns=9963 r_p50_ns=7916 r_p99_ns=65476  # workloadc_optC_t86_cacheoff
--- workloadd_optC_t1_cacheoff cookie=1777108159972463445 ---
YCSB opt=C cache=0 value_size=1024 num_flushers=2 num_hosts=2 threads=1 threads_eff=1 load_ops=100000 load_thpt=56095 trans_ops=200000 trans_wall_max=0.360s trans_agg_thpt=554906 w_avg_ns=12662 w_p50_ns=12614 w_p99_ns=17007 r_avg_ns=3007 r_p50_ns=2876 r_p99_ns=5266  # workloadd_optC_t1_cacheoff
--- workloadd_optC_t2_cacheoff cookie=1777108179975677413 ---
YCSB opt=C cache=0 value_size=1024 num_flushers=2 num_hosts=2 threads=2 threads_eff=2 load_ops=100000 load_thpt=69528 trans_ops=200000 trans_wall_max=0.191s trans_agg_thpt=1045009 w_avg_ns=12852 w_p50_ns=12995 w_p99_ns=17073 r_avg_ns=3149 r_p50_ns=2956 r_p99_ns=5504  # workloadd_optC_t2_cacheoff
--- workloadd_optC_t4_cacheoff cookie=1777108199661543165 ---
YCSB opt=C cache=0 value_size=1024 num_flushers=2 num_hosts=2 threads=4 threads_eff=4 load_ops=100000 load_thpt=71924 trans_ops=200000 trans_wall_max=0.102s trans_agg_thpt=1953715 w_avg_ns=13526 w_p50_ns=13725 w_p99_ns=17639 r_avg_ns=3345 r_p50_ns=2997 r_p99_ns=5715  # workloadd_optC_t4_cacheoff
--- workloadd_optC_t8_cacheoff cookie=1777108219438622465 ---
YCSB opt=C cache=0 value_size=1024 num_flushers=2 num_hosts=2 threads=8 threads_eff=8 load_ops=100000 load_thpt=68754 trans_ops=200000 trans_wall_max=0.056s trans_agg_thpt=3591469 w_avg_ns=13989 w_p50_ns=14286 w_p99_ns=20463 r_avg_ns=3634 r_p50_ns=3243 r_p99_ns=6287  # workloadd_optC_t8_cacheoff
--- workloadd_optC_t16_cacheoff cookie=1777108239692134268 ---
YCSB opt=C cache=0 value_size=1024 num_flushers=2 num_hosts=2 threads=16 threads_eff=16 load_ops=100000 load_thpt=61750 trans_ops=200000 trans_wall_max=0.027s trans_agg_thpt=7478627 w_avg_ns=12910 w_p50_ns=12735 w_p99_ns=20906 r_avg_ns=3653 r_p50_ns=3244 r_p99_ns=7243  # workloadd_optC_t16_cacheoff
--- workloadd_optC_t32_cacheoff cookie=1777108262725393448 ---
YCSB opt=C cache=0 value_size=1024 num_flushers=2 num_hosts=2 threads=32 threads_eff=32 load_ops=100000 load_thpt=76031 trans_ops=200000 trans_wall_max=0.015s trans_agg_thpt=13005818 w_avg_ns=14400 w_p50_ns=14174 w_p99_ns=24659 r_avg_ns=4209 r_p50_ns=4419 r_p99_ns=8885  # workloadd_optC_t32_cacheoff
--- workloadd_optC_t64_cacheoff cookie=1777108288150104489 ---
YCSB opt=C cache=0 value_size=1024 num_flushers=2 num_hosts=2 threads=64 threads_eff=64 load_ops=100000 load_thpt=7477 trans_ops=200000 trans_wall_max=0.013s trans_agg_thpt=15699770 w_avg_ns=20244 w_p50_ns=20027 w_p99_ns=47433 r_avg_ns=7103 r_p50_ns=6648 r_p99_ns=27232  # workloadd_optC_t64_cacheoff
--- workloadd_optC_t86_cacheoff cookie=1777108328302826405 ---
YCSB opt=C cache=0 value_size=1024 num_flushers=2 num_hosts=2 threads=86 threads_eff=86 load_ops=100000 load_thpt=84062 trans_ops=200000 trans_wall_max=0.014s trans_agg_thpt=14222001 w_avg_ns=24444 w_p50_ns=24273 w_p99_ns=55795 r_avg_ns=9715 r_p50_ns=8020 r_p99_ns=56024  # workloadd_optC_t86_cacheoff
--- workloadf_optC_t1_cacheoff cookie=1777108370669828124 ---
YCSB opt=C cache=0 value_size=1024 num_flushers=2 num_hosts=2 threads=1 threads_eff=1 load_ops=100000 load_thpt=59153 trans_ops=200000 trans_wall_max=0.298s trans_agg_thpt=670057 w_avg_ns=2565 w_p50_ns=2652 w_p99_ns=3626 r_avg_ns=3132 r_p50_ns=3046 r_p99_ns=5875  # workloadf_optC_t1_cacheoff
--- workloadf_optC_t2_cacheoff cookie=1777108391118001205 ---
YCSB opt=C cache=0 value_size=1024 num_flushers=2 num_hosts=2 threads=2 threads_eff=2 load_ops=100000 load_thpt=69252 trans_ops=200000 trans_wall_max=0.184s trans_agg_thpt=1086946 w_avg_ns=3374 w_p50_ns=2935 w_p99_ns=10184 r_avg_ns=3272 r_p50_ns=3036 r_p99_ns=6014  # workloadf_optC_t2_cacheoff
--- workloadf_optC_t4_cacheoff cookie=1777108411480270686 ---
YCSB opt=C cache=0 value_size=1024 num_flushers=2 num_hosts=2 threads=4 threads_eff=4 load_ops=100000 load_thpt=71662 trans_ops=200000 trans_wall_max=0.110s trans_agg_thpt=1823657 w_avg_ns=4618 w_p50_ns=3549 w_p99_ns=11240 r_avg_ns=3707 r_p50_ns=3358 r_p99_ns=6985  # workloadf_optC_t4_cacheoff
--- workloadf_optC_t8_cacheoff cookie=1777108432048707605 ---
YCSB opt=C cache=0 value_size=1024 num_flushers=2 num_hosts=2 threads=8 threads_eff=8 load_ops=100000 load_thpt=69285 trans_ops=200000 trans_wall_max=0.053s trans_agg_thpt=3752156 w_avg_ns=5097 w_p50_ns=4561 w_p99_ns=12457 r_avg_ns=3502 r_p50_ns=2999 r_p99_ns=7571  # workloadf_optC_t8_cacheoff
--- workloadf_optC_t16_cacheoff cookie=1777108452675461875 ---
YCSB opt=C cache=0 value_size=1024 num_flushers=2 num_hosts=2 threads=16 threads_eff=16 load_ops=100000 load_thpt=62258 trans_ops=200000 trans_wall_max=0.029s trans_agg_thpt=6866768 w_avg_ns=5933 w_p50_ns=5268 w_p99_ns=14446 r_avg_ns=3738 r_p50_ns=3386 r_p99_ns=10074  # workloadf_optC_t16_cacheoff
--- workloadf_optC_t32_cacheoff cookie=1777108475955278488 ---
YCSB opt=C cache=0 value_size=1024 num_flushers=2 num_hosts=2 threads=32 threads_eff=32 load_ops=100000 load_thpt=74224 trans_ops=200000 trans_wall_max=0.018s trans_agg_thpt=11195525 w_avg_ns=7514 w_p50_ns=9264 w_p99_ns=20563 r_avg_ns=4400 r_p50_ns=4729 r_p99_ns=9478  # workloadf_optC_t32_cacheoff
--- workloadf_optC_t64_cacheoff cookie=1777108503335526034 ---
YCSB opt=C cache=0 value_size=1024 num_flushers=2 num_hosts=2 threads=64 threads_eff=64 load_ops=100000 load_thpt=21918 trans_ops=200000 trans_wall_max=0.013s trans_agg_thpt=15468822 w_avg_ns=10200 w_p50_ns=11306 w_p99_ns=58514 r_avg_ns=6412 r_p50_ns=6280 r_p99_ns=26374  # workloadf_optC_t64_cacheoff
--- workloadf_optC_t86_cacheoff cookie=1777108535475325881 ---
YCSB opt=C cache=0 value_size=1024 num_flushers=2 num_hosts=2 threads=86 threads_eff=86 load_ops=100000 load_thpt=22453 trans_ops=200000 trans_wall_max=0.017s trans_agg_thpt=11603222 w_avg_ns=13328 w_p50_ns=12382 w_p99_ns=125163 r_avg_ns=8383 r_p50_ns=7952 r_p99_ns=34803  # workloadf_optC_t86_cacheoff
# finished=2026-04-25T04:16:19-05:00
# ok=80 fail=0
