[A:thread] Worker pinned host=1 client=1 -> cpu=1 (pid=39639)
[A:thread] Worker pinned host=1 client=2 -> cpu=2 (pid=39640)
[A:thread] Worker pinned host=1 client=3 -> cpu=3 (pid=39641)
[A:thread] Worker pinned host=1 client=4 -> cpu=4 (pid=39642)
[A:thread] Worker pinned host=1 client=5 -> cpu=5 (pid=39643)
[A:thread] Worker pinned host=1 client=6 -> cpu=6 (pid=39644)
[A:thread] Worker pinned host=1 client=7 -> cpu=7 (pid=39645)
[A:thread] Worker pinned host=1 client=8 -> cpu=8 (pid=39646)
[A:thread] Worker pinned host=1 client=9 -> cpu=9 (pid=39647)
[A:thread] Worker pinned host=1 client=10 -> cpu=10 (pid=39648)
[A:thread] Worker pinned host=1 client=11 -> cpu=11 (pid=39649)
[A:thread] Worker pinned host=1 client=12 -> cpu=12 (pid=39650)
[A:thread] Worker pinned host=1 client=13 -> cpu=13 (pid=39651)
[A:thread] Worker pinned host=1 client=0 -> cpu=0 (pid=39638)
[A:thread] Worker pinned host=1 client=14 -> cpu=14 (pid=39652)
[A:thread] Worker pinned host=1 client=15 -> cpu=15 (pid=39653)
[A:thread] WriteReceiver pid=39638 tid=139636992112320 pinned cpu=65 (host_id=1)
[A:tls] worker host=1 client=2 entries=1024 (~1088 KiB)
[A:tls] worker host=1 client=1 entries=1024 (~1088 KiB)
[A:tls] worker host=1 client=4 entries=1024 (~1088 KiB)
[A:tls] worker host=1 client=3 entries=1024 (~1088 KiB)
[A:tls] worker host=1 client=5 entries=1024 (~1088 KiB)
[A:tls] worker host=1 client=6 entries=1024 (~1088 KiB)
[A:tls] worker host=1 client=7 entries=1024 (~1088 KiB)
[A:tls] worker host=1 client=8 entries=1024 (~1088 KiB)
[A:tls] worker host=1 client=10 entries=1024 (~1088 KiB)
[A:tls] worker host=1 client=9 entries=1024 (~1088 KiB)
[A:tls] worker host=1 client=11 entries=1024 (~1088 KiB)
[A:tls] worker host=1 client=12 entries=1024 (~1088 KiB)
[A:tls] worker host=1 client=13 entries=1024 (~1088 KiB)
[A:tls] worker host=1 client=14 entries=1024 (~1088 KiB)
[A:tls] worker host=1 client=15 entries=1024 (~1088 KiB)
[A:thread] ReadReceiver pid=39638 tid=139636983719616 pinned cpu=67 (host_id=1)
[A:tls] worker host=1 client=0 entries=1024 (~1088 KiB)
[A:thread] InvalReceiver pid=39638 tid=139636975326912 pinned cpu=69 (host_id=1)
[A:thread] WriteSender pid=39638 tid=139636966934208 pinned cpu=64 (host_id=1)
[A:sender] kind=0 policy=P0 K=16 T_us=100 host_id=1
[A:thread] ReadSender pid=39638 tid=139636958541504 pinned cpu=66 (host_id=1)
[A:sender] kind=1 policy=P0 K=16 T_us=100 host_id=1
[A:thread] InvalSender pid=39638 tid=139636950148800 pinned cpu=68 (host_id=1)
[A:sender] kind=2 policy=P0 K=16 T_us=100 host_id=1
