[A:thread] Worker pinned host=0 client=1 -> cpu=1 (pid=41269)
[A:thread] Worker pinned host=0 client=2 -> cpu=2 (pid=41270)
[A:thread] Worker pinned host=0 client=3 -> cpu=3 (pid=41271)
[A:thread] Worker pinned host=0 client=4 -> cpu=4 (pid=41272)
[A:thread] Worker pinned host=0 client=5 -> cpu=5 (pid=41273)
[A:thread] Worker pinned host=0 client=6 -> cpu=6 (pid=41274)
[A:thread] Worker pinned host=0 client=7 -> cpu=7 (pid=41275)
[A:thread] Worker pinned host=0 client=9 -> cpu=9 (pid=41277)
[A:thread] Worker pinned host=0 client=10 -> cpu=10 (pid=41278)
[A:thread] Worker pinned host=0 client=8 -> cpu=8 (pid=41276)
[A:thread] Worker pinned host=0 client=11 -> cpu=11 (pid=41279)
[A:thread] Worker pinned host=0 client=12 -> cpu=12 (pid=41280)
[A:thread] Worker pinned host=0 client=13 -> cpu=13 (pid=41281)
[A:thread] Worker pinned host=0 client=14 -> cpu=14 (pid=41282)
[A:thread] Worker pinned host=0 client=0 -> cpu=0 (pid=41268)
[A:thread] Worker pinned host=0 client=15 -> cpu=15 (pid=41283)
[A:thread] WriteReceiver pid=41268 tid=140665336886976 pinned cpu=65 (host_id=0)
[A:thread] ReadReceiver pid=41268 tid=140665328494272 pinned cpu=67 (host_id=0)
[A:thread] InvalReceiver pid=41268 tid=140665320101568 pinned cpu=69 (host_id=0)
[A:thread] WriteSender pid=41268 tid=140665311708864 pinned cpu=64 (host_id=0)
[A:sender] kind=0 policy=P0 K=16 T_us=100 host_id=0
[A:thread] ReadSender pid=41268 tid=140665303316160 pinned cpu=66 (host_id=0)
[A:sender] kind=1 policy=P0 K=16 T_us=100 host_id=0
[A:tls] worker host=0 client=8 entries=1024 (~1088 KiB)
[A:tls] worker host=0 client=9 entries=1024 (~1088 KiB)
[A:tls] worker host=0 client=2 entries=1024 (~1088 KiB)
[A:tls] worker host=0 client=10 entries=1024 (~1088 KiB)
[A:tls] worker host=0 client=6 entries=1024 (~1088 KiB)
[A:tls] worker host=0 client=3 entries=1024 (~1088 KiB)
[A:tls] worker host=0 client=1 entries=1024 (~1088 KiB)
[A:tls] worker host=0 client=4 entries=1024 (~1088 KiB)
[A:tls] worker host=0 client=5 entries=1024 (~1088 KiB)
[A:tls] worker host=0 client=7 entries=1024 (~1088 KiB)
[A:tls] worker host=0 client=12 entries=1024 (~1088 KiB)
[A:tls] worker host=0 client=13 entries=1024 (~1088 KiB)
[A:tls] worker host=0 client=11 entries=1024 (~1088 KiB)
[A:tls] worker host=0 client=0 entries=1024 (~1088 KiB)
[A:tls] worker host=0 client=14 entries=1024 (~1088 KiB)
[A:tls] worker host=0 client=15 entries=1024 (~1088 KiB)
[A:thread] InvalSender pid=41268 tid=140665294923456 pinned cpu=68 (host_id=0)
[A:sender] kind=2 policy=P0 K=16 T_us=100 host_id=0
YCSB opt=A cache=1 num_hosts=2 threads=16 threads_eff=16 rep=2 load_ops=50000 load_thpt=211092 trans_ops=50000 trans_wall_max=0.010595 trans_agg_thpt=4719207 w_avg_ns=13195 w_p50_ns=15614 w_p99_ns=40131 r_avg_ns=6927 r_p50_ns=8460 r_p99_ns=21938 first_op_ns_max=78374 first_op_ns_avg=31781 ops_to_first_ns_max=119349 ops_to_first_ns_avg=46597 # workloada_optA_t16_cacheon_rep2
