[A:thread] Worker pinned host=1 client=1 -> cpu=1 (pid=39857)
[A:thread] Worker pinned host=1 client=2 -> cpu=2 (pid=39858)
[A:thread] Worker pinned host=1 client=3 -> cpu=3 (pid=39859)
[A:thread] Worker pinned host=1 client=4 -> cpu=4 (pid=39860)
[A:thread] Worker pinned host=1 client=5 -> cpu=5 (pid=39861)
[A:thread] Worker pinned host=1 client=6 -> cpu=6 (pid=39862)
[A:thread] Worker pinned host=1 client=7 -> cpu=7 (pid=39863)
[A:thread] Worker pinned host=1 client=8 -> cpu=8 (pid=39864)
[A:thread] Worker pinned host=1 client=9 -> cpu=9 (pid=39865)
[A:thread] Worker pinned host=1 client=10 -> cpu=10 (pid=39866)
[A:thread] Worker pinned host=1 client=11 -> cpu=11 (pid=39867)
[A:thread] Worker pinned host=1 client=12 -> cpu=12 (pid=39868)
[A:thread] Worker pinned host=1 client=13 -> cpu=13 (pid=39869)
[A:thread] Worker pinned host=1 client=0 -> cpu=0 (pid=39856)
[A:thread] Worker pinned host=1 client=14 -> cpu=14 (pid=39870)
[A:thread] Worker pinned host=1 client=15 -> cpu=15 (pid=39871)
[A:thread] WriteReceiver pid=39856 tid=140032185726656 pinned cpu=65 (host_id=1)
[A:thread] ReadReceiver pid=39856 tid=140032177333952 pinned cpu=67 (host_id=1)
[A:thread] InvalReceiver pid=39856 tid=140032168941248 pinned cpu=69 (host_id=1)
[A:thread] WriteSender pid=39856 tid=140032160548544 pinned cpu=64 (host_id=1)
[A:sender] kind=0 policy=P0 K=16 T_us=100 host_id=1
[A:thread] ReadSender pid=39856 tid=140032152155840 pinned cpu=66 (host_id=1)
[A:sender] kind=1 policy=P0 K=16 T_us=100 host_id=1
[A:tls] worker host=1 client=13 entries=1024 (~1088 KiB)
[A:thread] InvalSender pid=39856 tid=140032143763136 pinned cpu=68 (host_id=1)
[A:sender] kind=2 policy=P0 K=16 T_us=100 host_id=1
[A:tls] worker host=1 client=14 entries=1024 (~1088 KiB)
[A:tls] worker host=1 client=5 entries=1024 (~1088 KiB)
[A:tls] worker host=1 client=15 entries=1024 (~1088 KiB)
[A:tls] worker host=1 client=4 entries=1024 (~1088 KiB)
[A:tls] worker host=1 client=10 entries=1024 (~1088 KiB)
[A:tls] worker host=1 client=1 entries=1024 (~1088 KiB)
[A:tls] worker host=1 client=9 entries=1024 (~1088 KiB)
[A:tls] worker host=1 client=12 entries=1024 (~1088 KiB)
[A:tls] worker host=1 client=11 entries=1024 (~1088 KiB)
[A:tls] worker host=1 client=8 entries=1024 (~1088 KiB)
[A:tls] worker host=1 client=3 entries=1024 (~1088 KiB)
[A:tls] worker host=1 client=0 entries=1024 (~1088 KiB)
[A:tls] worker host=1 client=2 entries=1024 (~1088 KiB)
[A:tls] worker host=1 client=7 entries=1024 (~1088 KiB)
[A:tls] worker host=1 client=6 entries=1024 (~1088 KiB)
