[A:thread] Worker pinned host=0 client=1 -> cpu=1 (pid=41226)
[A:thread] Worker pinned host=0 client=2 -> cpu=2 (pid=41227)
[A:thread] Worker pinned host=0 client=3 -> cpu=3 (pid=41228)
[A:thread] Worker pinned host=0 client=4 -> cpu=4 (pid=41229)
[A:thread] Worker pinned host=0 client=5 -> cpu=5 (pid=41230)
[A:thread] Worker pinned host=0 client=6 -> cpu=6 (pid=41231)
[A:thread] Worker pinned host=0 client=7 -> cpu=7 (pid=41232)
[A:thread] Worker pinned host=0 client=8 -> cpu=8 (pid=41233)
[A:thread] Worker pinned host=0 client=9 -> cpu=9 (pid=41234)
[A:thread] Worker pinned host=0 client=10 -> cpu=10 (pid=41235)
[A:thread] Worker pinned host=0 client=11 -> cpu=11 (pid=41236)
[A:thread] Worker pinned host=0 client=13 -> cpu=13 (pid=41238)
[A:thread] Worker pinned host=0 client=12 -> cpu=12 (pid=41237)
[A:thread] Worker pinned host=0 client=0 -> cpu=0 (pid=41225)
[A:thread] Worker pinned host=0 client=14 -> cpu=14 (pid=41239)
[A:thread] Worker pinned host=0 client=15 -> cpu=15 (pid=41240)
[A:thread] WriteReceiver pid=41225 tid=139861756475072 pinned cpu=65 (host_id=0)
[A:tls] worker host=0 client=12 entries=1024 (~1088 KiB)
[A:tls] worker host=0 client=13 entries=1024 (~1088 KiB)
[A:tls] worker host=0 client=14 entries=1024 (~1088 KiB)
[A:tls] worker host=0 client=1 entries=1024 (~1088 KiB)
[A:tls] worker host=0 client=2 entries=1024 (~1088 KiB)
[A:tls] worker host=0 client=3 entries=1024 (~1088 KiB)
[A:tls] worker host=0 client=4 entries=1024 (~1088 KiB)
[A:tls] worker host=0 client=6 entries=1024 (~1088 KiB)
[A:thread] ReadReceiver pid=41225 tid=139861748082368 pinned cpu=67 (host_id=0)
[A:tls] worker host=0 client=8 entries=1024 (~1088 KiB)
[A:thread] InvalReceiver pid=41225 tid=139861739689664 pinned cpu=69 (host_id=0)
[A:thread] WriteSender pid=41225 tid=139861731296960 pinned cpu=64 (host_id=0)
[A:sender] kind=0 policy=P0 K=16 T_us=100 host_id=0
[A:tls] worker host=0 client=5 entries=1024 (~1088 KiB)
[A:thread] ReadSender pid=41225 tid=139861650568896 pinned cpu=66 (host_id=0)
[A:sender] kind=1 policy=P0 K=16 T_us=100 host_id=0
[A:thread] InvalSender pid=41225 tid=139861642176192 pinned cpu=68 (host_id=0)
[A:sender] kind=2 policy=P0 K=16 T_us=100 host_id=0
[A:tls] worker host=0 client=9 entries=1024 (~1088 KiB)
[A:tls] worker host=0 client=7 entries=1024 (~1088 KiB)
[A:tls] worker host=0 client=10 entries=1024 (~1088 KiB)
[A:tls] worker host=0 client=11 entries=1024 (~1088 KiB)
[A:tls] worker host=0 client=15 entries=1024 (~1088 KiB)
[A:tls] worker host=0 client=0 entries=1024 (~1088 KiB)
YCSB opt=A cache=1 num_hosts=2 threads=16 threads_eff=16 rep=1 load_ops=50000 load_thpt=221078 trans_ops=50000 trans_wall_max=0.010627 trans_agg_thpt=4704996 w_avg_ns=13077 w_p50_ns=15606 w_p99_ns=36259 r_avg_ns=6943 r_p50_ns=8294 r_p99_ns=23989 first_op_ns_max=82902 first_op_ns_avg=31795 ops_to_first_ns_max=261893 ops_to_first_ns_avg=52957 # workloada_optA_t16_cacheon_rep1
