[A:thread] Worker pinned host=0 client=1 -> cpu=1 (pid=41320)
[A:thread] Worker pinned host=0 client=2 -> cpu=2 (pid=41321)
[A:thread] Worker pinned host=0 client=3 -> cpu=3 (pid=41322)
[A:thread] Worker pinned host=0 client=4 -> cpu=4 (pid=41323)
[A:thread] Worker pinned host=0 client=5 -> cpu=5 (pid=41324)
[A:thread] Worker pinned host=0 client=6 -> cpu=6 (pid=41325)
[A:thread] Worker pinned host=0 client=7 -> cpu=7 (pid=41326)
[A:thread] Worker pinned host=0 client=8 -> cpu=8 (pid=41327)
[A:thread] Worker pinned host=0 client=9 -> cpu=9 (pid=41328)
[A:thread] Worker pinned host=0 client=10 -> cpu=10 (pid=41329)
[A:thread] Worker pinned host=0 client=12 -> cpu=12 (pid=41331)
[A:thread] Worker pinned host=0 client=11 -> cpu=11 (pid=41330)
[A:thread] Worker pinned host=0 client=13 -> cpu=13 (pid=41332)
[A:thread] Worker pinned host=0 client=14 -> cpu=14 (pid=41333)
[A:thread] Worker pinned host=0 client=0 -> cpu=0 (pid=41311)
[A:thread] Worker pinned host=0 client=15 -> cpu=15 (pid=41334)
[A:thread] WriteReceiver pid=41311 tid=140693195454144 pinned cpu=65 (host_id=0)
[A:thread] ReadReceiver pid=41311 tid=140693187061440 pinned cpu=67 (host_id=0)
[A:thread] InvalReceiver pid=41311 tid=140693178668736 pinned cpu=69 (host_id=0)
[A:thread] WriteSender pid=41311 tid=140693170276032 pinned cpu=64 (host_id=0)
[A:sender] kind=0 policy=P0 K=16 T_us=100 host_id=0
[A:thread] ReadSender pid=41311 tid=140693161883328 pinned cpu=66 (host_id=0)
[A:sender] kind=1 policy=P0 K=16 T_us=100 host_id=0
[A:tls] worker host=0 client=8 entries=1024 (~1088 KiB)
[A:tls] worker host=0 client=5 entries=1024 (~1088 KiB)
[A:tls] worker host=0 client=6 entries=1024 (~1088 KiB)
[A:tls] worker host=0 client=12 entries=1024 (~1088 KiB)
[A:tls] worker host=0 client=4 entries=1024 (~1088 KiB)
[A:tls] worker host=0 client=1 entries=1024 (~1088 KiB)
[A:tls] worker host=0 client=13 entries=1024 (~1088 KiB)
[A:tls] worker host=0 client=7 entries=1024 (~1088 KiB)
[A:tls] worker host=0 client=9 entries=1024 (~1088 KiB)
[A:tls] worker host=0 client=10 entries=1024 (~1088 KiB)
[A:tls] worker host=0 client=2 entries=1024 (~1088 KiB)
[A:tls] worker host=0 client=14 entries=1024 (~1088 KiB)
[A:tls] worker host=0 client=3 entries=1024 (~1088 KiB)
[A:tls] worker host=0 client=11 entries=1024 (~1088 KiB)
[A:tls] worker host=0 client=15 entries=1024 (~1088 KiB)
[A:tls] worker host=0 client=0 entries=1024 (~1088 KiB)
[A:thread] InvalSender pid=41311 tid=140693153490624 pinned cpu=68 (host_id=0)
[A:sender] kind=2 policy=P0 K=16 T_us=100 host_id=0
YCSB opt=A cache=1 num_hosts=2 threads=16 threads_eff=16 rep=3 load_ops=50000 load_thpt=210045 trans_ops=50000 trans_wall_max=0.010849 trans_agg_thpt=4608719 w_avg_ns=13463 w_p50_ns=15920 w_p99_ns=40943 r_avg_ns=7199 r_p50_ns=8622 r_p99_ns=25166 first_op_ns_max=104888 first_op_ns_avg=33505 ops_to_first_ns_max=213735 ops_to_first_ns_avg=50755 # workloada_optA_t16_cacheon_rep3
