[A:thread] Worker pinned host=1 client=1 -> cpu=1 (pid=39682)
[A:thread] Worker pinned host=1 client=2 -> cpu=2 (pid=39683)
[A:thread] Worker pinned host=1 client=3 -> cpu=3 (pid=39684)
[A:thread] Worker pinned host=1 client=4 -> cpu=4 (pid=39685)
[A:thread] Worker pinned host=1 client=5 -> cpu=5 (pid=39686)
[A:thread] Worker pinned host=1 client=6 -> cpu=6 (pid=39687)
[A:thread] Worker pinned host=1 client=7 -> cpu=7 (pid=39688)
[A:thread] Worker pinned host=1 client=8 -> cpu=8 (pid=39689)
[A:thread] Worker pinned host=1 client=9 -> cpu=9 (pid=39690)
[A:thread] Worker pinned host=1 client=10 -> cpu=10 (pid=39691)
[A:thread] Worker pinned host=1 client=11 -> cpu=11 (pid=39692)
[A:thread] Worker pinned host=1 client=12 -> cpu=12 (pid=39693)
[A:thread] Worker pinned host=1 client=13 -> cpu=13 (pid=39694)
[A:thread] Worker pinned host=1 client=0 -> cpu=0 (pid=39681)
[A:thread] Worker pinned host=1 client=14 -> cpu=14 (pid=39695)
[A:thread] Worker pinned host=1 client=15 -> cpu=15 (pid=39696)
[A:thread] WriteReceiver pid=39681 tid=140303462823616 pinned cpu=65 (host_id=1)
[A:thread] ReadReceiver pid=39681 tid=140303454430912 pinned cpu=67 (host_id=1)
[A:thread] InvalReceiver pid=39681 tid=140303310780096 pinned cpu=69 (host_id=1)
[A:thread] WriteSender pid=39681 tid=140303446038208 pinned cpu=64 (host_id=1)
[A:sender] kind=0 policy=P0 K=16 T_us=100 host_id=1
[A:thread] ReadSender pid=39681 tid=140303437645504 pinned cpu=66 (host_id=1)
[A:sender] kind=1 policy=P0 K=16 T_us=100 host_id=1
[A:thread] InvalSender pid=39681 tid=140303361111744 pinned cpu=68 (host_id=1)
[A:sender] kind=2 policy=P0 K=16 T_us=100 host_id=1
[A:tls] worker host=1 client=7 entries=1024 (~1088 KiB)
[A:tls] worker host=1 client=10 entries=1024 (~1088 KiB)
[A:tls] worker host=1 client=14 entries=1024 (~1088 KiB)
[A:tls] worker host=1 client=13 entries=1024 (~1088 KiB)
[A:tls] worker host=1 client=3 entries=1024 (~1088 KiB)
[A:tls] worker host=1 client=11 entries=1024 (~1088 KiB)
[A:tls] worker host=1 client=1 entries=1024 (~1088 KiB)
[A:tls] worker host=1 client=8 entries=1024 (~1088 KiB)
[A:tls] worker host=1 client=4 entries=1024 (~1088 KiB)
[A:tls] worker host=1 client=15 entries=1024 (~1088 KiB)
[A:tls] worker host=1 client=12 entries=1024 (~1088 KiB)
[A:tls] worker host=1 client=6 entries=1024 (~1088 KiB)
[A:tls] worker host=1 client=2 entries=1024 (~1088 KiB)
[A:tls] worker host=1 client=0 entries=1024 (~1088 KiB)
[A:tls] worker host=1 client=5 entries=1024 (~1088 KiB)
[A:tls] worker host=1 client=9 entries=1024 (~1088 KiB)
