[A:thread] Worker pinned host=0 client=1 -> cpu=1 (pid=41402)
[A:thread] Worker pinned host=0 client=2 -> cpu=2 (pid=41403)
[A:thread] Worker pinned host=0 client=3 -> cpu=3 (pid=41404)
[A:thread] Worker pinned host=0 client=4 -> cpu=4 (pid=41405)
[A:thread] Worker pinned host=0 client=5 -> cpu=5 (pid=41406)
[A:thread] Worker pinned host=0 client=6 -> cpu=6 (pid=41407)
[A:thread] Worker pinned host=0 client=7 -> cpu=7 (pid=41408)
[A:thread] Worker pinned host=0 client=8 -> cpu=8 (pid=41409)
[A:thread] Worker pinned host=0 client=9 -> cpu=9 (pid=41410)
[A:thread] Worker pinned host=0 client=10 -> cpu=10 (pid=41411)
[A:thread] Worker pinned host=0 client=11 -> cpu=11 (pid=41412)
[A:thread] Worker pinned host=0 client=12 -> cpu=12 (pid=41413)
[A:thread] Worker pinned host=0 client=13 -> cpu=13 (pid=41414)
[A:thread] Worker pinned host=0 client=0 -> cpu=0 (pid=41401)
[A:thread] Worker pinned host=0 client=14 -> cpu=14 (pid=41415)
[A:thread] Worker pinned host=0 client=15 -> cpu=15 (pid=41416)
[A:thread] WriteReceiver pid=41401 tid=139637686269632 pinned cpu=65 (host_id=0)
[A:thread] ReadReceiver pid=41401 tid=139637677876928 pinned cpu=67 (host_id=0)
[A:thread] InvalReceiver pid=41401 tid=139637669484224 pinned cpu=69 (host_id=0)
[A:thread] WriteSender pid=41401 tid=139637661091520 pinned cpu=64 (host_id=0)
[A:sender] kind=0 policy=P0 K=16 T_us=100 host_id=0
[A:thread] ReadSender pid=41401 tid=139637652698816 pinned cpu=66 (host_id=0)
[A:sender] kind=1 policy=P0 K=16 T_us=100 host_id=0
[A:tls] worker host=0 client=2 entries=1024 (~1088 KiB)
[A:tls] worker host=0 client=3 entries=1024 (~1088 KiB)
[A:tls] worker host=0 client=1 entries=1024 (~1088 KiB)
[A:tls] worker host=0 client=4 entries=1024 (~1088 KiB)
[A:tls] worker host=0 client=7 entries=1024 (~1088 KiB)
[A:tls] worker host=0 client=6 entries=1024 (~1088 KiB)
[A:tls] worker host=0 client=5 entries=1024 (~1088 KiB)
[A:tls] worker host=0 client=0 entries=1024 (~1088 KiB)
[A:tls] worker host=0 client=9 entries=1024 (~1088 KiB)
[A:tls] worker host=0 client=8 entries=1024 (~1088 KiB)
[A:tls] worker host=0 client=12 entries=1024 (~1088 KiB)
[A:tls] worker host=0 client=11 entries=1024 (~1088 KiB)
[A:tls] worker host=0 client=10 entries=1024 (~1088 KiB)
[A:tls] worker host=0 client=13 entries=1024 (~1088 KiB)
[A:tls] worker host=0 client=15 entries=1024 (~1088 KiB)
[A:tls] worker host=0 client=14 entries=1024 (~1088 KiB)
[A:thread] InvalSender pid=41401 tid=139637574072000 pinned cpu=68 (host_id=0)
[A:sender] kind=2 policy=P0 K=16 T_us=100 host_id=0
YCSB opt=A cache=1 num_hosts=2 threads=16 threads_eff=16 rep=4 load_ops=50000 load_thpt=223191 trans_ops=50000 trans_wall_max=0.010580 trans_agg_thpt=4725897 w_avg_ns=13077 w_p50_ns=15745 w_p99_ns=31539 r_avg_ns=6921 r_p50_ns=8315 r_p99_ns=20969 first_op_ns_max=159747 first_op_ns_avg=34791 ops_to_first_ns_max=159926 ops_to_first_ns_avg=49624 # workloada_optA_t16_cacheon_rep4
