[A:cfg] ring_sharding T=64 N=0 (disabled) -> shards=1 block=64 routing=worker_id
[A:thread] Worker pinned host=0 client=1 -> cpu=1 (pid=77194)
[A:thread] Worker pinned host=0 client=2 -> cpu=2 (pid=77195)
[A:thread] Worker pinned host=0 client=3 -> cpu=3 (pid=77196)
[A:thread] Worker pinned host=0 client=4 -> cpu=4 (pid=77197)
[A:thread] Worker pinned host=0 client=5 -> cpu=5 (pid=77198)
[A:thread] Worker pinned host=0 client=6 -> cpu=6 (pid=77199)
[A:thread] Worker pinned host=0 client=7 -> cpu=7 (pid=77200)
[A:thread] Worker pinned host=0 client=8 -> cpu=8 (pid=77201)
[A:thread] Worker pinned host=0 client=9 -> cpu=9 (pid=77202)
[A:thread] Worker pinned host=0 client=10 -> cpu=10 (pid=77203)
[A:thread] Worker pinned host=0 client=11 -> cpu=11 (pid=77204)
[A:thread] Worker pinned host=0 client=12 -> cpu=12 (pid=77205)
[A:thread] Worker pinned host=0 client=13 -> cpu=13 (pid=77206)
[A:thread] Worker pinned host=0 client=14 -> cpu=14 (pid=77207)
[A:thread] Worker pinned host=0 client=15 -> cpu=15 (pid=77208)
[A:thread] Worker pinned host=0 client=16 -> cpu=16 (pid=77209)
[A:thread] Worker pinned host=0 client=17 -> cpu=17 (pid=77210)
[A:thread] Worker pinned host=0 client=18 -> cpu=18 (pid=77211)
[A:thread] Worker pinned host=0 client=19 -> cpu=19 (pid=77212)
[A:thread] Worker pinned host=0 client=20 -> cpu=20 (pid=77213)
[A:thread] Worker pinned host=0 client=21 -> cpu=21 (pid=77214)
[A:thread] Worker pinned host=0 client=22 -> cpu=22 (pid=77215)
[A:thread] Worker pinned host=0 client=23 -> cpu=23 (pid=77216)
[A:thread] Worker pinned host=0 client=24 -> cpu=24 (pid=77217)
[A:thread] Worker pinned host=0 client=25 -> cpu=25 (pid=77218)
[A:thread] Worker pinned host=0 client=26 -> cpu=26 (pid=77219)
[A:thread] Worker pinned host=0 client=27 -> cpu=27 (pid=77220)
[A:thread] Worker pinned host=0 client=28 -> cpu=28 (pid=77221)
[A:thread] Worker pinned host=0 client=29 -> cpu=29 (pid=77222)
[A:thread] Worker pinned host=0 client=30 -> cpu=30 (pid=77223)
[A:thread] Worker pinned host=0 client=31 -> cpu=31 (pid=77224)
[A:thread] Worker pinned host=0 client=32 -> cpu=32 (pid=77225)
[A:thread] Worker pinned host=0 client=34 -> cpu=34 (pid=77227)
[A:thread] Worker pinned host=0 client=33 -> cpu=33 (pid=77226)
[A:thread] Worker pinned host=0 client=35 -> cpu=35 (pid=77228)
[A:thread] Worker pinned host=0 client=36 -> cpu=36 (pid=77229)
[A:thread] Worker pinned host=0 client=37 -> cpu=37 (pid=77230)
[A:thread] Worker pinned host=0 client=38 -> cpu=38 (pid=77231)
[A:thread] Worker pinned host=0 client=39 -> cpu=39 (pid=77232)
[A:thread] Worker pinned host=0 client=40 -> cpu=40 (pid=77233)
[A:thread] Worker pinned host=0 client=41 -> cpu=41 (pid=77234)
[A:thread] Worker pinned host=0 client=42 -> cpu=42 (pid=77235)
[A:thread] Worker pinned host=0 client=43 -> cpu=43 (pid=77236)
[A:thread] Worker pinned host=0 client=44 -> cpu=44 (pid=77237)
[A:thread] Worker pinned host=0 client=45 -> cpu=45 (pid=77238)
[A:thread] Worker pinned host=0 client=46 -> cpu=46 (pid=77239)
[A:thread] Worker pinned host=0 client=47 -> cpu=47 (pid=77240)
[A:thread] Worker pinned host=0 client=48 -> cpu=48 (pid=77241)
[A:thread] Worker pinned host=0 client=49 -> cpu=49 (pid=77242)
[A:thread] Worker pinned host=0 client=50 -> cpu=50 (pid=77243)
[A:thread] Worker pinned host=0 client=51 -> cpu=51 (pid=77244)
[A:thread] Worker pinned host=0 client=52 -> cpu=52 (pid=77245)
[A:thread] Worker pinned host=0 client=53 -> cpu=53 (pid=77246)
[A:thread] Worker pinned host=0 client=54 -> cpu=54 (pid=77247)
[A:thread] Worker pinned host=0 client=55 -> cpu=55 (pid=77248)
[A:thread] Worker pinned host=0 client=56 -> cpu=56 (pid=77249)
[A:thread] Worker pinned host=0 client=57 -> cpu=57 (pid=77250)
[A:thread] Worker pinned host=0 client=58 -> cpu=58 (pid=77251)
[A:thread] Worker pinned host=0 client=59 -> cpu=59 (pid=77252)
[A:thread] Worker pinned host=0 client=60 -> cpu=60 (pid=77253)
[A:thread] Worker pinned host=0 client=61 -> cpu=61 (pid=77254)
[A:thread] Worker pinned host=0 client=62 -> cpu=62 (pid=77255)
[A:thread] Worker pinned host=0 client=0 -> cpu=0 (pid=77167)
[A:thread] Worker pinned host=0 client=63 -> cpu=63 (pid=77256)
[A:thread] WriteRecv0 pid=77167 tid=140161544513216 cpu=64 host=0 rings=[0]
[A:thread] ReadRecv0 pid=77167 tid=140161536120512 cpu=65 host=0 rings=[0]
[A:thread] InvalRecv0 pid=77167 tid=140161527727808 cpu=66 host=0 rings=[0]
[A:thread] ReservHandler pid=77167 tid=140161519335104 pinned cpu=85 (host_id=0)
[A:tls] worker host=0 client=63 entries=1024 (~1088 KiB)
[A:tls] worker host=0 client=55 entries=1024 (~1088 KiB)
[A:tls] worker host=0 client=0 entries=1024 (~1088 KiB)
[A:tls] worker host=0 client=61 entries=1024 (~1088 KiB)
[A:tls] worker host=0 client=21 entries=1024 (~1088 KiB)
[A:tls] worker host=0 client=56 entries=1024 (~1088 KiB)
[A:tls] worker host=0 client=44 entries=1024 (~1088 KiB)
[A:tls] worker host=0 client=62 entries=1024 (~1088 KiB)
[A:tls] worker host=0 client=10 entries=1024 (~1088 KiB)
[A:tls] worker host=0 client=17 entries=1024 (~1088 KiB)
[A:tls] worker host=0 client=60 entries=1024 (~1088 KiB)
[A:tls] worker host=0 client=28 entries=1024 (~1088 KiB)
[A:tls] worker host=0 client=53 entries=1024 (~1088 KiB)
[A:tls] worker host=0 client=57 entries=1024 (~1088 KiB)
[A:tls] worker host=0 client=16 entries=1024 (~1088 KiB)
[A:tls] worker host=0 client=13 entries=1024 (~1088 KiB)
[A:tls] worker host=0 client=59 entries=1024 (~1088 KiB)
[A:tls] worker host=0 client=54 entries=1024 (~1088 KiB)
[A:tls] worker host=0 client=31 entries=1024 (~1088 KiB)
[A:tls] worker host=0 client=9 entries=1024 (~1088 KiB)
[A:tls] worker host=0 client=11 entries=1024 (~1088 KiB)
[A:tls] worker host=0 client=58 entries=1024 (~1088 KiB)
[A:tls] worker host=0 client=43 entries=1024 (~1088 KiB)
[A:tls] worker host=0 client=45 entries=1024 (~1088 KiB)
[A:tls] worker host=0 client=47 entries=1024 (~1088 KiB)
[A:tls] worker host=0 client=48 entries=1024 (~1088 KiB)
[A:tls] worker host=0 client=39 entries=1024 (~1088 KiB)
[A:tls] worker host=0 client=20 entries=1024 (~1088 KiB)
[A:tls] worker host=0 client=25 entries=1024 (~1088 KiB)
[A:tls] worker host=0 client=50 entries=1024 (~1088 KiB)
[A:tls] worker host=0 client=23 entries=1024 (~1088 KiB)
[A:tls] worker host=0 client=22 entries=1024 (~1088 KiB)
[A:tls] worker host=0 client=35 entries=1024 (~1088 KiB)
[A:tls] worker host=0 client=38 entries=1024 (~1088 KiB)
[A:tls] worker host=0 client=19 entries=1024 (~1088 KiB)
[A:tls] worker host=0 client=27 entries=1024 (~1088 KiB)
[A:tls] worker host=0 client=26 entries=1024 (~1088 KiB)
[A:tls] worker host=0 client=49 entries=1024 (~1088 KiB)
[A:tls] worker host=0 client=6 entries=1024 (~1088 KiB)
[A:tls] worker host=0 client=2 entries=1024 (~1088 KiB)
[A:tls] worker host=0 client=42 entries=1024 (~1088 KiB)
[A:tls] worker host=0 client=15 entries=1024 (~1088 KiB)
[A:tls] worker host=0 client=18 entries=1024 (~1088 KiB)
[A:tls] worker host=0 client=24 entries=1024 (~1088 KiB)
[A:tls] worker host=0 client=29 entries=1024 (~1088 KiB)
[A:tls] worker host=0 client=7 entries=1024 (~1088 KiB)
[A:tls] worker host=0 client=41 entries=1024 (~1088 KiB)
[A:tls] worker host=0 client=12 entries=1024 (~1088 KiB)
[A:tls] worker host=0 client=40 entries=1024 (~1088 KiB)
[A:tls] worker host=0 client=37 entries=1024 (~1088 KiB)
[A:tls] worker host=0 client=3 entries=1024 (~1088 KiB)
[A:tls] worker host=0 client=14 entries=1024 (~1088 KiB)
[A:tls] worker host=0 client=33 entries=1024 (~1088 KiB)
[A:tls] worker host=0 client=8 entries=1024 (~1088 KiB)
[A:tls] worker host=0 client=34 entries=1024 (~1088 KiB)
[A:tls] worker host=0 client=4 entries=1024 (~1088 KiB)
[A:tls] worker host=0 client=5 entries=1024 (~1088 KiB)
[A:tls] worker host=0 client=1 entries=1024 (~1088 KiB)
[A:tls] worker host=0 client=52 entries=1024 (~1088 KiB)
[A:tls] worker host=0 client=32 entries=1024 (~1088 KiB)
[A:tls] worker host=0 client=30 entries=1024 (~1088 KiB)
[A:tls] worker host=0 client=51 entries=1024 (~1088 KiB)
[A:tls] worker host=0 client=46 entries=1024 (~1088 KiB)
[A:tls] worker host=0 client=36 entries=1024 (~1088 KiB)
# PATH host=0 label=after_LOAD tid=140161544726656 r0_tls=0 r2hit=0 r2miss_local=0 r3=0 cpool_ins_r=0 local_w=100260 fwd_w=0 local_w_blk_fwd=0 local_w_stg_fwd=0 cpool_ins_w=100260 cp_evict=0 cp_set_stale=0 cp_lru_evict=161 rh_served=0
# PATH host=0 label=after_LOAD AGG r0_tls=0 r2hit=0 r2miss_local=0 r3=0 cpool_ins_r=0 local_w=100260 fwd_w=0 local_w_blk_fwd=0 local_w_stg_fwd=0 cpool_ins_w=100260 cp_evict=0 cp_set_stale=0 cp_lru_evict=161 rh_served=0
YCSB opt=A cache=0 num_hosts=2 threads=64 threads_eff=64 rep=1 load_ops=200000 load_thpt=171298 trans_ops=200000 trans_wall_max=0.392471 trans_agg_thpt=509590 w_avg_ns=0 w_p50_ns=0 w_p99_ns=0 r_avg_ns=38043 r_p50_ns=7481 r_p99_ns=277460 first_op_ns_max=1467933 first_op_ns_avg=91696 ops_to_first_ns_max=318662661 ops_to_first_ns_avg=62420648 # xhost_read_optA_t64_cacheoff_rep1
# PATH host=0 label=after_TRANS tid=140161544726656 r0_tls=0 r2hit=7 r2miss_local=0 r3=1556 cpool_ins_r=0 local_w=100260 fwd_w=0 local_w_blk_fwd=0 local_w_stg_fwd=0 cpool_ins_w=100260 cp_evict=0 cp_set_stale=0 cp_lru_evict=161 rh_served=0
# PATH host=0 label=after_TRANS tid=140161536120512 r0_tls=0 r2hit=0 r2miss_local=0 r3=0 cpool_ins_r=0 local_w=0 fwd_w=0 local_w_blk_fwd=0 local_w_stg_fwd=0 cpool_ins_w=0 cp_evict=0 cp_set_stale=0 cp_lru_evict=0 rh_served=99704
# PATH host=0 label=after_TRANS AGG r0_tls=0 r2hit=7 r2miss_local=0 r3=1556 cpool_ins_r=0 local_w=100260 fwd_w=0 local_w_blk_fwd=0 local_w_stg_fwd=0 cpool_ins_w=100260 cp_evict=0 cp_set_stale=0 cp_lru_evict=161 rh_served=99704
# CACHE_FILL host=0 cache_buckets=131072 capacity=524288 filled=100150 stale=0 tomb=0 fill_pct=19.102
